ARM Linker, 4.1 [Build 894] [Professional]

==============================================================================

Section Cross References

    startup_lpc17xx.o(STACK) refers (Special) to heapauxi.o(.text) for __use_two_region_memory
    startup_lpc17xx.o(HEAP) refers (Special) to heapauxi.o(.text) for __use_two_region_memory
    startup_lpc17xx.o(RESET) refers (Special) to heapauxi.o(.text) for __use_two_region_memory
    startup_lpc17xx.o(RESET) refers to startup_lpc17xx.o(STACK) for __initial_sp
    startup_lpc17xx.o(RESET) refers to startup_lpc17xx.o(.text) for Reset_Handler
    startup_lpc17xx.o(RESET) refers to delay.o(.text) for SysTick_Handler
    startup_lpc17xx.o(RESET) refers to ctime.o(.text) for TIMER0_IRQHandler
    startup_lpc17xx.o(RESET) refers to uart.o(.text) for UART0_IRQHandler
    startup_lpc17xx.o(RESET) refers to pwm.o(.text) for PWM1_IRQHandler
    startup_lpc17xx.o(RESET) refers to i2c.o(.text) for I2C0_IRQHandler
    startup_lpc17xx.o(RESET) refers to extint.o(.text) for EINT1_IRQHandler
    startup_lpc17xx.o(RESET) refers to cgpioirq.o(.text) for EINT3_IRQHandler
    startup_lpc17xx.o(.ARM.__at_0x02FC) refers (Special) to heapauxi.o(.text) for __use_two_region_memory
    startup_lpc17xx.o(.text) refers (Special) to heapauxi.o(.text) for __use_two_region_memory
    startup_lpc17xx.o(.text) refers to system_lpc17xx.o(.text) for SystemInit
    startup_lpc17xx.o(.text) refers to __main.o(!!!main) for __main
    startup_lpc17xx.o(.text) refers to startup_lpc17xx.o(HEAP) for Heap_Mem
    startup_lpc17xx.o(.text) refers to startup_lpc17xx.o(STACK) for Stack_Mem
    system_lpc17xx.o(.text) refers to system_lpc17xx.o(.data) for SystemFrequency
    main.o(.text) refers to system_lpc17xx.o(.text) for SystemClockUpdate
    main.o(.text) refers to crunctrl.o(.text) for Init_CRunCtrl
    main.o(.text) refers to uart.o(.text) for DebugOnce
    delay.o(.text) refers to delay.o(.data) for msTicks
    i2c.o(.text) refers to i2c.o(.data) for I2C_end
    uart.o(.text) refers to ssp.o(.text) for M25P80_Read_1Byte
    uart.o(.text) refers to ccomhandle.o(.text) for SetConvertdata
    uart.o(.text) refers to ccompara.o(.text) for data_from_data0
    uart.o(.text) refers to cgrapparam.o(.text) for GetComRegFlag
    uart.o(.text) refers to ccompinten.o(.text) for CGetIntenFlag
    uart.o(.text) refers to ctasksure.o(.text) for Get_Note_Flag
    uart.o(.text) refers to uart.o(.bss) for data3
    uart.o(.text) refers to uart.o(.data) for tp
    uart.o(.text) refers to c89vsprintf.o(.text) for __c89vsprintf
    uart.o(.text) refers to system_lpc17xx.o(.data) for SystemFrequency
    ctime.o(.text) refers to extint.o(.text) for Eint_Dis
    ctime.o(.text) refers to ctimectrl.o(.text) for T0Int_CTimeCtrl
    ctime.o(.text) refers to key.o(.text) for Scan_Key
    ctime.o(.text) refers to cled.o(.text) for Led_Wireless_On
    ctime.o(.text) refers to ctime.o(.data) for vTimeTickCounter
    ctimedef.o(.text) refers to ctimedef.o(.data) for vCurTime0Def
    ctimedef.o(.text) refers to system_lpc17xx.o(.data) for SystemFrequency
    pwm.o(.text) refers to pwm.o(.data) for match_counter1
    extint.o(.text) refers to uart.o(.text) for uart_all_disable
    extint.o(.text) refers to ctime.o(.text) for timern_disable
    extint.o(.text) refers to i2c.o(.text) for i2c0_disable
    extint.o(.text) refers to pwm.o(.text) for pwm1_disable
    extint.o(.text) refers to extint.o(.data) for Extint1_flag
    cgpioirq.o(.text) refers to csetcurrent.o(.text) for State_0mA
    cgpioirq.o(.text) refers to clpckctrl.o(.text) for SetPer_CLpCkCtrl
    lcd.o(.text) refers to lcd.o(.constdata) for acHZK16F
    lcd.o(.text) refers to lcd.o(.data) for Hzk1
    pcf8563.o(.text) refers to i2c.o(.text) for I2C_WriteNByte
    pcf8563.o(.text) refers to pcf8563.o(.data) for TimeAndDate
    key.o(.text) refers to ctime.o(.text) for OnLCD
    key.o(.text) refers to ccomhandle.o(.text) for GetDisplay_alarm_flag
    key.o(.text) refers to cled.o(.text) for Led_Silence_Off
    key.o(.text) refers to pwm.o(.text) for PWM1_Stop
    key.o(.text) refers to ccompara.o(.text) for SetAlarmFlag
    key.o(.text) refers to ckeycounter.o(.text) for GetPasswordFlag
    key.o(.text) refers to key.o(.data) for vBackValue
    key.o(.text) refers to key.o(.bss) for vKeyCounter
    ccomhandle.o(.text) refers to clpscanctrl.o(.text) for GetSys_CLpScanCtrl
    ccomhandle.o(.text) refers to uart.o(.text) for UARTSend
    ccomhandle.o(.text) refers to cflashparam.o(.text) for get_comp_partnumber
    ccomhandle.o(.text) refers to cgrapparam.o(.text) for AddCompRegNum
    ccomhandle.o(.text) refers to rt_memclr.o(.text) for __aeabi_memclr
    ccomhandle.o(.text) refers to ctime.o(.text) for OnLCD
    ccomhandle.o(.text) refers to pcf8563.o(.text) for getcurrent_date
    ccomhandle.o(.text) refers to cintstend.o(.text) for EndInt
    ccomhandle.o(.text) refers to ccompreg.o(.text) for CompReg_menu
[...]
    Clr1s_CLpCkCtrl                          0x00007eb9   Thumb Code    14  clpckctrl.o(.text)
    Set1s_CLpCkCtrl                          0x00007ec7   Thumb Code    16  clpckctrl.o(.text)
    Get1s_CLpCkCtrl                          0x00007ed7   Thumb Code    10  clpckctrl.o(.text)
    Clr5s_CLpCkCtrl                          0x00007ee1   Thumb Code    14  clpckctrl.o(.text)
    Set5s_CLpCkCtrl                          0x00007eef   Thumb Code    18  clpckctrl.o(.text)
    Get5s_CLpCkCtrl                          0x00007f01   Thumb Code    10  clpckctrl.o(.text)
    Init_CLpScanCtrl                         0x00007f11   Thumb Code     8  clpscanctrl.o(.text)
    NewNode_CLpScanCtrl                      0x00007f19   Thumb Code    14  clpscanctrl.o(.text)
    SetSys_CLpScanCtrl                       0x00007f27   Thumb Code    16  clpscanctrl.o(.text)
    GetSys_CLpScanCtrl                       0x00007f37   Thumb Code    10  clpscanctrl.o(.text)
    ClrSys_CLpScanCtrl                       0x00007f41   Thumb Code    14  clpscanctrl.o(.text)
    SetAddr_CLpScanCtrl                      0x00007f4f   Thumb Code    14  clpscanctrl.o(.text)
    GetAddr_CLpScanCtrl                      0x00007f5d   Thumb Code    10  clpscanctrl.o(.text)
    ClrAddr_CLpScanCtrl                      0x00007f67   Thumb Code    14  clpscanctrl.o(.text)
    IncAddr_CLpScanCtrl                      0x00007f75   Thumb Code    42  clpscanctrl.o(.text)
    SetComm_CLpScanCtrl                      0x00007f9f   Thumb Code    14  clpscanctrl.o(.text)
    GetComm_CLpScanCtrl                      0x00007fad   Thumb Code    10  clpscanctrl.o(.text)
    ClrComm_CLpScanCtrl                      0x00007fb7   Thumb Code    14  clpscanctrl.o(.text)
    SetState_CLpScanCtrl                     0x00007fc5   Thumb Code    18  clpscanctrl.o(.text)
    GetState_CLpScanCtrl                     0x00007fd7   Thumb Code    10  clpscanctrl.o(.text)
    ClrState_CLpScanCtrl                     0x00007fe1   Thumb Code    14  clpscanctrl.o(.text)
    SetAnsFlag_CLpScanCtrl                   0x00007fef   Thumb Code    18  clpscanctrl.o(.text)
    GetAnsFlag_CLpScanCtrl                   0x00008001   Thumb Code    10  clpscanctrl.o(.text)
    ClrAnsFlag_CLpScanCtrl                   0x0000800b   Thumb Code    14  clpscanctrl.o(.text)
    SetAnsStar_CLpScanCtrl                   0x00008019   Thumb Code    18  clpscanctrl.o(.text)
    GetAnsStar_CLpScanCtrl                   0x0000802b   Thumb Code    10  clpscanctrl.o(.text)
    ClrAnsStar_CLpScanCtrl                   0x00008035   Thumb Code    14  clpscanctrl.o(.text)
    SetAnsStep_CLpScanCtrl                   0x00008043   Thumb Code    50  clpscanctrl.o(.text)
    GetAnsStep_CLpScanCtrl                   0x00008075   Thumb Code    10  clpscanctrl.o(.text)
    ClrAnsStep_CLpScanCtrl                   0x0000807f   Thumb Code    14  clpscanctrl.o(.text)
    SetAnsTId_CLpScanCtrl                    0x0000808d   Thumb Code    18  clpscanctrl.o(.text)
    GetAnsTId_CLpScanCtrl                    0x0000809f   Thumb Code    10  clpscanctrl.o(.text)
    ClrAnsTId_CLpScanCtrl                    0x000080a9   Thumb Code    14  clpscanctrl.o(.text)
    DecAnsTId_CLpScanCtrl                    0x000080b7   Thumb Code    34  clpscanctrl.o(.text)
    SetReset_CLpScanCtrl                     0x000080d9   Thumb Code    18  clpscanctrl.o(.text)
    GetReset_CLpScanCtrl                     0x000080eb   Thumb Code    10  clpscanctrl.o(.text)
    ClrReset_CLpScanCtrl                     0x000080f5   Thumb Code    14  clpscanctrl.o(.text)
    Init_CTimeCtrl                           0x00008109   Thumb Code    20  ctimectrl.o(.text)
    IncT0Count_CTimeCtrl                     0x0000811d   Thumb Code    54  ctimectrl.o(.text)
    SaveComm_CTimeCtrl                       0x00008153   Thumb Code   122  ctimectrl.o(.text)
    SetCommT0_CTimeCtrl                      0x000081cd   Thumb Code   108  ctimectrl.o(.text)
    AnsCommT0_CTimeCtrl                      0x00008239   Thumb Code   172  ctimectrl.o(.text)
    T0Int_CTimeCtrl                          0x000082e5   Thumb Code    94  ctimectrl.o(.text)
    add_timer1_3h_counter                    0x00008391   Thumb Code    30  ctimectrl.o(.text)
    reset_timer1_3h_counter                  0x000083af   Thumb Code    32  ctimectrl.o(.text)
    get_3h_counter                           0x000083cf   Thumb Code    18  ctimectrl.o(.text)
    clr_3h_counter                           0x000083e1   Thumb Code    18  ctimectrl.o(.text)
    clr_faultnum_3h_                         0x000083f3   Thumb Code    28  ctimectrl.o(.text)
    judge_3h_over                            0x0000840f   Thumb Code    94  ctimectrl.o(.text)
    T1Int_CTimeCtrl                          0x0000846d   Thumb Code   276  ctimectrl.o(.text)
    SetMax_CNodeInfo                         0x00008589   Thumb Code    18  cnodeinfo.o(.text)
    ClrMax_CNodeInfo                         0x0000859b   Thumb Code     8  cnodeinfo.o(.text)
    Init_CNodeInfo                           0x000085a3   Thumb Code    24  cnodeinfo.o(.text)
    SetState_CNodeInfo                       0x000085bb   Thumb Code    18  cnodeinfo.o(.text)
    GetState_CNodeInfo                       0x000085cd   Thumb Code    14  cnodeinfo.o(.text)
    ClrState_CNodeInfo                       0x000085db   Thumb Code    18  cnodeinfo.o(.text)
    ClrReset_CNodeInfo                       0x000085ed   Thumb Code    18  cnodeinfo.o(.text)
    SetReset_CNodeInfo                       0x000085ff   Thumb Code    20  cnodeinfo.o(.text)
    GetReset_CNodeInfo                       0x00008613   Thumb Code    14  cnodeinfo.o(.text)
    ClrAlarm_CNodeInfo                       0x00008621   Thumb Code    18  cnodeinfo.o(.text)
    ClrReg_CNodeInfo                         0x00008633   Thumb Code    18  cnodeinfo.o(.text)
    SetAlarm_CNodeInfo                       0x00008645   Thumb Code    50  cnodeinfo.o(.text)
    GetAlarm_CNodeInfo                       0x00008677   Thumb Code    14  cnodeinfo.o(.text)
    SetReg_CNodeInfo                         0x00008685   Thumb Code    50  cnodeinfo.o(.text)
    GetReg_CNodeInfo                         0x000086b7   Thumb Code    14  cnodeinfo.o(.text)
    GetMax_CNodeInfo                         0x000086c5   Thumb Code     6  cnodeinfo.o(.text)
    ClrCkCyc_CNodeInfo                       0x000086cb   Thumb Code    18  cnodeinfo.o(.text)
    SetCkCyc_CNodeInfo                       0x000086dd   Thumb Code    62  cnodeinfo.o(.text)
    SetComm_CNodeInfo                        0x0000871b   Thumb Code    56  cnodeinfo.o(.text)
    GetComm_CNodeInfo                        0x00008753   Thumb Code    14  cnodeinfo.o(.text)
    ClrComm_CNodeInfo                        0x00008761   Thumb Code    18  cnodeinfo.o(.text)
    GetCkCyc_CNodeInfo                       0x00008773   Thumb Code    14  cnodeinfo.o(.text)
    judge_store_new                          0x00008789   Thumb Code    50  store_addr.o(.text)
    get_storepos                             0x000087bb   Thumb Code    30  store_addr.o(.text)
    get_comp_ciraddr_zp                      0x000087d9   Thumb Code    50  store_addr.o(.text)
    clr_store_comp_info                      0x0000883b   Thumb Code    34  store_addr.o(.text)
    init_store                               0x0000885d   Thumb Code   298  store_addr.o(.text)
    Alarm_Menu                               0x00008a71   Thumb Code  1734  alarmenu.o(.text)
    Breakdown                                0x00009171   Thumb Code  1650  breakdown.o(.text)
    Annotate_Menu                            0x000097e5   Thumb Code  1016  cannotate.o(.text)
    CompInten_Menu                           0x00009cfd   Thumb Code   892  ccompinten.o(.text)
    CSetIntenFlag                            0x0000a079   Thumb Code     6  ccompinten.o(.text)
    CGetIntenFlag                            0x0000a07f   Thumb Code     6  ccompinten.o(.text)
    menu_compaddr                            0x0000a171   Thumb Code   114  ccompreg.o(.text)
    menu_compstatus                          0x0000a1e3   Thumb Code     2  ccompreg.o(.text)
    menu_comptype                            0x0000a1e5   Thumb Code    74  ccompreg.o(.text)
    CompReg_menu                             0x0000a665   Thumb Code   352  ccompreg.o(.text)
    GNSelectBlack                            0x0000a811   Thumb Code   186  ccompset.o(.text)
    GNSelect                                 0x0000a8cb   Thumb Code   186  ccompset.o(.text)
    CompSet_Menu                             0x0000a985   Thumb Code   306  ccompset.o(.text)
    CompStat_Menu                            0x0000ab8f   Thumb Code   978  ccompstat.o(.text)
    DateMod_Menu                             0x0000af61   Thumb Code  2616  cdatemod.o(.text)
    Check_Menu                               0x0000b99d   Thumb Code   438  checkmenu.o(.text)
    menu_nohistory                           0x0000bb71   Thumb Code   138  chistorylist.o(.text)
    menu_history_over                        0x0000bbfb   Thumb Code   114  chistorylist.o(.text)
    History_Menu                             0x0000bf1d   Thumb Code  1324  chistorylist.o(.text)
    HZ_SHOW                                  0x0000c449   Thumb Code    44  clocalset.o(.text)
    Local_Menu                               0x0000c605   Thumb Code   546  clocalset.o(.text)
    menu_wirelessmod_fault                   0x0000c859   Thumb Code   162  cmodelfault.o(.text)
    menu_vh75_connect_fault                  0x0000c8fb   Thumb Code   216  cmodelfault.o(.text)
    SysCheck_Menu                            0x0000cb5d   Thumb Code    24  csyscheck.o(.text)
    Menu_complete                            0x0000cb91   Thumb Code   108  csysreset.o(.text)
    TestSelf_Menu                            0x0000cc09   Thumb Code   108  ctestself.o(.text)
    Main_Menu                                0x0000cef5   Thumb Code   174  mainmenu.o(.text)
    menu_press_return_toreturn               0x0000cfa3   Thumb Code   180  mainmenu.o(.text)
    menu_complete                            0x0000d057   Thumb Code    98  mainmenu.o(.text)
    menu_Speaker_Open_Close                  0x0000d0b9   Thumb Code   156  mainmenu.o(.text)
    menu_waiting                             0x0000d155   Thumb Code   138  mainmenu.o(.text)
    Set_Menu                                 0x0000d3f5   Thumb Code    78  setmenu.o(.text)
    CSaveInfo                                0x0000d443   Thumb Code    66  setmenu.o(.text)
    Start_Menu                               0x0000d719   Thumb Code    20  startmenu.o(.text)
    Test_Menu                                0x0000d741   Thumb Code   300  testmenu.o(.text)
    SetHistFlag                              0x0000d921   Thumb Code     6  cflashparam.o(.text)
    GetHistFlag                              0x0000d927   Thumb Code     6  cflashparam.o(.text)
    get_hist_attr                            0x0000d9a9   Thumb Code    14  cflashparam.o(.text)
    gethistory_isfirealarm                   0x0000d9b7   Thumb Code    22  cflashparam.o(.text)
    gethistory_isbatlow                      0x0000d9cd   Thumb Code    22  cflashparam.o(.text)
    gethistory_isfault                       0x0000d9e3   Thumb Code    22  cflashparam.o(.text)
    AddPageConter                            0x0000d9f9   Thumb Code    12  cflashparam.o(.text)
    SetPageConter                            0x0000da05   Thumb Code     6  cflashparam.o(.text)
    GetPageConter                            0x0000da0b   Thumb Code     6  cflashparam.o(.text)
    AddHistConter                            0x0000da11   Thumb Code    12  cflashparam.o(.text)
    GetHistConter                            0x0000da1d   Thumb Code     6  cflashparam.o(.text)
    SetHistConter                            0x0000da23   Thumb Code     6  cflashparam.o(.text)
    setHistFullFlag                          0x0000da29   Thumb Code     6  cflashparam.o(.text)
    getHistFullFlag                          0x0000da2f   Thumb Code     6  cflashparam.o(.text)
    getHistFull                              0x0000da35   Thumb Code    16  cflashparam.o(.text)
    init_basic_info                          0x0000dd91   Thumb Code    12  cflashparam.o(.text)
    set_basic_info                           0x0000dd9d   Thumb Code    22  cflashparam.o(.text)
    get_basic_info                           0x0000ddb3   Thumb Code    18  cflashparam.o(.text)
    save_basic_info                          0x0000ddc5   Thumb Code    24  cflashparam.o(.text)
    set_basic_nums                           0x0000dddd   Thumb Code    18  cflashparam.o(.text)
    get_comp_partnumber                      0x0000de03   Thumb Code    14  cflashparam.o(.text)
    get_basic_nums                           0x0000de11   Thumb Code    30  cflashparam.o(.text)
    add_basic_nums                           0x0000de2f   Thumb Code    26  cflashparam.o(.text)
    sub_basic_nums                           0x0000de49   Thumb Code    24  cflashparam.o(.text)
    set_basic_localaddr                      0x0000de61   Thumb Code    14  cflashparam.o(.text)
    set_basic_zones                          0x0000de6f   Thumb Code    14  cflashparam.o(.text)
    get_basic_localaddr                      0x0000de7d   Thumb Code    24  cflashparam.o(.text)
    get_basic_zones                          0x0000de95   Thumb Code    10  cflashparam.o(.text)
    init_comp_info                           0x0000de9f   Thumb Code    12  cflashparam.o(.text)
    save_comp_info                           0x0000deab   Thumb Code    12  cflashparam.o(.text)
    set_comp_inzone                          0x0000decf   Thumb Code    18  cflashparam.o(.text)
    set_comp_partnumber                      0x0000dee1   Thumb Code    18  cflashparam.o(.text)
    set_comp_ciraddr                         0x0000def3   Thumb Code    18  cflashparam.o(.text)
    set_comp_psn0                            0x0000df05   Thumb Code    18  cflashparam.o(.text)
    set_comp_psn1                            0x0000df17   Thumb Code    18  cflashparam.o(.text)
    set_comp_psn2                            0x0000df29   Thumb Code    18  cflashparam.o(.text)
    set_comp_psn3                            0x0000df3b   Thumb Code    18  cflashparam.o(.text)
    set_comp_devtype                         0x0000df4d   Thumb Code    18  cflashparam.o(.text)
    set_comp_all                             0x0000df5f   Thumb Code    74  cflashparam.o(.text)
    clr_comp_all                             0x0000dfa9   Thumb Code    70  cflashparam.o(.text)
    get_comp_ciraddr                         0x0000dfef   Thumb Code    14  cflashparam.o(.text)
    clr_comp_loop_all                        0x0000dffd   Thumb Code    38  cflashparam.o(.text)
    set_comp_all_and_save                    0x0000e023   Thumb Code    20  cflashparam.o(.text)
    get_comp_inzone                          0x0000e037   Thumb Code    14  cflashparam.o(.text)
    judge_same_ciraddr                       0x0000e045   Thumb Code    40  cflashparam.o(.text)
    get_comp_psn0                            0x0000e06d   Thumb Code    14  cflashparam.o(.text)
    get_comp_psn1                            0x0000e07b   Thumb Code    14  cflashparam.o(.text)
    get_comp_psn2                            0x0000e089   Thumb Code    14  cflashparam.o(.text)
    get_comp_psn3                            0x0000e097   Thumb Code    14  cflashparam.o(.text)
    get_comp_devtype                         0x0000e0a5   Thumb Code    14  cflashparam.o(.text)
    get_comp_all                             0x0000e0b3   Thumb Code    72  cflashparam.o(.text)
    init_mask_info                           0x0000e0fb   Thumb Code    12  cflashparam.o(.text)
    save_mask_info                           0x0000e107   Thumb Code    12  cflashparam.o(.text)
    set_mask_info                            0x0000e113   Thumb Code    22  cflashparam.o(.text)
    get_mask_info                            0x0000e129   Thumb Code    18  cflashparam.o(.text)
    init_alarm_info                          0x0000e13b   Thumb Code    12  cflashparam.o(.text)
    save_alarm_info                          0x0000e147   Thumb Code    12  cflashparam.o(.text)
    get_alarm_attr                           0x0000e191   Thumb Code    14  cflashparam.o(.text)
    get_alarm_alarmed                        0x0000e19f   Thumb Code    14  cflashparam.o(.text)
    judge_alarm_firealarmed                  0x0000e1ad   Thumb Code    30  cflashparam.o(.text)
    judge_alarm_faultalarmed                 0x0000e1cb   Thumb Code    30  cflashparam.o(.text)
    get_alarm_firstalarm                     0x0000e1e9   Thumb Code    18  cflashparam.o(.text)
    set_alarm_inzone                         0x0000e1fb   Thumb Code    18  cflashparam.o(.text)
    set_alarm_part                           0x0000e20d   Thumb Code    18  cflashparam.o(.text)
    set_alarm_ciraddr                        0x0000e21f   Thumb Code    18  cflashparam.o(.text)
    set_alarm_alarmsum                       0x0000e231   Thumb Code    18  cflashparam.o(.text)
    set_alarm_type                           0x0000e243   Thumb Code    18  cflashparam.o(.text)
    set_alarm_alarmed                        0x0000e255   Thumb Code    18  cflashparam.o(.text)
    set_alarm_firstalarm                     0x0000e267   Thumb Code    18  cflashparam.o(.text)
    set_alarm_attr                           0x0000e279   Thumb Code    18  cflashparam.o(.text)
    set_alarm_f_recvmess3h                   0x0000e28b   Thumb Code    18  cflashparam.o(.text)
    clr_alarm_f_recvmess3h                   0x0000e29d   Thumb Code    14  cflashparam.o(.text)
    set_alarm_allinfo                        0x0000e2ab   Thumb Code   198  cflashparam.o(.text)
    get_alarm_ciraddr                        0x0000e371   Thumb Code    14  cflashparam.o(.text)
    clr_firealarm                            0x0000e37f   Thumb Code    44  cflashparam.o(.text)
    clr_alarm_allinfo                        0x0000e3ab   Thumb Code    16  cflashparam.o(.text)
    set_alarm_allinfo_andsave                0x0000e3bb   Thumb Code    20  cflashparam.o(.text)
    get_alarm_part                           0x0000e3cf   Thumb Code    14  cflashparam.o(.text)
    get_alarm_type                           0x0000e3dd   Thumb Code    14  cflashparam.o(.text)
    get_alarm_f_recvmess3h                   0x0000e3eb   Thumb Code    14  cflashparam.o(.text)
    get_alarm_allinfo                        0x0000e3f9   Thumb Code   200  cflashparam.o(.text)
    set_alarm_first                          0x0000e4c1   Thumb Code    22  cflashparam.o(.text)
    get_alarm_first                          0x0000e4d7   Thumb Code    14  cflashparam.o(.text)
    get_alarm_firstflag                      0x0000e4e5   Thumb Code    10  cflashparam.o(.text)
    get_alarm_first_part                     0x0000e4ef   Thumb Code    12  cflashparam.o(.text)
    get_firealarm_nums                       0x0000e4fb   Thumb Code    32  cflashparam.o(.text)
    get_alarm_item_bypart                    0x0000e51b   Thumb Code    36  cflashparam.o(.text)
    get_faultalarm_nums                      0x0000e53f   Thumb Code    32  cflashparam.o(.text)
    judge_alarm_first                        0x0000e55f   Thumb Code    16  cflashparam.o(.text)
    init_node_info                           0x0000e56f   Thumb Code    12  cflashparam.o(.text)
    save_node_info                           0x0000e57b   Thumb Code    12  cflashparam.o(.text)
    set_node_info                            0x0000e587   Thumb Code    24  cflashparam.o(.text)
    set_node_all_info                        0x0000e6c9   Thumb Code   116  cflashparam.o(.text)
    get_node_info                            0x0000e73d   Thumb Code    20  cflashparam.o(.text)
    get_node_row                             0x0000e751   Thumb Code    42  cflashparam.o(.text)
    save_nodenums_info                       0x0000e77b   Thumb Code    12  cflashparam.o(.text)
    get_nodenums                             0x0000e787   Thumb Code    16  cflashparam.o(.text)
    set_nodenums                             0x0000e797   Thumb Code    20  cflashparam.o(.text)
    save_node_and_nodenums                   0x0000e7ab   Thumb Code    26  cflashparam.o(.text)
    init_nodenums_info                       0x0000e7c5   Thumb Code    26  cflashparam.o(.text)
    add_nodenums                             0x0000e7df   Thumb Code    18  cflashparam.o(.text)
    init_hist_info                           0x0000e7f1   Thumb Code    12  cflashparam.o(.text)
    save_hist_info                           0x0000e7fd   Thumb Code    26  cflashparam.o(.text)
    set_hist_info                            0x0000e817   Thumb Code    30  cflashparam.o(.text)
    clr_hist_info                            0x0000e835   Thumb Code    38  cflashparam.o(.text)
    get_hist_order                           0x0000e85b   Thumb Code    14  cflashparam.o(.text)
    get_hist_inzone                          0x0000e869   Thumb Code    14  cflashparam.o(.text)
    get_hist_part                            0x0000e877   Thumb Code    14  cflashparam.o(.text)
    get_hist_circleaddr                      0x0000e885   Thumb Code    14  cflashparam.o(.text)
    get_hist_vAnnRow                         0x0000e893   Thumb Code    14  cflashparam.o(.text)
    get_hist_opstype                         0x0000e8a1   Thumb Code    14  cflashparam.o(.text)
    get_hist_devtype                         0x0000e8af   Thumb Code    14  cflashparam.o(.text)
    get_hist_lastnum                         0x0000e8bd   Thumb Code    14  cflashparam.o(.text)
    get_hist_datetime                        0x0000e8cb   Thumb Code   100  cflashparam.o(.text)
    get_hist_allinfo                         0x0000e92f   Thumb Code    90  cflashparam.o(.text)
    set_hist_allinfo                         0x0000e989   Thumb Code   202  cflashparam.o(.text)
    judge_histnums_full                      0x0000ea7b   Thumb Code    20  cflashparam.o(.text)
    save_histnums_info                       0x0000ea8f   Thumb Code    88  cflashparam.o(.text)
    save_hist_all                            0x0000eae7   Thumb Code    12  cflashparam.o(.text)
    set_histnum_full                         0x0000eaf3   Thumb Code    12  cflashparam.o(.text)
    init_histnums_info                       0x0000eaff   Thumb Code   124  cflashparam.o(.text)
    init_hist_and_histnums                   0x0000eb7b   Thumb Code    12  cflashparam.o(.text)
    init_histsufix_info                      0x0000eb87   Thumb Code    12  cflashparam.o(.text)
    init_flash_all                           0x0000eb93   Thumb Code    36  cflashparam.o(.text)
    CheckDepComp                             0x0000ebb7   Thumb Code    56  cflashparam.o(.text)
    GetNum                                   0x0000ebef   Thumb Code    82  cflashparam.o(.text)
    CAddCirCounter                           0x0000ec41   Thumb Code    12  cflashparam.o(.text)
    CSetCirCounter                           0x0000ec4d   Thumb Code     6  cflashparam.o(.text)
    CGetCirCounter                           0x0000ec53   Thumb Code     6  cflashparam.o(.text)
    GetRow                                   0x0000ec59   Thumb Code    58  cflashparam.o(.text)
    JudgeAlarmType                           0x0000ec93   Thumb Code    36  cflashparam.o(.text)
    JudgeCompAlarmType                       0x0000ecb7   Thumb Code    72  cflashparam.o(.text)
    SetDatatoFlash                           0x0000ecff   Thumb Code    18  cflashparam.o(.text)
    GetDatatoFlash                           0x0000ed11   Thumb Code    18  cflashparam.o(.text)
    GetDatatoFlashType                       0x0000ed23   Thumb Code    18  cflashparam.o(.text)
    GetDatatoFlashAlarmType                  0x0000ed35   Thumb Code    18  cflashparam.o(.text)
    SetFlashData                             0x0000ed47   Thumb Code     6  cflashparam.o(.text)
    SetDepCompSum                            0x0000ed4d   Thumb Code     6  cflashparam.o(.text)
    GetDepCompSum                            0x0000ed53   Thumb Code     8  cflashparam.o(.text)
    ReadFlashPsn                             0x0000ed5b   Thumb Code    12  cflashparam.o(.text)
    SetCom0Ann                               0x0000ed67   Thumb Code    12  cflashparam.o(.text)
    SetBaseAddr                              0x0000ed91   Thumb Code     6  cgrapparam.o(.text)
    set_BaseAddr_default                     0x0000ed97   Thumb Code    28  cgrapparam.o(.text)
    AddBaseAddr                              0x0000edb3   Thumb Code    12  cgrapparam.o(.text)
    SubBaseAddr                              0x0000edbf   Thumb Code    12  cgrapparam.o(.text)
    GetBaseAddr                              0x0000edcb   Thumb Code     8  cgrapparam.o(.text)
    AddLocalParaSel                          0x0000edd3   Thumb Code    12  cgrapparam.o(.text)
    SetLocalParaSel                          0x0000eddf   Thumb Code     6  cgrapparam.o(.text)
    GetLocalParaSel                          0x0000ede5   Thumb Code     6  cgrapparam.o(.text)
    Set_department                           0x0000edeb   Thumb Code     6  cgrapparam.o(.text)
    Add_department                           0x0000edf1   Thumb Code    12  cgrapparam.o(.text)
    Sub_department                           0x0000edfd   Thumb Code    12  cgrapparam.o(.text)
    Get_zone_bit                             0x0000ee09   Thumb Code     8  cgrapparam.o(.text)
    Add_department_sel                       0x0000ee11   Thumb Code    12  cgrapparam.o(.text)
    Set_department_sel                       0x0000ee1d   Thumb Code     6  cgrapparam.o(.text)
    Get_zone_bit_sel                         0x0000ee23   Thumb Code     6  cgrapparam.o(.text)
    check_localaddr                          0x0000ee29   Thumb Code    16  cgrapparam.o(.text)
    SetComRegFlag                            0x0000ee39   Thumb Code     8  cgrapparam.o(.text)
    ClrComRegFlag                            0x0000ee41   Thumb Code     8  cgrapparam.o(.text)
    GetComRegFlag                            0x0000ee49   Thumb Code     6  cgrapparam.o(.text)
    AddCompRegParaSel                        0x0000ee4f   Thumb Code    12  cgrapparam.o(.text)
    SetCompRegParaSel                        0x0000ee5b   Thumb Code     6  cgrapparam.o(.text)
    GetCompRegParaSel                        0x0000ee61   Thumb Code     6  cgrapparam.o(.text)
    SetCompRegDep                            0x0000ee67   Thumb Code     6  cgrapparam.o(.text)
    AddCompRegDep                            0x0000ee6d   Thumb Code    12  cgrapparam.o(.text)
    SubCompRegDep                            0x0000ee79   Thumb Code    12  cgrapparam.o(.text)
    GetCompRegDep                            0x0000ee85   Thumb Code     6  cgrapparam.o(.text)
    SetCompRegNum                            0x0000ee8b   Thumb Code     6  cgrapparam.o(.text)
    AddCompRegNum                            0x0000ee91   Thumb Code    12  cgrapparam.o(.text)
    SubCompRegNum                            0x0000ee9d   Thumb Code    12  cgrapparam.o(.text)
    GetCompRegNum                            0x0000eea9   Thumb Code     6  cgrapparam.o(.text)
    SetCompRegAddr                           0x0000eeaf   Thumb Code     6  cgrapparam.o(.text)
    AddCompRegAddr                           0x0000eeb5   Thumb Code    12  cgrapparam.o(.text)
    SubCompRegAddr                           0x0000eec1   Thumb Code    12  cgrapparam.o(.text)
    GetCompRegAddr                           0x0000eecd   Thumb Code     6  cgrapparam.o(.text)
    AddCompSetDep                            0x0000eed3   Thumb Code    12  cgrapparam.o(.text)
    SubCompSetDep                            0x0000eedf   Thumb Code    12  cgrapparam.o(.text)
    GetCompSetDep                            0x0000eeeb   Thumb Code     6  cgrapparam.o(.text)
    SetCompSetDep                            0x0000eef1   Thumb Code     6  cgrapparam.o(.text)
    AddCompSetNum                            0x0000eef7   Thumb Code    12  cgrapparam.o(.text)
    SubCompSetNum                            0x0000ef03   Thumb Code    12  cgrapparam.o(.text)
    GetCompSetNum                            0x0000ef0f   Thumb Code     6  cgrapparam.o(.text)
    SetCompSetNum                            0x0000ef15   Thumb Code     6  cgrapparam.o(.text)
    SetComSetSelSet                          0x0000ef1b   Thumb Code     6  cgrapparam.o(.text)
    AddComSetSelSet                          0x0000ef21   Thumb Code    12  cgrapparam.o(.text)
    SubComSetSelSet                          0x0000ef2d   Thumb Code    12  cgrapparam.o(.text)
    GetComSetSelSet                          0x0000ef39   Thumb Code     6  cgrapparam.o(.text)
    AddComSet_seltab                         0x0000ef3f   Thumb Code    12  cgrapparam.o(.text)
    SubComSet_seltab                         0x0000ef4b   Thumb Code    12  cgrapparam.o(.text)
    GetComSet_seltab                         0x0000ef57   Thumb Code     6  cgrapparam.o(.text)
    SetComSet_seltab                         0x0000ef5d   Thumb Code     6  cgrapparam.o(.text)
    SetYear                                  0x0000ef63   Thumb Code     6  cgrapparam.o(.text)
    AddYear                                  0x0000ef69   Thumb Code    12  cgrapparam.o(.text)
    SubYear                                  0x0000ef75   Thumb Code    12  cgrapparam.o(.text)
    GetYear                                  0x0000ef81   Thumb Code    34  cgrapparam.o(.text)
    SetMonth                                 0x0000efa3   Thumb Code     6  cgrapparam.o(.text)
    AddMonth                                 0x0000efa9   Thumb Code    12  cgrapparam.o(.text)
    SubMonth                                 0x0000efb5   Thumb Code    12  cgrapparam.o(.text)
    GetMonth                                 0x0000efc1   Thumb Code     6  cgrapparam.o(.text)
    AddDay                                   0x0000efc7   Thumb Code    12  cgrapparam.o(.text)
    SubDay                                   0x0000efd3   Thumb Code    12  cgrapparam.o(.text)
    GetDay                                   0x0000efdf   Thumb Code     6  cgrapparam.o(.text)
    SetDay                                   0x0000efe5   Thumb Code     6  cgrapparam.o(.text)
    SetHour                                  0x0000efeb   Thumb Code     6  cgrapparam.o(.text)
    AddHour                                  0x0000eff1   Thumb Code    12  cgrapparam.o(.text)
    SubHour                                  0x0000effd   Thumb Code    12  cgrapparam.o(.text)
    GetHour                                  0x0000f009   Thumb Code     6  cgrapparam.o(.text)
    SetMintue                                0x0000f00f   Thumb Code     6  cgrapparam.o(.text)
    AddMintue                                0x0000f015   Thumb Code    12  cgrapparam.o(.text)
    SubMintue                                0x0000f021   Thumb Code    12  cgrapparam.o(.text)
    GetMintue                                0x0000f02d   Thumb Code     6  cgrapparam.o(.text)
    SetSecond                                0x0000f033   Thumb Code     6  cgrapparam.o(.text)
    AddSecond                                0x0000f039   Thumb Code    12  cgrapparam.o(.text)
    SubSecond                                0x0000f045   Thumb Code    12  cgrapparam.o(.text)
    GetSecond                                0x0000f051   Thumb Code     6  cgrapparam.o(.text)
    SetSelTime                               0x0000f057   Thumb Code     6  cgrapparam.o(.text)
    AddSelTime                               0x0000f05d   Thumb Code    12  cgrapparam.o(.text)
    GetSelTime                               0x0000f069   Thumb Code     6  cgrapparam.o(.text)
    SetAnnDep                                0x0000f06f   Thumb Code     6  cgrapparam.o(.text)
    AddAnnDep                                0x0000f075   Thumb Code    12  cgrapparam.o(.text)
    SubAnnDep                                0x0000f081   Thumb Code    12  cgrapparam.o(.text)
    GetAnnDep                                0x0000f08d   Thumb Code     6  cgrapparam.o(.text)
    SetAnnCompNum                            0x0000f093   Thumb Code     6  cgrapparam.o(.text)
    AddAnnCompNum                            0x0000f099   Thumb Code    12  cgrapparam.o(.text)
    SubAnnCompNum                            0x0000f0a5   Thumb Code    12  cgrapparam.o(.text)
    GetAnnCompNum                            0x0000f0b1   Thumb Code     6  cgrapparam.o(.text)
    SetAnnSel                                0x0000f0b7   Thumb Code     6  cgrapparam.o(.text)
    AddAnnSel                                0x0000f0bd   Thumb Code    12  cgrapparam.o(.text)
    GetAnnSel                                0x0000f0c9   Thumb Code     6  cgrapparam.o(.text)
    AddSysCheckDep                           0x0000f0cf   Thumb Code    12  cgrapparam.o(.text)
    SubSysCheckDep                           0x0000f0db   Thumb Code    12  cgrapparam.o(.text)
    SetSysCheckDep                           0x0000f0e7   Thumb Code     6  cgrapparam.o(.text)
    GetSysCheckDep                           0x0000f0ed   Thumb Code     6  cgrapparam.o(.text)
    AddStatusDep                             0x0000f0f3   Thumb Code    12  cgrapparam.o(.text)
    SubStatusDep                             0x0000f0ff   Thumb Code    12  cgrapparam.o(.text)
    SetStatusDep                             0x0000f10b   Thumb Code     6  cgrapparam.o(.text)
    GetStatusDep                             0x0000f111   Thumb Code     6  cgrapparam.o(.text)
    AddStatusComp                            0x0000f117   Thumb Code    12  cgrapparam.o(.text)
    SubStatusComp                            0x0000f123   Thumb Code    12  cgrapparam.o(.text)
    SetStatusComp                            0x0000f12f   Thumb Code     6  cgrapparam.o(.text)
    GetStatusComp                            0x0000f135   Thumb Code     6  cgrapparam.o(.text)
    AddStatusFlag                            0x0000f13b   Thumb Code    12  cgrapparam.o(.text)
    SetStatusFlag                            0x0000f147   Thumb Code     6  cgrapparam.o(.text)
    GetStatusFlag                            0x0000f14d   Thumb Code     6  cgrapparam.o(.text)
    AddIntenDep                              0x0000f153   Thumb Code    12  cgrapparam.o(.text)
    SubIntenDep                              0x0000f15f   Thumb Code    12  cgrapparam.o(.text)
    SetIntenDep                              0x0000f16b   Thumb Code   118  cgrapparam.o(.text)
    GetIntenDep                              0x0000f1e1   Thumb Code     6  cgrapparam.o(.text)
    AddIntenComp                             0x0000f1e7   Thumb Code    12  cgrapparam.o(.text)
    SubIntenComp                             0x0000f1f3   Thumb Code    12  cgrapparam.o(.text)
    SetIntenComp                             0x0000f1ff   Thumb Code     6  cgrapparam.o(.text)
    GetIntenComp                             0x0000f205   Thumb Code     6  cgrapparam.o(.text)
    AddIntenFlag                             0x0000f20b   Thumb Code    12  cgrapparam.o(.text)
    SetIntenFlag                             0x0000f217   Thumb Code     6  cgrapparam.o(.text)
    GetIntenFlag                             0x0000f21d   Thumb Code     6  cgrapparam.o(.text)
    State_0mA                                0x0000f231   Thumb Code    14  csetcurrent.o(.text)
    State_6mA                                0x0000f23f   Thumb Code    24  csetcurrent.o(.text)
    State_20mA                               0x0000f257   Thumb Code    14  csetcurrent.o(.text)
    get_loopLD_state                         0x0000f265   Thumb Code    10  csetcurrent.o(.text)
    clrbuf                                   0x0000f26f   Thumb Code    18  csetcurrent.o(.text)
    printbuf                                 0x0000f281   Thumb Code    32  csetcurrent.o(.text)
    clr_loop_LD_counter                      0x0000f2a1   Thumb Code    28  csetcurrent.o(.text)
    loop_LD_state                            0x0000f2cf   Thumb Code    38  csetcurrent.o(.text)
    set_print                                0x0000f2f5   Thumb Code     8  csetcurrent.o(.text)
    state_loopld_printf                      0x0000f30b   Thumb Code    40  csetcurrent.o(.text)
    __c89vsprintf                            0x0000f369   Thumb Code    32  c89vsprintf.o(.text)
    __aeabi_memcpy                           0x0000f38d   Thumb Code     0  rt_memcpy_v6.o(.text)
    __rt_memcpy                              0x0000f38d   Thumb Code   138  rt_memcpy_v6.o(.text)
    _memcpy_lastbytes                        0x0000f3f3   Thumb Code     0  rt_memcpy_v6.o(.text)
    __aeabi_memcpy4                          0x0000f417   Thumb Code     0  rt_memcpy_w.o(.text)
    __aeabi_memcpy8                          0x0000f417   Thumb Code     0  rt_memcpy_w.o(.text)
    __rt_memcpy_w                            0x0000f417   Thumb Code   100  rt_memcpy_w.o(.text)
    _memcpy_lastbytes_aligned                0x0000f45f   Thumb Code     0  rt_memcpy_w.o(.text)
    __aeabi_memclr                           0x0000f47b   Thumb Code     0  rt_memclr.o(.text)
    __rt_memclr                              0x0000f47b   Thumb Code    68  rt_memclr.o(.text)
    _memset                                  0x0000f47f   Thumb Code     0  rt_memclr.o(.text)
    __aeabi_memclr4                          0x0000f4bf   Thumb Code     0  rt_memclr_w.o(.text)
    __aeabi_memclr8                          0x0000f4bf   Thumb Code     0  rt_memclr_w.o(.text)
    __rt_memclr_w                            0x0000f4bf   Thumb Code    78  rt_memclr_w.o(.text)
    _memset_w                                0x0000f4c3   Thumb Code     0  rt_memclr_w.o(.text)
    _printf_pre_padding                      0x0000f50d   Thumb Code    46  _printf_pad.o(.text)
    _printf_post_padding                     0x0000f53b   Thumb Code    36  _printf_pad.o(.text)
    _printf_truncate_signed                  0x0000f55f   Thumb Code    18  _printf_truncate.o(.text)
    _printf_truncate_unsigned                0x0000f571   Thumb Code    18  _printf_truncate.o(.text)
    _printf_str                              0x0000f583   Thumb Code    82  _printf_str.o(.text)
    _printf_int_dec                          0x0000f5d5   Thumb Code   102  _printf_dec.o(.text)
    _printf_charcount                        0x0000f64d   Thumb Code    42  _printf_charcount.o(.text)
    _printf_char_common                      0x0000f683   Thumb Code    32  _printf_char_common.o(.text)
    _printf_wctomb                           0x0000f6a9   Thumb Code   182  _printf_wctomb.o(.text)
    _printf_longlong_dec                     0x0000f765   Thumb Code   104  _printf_longlong_dec.o(.text)
    _printf_longlong_oct                     0x0000f7dd   Thumb Code    76  _printf_oct_int_ll.o(.text)
    _printf_int_oct                          0x0000f829   Thumb Code    24  _printf_oct_int_ll.o(.text)
    _printf_ll_oct                           0x0000f841   Thumb Code    12  _printf_oct_int_ll.o(.text)
    _printf_longlong_hex                     0x0000f855   Thumb Code    92  _printf_hex_int_ll_ptr.o(.text)
    _printf_int_hex                          0x0000f8b1   Thumb Code    28  _printf_hex_int_ll_ptr.o(.text)
    _printf_ll_hex                           0x0000f8cd   Thumb Code    12  _printf_hex_int_ll_ptr.o(.text)
    _printf_hex_ptr                          0x0000f8d9   Thumb Code    18  _printf_hex_int_ll_ptr.o(.text)
    __printf                                 0x0000f8f1   Thumb Code   390  __printf_flags_ss_wp.o(.text)
    _ll_udiv10                               0x0000fa7d   Thumb Code   138  lludiv10.o(.text)
    _printf_int_common                       0x0000fb07   Thumb Code   184  _printf_intcommon.o(.text)
    __lib_sel_fp_printf                      0x0000fbbf   Thumb Code     2  _printf_fp_dec.o(.text)
    _printf_fp_dec_real                      0x0000fd6d   Thumb Code   626  _printf_fp_dec.o(.text)
    _printf_cs_common                        0x0000ffdf   Thumb Code    20  _printf_char.o(.text)
    _printf_char                             0x0000fff3   Thumb Code    16  _printf_char.o(.text)
    _printf_string                           0x00010003   Thumb Code     8  _printf_char.o(.text)
    _printf_lcs_common                       0x0001000b   Thumb Code    20  _printf_wchar.o(.text)
    _printf_wchar                            0x0001001f   Thumb Code    16  _printf_wchar.o(.text)
    _printf_wstring                          0x0001002f   Thumb Code     8  _printf_wchar.o(.text)
    _wcrtomb                                 0x00010037   Thumb Code    64  _wcrtomb.o(.text)
    __user_setup_stackheap                   0x00010077   Thumb Code    74  sys_stackheap_outer.o(.text)
    __rt_ctype_table                         0x000100c1   Thumb Code    16  rt_ctype_table.o(.text)
    __rt_locale                              0x000100d1   Thumb Code     8  rt_locale_intlibspace.o(.text)
    _printf_fp_infnan                        0x000100d9   Thumb Code   112  _printf_fp_infnan.o(.text)
    _btod_etento                             0x00010159   Thumb Code   222  bigflt0.o(.text)
    exit                                     0x0001023d   Thumb Code    12  exit.o(.text)
    __user_libspace                          0x00010249   Thumb Code     8  libspace.o(.text)
    __user_perproc_libspace                  0x00010249   Thumb Code     0  libspace.o(.text)
    __user_perthread_libspace                0x00010249   Thumb Code     0  libspace.o(.text)
    strcmp                                   0x00010251   Thumb Code   128  strcmpv7m.o(.text)
    __rt_fp_status_addr                      0x000102d1   Thumb Code     8  rt_fp_status_addr_intlibspace.o(.text)
    _sys_exit                                0x000102d9   Thumb Code     8  sys_exit.o(.text)
    _btod_d2e                                0x000102e5   Thumb Code    62  btod.o(CL$$btod_d2e)
    _d2e_denorm_low                          0x00010323   Thumb Code    70  btod.o(CL$$btod_d2e_denorm_low)
    _d2e_norm_op1                            0x00010369   Thumb Code    96  btod.o(CL$$btod_d2e_norm_op1)
    __btod_div_common                        0x000103c9   Thumb Code   696  btod.o(CL$$btod_div_common)
    _e2e                                     0x00010701   Thumb Code   198  btod.o(CL$$btod_e2e)
    _btod_ediv                               0x000107c7   Thumb Code    40  btod.o(CL$$btod_ediv)
    _btod_emul                               0x000107ef   Thumb Code    40  btod.o(CL$$btod_emul)
    __btod_mult_common                       0x00010817   Thumb Code   580  btod.o(CL$$btod_mult_common)
    __ARM_fpclassify                         0x00010a5b   Thumb Code    40  fpclassify.o(i.__ARM_fpclassify)
    _is_digit                                0x00010a83   Thumb Code    14  __printf_wp.o(i._is_digit)
    _get_lc_numeric                          0x00010a91   Thumb Code    44  lc_numeric_c.o(locale$$code)
    _get_lc_ctype                            0x00010abd   Thumb Code    44  lc_ctype_c.o(locale$$code)
    _fp_init                                 0x00010ae9   Thumb Code    14  fpinit.o(x$fpl$fpinit)
    __fplib_config_pureend_doubles           0x00010af5   Thumb Code     0  fpinit.o(x$fpl$fpinit)
    _printf_fp_dec                           0x00010af7   Thumb Code     4  printf1.o(x$fpl$printf1)
    GB2312Hzk                                0x00010afa   Data          64  lcd.o(.constdata)
    acASC8x16                                0x00010b3a   Data        3104  lcd.o(.constdata)
    acHZK16F                                 0x0001175a   Data       262176  lcd.o(.constdata)
    hz                                       0x000517bd   Data          33  setmenu.o(.constdata)
    Region$$Table$$Base                      0x00051a48   Number         0  anon$$obj.o(Region$$Table)
    Region$$Table$$Limit                     0x00051a68   Number         0  anon$$obj.o(Region$$Table)
    __ctype                                  0x00051a91   Data           0  lc_ctype_c.o(locale$$data)
    SystemFrequency                          0x10000000   Data           4  system_lpc17xx.o(.data)
    vAnnCounter                              0x10000026   Data           1  uart.o(.data)
    vTimeTickCounter                         0x10000028   Data           1  ctime.o(.data)
    vHeartTick                               0x1000002c   Data           4  ctime.o(.data)
    vSpeakerTick                             0x10000030   Data           2  ctime.o(.data)
    vLedFlag                                 0x10000034   Data           4  ctime.o(.data)
    vScreenMaskFlag                          0x10000038   Data           4  ctime.o(.data)
    vCurTime0Def                             0x10000040   Data           4  ctimedef.o(.data)
    vTimer0Counter                           0x10000044   Data           4  ctimedef.o(.data)
    vTimerRisingCounter                      0x10000048   Data           4  ctimedef.o(.data)
    vTimer0Wait2msCounter                    0x1000004c   Data           4  ctimedef.o(.data)
    vWait2msState                            0x10000050   Data           1  ctimedef.o(.data)
    vWaittoRun                               0x10000064   Data           4  ctimedef.o(.data)
    match_counter1                           0x1000006c   Data           4  pwm.o(.data)
    shu                                      0x10000078   Data         288  lcd.o(.data)
    Hzk1                                     0x10000198   Data         880  lcd.o(.data)
    TimeAndDate                              0x10000508   Data           8  pcf8563.o(.data)
    vBackValue                               0x10000510   Data           1  key.o(.data)
    Convertdata                              0x10000514   Data           6  ccomhandle.o(.data)
    Flag195                                  0x1000051a   Data           1  ccomhandle.o(.data)
    FirstAlarm_Flag                          0x1000051b   Data           1  ccomhandle.o(.data)
    AlarmSum                                 0x1000051c   Data           3  ccomhandle.o(.data)
    CheckInfoFlag                            0x1000051f   Data           3  ccomhandle.o(.data)
    com1Count                                0x10000522   Data           1  ccomhandle.o(.data)
    reset_fault_flag                         0x10000523   Data           1  ccomhandle.o(.data)
    reset_batt_flag                          0x10000524   Data           1  ccomhandle.o(.data)
    Address_Counter                          0x10000525   Data           1  ccomhandle.o(.data)
    vdisplay_alarm                           0x10000526   Data           5  ccomhandle.o(.data)
    vDispaly_alarm_flag                      0x1000052b   Data           1  ccomhandle.o(.data)
    respfire_val                             0x1000052c   Data           6  ccomhandle.o(.data)
    UartClrflag                              0x10000532   Data           1  ccomhandle.o(.data)
    UartClrLen                               0x10000533   Data           1  ccomhandle.o(.data)
    DefAddrEn                                0x10000534   Data           1  ccomhandle.o(.data)
    UartSendLen                              0x10000535   Data           1  ccomhandle.o(.data)
    pTxbuf                                   0x10000538   Data           4  ccomhandle.o(.data)
    MasterAddr                               0x1000053c   Data           1  ccomhandle.o(.data)
    valarmtime                               0x1000053e   Data           8  ccomhandle.o(.data)
    alarm_date                               0x10000546   Data           8  ccomhandle.o(.data)
    FlashInfo                                0x10000558   Data           2  ccomhandle.o(.data)
    dataHeart                                0x10000564   Data           2  ccompara.o(.data)
    dataCount                                0x10000566   Data           1  ccompara.o(.data)
    temp                                     0x10000567   Data           1  ccompara.o(.data)
    vBattLowSum                              0x10000568   Data           4  ccompara.o(.data)
    vBrokenSum                               0x1000056c   Data           4  ccompara.o(.data)
    vCom0Count                               0x10000570   Data           1  ccompara.o(.data)
    vHeartFaultFlag                          0x10000571   Data           1  ccompara.o(.data)
    vAlarmFlag                               0x10000572   Data           2  ccompara.o(.data)
    FirstAlarm_Addr                          0x10000574   Data           2  ccompara.o(.data)
    vAlarmInfoFlag                           0x10000576   Data           1  ccompara.o(.data)
    AlarmFlag                                0x10000577   Data           4  ccompara.o(.data)
    vReleaseFlag                             0x1000057b   Data           1  ccompara.o(.data)
    vFlag_195                                0x1000057c   Data           1  ccompara.o(.data)
    vCirAddrCurrent                          0x1000057d   Data           1  ccompara.o(.data)
    vFlagLed                                 0x1000057e   Data           1  ccompara.o(.data)
    vCounter                                 0x10000589   Data           3  ckeycounter.o(.data)
    vGrapCounter                             0x1000058c   Data           1  ckeycounter.o(.data)
    vSelMenu_flag                            0x1000058d   Data           1  ckeycounter.o(.data)
    vPasswordFlag                            0x1000058e   Data           1  ckeycounter.o(.data)
    vHisCountDown                            0x10000590   Data           4  ctaskdown.o(.data)
    timedate                                 0x100005a0   Data           8  ctasksure.o(.data)
    loopflag                                 0x100005a8   Data           1  runfunction.o(.data)
    vRunLedCount                             0x100005af   Data           1  crunctrl.o(.data)
    m_SysRunFlag                             0x100005b0   Data           4  csysrunflag.o(.data)
    m_LpCkFlag                               0x100005c4   Data           4  clpckctrl.o(.data)
    m_LpScanFlag                             0x100005c8   Data           4  clpscanctrl.o(.data)
    vPWM1Time                                0x100005cc   Data           2  ctimectrl.o(.data)
    vPWM1StopFlag                            0x100005ce   Data           1  ctimectrl.o(.data)
    vRun1s                                   0x100005e1   Data           1  ctimectrl.o(.data)
    vRunTime0                                0x100005e2   Data           2  ctimectrl.o(.data)
    vRunTime1                                0x100005e4   Data           4  ctimectrl.o(.data)
    mRunTime0                                0x100005e8   Data           2  ctimectrl.o(.data)
    vPIT0Run                                 0x100005ea   Data           1  ctimectrl.o(.data)
    vPIT1Run                                 0x100005eb   Data           1  ctimectrl.o(.data)
    vRunValue                                0x100005ec   Data           4  ctimectrl.o(.data)
    vRunToIap                                0x100005f0   Data           1  ctimectrl.o(.data)
    vCirCounter                              0x10000648   Data           1  cflashparam.o(.data)
    vHisCounter                              0x1000064a   Data           2  cflashparam.o(.data)
    vHistFlag                                0x1000064c   Data           1  cflashparam.o(.data)
    vPageCounter                             0x1000064d   Data           1  cflashparam.o(.data)
    vLocalAddress                            0x10000a28   Data           3  cgrapparam.o(.data)
    vLocalParaSel                            0x10000a2b   Data           1  cgrapparam.o(.data)
    department                               0x10000a2c   Data           3  cgrapparam.o(.data)
    department_sum                           0x10000a2f   Data           1  cgrapparam.o(.data)
    department_sel                           0x10000a30   Data           1  cgrapparam.o(.data)
    vComRegFlag                              0x10000a31   Data           1  cgrapparam.o(.data)
    vCompRegDep                              0x10000a32   Data           2  cgrapparam.o(.data)
    vCompRegNum                              0x10000a34   Data           2  cgrapparam.o(.data)
    vCompRegAddr                             0x10000a36   Data           1  cgrapparam.o(.data)
    vCompRegParaSel                          0x10000a37   Data           1  cgrapparam.o(.data)
    vCompSetDep                              0x10000a38   Data           2  cgrapparam.o(.data)
    vCompSetNum                              0x10000a3a   Data           2  cgrapparam.o(.data)
    vComSetSelSet                            0x10000a3c   Data           1  cgrapparam.o(.data)
    vComSetSel                               0x10000a3d   Data           1  cgrapparam.o(.data)
    vYear                                    0x10000a3e   Data           2  cgrapparam.o(.data)
    vMonth                                   0x10000a40   Data           2  cgrapparam.o(.data)
    vDay                                     0x10000a42   Data           2  cgrapparam.o(.data)
    vHour                                    0x10000a44   Data           2  cgrapparam.o(.data)
    vMintue                                  0x10000a46   Data           2  cgrapparam.o(.data)
    vSecond                                  0x10000a48   Data           2  cgrapparam.o(.data)
    vSelTime                                 0x10000a4a   Data           1  cgrapparam.o(.data)
    vAnnDep                                  0x10000a4c   Data           2  cgrapparam.o(.data)
    vAnnCompNum                              0x10000a4e   Data           2  cgrapparam.o(.data)
    vAnnSel                                  0x10000a50   Data           1  cgrapparam.o(.data)
    vSysCheckDep                             0x10000a51   Data           1  cgrapparam.o(.data)
    vStatusDep                               0x10000a52   Data           1  cgrapparam.o(.data)
    vStatusComp                              0x10000a53   Data           1  cgrapparam.o(.data)
    vStatusFlag                              0x10000a54   Data           1  cgrapparam.o(.data)
    vIntenDep                                0x10000a55   Data           1  cgrapparam.o(.data)
    vIntenComp                               0x10000a56   Data           1  cgrapparam.o(.data)
    vIntenFlag                               0x10000a57   Data           1  cgrapparam.o(.data)
    vKeyCounter                              0x10001d40   Data          24  key.o(.bss)
    UartRxbuf                                0x10001d58   Data           9  ccomhandle.o(.bss)
    UartTxbuf                                0x10001d61   Data           9  ccomhandle.o(.bss)
    Rxdata                                   0x10001d6a   Data           9  ccomhandle.o(.bss)
    histinfo                                 0x10001d74   Data          18  ccomhandle.o(.bss)
    data                                     0x10001d98   Data          90  ccompara.o(.bss)
    data1                                    0x10001df2   Data          10  ccompara.o(.bss)
    vCom0Data                                0x10001dfc   Data          20  ccompara.o(.bss)
    vCirAlarmData                            0x10001e10   Data          50  ccompara.o(.bss)
    m_LpAnsFlag                              0x10001ec4   Data          10  clpansctrl.o(.bss)
    m_NodeInfo                               0x10002068   Data        1020  cnodeinfo.o(.bss)
    vGetDatatoFlash                          0x10002464   Data         663  cflashparam.o(.bss)
    vGetDepNum                               0x100026fb   Data          51  cflashparam.o(.bss)
    vReadFlashData                           0x1000272e   Data          16  cflashparam.o(.bss)
    vGetPsn                                  0x1000273e   Data         408  cflashparam.o(.bss)
    FlashData                                0x100028d6   Data         765  cflashparam.o(.bss)
    vGetCom0Ann                              0x10002bd4   Data        1600  cflashparam.o(.bss)
    __libspace_start                         0x1000776c   Data          96  libspace.o(.bss)
    __temporary_stack_top$libspace           0x100077cc   Data           0  libspace.o(.bss)



==============================================================================

Memory Map of the image

  Image Entry point : 0x000000cd

  Load Region LR_IROM1 (Base: 0x00000000, Size: 0x000525f0, Max: 0x00080000, ABSOLUTE, COMPRESSED[0x00051ef8])

    Execution Region ER_IROM1 (Base: 0x00000000, Size: 0x00051b94, Max: 0x00080000, ABSOLUTE)

    Base Addr    Size         Type   Attr      Idx    E Section Name        Object

    0x00000000   0x000000cc   Data   RO            3    RESET               startup_lpc17xx.o
    0x000000cc   0x00000008   Code   RO         1381  * !!!main             c_w.l(__main.o)
    0x000000d4   0x00000034   Code   RO         1695    !!!scatter          c_w.l(__scatter.o)
    0x00000108   0x0000005a   Code   RO         1693    !!dczerorl2         c_w.l(__dczerorl2.o)
    0x00000162   0x00000002   PAD
    0x00000164   0x0000001c   Code   RO         1697    !!handler_zi        c_w.l(__scatter_zi.o)
    0x00000180   0x00000000   Code   RO         1465    .ARM.Collect$$_printf_percent$$00000000  c_w.l(_printf_percent.o)
    0x00000180   0x00000006   Code   RO         1454    .ARM.Collect$$_printf_percent$$00000001  c_w.l(_printf_n.o)
    0x00000186   0x00000006   Code   RO         1456    .ARM.Collect$$_printf_percent$$00000002  c_w.l(_printf_p.o)
    0x0000018c   0x00000006   Code   RO         1461    .ARM.Collect$$_printf_percent$$00000003  c_w.l(_printf_f.o)
    0x00000192   0x00000006   Code   RO         1462    .ARM.Collect$$_printf_percent$$00000004  c_w.l(_printf_e.o)
    0x00000198   0x00000006   Code   RO         1463    .ARM.Collect$$_printf_percent$$00000005  c_w.l(_printf_g.o)
    0x0000019e   0x00000006   Code   RO         1464    .ARM.Collect$$_printf_percent$$00000006  c_w.l(_printf_a.o)
    0x000001a4   0x0000000a   Code   RO         1469    .ARM.Collect$$_printf_percent$$00000007  c_w.l(_printf_ll.o)
    0x000001ae   0x00000006   Code   RO         1458    .ARM.Collect$$_printf_percent$$00000008  c_w.l(_printf_i.o)
    0x000001b4   0x00000006   Code   RO         1459    .ARM.Collect$$_printf_percent$$00000009  c_w.l(_printf_d.o)
    0x000001ba   0x00000006   Code   RO         1460    .ARM.Collect$$_printf_percent$$0000000A  c_w.l(_printf_u.o)
    0x000001c0   0x00000006   Code   RO         1457    .ARM.Collect$$_printf_percent$$0000000B  c_w.l(_printf_o.o)
    0x000001c6   0x00000006   Code   RO         1455    .ARM.Collect$$_printf_percent$$0000000C  c_w.l(_printf_x.o)
    0x000001cc   0x00000006   Code   RO         1466    .ARM.Collect$$_printf_percent$$0000000D  c_w.l(_printf_lli.o)
    0x000001d2   0x00000006   Code   RO         1467    .ARM.Collect$$_printf_percent$$0000000E  c_w.l(_printf_lld.o)
    0x000001d8   0x00000006   Code   RO         1468    .ARM.Collect$$_printf_percent$$0000000F  c_w.l(_printf_llu.o)
    0x000001de   0x00000006   Code   RO         1473    .ARM.Collect$$_printf_percent$$00000010  c_w.l(_printf_llo.o)
    0x000001e4   0x00000006   Code   RO         1474    .ARM.Collect$$_printf_percent$$00000011  c_w.l(_printf_llx.o)
    0x000001ea   0x0000000a   Code   RO         1470    .ARM.Collect$$_printf_percent$$00000012  c_w.l(_printf_l.o)
    0x000001f4   0x00000006   Code   RO         1452    .ARM.Collect$$_printf_percent$$00000013  c_w.l(_printf_c.o)
    0x000001fa   0x00000006   Code   RO         1453    .ARM.Collect$$_printf_percent$$00000014  c_w.l(_printf_s.o)
    0x00000200   0x00000006   Code   RO         1471    .ARM.Collect$$_printf_percent$$00000015  c_w.l(_printf_lc.o)
    0x00000206   0x00000006   Code   RO         1472    .ARM.Collect$$_printf_percent$$00000016  c_w.l(_printf_ls.o)
    0x0000020c   0x00000004   Code   RO         1504    .ARM.Collect$$_printf_percent$$00000017  c_w.l(_printf_percent_end.o)
    0x00000210   0x00000006   Code   RO         1553    .ARM.Collect$$libinit$$00000000  c_w.l(libinit.o)
    0x00000216   0x00000000   Code   RO         1571    .ARM.Collect$$libinit$$00000006  c_w.l(libinit2.o)
    0x00000216   0x00000000   Code   RO         1573    .ARM.Collect$$libinit$$00000008  c_w.l(libinit2.o)
    0x00000216   0x00000000   Code   RO         1575    .ARM.Collect$$libinit$$0000000A  c_w.l(libinit2.o)
    0x00000216   0x00000006   Code   RO         1576    .ARM.Collect$$libinit$$0000000B  c_w.l(libinit2.o)
    0x0000021c   0x00000000   Code   RO         1578    .ARM.Collect$$libinit$$0000000D  c_w.l(libinit2.o)
    0x0000021c   0x0000000c   Code   RO         1579    .ARM.Collect$$libinit$$0000000E  c_w.l(libinit2.o)
    0x00000228   0x00000000   Code   RO         1580    .ARM.Collect$$libinit$$0000000F  c_w.l(libinit2.o)
    0x00000228   0x00000000   Code   RO         1582    .ARM.Collect$$libinit$$00000011  c_w.l(libinit2.o)
    0x00000228   0x0000000a   Code   RO         1583    .ARM.Collect$$libinit$$00000012  c_w.l(libinit2.o)
    0x00000232   0x00000000   Code   RO         1584    .ARM.Collect$$libinit$$00000013  c_w.l(libinit2.o)
    0x00000232   0x00000000   Code   RO         1586    .ARM.Collect$$libinit$$00000015  c_w.l(libinit2.o)
    0x00000232   0x00000000   Code   RO         1588    .ARM.Collect$$libinit$$00000017  c_w.l(libinit2.o)
    0x00000232   0x00000000   Code   RO         1590    .ARM.Collect$$libinit$$00000019  c_w.l(libinit2.o)
    0x00000232   0x00000000   Code   RO         1592    .ARM.Collect$$libinit$$0000001B  c_w.l(libinit2.o)
    0x00000232   0x00000000   Code   RO         1594    .ARM.Collect$$libinit$$0000001D  c_w.l(libinit2.o)
    0x00000232   0x00000000   Code   RO         1596    .ARM.Collect$$libinit$$0000001F  c_w.l(libinit2.o)
    0x00000232   0x00000000   Code   RO         1598    .ARM.Collect$$libinit$$00000021  c_w.l(libinit2.o)
    0x00000232   0x00000000   Code   RO         1602    .ARM.Collect$$libinit$$00000028  c_w.l(libinit2.o)
    0x00000232   0x00000000   Code   RO         1604    .ARM.Collect$$libinit$$0000002A  c_w.l(libinit2.o)
    0x00000232   0x00000000   Code   RO         1606    .ARM.Collect$$libinit$$0000002C  c_w.l(libinit2.o)
    0x00000232   0x00000000   Code   RO         1608    .ARM.Collect$$libinit$$0000002E  c_w.l(libinit2.o)
    0x00000232   0x00000002   Code   RO         1609    .ARM.Collect$$libinit$$0000002F  c_w.l(libinit2.o)
    0x00000234   0x00000002   Code   RO         1634    .ARM.Collect$$libshutdown$$00000000  c_w.l(libshutdown.o)
    0x00000236   0x00000000   Code   RO         1648    .ARM.Collect$$libshutdown$$00000003  c_w.l(libshutdown2.o)
    0x00000236   0x00000000   Code   RO         1651    .ARM.Collect$$libshutdown$$00000006  c_w.l(libshutdown2.o)
    0x00000236   0x00000000   Code   RO         1654    .ARM.Collect$$libshutdown$$00000009  c_w.l(libshutdown2.o)
    0x00000236   0x00000000   Code   RO         1656    .ARM.Collect$$libshutdown$$0000000B  c_w.l(libshutdown2.o)
    0x00000236   0x00000000   Code   RO         1659    .ARM.Collect$$libshutdown$$0000000E  c_w.l(libshutdown2.o)
    0x00000236   0x00000002   Code   RO         1660    .ARM.Collect$$libshutdown$$0000000F  c_w.l(libshutdown2.o)
    0x00000238   0x00000000   Code   RO         1383    .ARM.Collect$$rtentry$$00000000  c_w.l(rtentry.o)
    0x00000238   0x00000000   Code   RO         1478    .ARM.Collect$$rtentry$$00000002  c_w.l(rtentry2.o)
    0x00000238   0x00000006   Code   RO         1490    .ARM.Collect$$rtentry$$00000004  c_w.l(rtentry4.o)
    0x0000023e   0x00000000   Code   RO         1480    .ARM.Collect$$rtentry$$00000009  c_w.l(rtentry2.o)
    0x0000023e   0x00000004   Code   RO         1481    .ARM.Collect$$rtentry$$0000000A  c_w.l(rtentry2.o)
    0x00000242   0x00000000   Code   RO         1483    .ARM.Collect$$rtentry$$0000000C  c_w.l(rtentry2.o)
    0x00000242   0x00000008   Code   RO         1484    .ARM.Collect$$rtentry$$0000000D  c_w.l(rtentry2.o)
    0x0000024a   0x00000002   Code   RO         1562    .ARM.Collect$$rtexit$$00000000  c_w.l(rtexit.o)
    0x0000024c   0x00000000   Code   RO         1613    .ARM.Collect$$rtexit$$00000002  c_w.l(rtexit2.o)
    0x0000024c   0x00000004   Code   RO         1614    .ARM.Collect$$rtexit$$00000003  c_w.l(rtexit2.o)
    0x00000250   0x00000006   Code   RO         1615    .ARM.Collect$$rtexit$$00000004  c_w.l(rtexit2.o)
    0x00000256   0x00000002   PAD
    0x00000258   0x0000003c   Code   RO            5    .text               startup_lpc17xx.o
    0x00000294   0x00000040   Code   RO           51    .text               main.o
    0x000002d4   0x00000014   Code   RO         1306    .text               cintstend.o
    0x000002e8   0x00000006   Code   RO         1379    .text               c_w.l(heapauxi.o)
    0x000002ee   0x0000000a   Code   RO         1398    .text               c_w.l(_sputc.o)
    0x000002f8   0x00000002   Code   RO         1637    .text               c_w.l(use_no_semi.o)
    0x000002fa   0x00000000   Code   RO         1639    .text               c_w.l(indicate_semi.o)
    0x000002fa   0x00000000   Code   RO         1556    x$fpl$usenofp       fz_ws.l(usenofp.o)
    0x000002fa   0x00000002   Data   RO          519    .constdata          ccomhandle.o
    0x000002fc   0x00000004   Code   RO            4    .ARM.__at_0x02FC    startup_lpc17xx.o
    0x00000300   0x00000234   Code   RO           27    .text               system_lpc17xx.o
    0x00000534   0x0000056c   Code   RO          157    .text               ssp.o
    0x00000aa0   0x0000003c   Code   RO          172    .text               delay.o
    0x00000adc   0x000004e8   Code   RO          198    .text               i2c.o
    0x00000fc4   0x000007dc   Code   RO          227    .text               uart.o
    0x000017a0   0x000001d0   Code   RO          289    .text               gpioinit.o
    0x00001970   0x000003d8   Code   RO          304    .text               ctime.o
    0x00001d48   0x00000170   Code   RO          334    .text               ctimedef.o
    0x00001eb8   0x00000100   Code   RO          352    .text               pwm.o
    0x00001fb8   0x0000021c   Code   RO          373    .text               extint.o
    0x000021d4   0x000000e0   Code   RO          399    .text               cgpioirq.o
    0x000022b4   0x00000870   Code   RO          417    .text               lcd.o
    0x00002b24   0x000005ac   Code   RO          447    .text               pcf8563.o
    0x000030d0   0x000001a4   Code   RO          468    .text               key.o
    0x00003274   0x000001a4   Code   RO          493    .text               cled.o
    0x00003418   0x00000070   Code   RO          505    .text               crelay.o
    0x00003488   0x00000d94   Code   RO          517    .text               ccomhandle.o
    0x0000421c   0x00000438   Code   RO          574    .text               ccompara.o
    0x00004654   0x00000168   Code   RO          602    .text               caddresscount.o
    0x000047bc   0x0000013c   Code   RO          616    .text               csendto195.o
    0x000048f8   0x000000e2   Code   RO          630    .text               cgetgrap.o
    0x000049da   0x00000002   PAD
    0x000049dc   0x000000d8   Code   RO          642    .text               ckeycounter.o
    0x00004ab4   0x00000676   Code   RO          660    .text               ctaskdown.o
    0x0000512a   0x00000002   PAD
    0x0000512c   0x000001bc   Code   RO          676    .text               ctaskreturn.o
    0x000052e8   0x00001366   Code   RO          694    .text               ctasksure.o
    0x0000664e   0x00000002   PAD
    0x00006650   0x00000696   Code   RO          717    .text               ctaskup.o
    0x00006ce6   0x00000002   PAD
    0x00006ce8   0x00000790   Code   RO          730    .text               runfunction.o
    0x00007478   0x000004b4   Code   RO          762    .text               tasklist.o
    0x0000792c   0x0000022c   Code   RO          798    .text               crunctrl.o
    0x00007b58   0x000001a0   Code   RO          823    .text               csysrunflag.o
    0x00007cf8   0x000000c8   Code   RO          841    .text               clpansctrl.o
    0x00007dc0   0x00000150   Code   RO          860    .text               clpckctrl.o
    0x00007f10   0x000001f8   Code   RO          878    .text               clpscanctrl.o
    0x00008108   0x00000480   Code   RO          896    .text               ctimectrl.o
    0x00008588   0x00000200   Code   RO          933    .text               cnodeinfo.o
    0x00008788   0x000002e8   Code   RO          958    .text               store_addr.o
    0x00008a70   0x000006c6   Code   RO          970    .text               alarmenu.o
    0x00009136   0x00000002   PAD
    0x00009138   0x000006aa   Code   RO          994    .text               breakdown.o
    0x000097e2   0x00000002   PAD
    0x000097e4   0x000003f8   Code   RO         1006    .text               cannotate.o
    0x00009bdc   0x000004bc   Code   RO         1021    .text               ccompinten.o
    0x0000a098   0x00000778   Code   RO         1035    .text               ccompreg.o
    0x0000a810   0x000002d4   Code   RO         1050    .text               ccompset.o
    0x0000aae4   0x0000047c   Code   RO         1062    .text               ccompstat.o
    0x0000af60   0x00000a3c   Code   RO         1075    .text               cdatemod.o
    0x0000b99c   0x000001d4   Code   RO         1091    .text               checkmenu.o
    0x0000bb70   0x000008d8   Code   RO         1103    .text               chistorylist.o
    0x0000c448   0x00000410   Code   RO         1124    .text               clocalset.o
    0x0000c858   0x000001b8   Code   RO         1138    .text               cmodelfault.o
    0x0000ca10   0x00000180   Code   RO         1150    .text               csyscheck.o
    0x0000cb90   0x00000078   Code   RO         1168    .text               csysreset.o
    0x0000cc08   0x00000078   Code   RO         1180    .text               ctestself.o
    0x0000cc80   0x00000578   Code   RO         1192    .text               mainmenu.o
    0x0000d1f8   0x00000298   Code   RO         1206    .text               setmenu.o
    0x0000d490   0x000002b0   Code   RO         1221    .text               startmenu.o
    0x0000d740   0x000001e0   Code   RO         1234    .text               testmenu.o
    0x0000d920   0x00001470   Code   RO         1265    .text               cflashparam.o
    0x0000ed90   0x000004a0   Code   RO         1288    .text               cgrapparam.o
    0x0000f230   0x00000138   Code   RO         1321    .text               csetcurrent.o
    0x0000f368   0x00000024   Code   RO         1369    .text               c_w.l(c89vsprintf.o)
    0x0000f38c   0x0000008a   Code   RO         1371    .text               c_w.l(rt_memcpy_v6.o)
    0x0000f416   0x00000064   Code   RO         1373    .text               c_w.l(rt_memcpy_w.o)
    0x0000f47a   0x00000044   Code   RO         1375    .text               c_w.l(rt_memclr.o)
    0x0000f4be   0x0000004e   Code   RO         1377    .text               c_w.l(rt_memclr_w.o)
    0x0000f50c   0x00000052   Code   RO         1386    .text               c_w.l(_printf_pad.o)
    0x0000f55e   0x00000024   Code   RO         1388    .text               c_w.l(_printf_truncate.o)
    0x0000f582   0x00000052   Code   RO         1390    .text               c_w.l(_printf_str.o)
    0x0000f5d4   0x00000078   Code   RO         1392    .text               c_w.l(_printf_dec.o)
    0x0000f64c   0x0000002a   Code   RO         1394    .text               c_w.l(_printf_charcount.o)
    0x0000f676   0x00000002   PAD
    0x0000f678   0x00000030   Code   RO         1396    .text               c_w.l(_printf_char_common.o)
    0x0000f6a8   0x000000bc   Code   RO         1400    .text               c_w.l(_printf_wctomb.o)
    0x0000f764   0x00000078   Code   RO         1403    .text               c_w.l(_printf_longlong_dec.o)
    0x0000f7dc   0x00000078   Code   RO         1409    .text               c_w.l(_printf_oct_int_ll.o)
    0x0000f854   0x0000009c   Code   RO         1429    .text               c_w.l(_printf_hex_int_ll_ptr.o)
    0x0000f8f0   0x0000018c   Code   RO         1449    .text               c_w.l(__printf_flags_ss_wp.o)
    0x0000fa7c   0x0000008a   Code   RO         1492    .text               c_w.l(lludiv10.o)
    0x0000fb06   0x000000b8   Code   RO         1494    .text               c_w.l(_printf_intcommon.o)
    0x0000fbbe   0x00000420   Code   RO         1496    .text               c_w.l(_printf_fp_dec.o)
    0x0000ffde   0x0000002c   Code   RO         1500    .text               c_w.l(_printf_char.o)
    0x0001000a   0x0000002c   Code   RO         1502    .text               c_w.l(_printf_wchar.o)
    0x00010036   0x00000040   Code   RO         1505    .text               c_w.l(_wcrtomb.o)
    0x00010076   0x0000004a   Code   RO         1507    .text               c_w.l(sys_stackheap_outer.o)
    0x000100c0   0x00000010   Code   RO         1509    .text               c_w.l(rt_ctype_table.o)
    0x000100d0   0x00000008   Code   RO         1514    .text               c_w.l(rt_locale_intlibspace.o)
    0x000100d8   0x00000080   Code   RO         1516    .text               c_w.l(_printf_fp_infnan.o)
    0x00010158   0x000000e4   Code   RO         1518    .text               c_w.l(bigflt0.o)
    0x0001023c   0x0000000c   Code   RO         1546    .text               c_w.l(exit.o)
    0x00010248   0x00000008   Code   RO         1559    .text               c_w.l(libspace.o)
    0x00010250   0x00000080   Code   RO         1567    .text               c_w.l(strcmpv7m.o)
    0x000102d0   0x00000008   Code   RO         1622    .text               c_w.l(rt_fp_status_addr_intlibspace.o)
    0x000102d8   0x0000000c   Code   RO         1626    .text               c_w.l(sys_exit.o)
    0x000102e4   0x0000003e   Code   RO         1521    CL$$btod_d2e        c_w.l(btod.o)
    0x00010322   0x00000046   Code   RO         1523    CL$$btod_d2e_denorm_low  c_w.l(btod.o)
    0x00010368   0x00000060   Code   RO         1522    CL$$btod_d2e_norm_op1  c_w.l(btod.o)
    0x000103c8   0x00000338   Code   RO         1531    CL$$btod_div_common  c_w.l(btod.o)
    0x00010700   0x000000c6   Code   RO         1528    CL$$btod_e2e        c_w.l(btod.o)
    0x000107c6   0x00000028   Code   RO         1525    CL$$btod_ediv       c_w.l(btod.o)
    0x000107ee   0x00000028   Code   RO         1524    CL$$btod_emul       c_w.l(btod.o)
    0x00010816   0x00000244   Code   RO         1530    CL$$btod_mult_common  c_w.l(btod.o)
    0x00010a5a   0x00000028   Code   RO         1557    i.__ARM_fpclassify  m_ws.l(fpclassify.o)
    0x00010a82   0x0000000e   Code   RO         1442    i._is_digit         c_w.l(__printf_wp.o)
    0x00010a90   0x0000002c   Code   RO         1544    locale$$code        c_w.l(lc_numeric_c.o)
    0x00010abc   0x0000002c   Code   RO         1565    locale$$code        c_w.l(lc_ctype_c.o)
    0x00010ae8   0x0000000e   Code   RO         1610    x$fpl$fpinit        fz_ws.l(fpinit.o)
    0x00010af6   0x00000004   Code   RO         1475    x$fpl$printf1       fz_ws.l(printf1.o)
    0x00010afa   0x00040c80   Data   RO          418    .constdata          lcd.o
    0x0005177a   0x00000002   PAD
    0x0005177c   0x00000041   Data   RO         1063    .constdata          ccompstat.o
    0x000517bd   0x00000021   Data   RO         1207    .constdata          setmenu.o
    0x000517de   0x00000002   PAD
    0x000517e0   0x00000190   Data   RO         1267    .constdata          cflashparam.o
    0x00051970   0x00000008   Data   RO         1401    .constdata          c_w.l(_printf_wctomb.o)
    0x00051978   0x00000028   Data   RO         1430    .constdata          c_w.l(_printf_hex_int_ll_ptr.o)
    0x000519a0   0x00000011   Data   RO         1450    .constdata          c_w.l(__printf_flags_ss_wp.o)
    0x000519b1   0x00000003   PAD
    0x000519b4   0x00000094   Data   RO         1519    .constdata          c_w.l(bigflt0.o)
    0x00051a48   0x00000020   Data   RO         1691    Region$$Table       anon$$obj.o
    0x00051a68   0x0000001c   Data   RO         1543    locale$$data        c_w.l(lc_numeric_c.o)
    0x00051a84   0x00000110   Data   RO         1564    locale$$data        c_w.l(lc_ctype_c.o)


    Execution Region RW_IRAM1 (Base: 0x10000000, Size: 0x000079d0, Max: 0x00008000, ABSOLUTE, COMPRESSED[0x00000364])

    Base Addr    Size         Type   Attr      Idx    E Section Name        Object

    0x10000000   0x00000004   Data   RW           28    .data               system_lpc17xx.o
    0x10000004   0x00000004   Data   RW          173    .data               delay.o
    0x10000008   0x00000016   Data   RW          199    .data               i2c.o
    0x1000001e   0x00000009   Data   RW          229    .data               uart.o
    0x10000027   0x00000001   PAD
    0x10000028   0x00000016   Data   RW          305    .data               ctime.o
    0x1000003e   0x00000002   PAD
    0x10000040   0x00000028   Data   RW          335    .data               ctimedef.o
    0x10000068   0x00000008   Data   RW          353    .data               pwm.o
    0x10000070   0x00000008   Data   RW          374    .data               extint.o
    0x10000078   0x00000490   Data   RW          419    .data               lcd.o
    0x10000508   0x00000008   Data   RW          448    .data               pcf8563.o
    0x10000510   0x00000001   Data   RW          470    .data               key.o
    0x10000511   0x00000003   PAD
    0x10000514   0x0000004e   Data   RW          520    .data               ccomhandle.o
    0x10000562   0x00000002   PAD
    0x10000564   0x0000001b   Data   RW          576    .data               ccompara.o
    0x1000057f   0x00000001   PAD
    0x10000580   0x00000009   Data   RW          603    .data               caddresscount.o
    0x10000589   0x00000006   Data   RW          643    .data               ckeycounter.o
    0x1000058f   0x00000001   PAD
    0x10000590   0x00000008   Data   RW          661    .data               ctaskdown.o
    0x10000598   0x00000010   Data   RW          696    .data               ctasksure.o
    0x100005a8   0x00000007   Data   RW          732    .data               runfunction.o
    0x100005af   0x00000001   Data   RW          799    .data               crunctrl.o
    0x100005b0   0x00000004   Data   RW          824    .data               csysrunflag.o
    0x100005b4   0x00000010   Data   RW          843    .data               clpansctrl.o
    0x100005c4   0x00000004   Data   RW          861    .data               clpckctrl.o
    0x100005c8   0x00000004   Data   RW          879    .data               clpscanctrl.o
    0x100005cc   0x00000025   Data   RW          898    .data               ctimectrl.o
    0x100005f1   0x00000001   Data   RW          935    .data               cnodeinfo.o
    0x100005f2   0x00000001   Data   RW         1022    .data               ccompinten.o
    0x100005f3   0x00000031   Data   RW         1125    .data               clocalset.o
    0x10000624   0x00000023   Data   RW         1193    .data               mainmenu.o
    0x10000647   0x00000001   PAD
    0x10000648   0x000003e0   Data   RW         1268    .data               cflashparam.o
    0x10000a28   0x00000030   Data   RW         1289    .data               cgrapparam.o
    0x10000a58   0x00000002   Data   RW         1323    .data               csetcurrent.o
    0x10000a5a   0x00000002   PAD
    0x10000a5c   0x000012e4   Zero   RW          228    .bss                uart.o
    0x10001d40   0x00000018   Zero   RW          469    .bss                key.o
    0x10001d58   0x00000040   Zero   RW          518    .bss                ccomhandle.o
    0x10001d98   0x000000aa   Zero   RW          575    .bss                ccompara.o
    0x10001e42   0x00000018   Zero   RW          617    .bss                csendto195.o
    0x10001e5a   0x00000012   Zero   RW          695    .bss                ctasksure.o
    0x10001e6c   0x00000058   Zero   RW          731    .bss                runfunction.o
    0x10001ec4   0x0000000a   Zero   RW          842    .bss                clpansctrl.o
    0x10001ece   0x00000002   PAD
    0x10001ed0   0x00000198   Zero   RW          897    .bss                ctimectrl.o
    0x10002068   0x000003fc   Zero   RW          934    .bss                cnodeinfo.o
    0x10002464   0x000052fe   Zero   RW         1266    .bss                cflashparam.o
    0x10007762   0x0000000a   Zero   RW         1322    .bss                csetcurrent.o
    0x1000776c   0x00000060   Zero   RW         1560    .bss                c_w.l(libspace.o)
    0x100077cc   0x00000004   PAD
    0x100077d0   0x00000000   Zero   RW            2    HEAP                startup_lpc17xx.o
    0x100077d0   0x00000200   Zero   RW            1    STACK               startup_lpc17xx.o


==============================================================================

Image component sizes


      Code (inc. data)   RO Data    RW Data    ZI Data      Debug   Object Name

      1734         44          0          0          0       1777   alarmenu.o
      1706         50          0          0          0       1852   breakdown.o
       360        128          0          9          0       2888   caddresscount.o
      1016         16          0          0          0       1140   cannotate.o
      3476        740          2         78         64      15445   ccomhandle.o
      1080        118          0         27        170       7194   ccompara.o
      1212        100          0          1          0       1713   ccompinten.o
      1912        180          0          0          0       3011   ccompreg.o
       724         46          0          0          0       1342   ccompset.o
      1148         20         65          0          0       2292   ccompstat.o
      2620         44          0          0          0       1259   cdatemod.o
      5232        122        400        992      21246      38606   cflashparam.o
       226          8          0          0          0       1054   cgetgrap.o
       224         36          0          0          0       5621   cgpioirq.o
      1184        126          0         48          0      14990   cgrapparam.o
       468         30          0          0          0        605   checkmenu.o
      2264        106          0          0          0       4208   chistorylist.o
        20          0          0          0          0        498   cintstend.o
       216         16          0          6          0       3383   ckeycounter.o
       420          8          0          0          0       2198   cled.o
      1040         50          0         49          0       2653   clocalset.o
       200         18          0         16         10       2277   clpansctrl.o
       336          6          0          4          0       4131   clpckctrl.o
       504          6          0          4          0       5084   clpscanctrl.o
       440         62          0          0          0        725   cmodelfault.o
       512          8          0          1       1020       4958   cnodeinfo.o
         0          0          0          0          0       4156   core_cm3.o
       112         10          0          0          0        765   crelay.o
       556         40          0          1          0       2165   crunctrl.o
       316         10          0          0         24       2523   csendto195.o
       312         54          0          2         10       2730   csetcurrent.o
       384         28          0          0          0        940   csyscheck.o
       120         12          0          0          0        432   csysreset.o
       416          4          0          4          0       4768   csysrunflag.o
      1654        228          0          8          0       3392   ctaskdown.o
       444         18          0          0          0       6164   ctaskreturn.o
      4966        540          0         16         18      10435   ctasksure.o
      1686        240          0          0          0       2544   ctaskup.o
       120         12          0          0          0        432   ctestself.o
       984         60          0         22          0       5117   ctime.o
      1152         60          0         37        408       5949   ctimectrl.o
       368         32          0         40          0       5587   ctimedef.o
        60          6          0          4          0      11054   delay.o
       540         50          0          8          0      10854   extint.o
       464         18          0          0          0        551   gpioinit.o
      1256         98          0         22          0      12175   i2c.o
       420         14          0          1         24       2155   key.o
      2160         28     265344       1168          0       8359   lcd.o
        64         42          0          0          0      58791   main.o
      1400         64          0         35          0       2466   mainmenu.o
      1452         12          0          8          0       4616   pcf8563.o
       256         30          0          8          0       7294   pwm.o
      1936        390          0          7         88       5434   runfunction.o
       664         12         33          0          0       1606   setmenu.o
      1388         36          0          0          0       5378   ssp.o
       688         20          0          0          0       1095   startmenu.o
        64         26        204          0        512        912   startup_lpc17xx.o
       744        234          0          0          0       1870   store_addr.o
       564         70          0          4          0      59289   system_lpc17xx.o
      1204          4          0          0          0       2233   tasklist.o
       480         20          0          0          0        708   testmenu.o
      2012        218          0          9       4836      72347   uart.o

    ----------------------------------------------------------------------
     61692       4828     266084       2652      28432     458190   Object Totals
         0          0         32          0          0          0   (incl. Generated)
        12          0          4         13          2          0   (incl. Padding)

    ----------------------------------------------------------------------

      Code (inc. data)   RO Data    RW Data    ZI Data      Debug   Library Member Name

        90          0          0          0          0          0   __dczerorl2.o
         8          0          0          0          0         68   __main.o
       396          6         17          0          0         92   __printf_flags_ss_wp.o
        14          0          0          0          0         68   __printf_wp.o
        52          8          0          0          0          0   __scatter.o
        28          0          0          0          0          0   __scatter_zi.o
         6          0          0          0          0          0   _printf_a.o
         6          0          0          0          0          0   _printf_c.o
        44          0          0          0          0        108   _printf_char.o
        48          6          0          0          0         96   _printf_char_common.o
        42          0          0          0          0         68   _printf_charcount.o
         6          0          0          0          0          0   _printf_d.o
       120         18          0          0          0         92   _printf_dec.o
         6          0          0          0          0          0   _printf_e.o
         6          0          0          0          0          0   _printf_f.o
      1056          0          0          0          0        216   _printf_fp_dec.o
       128         16          0          0          0         84   _printf_fp_infnan.o
         6          0          0          0          0          0   _printf_g.o
       156          6         40          0          0        160   _printf_hex_int_ll_ptr.o
         6          0          0          0          0          0   _printf_i.o
       184          0          0          0          0         88   _printf_intcommon.o
        10          0          0          0          0          0   _printf_l.o
         6          0          0          0          0          0   _printf_lc.o
        10          0          0          0          0          0   _printf_ll.o
         6          0          0          0          0          0   _printf_lld.o
         6          0          0          0          0          0   _printf_lli.o
         6          0          0          0          0          0   _printf_llo.o
         6          0          0          0          0          0   _printf_llu.o
         6          0          0          0          0          0   _printf_llx.o
       120         16          0          0          0         92   _printf_longlong_dec.o
         6          0          0          0          0          0   _printf_ls.o
         6          0          0          0          0          0   _printf_n.o
         6          0          0          0          0          0   _printf_o.o
       120          8          0          0          0        124   _printf_oct_int_ll.o
         6          0          0          0          0          0   _printf_p.o
        82          0          0          0          0        108   _printf_pad.o
         0          0          0          0          0          0   _printf_percent.o
         4          0          0          0          0          0   _printf_percent_end.o
         6          0          0          0          0          0   _printf_s.o
        82          0          0          0          0         80   _printf_str.o
        36          0          0          0          0         84   _printf_truncate.o
         6          0          0          0          0          0   _printf_u.o
        44          0          0          0          0        108   _printf_wchar.o
       188          6          8          0          0         92   _printf_wctomb.o
         6          0          0          0          0          0   _printf_x.o
        10          0          0          0          0         68   _sputc.o
        64          0          0          0          0         92   _wcrtomb.o
       228          6        148          0          0         96   bigflt0.o
      1910        128          0          0          0        672   btod.o
        36          4          0          0          0         76   c89vsprintf.o
        12          0          0          0          0         72   exit.o
         6          0          0          0          0        152   heapauxi.o
         0          0          0          0          0          0   indicate_semi.o
        44         10        272          0          0         76   lc_ctype_c.o
        44         10         28          0          0         76   lc_numeric_c.o
         6          0          0          0          0          0   libinit.o
        30          0          0          0          0          0   libinit2.o
         2          0          0          0          0          0   libshutdown.o
         2          0          0          0          0          0   libshutdown2.o
         8          4          0          0         96         68   libspace.o
       138          0          0          0          0         80   lludiv10.o
        16          4          0          0          0         76   rt_ctype_table.o
         8          4          0          0          0         68   rt_fp_status_addr_intlibspace.o
         8          4          0          0          0         68   rt_locale_intlibspace.o
        68          0          0          0          0         68   rt_memclr.o
        78          0          0          0          0         80   rt_memclr_w.o
       138          0          0          0          0         68   rt_memcpy_v6.o
       100          0          0          0          0         80   rt_memcpy_w.o
         0          0          0          0          0          0   rtentry.o
        12          0          0          0          0          0   rtentry2.o
         6          0          0          0          0          0   rtentry4.o
         2          0          0          0          0          0   rtexit.o
        10          0          0          0          0          0   rtexit2.o
       128          0          0          0          0         68   strcmpv7m.o
        12          4          0          0          0         68   sys_exit.o
        74          0          0          0          0         80   sys_stackheap_outer.o
         2          0          0          0          0         68   use_no_semi.o
        14          0          0          0          0         76   fpinit.o
         4          0          0          0          0         68   printf1.o
         0          0          0          0          0          0   usenofp.o
        40          0          0          0          0         68   fpclassify.o

    ----------------------------------------------------------------------
      6448        268        516          0        100       4360   Library Totals
         6          0          3          0          4          0   (incl. Padding)

    ----------------------------------------------------------------------

      Code (inc. data)   RO Data    RW Data    ZI Data      Debug   Library Name

      6384        268        513          0         96       4148   c_w.l
        18          0          0          0          0        144   fz_ws.l
        40          0          0          0          0         68   m_ws.l

    ----------------------------------------------------------------------
      6448        268        516          0        100       4360   Library Totals

    ----------------------------------------------------------------------

==============================================================================


      Code (inc. data)   RO Data    RW Data    ZI Data      Debug   

     68140       5096     266600       2652      28532     453710   Grand Totals
     68140       5096     266600        868      28532     453710   ELF Image Totals (compressed)
     68140       5096     266600        868          0          0   ROM Totals

==============================================================================

    Total RO  Size (Code + RO Data)               334740 ( 326.89kB)
    Total RW  Size (RW Data + ZI Data)             31184 (  30.45kB)
    Total ROM Size (Code + RO Data + RW Data)     335608 ( 327.74kB)

==============================================================================

