ARM Linker, 4.1 [Build 894] [Professional]

==============================================================================

Section Cross References

    startup_lpc17xx.o(STACK) refers (Special) to heapauxi.o(.text) for __use_two_region_memory
    startup_lpc17xx.o(HEAP) refers (Special) to heapauxi.o(.text) for __use_two_region_memory
    startup_lpc17xx.o(RESET) refers (Special) to heapauxi.o(.text) for __use_two_region_memory
    startup_lpc17xx.o(RESET) refers to startup_lpc17xx.o(STACK) for __initial_sp
    startup_lpc17xx.o(RESET) refers to startup_lpc17xx.o(.text) for Reset_Handler
    startup_lpc17xx.o(RESET) refers to delay.o(.text) for SysTick_Handler
    startup_lpc17xx.o(RESET) refers to ctime.o(.text) for TIMER0_IRQHandler
    startup_lpc17xx.o(RESET) refers to uart.o(.text) for UART0_IRQHandler
    startup_lpc17xx.o(RESET) refers to pwm.o(.text) for PWM1_IRQHandler
    startup_lpc17xx.o(RESET) refers to i2c.o(.text) for I2C0_IRQHandler
    startup_lpc17xx.o(RESET) refers to extint.o(.text) for EINT1_IRQHandler
    startup_lpc17xx.o(RESET) refers to cgpioirq.o(.text) for EINT3_IRQHandler
    startup_lpc17xx.o(.ARM.__at_0x02FC) refers (Special) to heapauxi.o(.text) for __use_two_region_memory
    startup_lpc17xx.o(.text) refers (Special) to heapauxi.o(.text) for __use_two_region_memory
    startup_lpc17xx.o(.text) refers to system_lpc17xx.o(.text) for SystemInit
    startup_lpc17xx.o(.text) refers to __main.o(!!!main) for __main
    startup_lpc17xx.o(.text) refers to startup_lpc17xx.o(HEAP) for Heap_Mem
    startup_lpc17xx.o(.text) refers to startup_lpc17xx.o(STACK) for Stack_Mem
    system_lpc17xx.o(.text) refers to system_lpc17xx.o(.data) for SystemFrequency
    main.o(.text) refers to system_lpc17xx.o(.text) for SystemClockUpdate
    main.o(.text) refers to crunctrl.o(.text) for Init_CRunCtrl
    main.o(.text) refers to uart.o(.text) for DebugOnce
    delay.o(.text) refers to delay.o(.data) for msTicks
    i2c.o(.text) refers to i2c.o(.data) for I2C_end
    uart.o(.text) refers to ssp.o(.text) for M25P80_Read_1Byte
    uart.o(.text) refers to ccomhandle.o(.text) for SetConvertdata
    uart.o(.text) refers to ccompara.o(.text) for data_from_data0
    uart.o(.text) refers to cgrapparam.o(.text) for GetComRegFlag
    uart.o(.text) refers to ccompinten.o(.text) for CGetIntenFlag
    uart.o(.text) refers to ctasksure.o(.text) for Get_Note_Flag
    uart.o(.text) refers to uart.o(.bss) for data3
    uart.o(.text) refers to uart.o(.data) for tp
    uart.o(.text) refers to system_lpc17xx.o(.data) for SystemFrequency
    ctime.o(.text) refers to extint.o(.text) for Eint_Dis
    ctime.o(.text) refers to ctimectrl.o(.text) for T0Int_CTimeCtrl
    ctime.o(.text) refers to key.o(.text) for Scan_Key
    ctime.o(.text) refers to cled.o(.text) for Led_Wireless_On
    ctime.o(.text) refers to ctime.o(.data) for vTimeTickCounter
    ctimedef.o(.text) refers to ctimedef.o(.data) for vCurTime0Def
    ctimedef.o(.text) refers to system_lpc17xx.o(.data) for SystemFrequency
    pwm.o(.text) refers to pwm.o(.data) for match_counter1
    extint.o(.text) refers to uart.o(.text) for uart_all_disable
    extint.o(.text) refers to ctime.o(.text) for timern_disable
    extint.o(.text) refers to i2c.o(.text) for i2c0_disable
    extint.o(.text) refers to pwm.o(.text) for pwm1_disable
    extint.o(.text) refers to extint.o(.data) for Extint1_flag
    cgpioirq.o(.text) refers to csetcurrent.o(.text) for State_0mA
    cgpioirq.o(.text) refers to clpckctrl.o(.text) for SetPer_CLpCkCtrl
    lcd.o(.text) refers to lcd.o(.constdata) for acHZK16F
    lcd.o(.text) refers to lcd.o(.data) for Hzk1
    pcf8563.o(.text) refers to i2c.o(.text) for I2C_WriteNByte
    pcf8563.o(.text) refers to pcf8563.o(.data) for TimeAndDate
    key.o(.text) refers to ctime.o(.text) for OnLCD
    key.o(.text) refers to ccomhandle.o(.text) for GetDisplay_alarm_flag
    key.o(.text) refers to cled.o(.text) for Led_Silence_Off
    key.o(.text) refers to pwm.o(.text) for PWM1_Stop
    key.o(.text) refers to ccompara.o(.text) for SetAlarmFlag
    key.o(.text) refers to ckeycounter.o(.text) for GetPasswordFlag
    key.o(.text) refers to key.o(.data) for vBackValue
    key.o(.text) refers to key.o(.bss) for vKeyCounter
    ccomhandle.o(.text) refers to clpscanctrl.o(.text) for GetSys_CLpScanCtrl
    ccomhandle.o(.text) refers to uart.o(.text) for UARTSend
    ccomhandle.o(.text) refers to cflashparam.o(.text) for get_comp_partnumber
    ccomhandle.o(.text) refers to cgrapparam.o(.text) for AddCompRegNum
    ccomhandle.o(.text) refers to rt_memclr.o(.text) for __aeabi_memclr
    ccomhandle.o(.text) refers to ctime.o(.text) for OnLCD
    ccomhandle.o(.text) refers to pcf8563.o(.text) for getcurrent_date
    ccomhandle.o(.text) refers to cintstend.o(.text) for EndInt
    ccomhandle.o(.text) refers to ccompreg.o(.text) for CompReg_menu
    ccomhandle.o(.text) refers to ccomhandle.o(.data) for FirstAlarm_Flag
[...]
    ClrCirAlarmData                          0x000044bd   Thumb Code    54  ccompara.o(.text)
    CirAlarmDataInit                         0x000044f3   Thumb Code    20  ccompara.o(.text)
    SetFlagLed                               0x00004507   Thumb Code     6  ccompara.o(.text)
    GetFlagLed                               0x0000450d   Thumb Code     6  ccompara.o(.text)
    SetAlarm_Circuit_Flag                    0x00004589   Thumb Code     6  caddresscount.o(.text)
    AddCirCounter                            0x0000458f   Thumb Code    12  caddresscount.o(.text)
    GetCirCounter                            0x0000459b   Thumb Code     6  caddresscount.o(.text)
    ClrCirCounter                            0x000045a1   Thumb Code     8  caddresscount.o(.text)
    SetSync                                  0x000045a9   Thumb Code     8  caddresscount.o(.text)
    GetSync                                  0x000045b1   Thumb Code     6  caddresscount.o(.text)
    ClrSync                                  0x000045b7   Thumb Code     8  caddresscount.o(.text)
    addxialasignal                           0x000045bf   Thumb Code    24  caddresscount.o(.text)
    getxialasignal                           0x000045d7   Thumb Code     6  caddresscount.o(.text)
    clr_xialasignal                          0x000045dd   Thumb Code     8  caddresscount.o(.text)
    add_weixialasignal                       0x000045e5   Thumb Code    24  caddresscount.o(.text)
    clr_weixialasignal                       0x00004603   Thumb Code     8  caddresscount.o(.text)
    Clr_Alarm                                0x0000460b   Thumb Code   102  caddresscount.o(.text)
    SaveData195                              0x000046f1   Thumb Code     6  csendto195.o(.text)
    GetData195                               0x000046f7   Thumb Code     8  csendto195.o(.text)
    Query_ByUart0                            0x000046ff   Thumb Code   120  csendto195.o(.text)
    uart1_stop_reponse_atfire                0x00004777   Thumb Code    86  csendto195.o(.text)
    uart1_offsound_reponse_atfire            0x000047cd   Thumb Code    86  csendto195.o(.text)
    GetMainGrap                              0x0000482d   Thumb Code    82  cgetgrap.o(.text)
    GetSetGrap                               0x0000487f   Thumb Code    60  cgetgrap.o(.text)
    GetCheckGrap                             0x000048bb   Thumb Code    48  cgetgrap.o(.text)
    GetTestGrap                              0x000048eb   Thumb Code    36  cgetgrap.o(.text)
    SetCounter1                              0x00004911   Thumb Code     6  ckeycounter.o(.text)
    AddCounter1                              0x00004917   Thumb Code    12  ckeycounter.o(.text)
    SubCounter1                              0x00004923   Thumb Code    12  ckeycounter.o(.text)
    GetCounter1                              0x0000492f   Thumb Code     6  ckeycounter.o(.text)
    SetCounter2                              0x00004935   Thumb Code     6  ckeycounter.o(.text)
    AddCounter2                              0x0000493b   Thumb Code    12  ckeycounter.o(.text)
    SubCounter2                              0x00004947   Thumb Code    12  ckeycounter.o(.text)
    GetCounter2                              0x00004953   Thumb Code     6  ckeycounter.o(.text)
    SetCounter3                              0x00004959   Thumb Code     6  ckeycounter.o(.text)
    AddCounter3                              0x0000495f   Thumb Code    12  ckeycounter.o(.text)
    SubCounter3                              0x0000496b   Thumb Code    12  ckeycounter.o(.text)
    GetCounter3                              0x00004977   Thumb Code     6  ckeycounter.o(.text)
    SetGrapCount                             0x0000497d   Thumb Code     6  ckeycounter.o(.text)
    AddGrapCount                             0x00004983   Thumb Code    12  ckeycounter.o(.text)
    SubGrapCount                             0x0000498f   Thumb Code    12  ckeycounter.o(.text)
    ClrGrapCount                             0x0000499b   Thumb Code     8  ckeycounter.o(.text)
    GetGrapCount                             0x000049a3   Thumb Code     6  ckeycounter.o(.text)
    AddMenuFlag                              0x000049a9   Thumb Code    12  ckeycounter.o(.text)
    SubMenuFlag                              0x000049b5   Thumb Code    12  ckeycounter.o(.text)
    GetMenuFlag                              0x000049c1   Thumb Code     6  ckeycounter.o(.text)
    SetMenuFlag                              0x000049c7   Thumb Code     6  ckeycounter.o(.text)
    SetPasswordFlag                          0x000049cd   Thumb Code     6  ckeycounter.o(.text)
    GetPasswordFlag                          0x000049d3   Thumb Code     6  ckeycounter.o(.text)
    ClrHisCountDown                          0x000049e9   Thumb Code     8  ctaskdown.o(.text)
    ClrHistCount                             0x000049f1   Thumb Code     8  ctaskdown.o(.text)
    Level2_Down                              0x000049f9   Thumb Code   136  ctaskdown.o(.text)
    Level33_Down                             0x00004a81   Thumb Code    88  ctaskdown.o(.text)
    hist_item                                0x00004ad9   Thumb Code     6  ctaskdown.o(.text)
    Level32_Down                             0x00004adf   Thumb Code   272  ctaskdown.o(.text)
    setup_Down                               0x00004fd7   Thumb Code    54  ctaskdown.o(.text)
    Level3_Down                              0x0000500d   Thumb Code    50  ctaskdown.o(.text)
    Level4_Down                              0x0000503f   Thumb Code    32  ctaskdown.o(.text)
    CLevel1_Return                           0x00005061   Thumb Code   144  ctaskreturn.o(.text)
    CLevel21_Return                          0x000050f1   Thumb Code    96  ctaskreturn.o(.text)
    CLevel22_Return                          0x00005151   Thumb Code    78  ctaskreturn.o(.text)
    CLevel23_Return                          0x0000519f   Thumb Code    68  ctaskreturn.o(.text)
    CLevel3_Return                           0x000051e3   Thumb Code    48  ctaskreturn.o(.text)
    SetZjFlag                                0x0000521d   Thumb Code     6  ctasksure.o(.text)
    GetZjFlag                                0x00005223   Thumb Code     6  ctasksure.o(.text)
    Set_Note_Flag                            0x00005229   Thumb Code    16  ctasksure.o(.text)
    Clr_Note_Flag                            0x00005239   Thumb Code     8  ctasksure.o(.text)
    Get_Note_Flag                            0x00005241   Thumb Code     6  ctasksure.o(.text)
    reset_ok                                 0x00005275   Thumb Code   132  ctasksure.o(.text)
    menu_press_ok_complete                   0x000052f9   Thumb Code   146  ctasksure.o(.text)
    GetSpeaker_Flag                          0x000054a1   Thumb Code     6  ctasksure.o(.text)
    CLevel27_Sure                            0x000054a7   Thumb Code    28  ctasksure.o(.text)
    CLevel1_Sure                             0x000054cb   Thumb Code    62  ctasksure.o(.text)
    local_addr_value                         0x0000556b   Thumb Code    38  ctasksure.o(.text)
    set_entry_localaddr_flag                 0x000055a1   Thumb Code     8  ctasksure.o(.text)
    get_entry_localaddr_flag                 0x000055a9   Thumb Code     6  ctasksure.o(.text)
    clr_entry_localaddr_flag                 0x000055af   Thumb Code     8  ctasksure.o(.text)
    setup_Sure                               0x00005739   Thumb Code    52  ctasksure.o(.text)
    set_enter_flag                           0x0000576d   Thumb Code     8  ctasksure.o(.text)
    get_enter_falg                           0x00005775   Thumb Code     6  ctasksure.o(.text)
    clr_enter_flag                           0x0000577b   Thumb Code     8  ctasksure.o(.text)
    query_compstatus_ok                      0x000057af   Thumb Code   130  ctasksure.o(.text)
    query_Sure                               0x000058f7   Thumb Code    42  ctasksure.o(.text)
    test_Sure                                0x00005985   Thumb Code    32  ctasksure.o(.text)
    SetSpeaker_ON                            0x000059a5   Thumb Code     8  ctasksure.o(.text)
    SetSpeaker_OFF                           0x000059ad   Thumb Code     8  ctasksure.o(.text)
    menu_comp_noreg                          0x00005acf   Thumb Code   290  ctasksure.o(.text)
    menu_setup_done                          0x00005bf1   Thumb Code   102  ctasksure.o(.text)
    menu_press_ok_save                       0x00005c57   Thumb Code   168  ctasksure.o(.text)
    menu_deling                              0x00005cff   Thumb Code   102  ctasksure.o(.text)
    menu_opsing                              0x00005d65   Thumb Code   102  ctasksure.o(.text)
    menu_ops_done                            0x00005dcb   Thumb Code   102  ctasksure.o(.text)
    menu_comp_masked                         0x00005e31   Thumb Code   124  ctasksure.o(.text)
    menu_comp_started                        0x00005ead   Thumb Code   124  ctasksure.o(.text)
    menu_compset                             0x00005f29   Thumb Code   102  ctasksure.o(.text)
    CLevel3_Sure                             0x0000654b   Thumb Code    56  ctasksure.o(.text)
    Level2_Up                                0x00006585   Thumb Code   142  ctaskup.o(.text)
    test_Up                                  0x00006665   Thumb Code    36  ctaskup.o(.text)
    query_Up                                 0x000067d5   Thumb Code    44  ctaskup.o(.text)
    setup_Up                                 0x00006bb9   Thumb Code    54  ctaskup.o(.text)
    Level3_Up                                0x00006bef   Thumb Code    44  ctaskup.o(.text)
    show_head_menu                           0x00006c1d   Thumb Code    30  runfunction.o(.text)
    set_menu_alarm_info                      0x00006c3b   Thumb Code    76  runfunction.o(.text)
    clr_alarm_loop_show                      0x00006cbd   Thumb Code     8  runfunction.o(.text)
    set_alarm_loop_show                      0x00006cc5   Thumb Code     8  runfunction.o(.text)
    get_alarm_loop_show                      0x00006ccd   Thumb Code     6  runfunction.o(.text)
    Systemp_Task                             0x00006edb   Thumb Code    68  runfunction.o(.text)
    DisplayKeyMenu                           0x00006f1f   Thumb Code   726  runfunction.o(.text)
    SendHeart                                0x0000720f   Thumb Code   188  runfunction.o(.text)
    CS0Setup                                 0x000072cb   Thumb Code    42  runfunction.o(.text)
    inqury_state__byuart0                    0x000072f5   Thumb Code    94  runfunction.o(.text)
    Back_Task                                0x000075bb   Thumb Code   218  tasklist.o(.text)
    Up_Task                                  0x00007695   Thumb Code    70  tasklist.o(.text)
    Down_Task                                0x000076db   Thumb Code    78  tasklist.o(.text)
    Sure_Task                                0x00007729   Thumb Code   142  tasklist.o(.text)
    Return_Task                              0x000077b7   Thumb Code   152  tasklist.o(.text)
    Silence_Task                             0x0000784f   Thumb Code    14  tasklist.o(.text)
    ctrl_init                                0x000078db   Thumb Code    40  crunctrl.o(.text)
    Init_CRunCtrl                            0x00007903   Thumb Code    12  crunctrl.o(.text)
    Reset_CRunCtrl                           0x0000790f   Thumb Code    16  crunctrl.o(.text)
    RunLed_CRunCtrl                          0x00007947   Thumb Code    68  crunctrl.o(.text)
    check_response_atfire                    0x000079b9   Thumb Code    60  crunctrl.o(.text)
    do_CRunCtrl                              0x000079f5   Thumb Code   110  crunctrl.o(.text)
    zijian_speaker                           0x00007a63   Thumb Code     2  crunctrl.o(.text)
    InitC_CSysRunFlag                        0x00007a8d   Thumb Code     8  csysrunflag.o(.text)
    ClrReset_CSysRunFlag                     0x00007a95   Thumb Code    14  csysrunflag.o(.text)
    SetReset_CSysRunFlag                     0x00007aa3   Thumb Code    16  csysrunflag.o(.text)
    GetReset_CSysRunFlag                     0x00007ab3   Thumb Code    10  csysrunflag.o(.text)
    ClrAlarm_CSysRunFlag                     0x00007abd   Thumb Code    14  csysrunflag.o(.text)
    SetAlarm_CSysRunFlag                     0x00007acb   Thumb Code    18  csysrunflag.o(.text)
    GetAlarm_CSysRunFlag                     0x00007add   Thumb Code    10  csysrunflag.o(.text)
    Clr50ms_CSysRunFlag                      0x00007ae7   Thumb Code    14  csysrunflag.o(.text)
    Set50ms_CSysRunFlag                      0x00007af5   Thumb Code    16  csysrunflag.o(.text)
    Get50ms_CSysRunFlag                      0x00007b05   Thumb Code    10  csysrunflag.o(.text)
    Clr20ms_CSysRunFlag                      0x00007b0f   Thumb Code    14  csysrunflag.o(.text)
    Set20ms_CSysRunFlag                      0x00007b1d   Thumb Code    16  csysrunflag.o(.text)
    Get20ms_CSysRunFlag                      0x00007b2d   Thumb Code    10  csysrunflag.o(.text)
    Clr1s_CSysRunFlag                        0x00007b37   Thumb Code    14  csysrunflag.o(.text)
    Set1s_CSysRunFlag                        0x00007b45   Thumb Code    16  csysrunflag.o(.text)
    Get1s_CSysRunFlag                        0x00007b55   Thumb Code    10  csysrunflag.o(.text)
    Clr5s_CSysRunFlag                        0x00007b5f   Thumb Code    14  csysrunflag.o(.text)
    Set5s_CSysRunFlag                        0x00007b6d   Thumb Code    16  csysrunflag.o(.text)
    Get5s_CSysRunFlag                        0x00007b7d   Thumb Code    10  csysrunflag.o(.text)
    ClrDisHis_CSysRunFlag                    0x00007b87   Thumb Code    14  csysrunflag.o(.text)
    SetDisHis_CSysRunFlag                    0x00007b95   Thumb Code    18  csysrunflag.o(.text)
    GetDisHis_CSysRunFlag                    0x00007ba7   Thumb Code    10  csysrunflag.o(.text)
    Clr1m_CSysRunFlag                        0x00007bb1   Thumb Code    14  csysrunflag.o(.text)
    Set1m_CSysRunFlag                        0x00007bbf   Thumb Code    16  csysrunflag.o(.text)
    Get1m_CSysRunFlag                        0x00007bcf   Thumb Code    10  csysrunflag.o(.text)
    Clr100ms_CSysRunFlag                     0x00007bd9   Thumb Code    14  csysrunflag.o(.text)
    Set100ms_CSysRunFlag                     0x00007be7   Thumb Code    16  csysrunflag.o(.text)
    Get100ms_CSysRunFlag                     0x00007bf7   Thumb Code    10  csysrunflag.o(.text)
    Clr40ms_CSysRunFlag                      0x00007c01   Thumb Code    14  csysrunflag.o(.text)
    Set40ms_CSysRunFlag                      0x00007c0f   Thumb Code    16  csysrunflag.o(.text)
    Get40ms_CSysRunFlag                      0x00007c1f   Thumb Code    10  csysrunflag.o(.text)
    Init_CLpAnsCtrl                          0x00007c2d   Thumb Code     2  clpansctrl.o(.text)
    GetData_CLpAnsCtrl                       0x00007c2f   Thumb Code    46  clpansctrl.o(.text)
    SetData_CLpAnsCtrl                       0x00007c5d   Thumb Code    66  clpansctrl.o(.text)
    OutData_CLpAnsCtrl                       0x00007c9f   Thumb Code    40  clpansctrl.o(.text)
    OutState_CLpAnsCtrl                      0x00007cc7   Thumb Code    28  clpansctrl.o(.text)
    Init_CLpCkCtrl                           0x00007cf5   Thumb Code     8  clpckctrl.o(.text)
    SetExtint_CLpCkCtrl                      0x00007cfd   Thumb Code    14  clpckctrl.o(.text)
    GetExtint_CLpCkCtrl                      0x00007d0b   Thumb Code    10  clpckctrl.o(.text)
    ClrExtint_CLpCkCtrl                      0x00007d15   Thumb Code    14  clpckctrl.o(.text)
    SetPer_CLpCkCtrl                         0x00007d23   Thumb Code    14  clpckctrl.o(.text)
    GetPer_CLpCkCtrl                         0x00007d31   Thumb Code    10  clpckctrl.o(.text)
    ClrPer_CLpCkCtrl                         0x00007d3b   Thumb Code    14  clpckctrl.o(.text)
    ClrReset_CLpCkCtrl                       0x00007d49   Thumb Code    14  clpckctrl.o(.text)
    SetReset_CLpCkCtrl                       0x00007d57   Thumb Code    18  clpckctrl.o(.text)
    GetReset_CLpCkCtrl                       0x00007d69   Thumb Code    10  clpckctrl.o(.text)
    ClrAlarm_CLpCkCtrl                       0x00007d73   Thumb Code    14  clpckctrl.o(.text)
    SetAlarm_CLpCkCtrl                       0x00007d81   Thumb Code    18  clpckctrl.o(.text)
    GetAlarm_CLpCkCtrl                       0x00007d93   Thumb Code    10  clpckctrl.o(.text)
    Clr50ms_CLpCkCtrl                        0x00007d9d   Thumb Code    14  clpckctrl.o(.text)
    Set50ms_CLpCkCtrl                        0x00007dab   Thumb Code    16  clpckctrl.o(.text)
    Get50ms_CLpCkCtrl                        0x00007dbb   Thumb Code    10  clpckctrl.o(.text)
    Clr10ms_CLpCkCtrl                        0x00007dc5   Thumb Code    14  clpckctrl.o(.text)
    Set10ms_CLpCkCtrl                        0x00007dd3   Thumb Code    16  clpckctrl.o(.text)
    Get10ms_CLpCkCtrl                        0x00007de3   Thumb Code    10  clpckctrl.o(.text)
    Clr1s_CLpCkCtrl                          0x00007ded   Thumb Code    14  clpckctrl.o(.text)
    Set1s_CLpCkCtrl                          0x00007dfb   Thumb Code    16  clpckctrl.o(.text)
    Get1s_CLpCkCtrl                          0x00007e0b   Thumb Code    10  clpckctrl.o(.text)
    Clr5s_CLpCkCtrl                          0x00007e15   Thumb Code    14  clpckctrl.o(.text)
    Set5s_CLpCkCtrl                          0x00007e23   Thumb Code    18  clpckctrl.o(.text)
    Get5s_CLpCkCtrl                          0x00007e35   Thumb Code    10  clpckctrl.o(.text)
    Init_CLpScanCtrl                         0x00007e45   Thumb Code     8  clpscanctrl.o(.text)
    NewNode_CLpScanCtrl                      0x00007e4d   Thumb Code    14  clpscanctrl.o(.text)
    SetSys_CLpScanCtrl                       0x00007e5b   Thumb Code    16  clpscanctrl.o(.text)
    GetSys_CLpScanCtrl                       0x00007e6b   Thumb Code    10  clpscanctrl.o(.text)
    ClrSys_CLpScanCtrl                       0x00007e75   Thumb Code    14  clpscanctrl.o(.text)
    SetAddr_CLpScanCtrl                      0x00007e83   Thumb Code    14  clpscanctrl.o(.text)
    GetAddr_CLpScanCtrl                      0x00007e91   Thumb Code    10  clpscanctrl.o(.text)
    ClrAddr_CLpScanCtrl                      0x00007e9b   Thumb Code    14  clpscanctrl.o(.text)
    IncAddr_CLpScanCtrl                      0x00007ea9   Thumb Code    42  clpscanctrl.o(.text)
    SetComm_CLpScanCtrl                      0x00007ed3   Thumb Code    14  clpscanctrl.o(.text)
    GetComm_CLpScanCtrl                      0x00007ee1   Thumb Code    10  clpscanctrl.o(.text)
    ClrComm_CLpScanCtrl                      0x00007eeb   Thumb Code    14  clpscanctrl.o(.text)
    SetState_CLpScanCtrl                     0x00007ef9   Thumb Code    18  clpscanctrl.o(.text)
    GetState_CLpScanCtrl                     0x00007f0b   Thumb Code    10  clpscanctrl.o(.text)
    ClrState_CLpScanCtrl                     0x00007f15   Thumb Code    14  clpscanctrl.o(.text)
    SetAnsFlag_CLpScanCtrl                   0x00007f23   Thumb Code    18  clpscanctrl.o(.text)
    GetAnsFlag_CLpScanCtrl                   0x00007f35   Thumb Code    10  clpscanctrl.o(.text)
    ClrAnsFlag_CLpScanCtrl                   0x00007f3f   Thumb Code    14  clpscanctrl.o(.text)
    SetAnsStar_CLpScanCtrl                   0x00007f4d   Thumb Code    18  clpscanctrl.o(.text)
    GetAnsStar_CLpScanCtrl                   0x00007f5f   Thumb Code    10  clpscanctrl.o(.text)
    ClrAnsStar_CLpScanCtrl                   0x00007f69   Thumb Code    14  clpscanctrl.o(.text)
    SetAnsStep_CLpScanCtrl                   0x00007f77   Thumb Code    50  clpscanctrl.o(.text)
    GetAnsStep_CLpScanCtrl                   0x00007fa9   Thumb Code    10  clpscanctrl.o(.text)
    ClrAnsStep_CLpScanCtrl                   0x00007fb3   Thumb Code    14  clpscanctrl.o(.text)
    SetAnsTId_CLpScanCtrl                    0x00007fc1   Thumb Code    18  clpscanctrl.o(.text)
    GetAnsTId_CLpScanCtrl                    0x00007fd3   Thumb Code    10  clpscanctrl.o(.text)
    ClrAnsTId_CLpScanCtrl                    0x00007fdd   Thumb Code    14  clpscanctrl.o(.text)
    DecAnsTId_CLpScanCtrl                    0x00007feb   Thumb Code    34  clpscanctrl.o(.text)
    SetReset_CLpScanCtrl                     0x0000800d   Thumb Code    18  clpscanctrl.o(.text)
    GetReset_CLpScanCtrl                     0x0000801f   Thumb Code    10  clpscanctrl.o(.text)
    ClrReset_CLpScanCtrl                     0x00008029   Thumb Code    14  clpscanctrl.o(.text)
    Init_CTimeCtrl                           0x0000803d   Thumb Code    20  ctimectrl.o(.text)
    IncT0Count_CTimeCtrl                     0x00008051   Thumb Code    54  ctimectrl.o(.text)
    SaveComm_CTimeCtrl                       0x00008087   Thumb Code   122  ctimectrl.o(.text)
    SetCommT0_CTimeCtrl                      0x00008101   Thumb Code   108  ctimectrl.o(.text)
    AnsCommT0_CTimeCtrl                      0x0000816d   Thumb Code   172  ctimectrl.o(.text)
    T0Int_CTimeCtrl                          0x00008219   Thumb Code    94  ctimectrl.o(.text)
    add_timer1_3h_counter                    0x000082c5   Thumb Code    30  ctimectrl.o(.text)
    reset_timer1_3h_counter                  0x000082e3   Thumb Code    32  ctimectrl.o(.text)
    get_3h_counter                           0x00008303   Thumb Code    18  ctimectrl.o(.text)
    clr_3h_counter                           0x00008315   Thumb Code    18  ctimectrl.o(.text)
    clr_faultnum_3h_                         0x00008327   Thumb Code    28  ctimectrl.o(.text)
    judge_3h_over                            0x00008343   Thumb Code    94  ctimectrl.o(.text)
    T1Int_CTimeCtrl                          0x000083a1   Thumb Code   276  ctimectrl.o(.text)
    SetMax_CNodeInfo                         0x000084bd   Thumb Code    18  cnodeinfo.o(.text)
    ClrMax_CNodeInfo                         0x000084cf   Thumb Code     8  cnodeinfo.o(.text)
    Init_CNodeInfo                           0x000084d7   Thumb Code    24  cnodeinfo.o(.text)
    SetState_CNodeInfo                       0x000084ef   Thumb Code    18  cnodeinfo.o(.text)
    GetState_CNodeInfo                       0x00008501   Thumb Code    14  cnodeinfo.o(.text)
    ClrState_CNodeInfo                       0x0000850f   Thumb Code    18  cnodeinfo.o(.text)
    ClrReset_CNodeInfo                       0x00008521   Thumb Code    18  cnodeinfo.o(.text)
    SetReset_CNodeInfo                       0x00008533   Thumb Code    20  cnodeinfo.o(.text)
    GetReset_CNodeInfo                       0x00008547   Thumb Code    14  cnodeinfo.o(.text)
    ClrAlarm_CNodeInfo                       0x00008555   Thumb Code    18  cnodeinfo.o(.text)
    ClrReg_CNodeInfo                         0x00008567   Thumb Code    18  cnodeinfo.o(.text)
    SetAlarm_CNodeInfo                       0x00008579   Thumb Code    50  cnodeinfo.o(.text)
    GetAlarm_CNodeInfo                       0x000085ab   Thumb Code    14  cnodeinfo.o(.text)
    SetReg_CNodeInfo                         0x000085b9   Thumb Code    50  cnodeinfo.o(.text)
    GetReg_CNodeInfo                         0x000085eb   Thumb Code    14  cnodeinfo.o(.text)
    GetMax_CNodeInfo                         0x000085f9   Thumb Code     6  cnodeinfo.o(.text)
    ClrCkCyc_CNodeInfo                       0x000085ff   Thumb Code    18  cnodeinfo.o(.text)
    SetCkCyc_CNodeInfo                       0x00008611   Thumb Code    62  cnodeinfo.o(.text)
    SetComm_CNodeInfo                        0x0000864f   Thumb Code    56  cnodeinfo.o(.text)
    GetComm_CNodeInfo                        0x00008687   Thumb Code    14  cnodeinfo.o(.text)
    ClrComm_CNodeInfo                        0x00008695   Thumb Code    18  cnodeinfo.o(.text)
    GetCkCyc_CNodeInfo                       0x000086a7   Thumb Code    14  cnodeinfo.o(.text)
    judge_store_new                          0x000086bd   Thumb Code    50  store_addr.o(.text)
    get_storepos                             0x000086ef   Thumb Code    30  store_addr.o(.text)
    get_comp_ciraddr_zp                      0x0000870d   Thumb Code    50  store_addr.o(.text)
    clr_store_comp_info                      0x0000876f   Thumb Code    34  store_addr.o(.text)
    init_store                               0x00008791   Thumb Code   298  store_addr.o(.text)
    Alarm_Menu                               0x000089a5   Thumb Code  1734  alarmenu.o(.text)
    Breakdown                                0x000090a5   Thumb Code  1650  breakdown.o(.text)
    Annotate_Menu                            0x00009719   Thumb Code  1016  cannotate.o(.text)
    CompInten_Menu                           0x00009c31   Thumb Code   892  ccompinten.o(.text)
    CSetIntenFlag                            0x00009fad   Thumb Code     6  ccompinten.o(.text)
    CGetIntenFlag                            0x00009fb3   Thumb Code     6  ccompinten.o(.text)
    menu_compaddr                            0x0000a0a5   Thumb Code   114  ccompreg.o(.text)
    menu_compstatus                          0x0000a117   Thumb Code     2  ccompreg.o(.text)
    menu_comptype                            0x0000a119   Thumb Code    74  ccompreg.o(.text)
    CompReg_menu                             0x0000a51f   Thumb Code   352  ccompreg.o(.text)
    GNSelectBlack                            0x0000a6c1   Thumb Code   186  ccompset.o(.text)
    GNSelect                                 0x0000a77b   Thumb Code   186  ccompset.o(.text)
    CompSet_Menu                             0x0000a835   Thumb Code   306  ccompset.o(.text)
    CompStat_Menu                            0x0000aa3f   Thumb Code   978  ccompstat.o(.text)
    DateMod_Menu                             0x0000ae11   Thumb Code  2616  cdatemod.o(.text)
    Check_Menu                               0x0000b84d   Thumb Code   438  checkmenu.o(.text)
    menu_nohistory                           0x0000ba21   Thumb Code   138  chistorylist.o(.text)
    menu_history_over                        0x0000baab   Thumb Code   114  chistorylist.o(.text)
    History_Menu                             0x0000bdcd   Thumb Code  1324  chistorylist.o(.text)
    HZ_SHOW                                  0x0000c2f9   Thumb Code    44  clocalset.o(.text)
    Local_Menu                               0x0000c4b5   Thumb Code   546  clocalset.o(.text)
    menu_wirelessmod_fault                   0x0000c709   Thumb Code   162  cmodelfault.o(.text)
    menu_vh75_connect_fault                  0x0000c7ab   Thumb Code   216  cmodelfault.o(.text)
    SysCheck_Menu                            0x0000ca0d   Thumb Code    24  csyscheck.o(.text)
    Menu_complete                            0x0000ca41   Thumb Code   108  csysreset.o(.text)
    TestSelf_Menu                            0x0000cab9   Thumb Code   108  ctestself.o(.text)
    Main_Menu                                0x0000cda5   Thumb Code   174  mainmenu.o(.text)
    menu_press_return_toreturn               0x0000ce53   Thumb Code   180  mainmenu.o(.text)
    menu_complete                            0x0000cf07   Thumb Code    98  mainmenu.o(.text)
    menu_Speaker_Open_Close                  0x0000cf69   Thumb Code   156  mainmenu.o(.text)
    menu_waiting                             0x0000d005   Thumb Code   138  mainmenu.o(.text)
    Set_Menu                                 0x0000d2a5   Thumb Code    78  setmenu.o(.text)
    CSaveInfo                                0x0000d2f3   Thumb Code    66  setmenu.o(.text)
    Start_Menu                               0x0000d5c9   Thumb Code    20  startmenu.o(.text)
    Test_Menu                                0x0000d5f1   Thumb Code   300  testmenu.o(.text)
    SetHistFlag                              0x0000d731   Thumb Code     6  cflashparam.o(.text)
    GetHistFlag                              0x0000d737   Thumb Code     6  cflashparam.o(.text)
    get_hist_attr                            0x0000d7b9   Thumb Code    14  cflashparam.o(.text)
    gethistory_isfirealarm                   0x0000d7c7   Thumb Code    22  cflashparam.o(.text)
    gethistory_isbatlow                      0x0000d7dd   Thumb Code    22  cflashparam.o(.text)
    gethistory_isfault                       0x0000d7f3   Thumb Code    22  cflashparam.o(.text)
    AddPageConter                            0x0000d809   Thumb Code    12  cflashparam.o(.text)
    SetPageConter                            0x0000d815   Thumb Code     6  cflashparam.o(.text)
    GetPageConter                            0x0000d81b   Thumb Code     6  cflashparam.o(.text)
    AddHistConter                            0x0000d821   Thumb Code    12  cflashparam.o(.text)
    GetHistConter                            0x0000d82d   Thumb Code     6  cflashparam.o(.text)
    SetHistConter                            0x0000d833   Thumb Code     6  cflashparam.o(.text)
    setHistFullFlag                          0x0000d839   Thumb Code     6  cflashparam.o(.text)
    getHistFullFlag                          0x0000d83f   Thumb Code     6  cflashparam.o(.text)
    getHistFull                              0x0000d845   Thumb Code    16  cflashparam.o(.text)
    init_basic_info                          0x0000dba1   Thumb Code    12  cflashparam.o(.text)
    set_basic_info                           0x0000dbad   Thumb Code    22  cflashparam.o(.text)
    get_basic_info                           0x0000dbc3   Thumb Code    18  cflashparam.o(.text)
    save_basic_info                          0x0000dbd5   Thumb Code    24  cflashparam.o(.text)
    set_basic_nums                           0x0000dbed   Thumb Code    18  cflashparam.o(.text)
    get_comp_partnumber                      0x0000dc13   Thumb Code    14  cflashparam.o(.text)
    get_basic_nums                           0x0000dc21   Thumb Code    30  cflashparam.o(.text)
    add_basic_nums                           0x0000dc3f   Thumb Code    26  cflashparam.o(.text)
    sub_basic_nums                           0x0000dc59   Thumb Code    24  cflashparam.o(.text)
    set_basic_localaddr                      0x0000dc71   Thumb Code    14  cflashparam.o(.text)
    set_basic_zones                          0x0000dc7f   Thumb Code    14  cflashparam.o(.text)
    get_basic_localaddr                      0x0000dc8d   Thumb Code    24  cflashparam.o(.text)
    get_basic_zones                          0x0000dca5   Thumb Code    10  cflashparam.o(.text)
    init_comp_info                           0x0000dcaf   Thumb Code    12  cflashparam.o(.text)
    save_comp_info                           0x0000dcbb   Thumb Code    12  cflashparam.o(.text)
    set_comp_inzone                          0x0000dcdf   Thumb Code    18  cflashparam.o(.text)
    set_comp_partnumber                      0x0000dcf1   Thumb Code    18  cflashparam.o(.text)
    set_comp_ciraddr                         0x0000dd03   Thumb Code    18  cflashparam.o(.text)
    set_comp_psn0                            0x0000dd15   Thumb Code    18  cflashparam.o(.text)
    set_comp_psn1                            0x0000dd27   Thumb Code    18  cflashparam.o(.text)
    set_comp_psn2                            0x0000dd39   Thumb Code    18  cflashparam.o(.text)
    set_comp_psn3                            0x0000dd4b   Thumb Code    18  cflashparam.o(.text)
    set_comp_devtype                         0x0000dd5d   Thumb Code    18  cflashparam.o(.text)
    set_comp_all                             0x0000dd6f   Thumb Code    74  cflashparam.o(.text)
    clr_comp_all                             0x0000ddb9   Thumb Code    70  cflashparam.o(.text)
    get_comp_ciraddr                         0x0000ddff   Thumb Code    14  cflashparam.o(.text)
    clr_comp_loop_all                        0x0000de0d   Thumb Code    38  cflashparam.o(.text)
    set_comp_all_and_save                    0x0000de33   Thumb Code    20  cflashparam.o(.text)
    get_comp_inzone                          0x0000de47   Thumb Code    14  cflashparam.o(.text)
    judge_same_ciraddr                       0x0000de55   Thumb Code    40  cflashparam.o(.text)
    get_comp_psn0                            0x0000de7d   Thumb Code    14  cflashparam.o(.text)
    get_comp_psn1                            0x0000de8b   Thumb Code    14  cflashparam.o(.text)
    get_comp_psn2                            0x0000de99   Thumb Code    14  cflashparam.o(.text)
    get_comp_psn3                            0x0000dea7   Thumb Code    14  cflashparam.o(.text)
    get_comp_devtype                         0x0000deb5   Thumb Code    14  cflashparam.o(.text)
    get_comp_all                             0x0000dec3   Thumb Code    72  cflashparam.o(.text)
    init_mask_info                           0x0000df0b   Thumb Code    12  cflashparam.o(.text)
    save_mask_info                           0x0000df17   Thumb Code    12  cflashparam.o(.text)
    set_mask_info                            0x0000df23   Thumb Code    22  cflashparam.o(.text)
    get_mask_info                            0x0000df39   Thumb Code    18  cflashparam.o(.text)
    init_alarm_info                          0x0000df4b   Thumb Code    12  cflashparam.o(.text)
    save_alarm_info                          0x0000df57   Thumb Code    12  cflashparam.o(.text)
    get_alarm_attr                           0x0000dfa1   Thumb Code    14  cflashparam.o(.text)
    get_alarm_alarmed                        0x0000dfaf   Thumb Code    14  cflashparam.o(.text)
    judge_alarm_firealarmed                  0x0000dfbd   Thumb Code    30  cflashparam.o(.text)
    judge_alarm_faultalarmed                 0x0000dfdb   Thumb Code    30  cflashparam.o(.text)
    get_alarm_firstalarm                     0x0000dff9   Thumb Code    18  cflashparam.o(.text)
    set_alarm_inzone                         0x0000e00b   Thumb Code    18  cflashparam.o(.text)
    set_alarm_part                           0x0000e01d   Thumb Code    18  cflashparam.o(.text)
    set_alarm_ciraddr                        0x0000e02f   Thumb Code    18  cflashparam.o(.text)
    set_alarm_alarmsum                       0x0000e041   Thumb Code    18  cflashparam.o(.text)
    set_alarm_type                           0x0000e053   Thumb Code    18  cflashparam.o(.text)
    set_alarm_alarmed                        0x0000e065   Thumb Code    18  cflashparam.o(.text)
    set_alarm_firstalarm                     0x0000e077   Thumb Code    18  cflashparam.o(.text)
    set_alarm_attr                           0x0000e089   Thumb Code    18  cflashparam.o(.text)
    set_alarm_f_recvmess3h                   0x0000e09b   Thumb Code    18  cflashparam.o(.text)
    clr_alarm_f_recvmess3h                   0x0000e0ad   Thumb Code    14  cflashparam.o(.text)
    set_alarm_allinfo                        0x0000e0bb   Thumb Code   198  cflashparam.o(.text)
    get_alarm_ciraddr                        0x0000e181   Thumb Code    14  cflashparam.o(.text)
    clr_firealarm                            0x0000e18f   Thumb Code    44  cflashparam.o(.text)
    clr_alarm_allinfo                        0x0000e1bb   Thumb Code    16  cflashparam.o(.text)
    set_alarm_allinfo_andsave                0x0000e1cb   Thumb Code    20  cflashparam.o(.text)
    get_alarm_part                           0x0000e1df   Thumb Code    14  cflashparam.o(.text)
    get_alarm_type                           0x0000e1ed   Thumb Code    14  cflashparam.o(.text)
    get_alarm_f_recvmess3h                   0x0000e1fb   Thumb Code    14  cflashparam.o(.text)
    get_alarm_allinfo                        0x0000e209   Thumb Code   200  cflashparam.o(.text)
    set_alarm_first                          0x0000e2d1   Thumb Code    22  cflashparam.o(.text)
    get_alarm_first                          0x0000e2e7   Thumb Code    14  cflashparam.o(.text)
    get_alarm_firstflag                      0x0000e2f5   Thumb Code    10  cflashparam.o(.text)
    get_alarm_first_part                     0x0000e2ff   Thumb Code    12  cflashparam.o(.text)
    get_firealarm_nums                       0x0000e30b   Thumb Code    32  cflashparam.o(.text)
    get_alarm_item_bypart                    0x0000e32b   Thumb Code    36  cflashparam.o(.text)
    get_faultalarm_nums                      0x0000e34f   Thumb Code    32  cflashparam.o(.text)
    judge_alarm_first                        0x0000e36f   Thumb Code    16  cflashparam.o(.text)
    init_node_info                           0x0000e37f   Thumb Code    12  cflashparam.o(.text)
    save_node_info                           0x0000e38b   Thumb Code    12  cflashparam.o(.text)
    set_node_info                            0x0000e397   Thumb Code    24  cflashparam.o(.text)
    set_node_all_info                        0x0000e4d9   Thumb Code   116  cflashparam.o(.text)
    get_node_info                            0x0000e54d   Thumb Code    20  cflashparam.o(.text)
    get_node_row                             0x0000e561   Thumb Code    42  cflashparam.o(.text)
    save_nodenums_info                       0x0000e58b   Thumb Code    12  cflashparam.o(.text)
    get_nodenums                             0x0000e597   Thumb Code    16  cflashparam.o(.text)
    set_nodenums                             0x0000e5a7   Thumb Code    20  cflashparam.o(.text)
    save_node_and_nodenums                   0x0000e5bb   Thumb Code    26  cflashparam.o(.text)
    init_nodenums_info                       0x0000e5d5   Thumb Code    26  cflashparam.o(.text)
    add_nodenums                             0x0000e5ef   Thumb Code    18  cflashparam.o(.text)
    init_hist_info                           0x0000e601   Thumb Code    12  cflashparam.o(.text)
    save_hist_info                           0x0000e60d   Thumb Code    26  cflashparam.o(.text)
    set_hist_info                            0x0000e627   Thumb Code    30  cflashparam.o(.text)
    clr_hist_info                            0x0000e645   Thumb Code    38  cflashparam.o(.text)
    get_hist_order                           0x0000e66b   Thumb Code    14  cflashparam.o(.text)
    get_hist_inzone                          0x0000e679   Thumb Code    14  cflashparam.o(.text)
    get_hist_part                            0x0000e687   Thumb Code    14  cflashparam.o(.text)
    get_hist_circleaddr                      0x0000e695   Thumb Code    14  cflashparam.o(.text)
    get_hist_vAnnRow                         0x0000e6a3   Thumb Code    14  cflashparam.o(.text)
    get_hist_opstype                         0x0000e6b1   Thumb Code    14  cflashparam.o(.text)
    get_hist_devtype                         0x0000e6bf   Thumb Code    14  cflashparam.o(.text)
    get_hist_lastnum                         0x0000e6cd   Thumb Code    14  cflashparam.o(.text)
    get_hist_datetime                        0x0000e6db   Thumb Code   100  cflashparam.o(.text)
    get_hist_allinfo                         0x0000e73f   Thumb Code    90  cflashparam.o(.text)
    set_hist_allinfo                         0x0000e799   Thumb Code   202  cflashparam.o(.text)
    judge_histnums_full                      0x0000e88b   Thumb Code    20  cflashparam.o(.text)
    save_histnums_info                       0x0000e89f   Thumb Code    88  cflashparam.o(.text)
    save_hist_all                            0x0000e8f7   Thumb Code    12  cflashparam.o(.text)
    set_histnum_full                         0x0000e903   Thumb Code    12  cflashparam.o(.text)
    init_histnums_info                       0x0000e90f   Thumb Code   124  cflashparam.o(.text)
    init_hist_and_histnums                   0x0000e98b   Thumb Code    12  cflashparam.o(.text)
    init_histsufix_info                      0x0000e997   Thumb Code    12  cflashparam.o(.text)
    init_flash_all                           0x0000e9a3   Thumb Code    36  cflashparam.o(.text)
    CheckDepComp                             0x0000e9c7   Thumb Code    56  cflashparam.o(.text)
    GetNum                                   0x0000e9ff   Thumb Code    82  cflashparam.o(.text)
    CAddCirCounter                           0x0000ea51   Thumb Code    12  cflashparam.o(.text)
    CSetCirCounter                           0x0000ea5d   Thumb Code     6  cflashparam.o(.text)
    CGetCirCounter                           0x0000ea63   Thumb Code     6  cflashparam.o(.text)
    GetRow                                   0x0000ea69   Thumb Code    58  cflashparam.o(.text)
    JudgeAlarmType                           0x0000eaa3   Thumb Code    36  cflashparam.o(.text)
    JudgeCompAlarmType                       0x0000eac7   Thumb Code    72  cflashparam.o(.text)
    SetDatatoFlash                           0x0000eb0f   Thumb Code    18  cflashparam.o(.text)
    GetDatatoFlash                           0x0000eb21   Thumb Code    18  cflashparam.o(.text)
    GetDatatoFlashType                       0x0000eb33   Thumb Code    18  cflashparam.o(.text)
    GetDatatoFlashAlarmType                  0x0000eb45   Thumb Code    18  cflashparam.o(.text)
    SetFlashData                             0x0000eb57   Thumb Code     6  cflashparam.o(.text)
    SetDepCompSum                            0x0000eb5d   Thumb Code     6  cflashparam.o(.text)
    GetDepCompSum                            0x0000eb63   Thumb Code     8  cflashparam.o(.text)
    ReadFlashPsn                             0x0000eb6b   Thumb Code    12  cflashparam.o(.text)
    SetCom0Ann                               0x0000eb77   Thumb Code    12  cflashparam.o(.text)
    SetBaseAddr                              0x0000eba1   Thumb Code     6  cgrapparam.o(.text)
    set_BaseAddr_default                     0x0000eba7   Thumb Code    28  cgrapparam.o(.text)
    AddBaseAddr                              0x0000ebc3   Thumb Code    12  cgrapparam.o(.text)
    SubBaseAddr                              0x0000ebcf   Thumb Code    12  cgrapparam.o(.text)
    GetBaseAddr                              0x0000ebdb   Thumb Code     8  cgrapparam.o(.text)
    AddLocalParaSel                          0x0000ebe3   Thumb Code    12  cgrapparam.o(.text)
    SetLocalParaSel                          0x0000ebef   Thumb Code     6  cgrapparam.o(.text)
    GetLocalParaSel                          0x0000ebf5   Thumb Code     6  cgrapparam.o(.text)
    Set_department                           0x0000ebfb   Thumb Code     6  cgrapparam.o(.text)
    Add_department                           0x0000ec01   Thumb Code    12  cgrapparam.o(.text)
    Sub_department                           0x0000ec0d   Thumb Code    12  cgrapparam.o(.text)
    Get_zone_bit                             0x0000ec19   Thumb Code     8  cgrapparam.o(.text)
    Add_department_sel                       0x0000ec21   Thumb Code    12  cgrapparam.o(.text)
    Set_department_sel                       0x0000ec2d   Thumb Code     6  cgrapparam.o(.text)
    Get_zone_bit_sel                         0x0000ec33   Thumb Code     6  cgrapparam.o(.text)
    check_localaddr                          0x0000ec39   Thumb Code    16  cgrapparam.o(.text)
    SetComRegFlag                            0x0000ec49   Thumb Code     8  cgrapparam.o(.text)
    ClrComRegFlag                            0x0000ec51   Thumb Code     8  cgrapparam.o(.text)
    GetComRegFlag                            0x0000ec59   Thumb Code     6  cgrapparam.o(.text)
    AddCompRegParaSel                        0x0000ec5f   Thumb Code    12  cgrapparam.o(.text)
    SetCompRegParaSel                        0x0000ec6b   Thumb Code     6  cgrapparam.o(.text)
    GetCompRegParaSel                        0x0000ec71   Thumb Code     6  cgrapparam.o(.text)
    SetCompRegDep                            0x0000ec77   Thumb Code     6  cgrapparam.o(.text)
    AddCompRegDep                            0x0000ec7d   Thumb Code    12  cgrapparam.o(.text)
    SubCompRegDep                            0x0000ec89   Thumb Code    12  cgrapparam.o(.text)
    GetCompRegDep                            0x0000ec95   Thumb Code     6  cgrapparam.o(.text)
    SetCompRegNum                            0x0000ec9b   Thumb Code     6  cgrapparam.o(.text)
    AddCompRegNum                            0x0000eca1   Thumb Code    12  cgrapparam.o(.text)
    SubCompRegNum                            0x0000ecad   Thumb Code    12  cgrapparam.o(.text)
    GetCompRegNum                            0x0000ecb9   Thumb Code     6  cgrapparam.o(.text)
    SetCompRegAddr                           0x0000ecbf   Thumb Code     6  cgrapparam.o(.text)
    AddCompRegAddr                           0x0000ecc5   Thumb Code    12  cgrapparam.o(.text)
    SubCompRegAddr                           0x0000ecd1   Thumb Code    12  cgrapparam.o(.text)
    GetCompRegAddr                           0x0000ecdd   Thumb Code     6  cgrapparam.o(.text)
    AddCompSetDep                            0x0000ece3   Thumb Code    12  cgrapparam.o(.text)
    SubCompSetDep                            0x0000ecef   Thumb Code    12  cgrapparam.o(.text)
    GetCompSetDep                            0x0000ecfb   Thumb Code     6  cgrapparam.o(.text)
    SetCompSetDep                            0x0000ed01   Thumb Code     6  cgrapparam.o(.text)
    AddCompSetNum                            0x0000ed07   Thumb Code    12  cgrapparam.o(.text)
    SubCompSetNum                            0x0000ed13   Thumb Code    12  cgrapparam.o(.text)
    GetCompSetNum                            0x0000ed1f   Thumb Code     6  cgrapparam.o(.text)
    SetCompSetNum                            0x0000ed25   Thumb Code     6  cgrapparam.o(.text)
    SetComSetSelSet                          0x0000ed2b   Thumb Code     6  cgrapparam.o(.text)
    AddComSetSelSet                          0x0000ed31   Thumb Code    12  cgrapparam.o(.text)
    SubComSetSelSet                          0x0000ed3d   Thumb Code    12  cgrapparam.o(.text)
    GetComSetSelSet                          0x0000ed49   Thumb Code     6  cgrapparam.o(.text)
    AddComSet_seltab                         0x0000ed4f   Thumb Code    12  cgrapparam.o(.text)
    SubComSet_seltab                         0x0000ed5b   Thumb Code    12  cgrapparam.o(.text)
    GetComSet_seltab                         0x0000ed67   Thumb Code     6  cgrapparam.o(.text)
    SetComSet_seltab                         0x0000ed6d   Thumb Code     6  cgrapparam.o(.text)
    SetYear                                  0x0000ed73   Thumb Code     6  cgrapparam.o(.text)
    AddYear                                  0x0000ed79   Thumb Code    12  cgrapparam.o(.text)
    SubYear                                  0x0000ed85   Thumb Code    12  cgrapparam.o(.text)
    GetYear                                  0x0000ed91   Thumb Code    34  cgrapparam.o(.text)
    SetMonth                                 0x0000edb3   Thumb Code     6  cgrapparam.o(.text)
    AddMonth                                 0x0000edb9   Thumb Code    12  cgrapparam.o(.text)
    SubMonth                                 0x0000edc5   Thumb Code    12  cgrapparam.o(.text)
    GetMonth                                 0x0000edd1   Thumb Code     6  cgrapparam.o(.text)
    AddDay                                   0x0000edd7   Thumb Code    12  cgrapparam.o(.text)
    SubDay                                   0x0000ede3   Thumb Code    12  cgrapparam.o(.text)
    GetDay                                   0x0000edef   Thumb Code     6  cgrapparam.o(.text)
    SetDay                                   0x0000edf5   Thumb Code     6  cgrapparam.o(.text)
    SetHour                                  0x0000edfb   Thumb Code     6  cgrapparam.o(.text)
    AddHour                                  0x0000ee01   Thumb Code    12  cgrapparam.o(.text)
    SubHour                                  0x0000ee0d   Thumb Code    12  cgrapparam.o(.text)
    GetHour                                  0x0000ee19   Thumb Code     6  cgrapparam.o(.text)
    SetMintue                                0x0000ee1f   Thumb Code     6  cgrapparam.o(.text)
    AddMintue                                0x0000ee25   Thumb Code    12  cgrapparam.o(.text)
    SubMintue                                0x0000ee31   Thumb Code    12  cgrapparam.o(.text)
    GetMintue                                0x0000ee3d   Thumb Code     6  cgrapparam.o(.text)
    SetSecond                                0x0000ee43   Thumb Code     6  cgrapparam.o(.text)
    AddSecond                                0x0000ee49   Thumb Code    12  cgrapparam.o(.text)
    SubSecond                                0x0000ee55   Thumb Code    12  cgrapparam.o(.text)
    GetSecond                                0x0000ee61   Thumb Code     6  cgrapparam.o(.text)
    SetSelTime                               0x0000ee67   Thumb Code     6  cgrapparam.o(.text)
    AddSelTime                               0x0000ee6d   Thumb Code    12  cgrapparam.o(.text)
    GetSelTime                               0x0000ee79   Thumb Code     6  cgrapparam.o(.text)
    SetAnnDep                                0x0000ee7f   Thumb Code     6  cgrapparam.o(.text)
    AddAnnDep                                0x0000ee85   Thumb Code    12  cgrapparam.o(.text)
    SubAnnDep                                0x0000ee91   Thumb Code    12  cgrapparam.o(.text)
    GetAnnDep                                0x0000ee9d   Thumb Code     6  cgrapparam.o(.text)
    SetAnnCompNum                            0x0000eea3   Thumb Code     6  cgrapparam.o(.text)
    AddAnnCompNum                            0x0000eea9   Thumb Code    12  cgrapparam.o(.text)
    SubAnnCompNum                            0x0000eeb5   Thumb Code    12  cgrapparam.o(.text)
    GetAnnCompNum                            0x0000eec1   Thumb Code     6  cgrapparam.o(.text)
    SetAnnSel                                0x0000eec7   Thumb Code     6  cgrapparam.o(.text)
    AddAnnSel                                0x0000eecd   Thumb Code    12  cgrapparam.o(.text)
    GetAnnSel                                0x0000eed9   Thumb Code     6  cgrapparam.o(.text)
    AddSysCheckDep                           0x0000eedf   Thumb Code    12  cgrapparam.o(.text)
    SubSysCheckDep                           0x0000eeeb   Thumb Code    12  cgrapparam.o(.text)
    SetSysCheckDep                           0x0000eef7   Thumb Code     6  cgrapparam.o(.text)
    GetSysCheckDep                           0x0000eefd   Thumb Code     6  cgrapparam.o(.text)
    AddStatusDep                             0x0000ef03   Thumb Code    12  cgrapparam.o(.text)
    SubStatusDep                             0x0000ef0f   Thumb Code    12  cgrapparam.o(.text)
    SetStatusDep                             0x0000ef1b   Thumb Code     6  cgrapparam.o(.text)
    GetStatusDep                             0x0000ef21   Thumb Code     6  cgrapparam.o(.text)
    AddStatusComp                            0x0000ef27   Thumb Code    12  cgrapparam.o(.text)
    SubStatusComp                            0x0000ef33   Thumb Code    12  cgrapparam.o(.text)
    SetStatusComp                            0x0000ef3f   Thumb Code     6  cgrapparam.o(.text)
    GetStatusComp                            0x0000ef45   Thumb Code     6  cgrapparam.o(.text)
    AddStatusFlag                            0x0000ef4b   Thumb Code    12  cgrapparam.o(.text)
    SetStatusFlag                            0x0000ef57   Thumb Code     6  cgrapparam.o(.text)
    GetStatusFlag                            0x0000ef5d   Thumb Code     6  cgrapparam.o(.text)
    AddIntenDep                              0x0000ef63   Thumb Code    12  cgrapparam.o(.text)
    SubIntenDep                              0x0000ef6f   Thumb Code    12  cgrapparam.o(.text)
    SetIntenDep                              0x0000ef7b   Thumb Code   118  cgrapparam.o(.text)
    GetIntenDep                              0x0000eff1   Thumb Code     6  cgrapparam.o(.text)
    AddIntenComp                             0x0000eff7   Thumb Code    12  cgrapparam.o(.text)
    SubIntenComp                             0x0000f003   Thumb Code    12  cgrapparam.o(.text)
    SetIntenComp                             0x0000f00f   Thumb Code     6  cgrapparam.o(.text)
    GetIntenComp                             0x0000f015   Thumb Code     6  cgrapparam.o(.text)
    AddIntenFlag                             0x0000f01b   Thumb Code    12  cgrapparam.o(.text)
    SetIntenFlag                             0x0000f027   Thumb Code     6  cgrapparam.o(.text)
    GetIntenFlag                             0x0000f02d   Thumb Code     6  cgrapparam.o(.text)
    State_0mA                                0x0000f041   Thumb Code    14  csetcurrent.o(.text)
    State_6mA                                0x0000f04f   Thumb Code    24  csetcurrent.o(.text)
    State_20mA                               0x0000f067   Thumb Code    14  csetcurrent.o(.text)
    get_loopLD_state                         0x0000f075   Thumb Code    10  csetcurrent.o(.text)
    clrbuf                                   0x0000f07f   Thumb Code    18  csetcurrent.o(.text)
    printbuf                                 0x0000f091   Thumb Code    32  csetcurrent.o(.text)
    clr_loop_LD_counter                      0x0000f0b1   Thumb Code    28  csetcurrent.o(.text)
    loop_LD_state                            0x0000f0df   Thumb Code    38  csetcurrent.o(.text)
    set_print                                0x0000f105   Thumb Code     8  csetcurrent.o(.text)
    state_loopld_printf                      0x0000f11b   Thumb Code    40  csetcurrent.o(.text)
    __aeabi_memcpy                           0x0000f179   Thumb Code     0  rt_memcpy_v6.o(.text)
    __rt_memcpy                              0x0000f179   Thumb Code   138  rt_memcpy_v6.o(.text)
    _memcpy_lastbytes                        0x0000f1df   Thumb Code     0  rt_memcpy_v6.o(.text)
    __aeabi_memcpy4                          0x0000f203   Thumb Code     0  rt_memcpy_w.o(.text)
    __aeabi_memcpy8                          0x0000f203   Thumb Code     0  rt_memcpy_w.o(.text)
    __rt_memcpy_w                            0x0000f203   Thumb Code   100  rt_memcpy_w.o(.text)
    _memcpy_lastbytes_aligned                0x0000f24b   Thumb Code     0  rt_memcpy_w.o(.text)
    __aeabi_memclr                           0x0000f267   Thumb Code     0  rt_memclr.o(.text)
    __rt_memclr                              0x0000f267   Thumb Code    68  rt_memclr.o(.text)
    _memset                                  0x0000f26b   Thumb Code     0  rt_memclr.o(.text)
    __aeabi_memclr4                          0x0000f2ab   Thumb Code     0  rt_memclr_w.o(.text)
    __aeabi_memclr8                          0x0000f2ab   Thumb Code     0  rt_memclr_w.o(.text)
    __rt_memclr_w                            0x0000f2ab   Thumb Code    78  rt_memclr_w.o(.text)
    _memset_w                                0x0000f2af   Thumb Code     0  rt_memclr_w.o(.text)
    __user_setup_stackheap                   0x0000f2f9   Thumb Code    74  sys_stackheap_outer.o(.text)
    __user_libspace                          0x0000f345   Thumb Code     8  libspace.o(.text)
    __user_perproc_libspace                  0x0000f345   Thumb Code     0  libspace.o(.text)
    __user_perthread_libspace                0x0000f345   Thumb Code     0  libspace.o(.text)
    __rt_fp_status_addr                      0x0000f34d   Thumb Code     8  rt_fp_status_addr_intlibspace.o(.text)
    _sys_exit                                0x0000f355   Thumb Code     8  sys_exit.o(.text)
    __semihosting_library_function           0x0000f361   Thumb Code     0  indicate_semi.o(.text)
    _fp_init                                 0x0000f361   Thumb Code    14  fpinit.o(x$fpl$fpinit)
    __fplib_config_pureend_doubles           0x0000f36d   Thumb Code     0  fpinit.o(x$fpl$fpinit)
    GB2312Hzk                                0x0000f36e   Data          64  lcd.o(.constdata)
    acASC8x16                                0x0000f3ae   Data        3104  lcd.o(.constdata)
    acHZK16F                                 0x0000ffce   Data       262176  lcd.o(.constdata)
    hz                                       0x00050031   Data          33  setmenu.o(.constdata)
    Region$$Table$$Base                      0x000501e4   Number         0  anon$$obj.o(Region$$Table)
    Region$$Table$$Limit                     0x00050204   Number         0  anon$$obj.o(Region$$Table)
    SystemFrequency                          0x10000000   Data           4  system_lpc17xx.o(.data)
    vAnnCounter                              0x10000026   Data           1  uart.o(.data)
    vTimeTickCounter                         0x10000028   Data           1  ctime.o(.data)
    vHeartTick                               0x1000002c   Data           4  ctime.o(.data)
    vSpeakerTick                             0x10000030   Data           2  ctime.o(.data)
    vLedFlag                                 0x10000034   Data           4  ctime.o(.data)
    vScreenMaskFlag                          0x10000038   Data           4  ctime.o(.data)
    vCurTime0Def                             0x10000040   Data           4  ctimedef.o(.data)
    vTimer0Counter                           0x10000044   Data           4  ctimedef.o(.data)
    vTimerRisingCounter                      0x10000048   Data           4  ctimedef.o(.data)
    vTimer0Wait2msCounter                    0x1000004c   Data           4  ctimedef.o(.data)
    vWait2msState                            0x10000050   Data           1  ctimedef.o(.data)
    vWaittoRun                               0x10000064   Data           4  ctimedef.o(.data)
    match_counter1                           0x1000006c   Data           4  pwm.o(.data)
    shu                                      0x10000078   Data         288  lcd.o(.data)
    Hzk1                                     0x10000198   Data         880  lcd.o(.data)
    TimeAndDate                              0x10000508   Data           8  pcf8563.o(.data)
    vBackValue                               0x10000510   Data           1  key.o(.data)
    Convertdata                              0x10000514   Data           6  ccomhandle.o(.data)
    Flag195                                  0x1000051a   Data           1  ccomhandle.o(.data)
    FirstAlarm_Flag                          0x1000051b   Data           1  ccomhandle.o(.data)
    AlarmSum                                 0x1000051c   Data           3  ccomhandle.o(.data)
    CheckInfoFlag                            0x1000051f   Data           3  ccomhandle.o(.data)
    com1Count                                0x10000522   Data           1  ccomhandle.o(.data)
    reset_fault_flag                         0x10000523   Data           1  ccomhandle.o(.data)
    reset_batt_flag                          0x10000524   Data           1  ccomhandle.o(.data)
    Address_Counter                          0x10000525   Data           1  ccomhandle.o(.data)
    vdisplay_alarm                           0x10000526   Data           5  ccomhandle.o(.data)
    vDispaly_alarm_flag                      0x1000052b   Data           1  ccomhandle.o(.data)
    respfire_val                             0x1000052c   Data           6  ccomhandle.o(.data)
    UartClrflag                              0x10000532   Data           1  ccomhandle.o(.data)
    UartClrLen                               0x10000533   Data           1  ccomhandle.o(.data)
    DefAddrEn                                0x10000534   Data           1  ccomhandle.o(.data)
    UartSendLen                              0x10000535   Data           1  ccomhandle.o(.data)
    pTxbuf                                   0x10000538   Data           4  ccomhandle.o(.data)
    MasterAddr                               0x1000053c   Data           1  ccomhandle.o(.data)
    valarmtime                               0x1000053e   Data           8  ccomhandle.o(.data)
    alarm_date                               0x10000546   Data           8  ccomhandle.o(.data)
    FlashInfo                                0x10000558   Data           2  ccomhandle.o(.data)
    dataHeart                                0x10000564   Data           2  ccompara.o(.data)
    dataCount                                0x10000566   Data           1  ccompara.o(.data)
    temp                                     0x10000567   Data           1  ccompara.o(.data)
    vBattLowSum                              0x10000568   Data           4  ccompara.o(.data)
    vBrokenSum                               0x1000056c   Data           4  ccompara.o(.data)
    vCom0Count                               0x10000570   Data           1  ccompara.o(.data)
    vHeartFaultFlag                          0x10000571   Data           1  ccompara.o(.data)
    vAlarmFlag                               0x10000572   Data           2  ccompara.o(.data)
    FirstAlarm_Addr                          0x10000574   Data           2  ccompara.o(.data)
    vAlarmInfoFlag                           0x10000576   Data           1  ccompara.o(.data)
    AlarmFlag                                0x10000577   Data           4  ccompara.o(.data)
    vReleaseFlag                             0x1000057b   Data           1  ccompara.o(.data)
    vFlag_195                                0x1000057c   Data           1  ccompara.o(.data)
    vCirAddrCurrent                          0x1000057d   Data           1  ccompara.o(.data)
    vFlagLed                                 0x1000057e   Data           1  ccompara.o(.data)
    vCounter                                 0x10000589   Data           3  ckeycounter.o(.data)
    vGrapCounter                             0x1000058c   Data           1  ckeycounter.o(.data)
    vSelMenu_flag                            0x1000058d   Data           1  ckeycounter.o(.data)
    vPasswordFlag                            0x1000058e   Data           1  ckeycounter.o(.data)
    vHisCountDown                            0x10000590   Data           4  ctaskdown.o(.data)
    timedate                                 0x100005a0   Data           8  ctasksure.o(.data)
    loopflag                                 0x100005a8   Data           1  runfunction.o(.data)
    vRunLedCount                             0x100005af   Data           1  crunctrl.o(.data)
    m_SysRunFlag                             0x100005b0   Data           4  csysrunflag.o(.data)
    m_LpCkFlag                               0x100005c4   Data           4  clpckctrl.o(.data)
    m_LpScanFlag                             0x100005c8   Data           4  clpscanctrl.o(.data)
    vPWM1Time                                0x100005cc   Data           2  ctimectrl.o(.data)
    vPWM1StopFlag                            0x100005ce   Data           1  ctimectrl.o(.data)
    vRun1s                                   0x100005e1   Data           1  ctimectrl.o(.data)
    vRunTime0                                0x100005e2   Data           2  ctimectrl.o(.data)
    vRunTime1                                0x100005e4   Data           4  ctimectrl.o(.data)
    mRunTime0                                0x100005e8   Data           2  ctimectrl.o(.data)
    vPIT0Run                                 0x100005ea   Data           1  ctimectrl.o(.data)
    vPIT1Run                                 0x100005eb   Data           1  ctimectrl.o(.data)
    vRunValue                                0x100005ec   Data           4  ctimectrl.o(.data)
    vRunToIap                                0x100005f0   Data           1  ctimectrl.o(.data)
    vCirCounter                              0x10000648   Data           1  cflashparam.o(.data)
    vHisCounter                              0x1000064a   Data           2  cflashparam.o(.data)
    vHistFlag                                0x1000064c   Data           1  cflashparam.o(.data)
    vPageCounter                             0x1000064d   Data           1  cflashparam.o(.data)
    vLocalAddress                            0x10000a28   Data           3  cgrapparam.o(.data)
    vLocalParaSel                            0x10000a2b   Data           1  cgrapparam.o(.data)
    department                               0x10000a2c   Data           3  cgrapparam.o(.data)
    department_sum                           0x10000a2f   Data           1  cgrapparam.o(.data)
    department_sel                           0x10000a30   Data           1  cgrapparam.o(.data)
    vComRegFlag                              0x10000a31   Data           1  cgrapparam.o(.data)
    vCompRegDep                              0x10000a32   Data           2  cgrapparam.o(.data)
    vCompRegNum                              0x10000a34   Data           2  cgrapparam.o(.data)
    vCompRegAddr                             0x10000a36   Data           1  cgrapparam.o(.data)
    vCompRegParaSel                          0x10000a37   Data           1  cgrapparam.o(.data)
    vCompSetDep                              0x10000a38   Data           2  cgrapparam.o(.data)
    vCompSetNum                              0x10000a3a   Data           2  cgrapparam.o(.data)
    vComSetSelSet                            0x10000a3c   Data           1  cgrapparam.o(.data)
    vComSetSel                               0x10000a3d   Data           1  cgrapparam.o(.data)
    vYear                                    0x10000a3e   Data           2  cgrapparam.o(.data)
    vMonth                                   0x10000a40   Data           2  cgrapparam.o(.data)
    vDay                                     0x10000a42   Data           2  cgrapparam.o(.data)
    vHour                                    0x10000a44   Data           2  cgrapparam.o(.data)
    vMintue                                  0x10000a46   Data           2  cgrapparam.o(.data)
    vSecond                                  0x10000a48   Data           2  cgrapparam.o(.data)
    vSelTime                                 0x10000a4a   Data           1  cgrapparam.o(.data)
    vAnnDep                                  0x10000a4c   Data           2  cgrapparam.o(.data)
    vAnnCompNum                              0x10000a4e   Data           2  cgrapparam.o(.data)
    vAnnSel                                  0x10000a50   Data           1  cgrapparam.o(.data)
    vSysCheckDep                             0x10000a51   Data           1  cgrapparam.o(.data)
    vStatusDep                               0x10000a52   Data           1  cgrapparam.o(.data)
    vStatusComp                              0x10000a53   Data           1  cgrapparam.o(.data)
    vStatusFlag                              0x10000a54   Data           1  cgrapparam.o(.data)
    vIntenDep                                0x10000a55   Data           1  cgrapparam.o(.data)
    vIntenComp                               0x10000a56   Data           1  cgrapparam.o(.data)
    vIntenFlag                               0x10000a57   Data           1  cgrapparam.o(.data)
    vKeyCounter                              0x10001d40   Data          24  key.o(.bss)
    UartRxbuf                                0x10001d58   Data           9  ccomhandle.o(.bss)
    UartTxbuf                                0x10001d61   Data           9  ccomhandle.o(.bss)
    Rxdata                                   0x10001d6a   Data           9  ccomhandle.o(.bss)
    histinfo                                 0x10001d74   Data          18  ccomhandle.o(.bss)
    data                                     0x10001d98   Data          90  ccompara.o(.bss)
    data1                                    0x10001df2   Data          10  ccompara.o(.bss)
    vCom0Data                                0x10001dfc   Data          20  ccompara.o(.bss)
    vCirAlarmData                            0x10001e10   Data          50  ccompara.o(.bss)
    m_LpAnsFlag                              0x10001ec4   Data          10  clpansctrl.o(.bss)
    m_NodeInfo                               0x10002068   Data        1020  cnodeinfo.o(.bss)
    vGetDatatoFlash                          0x10002464   Data         663  cflashparam.o(.bss)
    vGetDepNum                               0x100026fb   Data          51  cflashparam.o(.bss)
    vReadFlashData                           0x1000272e   Data          16  cflashparam.o(.bss)
    vGetPsn                                  0x1000273e   Data         408  cflashparam.o(.bss)
    FlashData                                0x100028d6   Data         765  cflashparam.o(.bss)
    vGetCom0Ann                              0x10002bd4   Data        1600  cflashparam.o(.bss)
    __libspace_start                         0x1000776c   Data          96  libspace.o(.bss)
    __temporary_stack_top$libspace           0x100077cc   Data           0  libspace.o(.bss)



==============================================================================

Memory Map of the image

  Image Entry point : 0x000000cd

  Load Region LR_IROM1 (Base: 0x00000000, Size: 0x00050c60, Max: 0x00080000, ABSOLUTE, COMPRESSED[0x00050564])

    Execution Region ER_IROM1 (Base: 0x00000000, Size: 0x00050204, Max: 0x00080000, ABSOLUTE)

    Base Addr    Size         Type   Attr      Idx    E Section Name        Object

    0x00000000   0x000000cc   Data   RO            3    RESET               startup_lpc17xx.o
    0x000000cc   0x00000008   Code   RO         1379  * !!!main             c_w.l(__main.o)
    0x000000d4   0x00000034   Code   RO         1538    !!!scatter          c_w.l(__scatter.o)
    0x00000108   0x0000005a   Code   RO         1536    !!dczerorl2         c_w.l(__dczerorl2.o)
    0x00000162   0x00000002   PAD
    0x00000164   0x0000001c   Code   RO         1540    !!handler_zi        c_w.l(__scatter_zi.o)
    0x00000180   0x00000006   Code   RO         1406    .ARM.Collect$$libinit$$00000000  c_w.l(libinit.o)
    0x00000186   0x00000000   Code   RO         1414    .ARM.Collect$$libinit$$00000006  c_w.l(libinit2.o)
    0x00000186   0x00000000   Code   RO         1416    .ARM.Collect$$libinit$$00000008  c_w.l(libinit2.o)
    0x00000186   0x00000000   Code   RO         1418    .ARM.Collect$$libinit$$0000000A  c_w.l(libinit2.o)
    0x00000186   0x00000000   Code   RO         1421    .ARM.Collect$$libinit$$0000000D  c_w.l(libinit2.o)
    0x00000186   0x00000000   Code   RO         1423    .ARM.Collect$$libinit$$0000000F  c_w.l(libinit2.o)
    0x00000186   0x00000000   Code   RO         1425    .ARM.Collect$$libinit$$00000011  c_w.l(libinit2.o)
    0x00000186   0x00000000   Code   RO         1427    .ARM.Collect$$libinit$$00000013  c_w.l(libinit2.o)
    0x00000186   0x00000000   Code   RO         1429    .ARM.Collect$$libinit$$00000015  c_w.l(libinit2.o)
    0x00000186   0x00000000   Code   RO         1431    .ARM.Collect$$libinit$$00000017  c_w.l(libinit2.o)
    0x00000186   0x00000000   Code   RO         1433    .ARM.Collect$$libinit$$00000019  c_w.l(libinit2.o)
    0x00000186   0x00000000   Code   RO         1435    .ARM.Collect$$libinit$$0000001B  c_w.l(libinit2.o)
    0x00000186   0x00000000   Code   RO         1437    .ARM.Collect$$libinit$$0000001D  c_w.l(libinit2.o)
    0x00000186   0x00000000   Code   RO         1439    .ARM.Collect$$libinit$$0000001F  c_w.l(libinit2.o)
    0x00000186   0x00000000   Code   RO         1441    .ARM.Collect$$libinit$$00000021  c_w.l(libinit2.o)
    0x00000186   0x00000000   Code   RO         1445    .ARM.Collect$$libinit$$00000028  c_w.l(libinit2.o)
    0x00000186   0x00000000   Code   RO         1447    .ARM.Collect$$libinit$$0000002A  c_w.l(libinit2.o)
    0x00000186   0x00000000   Code   RO         1449    .ARM.Collect$$libinit$$0000002C  c_w.l(libinit2.o)
    0x00000186   0x00000000   Code   RO         1451    .ARM.Collect$$libinit$$0000002E  c_w.l(libinit2.o)
    0x00000186   0x00000002   Code   RO         1452    .ARM.Collect$$libinit$$0000002F  c_w.l(libinit2.o)
    0x00000188   0x00000002   Code   RO         1477    .ARM.Collect$$libshutdown$$00000000  c_w.l(libshutdown.o)
    0x0000018a   0x00000000   Code   RO         1491    .ARM.Collect$$libshutdown$$00000003  c_w.l(libshutdown2.o)
    0x0000018a   0x00000000   Code   RO         1494    .ARM.Collect$$libshutdown$$00000006  c_w.l(libshutdown2.o)
    0x0000018a   0x00000000   Code   RO         1497    .ARM.Collect$$libshutdown$$00000009  c_w.l(libshutdown2.o)
    0x0000018a   0x00000000   Code   RO         1499    .ARM.Collect$$libshutdown$$0000000B  c_w.l(libshutdown2.o)
    0x0000018a   0x00000000   Code   RO         1502    .ARM.Collect$$libshutdown$$0000000E  c_w.l(libshutdown2.o)
    0x0000018a   0x00000002   Code   RO         1503    .ARM.Collect$$libshutdown$$0000000F  c_w.l(libshutdown2.o)
    0x0000018c   0x00000000   Code   RO         1381    .ARM.Collect$$rtentry$$00000000  c_w.l(rtentry.o)
    0x0000018c   0x00000000   Code   RO         1383    .ARM.Collect$$rtentry$$00000002  c_w.l(rtentry2.o)
    0x0000018c   0x00000006   Code   RO         1395    .ARM.Collect$$rtentry$$00000004  c_w.l(rtentry4.o)
    0x00000192   0x00000000   Code   RO         1385    .ARM.Collect$$rtentry$$00000009  c_w.l(rtentry2.o)
    0x00000192   0x00000004   Code   RO         1386    .ARM.Collect$$rtentry$$0000000A  c_w.l(rtentry2.o)
    0x00000196   0x00000000   Code   RO         1388    .ARM.Collect$$rtentry$$0000000C  c_w.l(rtentry2.o)
    0x00000196   0x00000008   Code   RO         1389    .ARM.Collect$$rtentry$$0000000D  c_w.l(rtentry2.o)
    0x0000019e   0x00000002   Code   RO         1410    .ARM.Collect$$rtexit$$00000000  c_w.l(rtexit.o)
    0x000001a0   0x00000000   Code   RO         1456    .ARM.Collect$$rtexit$$00000002  c_w.l(rtexit2.o)
    0x000001a0   0x00000004   Code   RO         1457    .ARM.Collect$$rtexit$$00000003  c_w.l(rtexit2.o)
    0x000001a4   0x00000006   Code   RO         1458    .ARM.Collect$$rtexit$$00000004  c_w.l(rtexit2.o)
    0x000001aa   0x00000002   PAD
    0x000001ac   0x0000003c   Code   RO            5    .text               startup_lpc17xx.o
    0x000001e8   0x00000040   Code   RO           51    .text               main.o
    0x00000228   0x0000003c   Code   RO          172    .text               delay.o
    0x00000264   0x00000070   Code   RO          505    .text               crelay.o
    0x000002d4   0x00000014   Code   RO         1306    .text               cintstend.o
    0x000002e8   0x00000006   Code   RO         1377    .text               c_w.l(heapauxi.o)
    0x000002ee   0x0000000c   Code   RO         1399    .text               c_w.l(exit.o)
    0x000002fa   0x00000002   Code   RO         1480    .text               c_w.l(use_no_semi.o)
    0x000002fc   0x00000004   Code   RO            4    .ARM.__at_0x02FC    startup_lpc17xx.o
    0x00000300   0x00000234   Code   RO           27    .text               system_lpc17xx.o
    0x00000534   0x0000056c   Code   RO          157    .text               ssp.o
    0x00000aa0   0x000004e8   Code   RO          198    .text               i2c.o
    0x00000f88   0x000007bc   Code   RO          227    .text               uart.o
    0x00001744   0x000001d0   Code   RO          289    .text               gpioinit.o
    0x00001914   0x000003d8   Code   RO          304    .text               ctime.o
    0x00001cec   0x00000170   Code   RO          334    .text               ctimedef.o
    0x00001e5c   0x00000100   Code   RO          352    .text               pwm.o
    0x00001f5c   0x0000021c   Code   RO          373    .text               extint.o
    0x00002178   0x000000e0   Code   RO          399    .text               cgpioirq.o
    0x00002258   0x00000870   Code   RO          417    .text               lcd.o
    0x00002ac8   0x000005ac   Code   RO          447    .text               pcf8563.o
    0x00003074   0x000001a4   Code   RO          468    .text               key.o
    0x00003218   0x000001a4   Code   RO          493    .text               cled.o
    0x000033bc   0x00000d94   Code   RO          517    .text               ccomhandle.o
    0x00004150   0x00000438   Code   RO          574    .text               ccompara.o
    0x00004588   0x00000168   Code   RO          602    .text               caddresscount.o
    0x000046f0   0x0000013c   Code   RO          616    .text               csendto195.o
    0x0000482c   0x000000e2   Code   RO          630    .text               cgetgrap.o
    0x0000490e   0x00000002   PAD
    0x00004910   0x000000d8   Code   RO          642    .text               ckeycounter.o
    0x000049e8   0x00000676   Code   RO          660    .text               ctaskdown.o
    0x0000505e   0x00000002   PAD
    0x00005060   0x000001bc   Code   RO          676    .text               ctaskreturn.o
    0x0000521c   0x00001366   Code   RO          694    .text               ctasksure.o
    0x00006582   0x00000002   PAD
    0x00006584   0x00000696   Code   RO          717    .text               ctaskup.o
    0x00006c1a   0x00000002   PAD
    0x00006c1c   0x00000790   Code   RO          730    .text               runfunction.o
    0x000073ac   0x000004b4   Code   RO          762    .text               tasklist.o
    0x00007860   0x0000022c   Code   RO          798    .text               crunctrl.o
    0x00007a8c   0x000001a0   Code   RO          823    .text               csysrunflag.o
    0x00007c2c   0x000000c8   Code   RO          841    .text               clpansctrl.o
    0x00007cf4   0x00000150   Code   RO          860    .text               clpckctrl.o
    0x00007e44   0x000001f8   Code   RO          878    .text               clpscanctrl.o
    0x0000803c   0x00000480   Code   RO          896    .text               ctimectrl.o
    0x000084bc   0x00000200   Code   RO          933    .text               cnodeinfo.o
    0x000086bc   0x000002e8   Code   RO          958    .text               store_addr.o
    0x000089a4   0x000006c6   Code   RO          970    .text               alarmenu.o
    0x0000906a   0x00000002   PAD
    0x0000906c   0x000006aa   Code   RO          994    .text               breakdown.o
    0x00009716   0x00000002   PAD
    0x00009718   0x000003f8   Code   RO         1006    .text               cannotate.o
    0x00009b10   0x000004bc   Code   RO         1021    .text               ccompinten.o
    0x00009fcc   0x000006f4   Code   RO         1035    .text               ccompreg.o
    0x0000a6c0   0x000002d4   Code   RO         1050    .text               ccompset.o
    0x0000a994   0x0000047c   Code   RO         1062    .text               ccompstat.o
    0x0000ae10   0x00000a3c   Code   RO         1075    .text               cdatemod.o
    0x0000b84c   0x000001d4   Code   RO         1091    .text               checkmenu.o
    0x0000ba20   0x000008d8   Code   RO         1103    .text               chistorylist.o
    0x0000c2f8   0x00000410   Code   RO         1124    .text               clocalset.o
    0x0000c708   0x000001b8   Code   RO         1138    .text               cmodelfault.o
    0x0000c8c0   0x00000180   Code   RO         1150    .text               csyscheck.o
    0x0000ca40   0x00000078   Code   RO         1168    .text               csysreset.o
    0x0000cab8   0x00000078   Code   RO         1180    .text               ctestself.o
    0x0000cb30   0x00000578   Code   RO         1192    .text               mainmenu.o
    0x0000d0a8   0x00000298   Code   RO         1206    .text               setmenu.o
    0x0000d340   0x000002b0   Code   RO         1221    .text               startmenu.o
    0x0000d5f0   0x00000140   Code   RO         1234    .text               testmenu.o
    0x0000d730   0x00001470   Code   RO         1265    .text               cflashparam.o
    0x0000eba0   0x000004a0   Code   RO         1288    .text               cgrapparam.o
    0x0000f040   0x00000138   Code   RO         1321    .text               csetcurrent.o
    0x0000f178   0x0000008a   Code   RO         1369    .text               c_w.l(rt_memcpy_v6.o)
    0x0000f202   0x00000064   Code   RO         1371    .text               c_w.l(rt_memcpy_w.o)
    0x0000f266   0x00000044   Code   RO         1373    .text               c_w.l(rt_memclr.o)
    0x0000f2aa   0x0000004e   Code   RO         1375    .text               c_w.l(rt_memclr_w.o)
    0x0000f2f8   0x0000004a   Code   RO         1397    .text               c_w.l(sys_stackheap_outer.o)
    0x0000f342   0x00000002   PAD
    0x0000f344   0x00000008   Code   RO         1407    .text               c_w.l(libspace.o)
    0x0000f34c   0x00000008   Code   RO         1465    .text               c_w.l(rt_fp_status_addr_intlibspace.o)
    0x0000f354   0x0000000c   Code   RO         1469    .text               c_w.l(sys_exit.o)
    0x0000f360   0x00000000   Code   RO         1482    .text               c_w.l(indicate_semi.o)
    0x0000f360   0x0000000e   Code   RO         1453    x$fpl$fpinit        fz_ws.l(fpinit.o)
    0x0000f36e   0x00040c80   Data   RO          418    .constdata          lcd.o
    0x0004ffee   0x00000002   Data   RO          519    .constdata          ccomhandle.o
    0x0004fff0   0x00000041   Data   RO         1063    .constdata          ccompstat.o
    0x00050031   0x00000021   Data   RO         1207    .constdata          setmenu.o
    0x00050052   0x00000002   PAD
    0x00050054   0x00000190   Data   RO         1267    .constdata          cflashparam.o
    0x000501e4   0x00000020   Data   RO         1534    Region$$Table       anon$$obj.o


    Execution Region RW_IRAM1 (Base: 0x10000000, Size: 0x000079d0, Max: 0x00008000, ABSOLUTE, COMPRESSED[0x00000360])

    Base Addr    Size         Type   Attr      Idx    E Section Name        Object

    0x10000000   0x00000004   Data   RW           28    .data               system_lpc17xx.o
    0x10000004   0x00000004   Data   RW          173    .data               delay.o
    0x10000008   0x00000016   Data   RW          199    .data               i2c.o
    0x1000001e   0x00000009   Data   RW          229    .data               uart.o
    0x10000027   0x00000001   PAD
    0x10000028   0x00000016   Data   RW          305    .data               ctime.o
    0x1000003e   0x00000002   PAD
    0x10000040   0x00000028   Data   RW          335    .data               ctimedef.o
    0x10000068   0x00000008   Data   RW          353    .data               pwm.o
    0x10000070   0x00000008   Data   RW          374    .data               extint.o
    0x10000078   0x00000490   Data   RW          419    .data               lcd.o
    0x10000508   0x00000008   Data   RW          448    .data               pcf8563.o
    0x10000510   0x00000001   Data   RW          470    .data               key.o
    0x10000511   0x00000003   PAD
    0x10000514   0x0000004e   Data   RW          520    .data               ccomhandle.o
    0x10000562   0x00000002   PAD
    0x10000564   0x0000001b   Data   RW          576    .data               ccompara.o
    0x1000057f   0x00000001   PAD
    0x10000580   0x00000009   Data   RW          603    .data               caddresscount.o
    0x10000589   0x00000006   Data   RW          643    .data               ckeycounter.o
    0x1000058f   0x00000001   PAD
    0x10000590   0x00000008   Data   RW          661    .data               ctaskdown.o
    0x10000598   0x00000010   Data   RW          696    .data               ctasksure.o
    0x100005a8   0x00000007   Data   RW          732    .data               runfunction.o
    0x100005af   0x00000001   Data   RW          799    .data               crunctrl.o
    0x100005b0   0x00000004   Data   RW          824    .data               csysrunflag.o
    0x100005b4   0x00000010   Data   RW          843    .data               clpansctrl.o
    0x100005c4   0x00000004   Data   RW          861    .data               clpckctrl.o
    0x100005c8   0x00000004   Data   RW          879    .data               clpscanctrl.o
    0x100005cc   0x00000025   Data   RW          898    .data               ctimectrl.o
    0x100005f1   0x00000001   Data   RW          935    .data               cnodeinfo.o
    0x100005f2   0x00000001   Data   RW         1022    .data               ccompinten.o
    0x100005f3   0x00000031   Data   RW         1125    .data               clocalset.o
    0x10000624   0x00000023   Data   RW         1193    .data               mainmenu.o
    0x10000647   0x00000001   PAD
    0x10000648   0x000003e0   Data   RW         1268    .data               cflashparam.o
    0x10000a28   0x00000030   Data   RW         1289    .data               cgrapparam.o
    0x10000a58   0x00000002   Data   RW         1323    .data               csetcurrent.o
    0x10000a5a   0x00000002   PAD
    0x10000a5c   0x000012e4   Zero   RW          228    .bss                uart.o
    0x10001d40   0x00000018   Zero   RW          469    .bss                key.o
    0x10001d58   0x00000040   Zero   RW          518    .bss                ccomhandle.o
    0x10001d98   0x000000aa   Zero   RW          575    .bss                ccompara.o
    0x10001e42   0x00000018   Zero   RW          617    .bss                csendto195.o
    0x10001e5a   0x00000012   Zero   RW          695    .bss                ctasksure.o
    0x10001e6c   0x00000058   Zero   RW          731    .bss                runfunction.o
    0x10001ec4   0x0000000a   Zero   RW          842    .bss                clpansctrl.o
    0x10001ece   0x00000002   PAD
    0x10001ed0   0x00000198   Zero   RW          897    .bss                ctimectrl.o
    0x10002068   0x000003fc   Zero   RW          934    .bss                cnodeinfo.o
    0x10002464   0x000052fe   Zero   RW         1266    .bss                cflashparam.o
    0x10007762   0x0000000a   Zero   RW         1322    .bss                csetcurrent.o
    0x1000776c   0x00000060   Zero   RW         1408    .bss                c_w.l(libspace.o)
    0x100077cc   0x00000004   PAD
    0x100077d0   0x00000000   Zero   RW            2    HEAP                startup_lpc17xx.o
    0x100077d0   0x00000200   Zero   RW            1    STACK               startup_lpc17xx.o


==============================================================================

Image component sizes


      Code (inc. data)   RO Data    RW Data    ZI Data      Debug   Object Name

      1734         44          0          0          0       1777   alarmenu.o
      1706         50          0          0          0       1852   breakdown.o
       360        128          0          9          0       2888   caddresscount.o
      1016         16          0          0          0       1140   cannotate.o
      3476        740          2         78         64      15445   ccomhandle.o
      1080        118          0         27        170       7194   ccompara.o
      1212        100          0          1          0       1713   ccompinten.o
      1780        170          0          0          0       2847   ccompreg.o
       724         46          0          0          0       1342   ccompset.o
      1148         20         65          0          0       2292   ccompstat.o
      2620         44          0          0          0       1259   cdatemod.o
      5232        122        400        992      21246      38606   cflashparam.o
       226          8          0          0          0       1054   cgetgrap.o
       224         36          0          0          0       5621   cgpioirq.o
      1184        126          0         48          0      14990   cgrapparam.o
       468         30          0          0          0        605   checkmenu.o
      2264        106          0          0          0       4208   chistorylist.o
        20          0          0          0          0        498   cintstend.o
       216         16          0          6          0       3383   ckeycounter.o
       420          8          0          0          0       2198   cled.o
      1040         50          0         49          0       2653   clocalset.o
       200         18          0         16         10       2277   clpansctrl.o
       336          6          0          4          0       4131   clpckctrl.o
       504          6          0          4          0       5084   clpscanctrl.o
       440         62          0          0          0        725   cmodelfault.o
       512          8          0          1       1020       4958   cnodeinfo.o
         0          0          0          0          0       4156   core_cm3.o
       112         10          0          0          0        765   crelay.o
       556         40          0          1          0       2165   crunctrl.o
       316         10          0          0         24       2523   csendto195.o
       312         54          0          2         10       2730   csetcurrent.o
       384         28          0          0          0        940   csyscheck.o
       120         12          0          0          0        432   csysreset.o
       416          4          0          4          0       4768   csysrunflag.o
      1654        228          0          8          0       3392   ctaskdown.o
       444         18          0          0          0       6164   ctaskreturn.o
      4966        540          0         16         18      10435   ctasksure.o
      1686        240          0          0          0       2544   ctaskup.o
       120         12          0          0          0        432   ctestself.o
       984         60          0         22          0       5117   ctime.o
      1152         60          0         37        408       5949   ctimectrl.o
       368         32          0         40          0       5587   ctimedef.o
        60          6          0          4          0      11054   delay.o
       540         50          0          8          0      10854   extint.o
       464         18          0          0          0        551   gpioinit.o
      1256         98          0         22          0      12175   i2c.o
       420         14          0          1         24       2155   key.o
      2160         28     265344       1168          0       8359   lcd.o
        64         42          0          0          0      58791   main.o
      1400         64          0         35          0       2466   mainmenu.o
      1452         12          0          8          0       4616   pcf8563.o
       256         30          0          8          0       7294   pwm.o
      1936        390          0          7         88       5434   runfunction.o
       664         12         33          0          0       1606   setmenu.o
      1388         36          0          0          0       5378   ssp.o
       688         20          0          0          0       1095   startmenu.o
        64         26        204          0        512        912   startup_lpc17xx.o
       744        234          0          0          0       1870   store_addr.o
       564         70          0          4          0      59289   system_lpc17xx.o
      1204          4          0          0          0       2233   tasklist.o
       320         20          0          0          0        560   testmenu.o
      1980        220          0          9       4836      71759   uart.o

    ----------------------------------------------------------------------
     61368       4820     266082       2652      28432     457290   Object Totals
         0          0         32          0          0          0   (incl. Generated)
        12          0          2         13          2          0   (incl. Padding)

    ----------------------------------------------------------------------

      Code (inc. data)   RO Data    RW Data    ZI Data      Debug   Library Member Name

        90          0          0          0          0          0   __dczerorl2.o
         8          0          0          0          0         68   __main.o
        52          8          0          0          0          0   __scatter.o
        28          0          0          0          0          0   __scatter_zi.o
        12          0          0          0          0         72   exit.o
         6          0          0          0          0        152   heapauxi.o
         0          0          0          0          0          0   indicate_semi.o
         6          0          0          0          0          0   libinit.o
         2          0          0          0          0          0   libinit2.o
         2          0          0          0          0          0   libshutdown.o
         2          0          0          0          0          0   libshutdown2.o
         8          4          0          0         96         68   libspace.o
         8          4          0          0          0         68   rt_fp_status_addr_intlibspace.o
        68          0          0          0          0         68   rt_memclr.o
        78          0          0          0          0         80   rt_memclr_w.o
       138          0          0          0          0         68   rt_memcpy_v6.o
       100          0          0          0          0         80   rt_memcpy_w.o
         0          0          0          0          0          0   rtentry.o
        12          0          0          0          0          0   rtentry2.o
         6          0          0          0          0          0   rtentry4.o
         2          0          0          0          0          0   rtexit.o
        10          0          0          0          0          0   rtexit2.o
        12          4          0          0          0         68   sys_exit.o
        74          0          0          0          0         80   sys_stackheap_outer.o
         2          0          0          0          0         68   use_no_semi.o
        14          0          0          0          0         76   fpinit.o

    ----------------------------------------------------------------------
       746         20          0          0        100       1016   Library Totals
         6          0          0          0          4          0   (incl. Padding)

    ----------------------------------------------------------------------

      Code (inc. data)   RO Data    RW Data    ZI Data      Debug   Library Name

       726         20          0          0         96        940   c_w.l
        14          0          0          0          0         76   fz_ws.l

    ----------------------------------------------------------------------
       746         20          0          0        100       1016   Library Totals

    ----------------------------------------------------------------------

==============================================================================


      Code (inc. data)   RO Data    RW Data    ZI Data      Debug   

     62114       4840     266082       2652      28532     451442   Grand Totals
     62114       4840     266082        864      28532     451442   ELF Image Totals (compressed)
     62114       4840     266082        864          0          0   ROM Totals

==============================================================================

    Total RO  Size (Code + RO Data)               328196 ( 320.50kB)
    Total RW  Size (RW Data + ZI Data)             31184 (  30.45kB)
    Total ROM Size (Code + RO Data + RW Data)     329060 ( 321.35kB)

==============================================================================

