ARM Linker, 4.1 [Build 894] [Professional]

==============================================================================

Section Cross References

    startup_lpc17xx.o(STACK) refers (Special) to heapauxi.o(.text) for __use_two_region_memory
    startup_lpc17xx.o(HEAP) refers (Special) to heapauxi.o(.text) for __use_two_region_memory
    startup_lpc17xx.o(RESET) refers (Special) to heapauxi.o(.text) for __use_two_region_memory
    startup_lpc17xx.o(RESET) refers to startup_lpc17xx.o(STACK) for __initial_sp
    startup_lpc17xx.o(RESET) refers to startup_lpc17xx.o(.text) for Reset_Handler
    startup_lpc17xx.o(RESET) refers to delay.o(.text) for SysTick_Handler
    startup_lpc17xx.o(RESET) refers to ctime.o(.text) for TIMER0_IRQHandler
    startup_lpc17xx.o(RESET) refers to uart.o(.text) for UART0_IRQHandler
    startup_lpc17xx.o(RESET) refers to pwm.o(.text) for PWM1_IRQHandler
    startup_lpc17xx.o(RESET) refers to i2c.o(.text) for I2C0_IRQHandler
    startup_lpc17xx.o(RESET) refers to extint.o(.text) for EINT1_IRQHandler
    startup_lpc17xx.o(RESET) refers to cgpioirq.o(.text) for EINT3_IRQHandler
    startup_lpc17xx.o(.ARM.__at_0x02FC) refers (Special) to heapauxi.o(.text) for __use_two_region_memory
    startup_lpc17xx.o(.text) refers (Special) to heapauxi.o(.text) for __use_two_region_memory
    startup_lpc17xx.o(.text) refers to system_lpc17xx.o(.text) for SystemInit
    startup_lpc17xx.o(.text) refers to __main.o(!!!main) for __main
    startup_lpc17xx.o(.text) refers to startup_lpc17xx.o(HEAP) for Heap_Mem
    startup_lpc17xx.o(.text) refers to startup_lpc17xx.o(STACK) for Stack_Mem
    system_lpc17xx.o(.text) refers to system_lpc17xx.o(.data) for SystemFrequency
    main.o(.text) refers to system_lpc17xx.o(.text) for SystemClockUpdate
    main.o(.text) refers to crunctrl.o(.text) for Init_CRunCtrl
    main.o(.text) refers to uart.o(.text) for lcd_printf
    delay.o(.text) refers to delay.o(.data) for msTicks
    i2c.o(.text) refers to i2c.o(.data) for I2C_end
    uart.o(.text) refers to ssp.o(.text) for M25P80_Read_1Byte
    uart.o(.text) refers to ccomhandle.o(.text) for SetConvertdata
    uart.o(.text) refers to ccompara.o(.text) for data_from_data0
    uart.o(.text) refers to cgrapparam.o(.text) for GetComRegFlag
    uart.o(.text) refers to ccompinten.o(.text) for CGetIntenFlag
    uart.o(.text) refers to ctasksure.o(.text) for Get_Note_Flag
    uart.o(.text) refers to uart.o(.bss) for data3
    uart.o(.text) refers to uart.o(.data) for tp
    uart.o(.text) refers to system_lpc17xx.o(.data) for SystemFrequency
    ctime.o(.text) refers to extint.o(.text) for Eint_Dis
    ctime.o(.text) refers to ctimectrl.o(.text) for T0Int_CTimeCtrl
    ctime.o(.text) refers to key.o(.text) for Scan_Key
    ctime.o(.text) refers to cled.o(.text) for Led_Wireless_On
    ctime.o(.text) refers to ctime.o(.data) for vTimeTickCounter
    ctimedef.o(.text) refers to ctimedef.o(.data) for vCurTime0Def
    ctimedef.o(.text) refers to system_lpc17xx.o(.data) for SystemFrequency
    pwm.o(.text) refers to pwm.o(.data) for match_counter1
    extint.o(.text) refers to uart.o(.text) for uart_all_disable
    extint.o(.text) refers to ctime.o(.text) for timern_disable
    extint.o(.text) refers to i2c.o(.text) for i2c0_disable
    extint.o(.text) refers to pwm.o(.text) for pwm1_disable
    extint.o(.text) refers to extint.o(.data) for Extint1_flag
    cgpioirq.o(.text) refers to csetcurrent.o(.text) for State_0mA
    cgpioirq.o(.text) refers to clpckctrl.o(.text) for SetPer_CLpCkCtrl
    lcd.o(.text) refers to lcd.o(.constdata) for acHZK16F
    lcd.o(.text) refers to lcd.o(.data) for Hzk1
    pcf8563.o(.text) refers to i2c.o(.text) for I2C_WriteNByte
    pcf8563.o(.text) refers to pcf8563.o(.data) for TimeAndDate
    key.o(.text) refers to ctime.o(.text) for OnLCD
    key.o(.text) refers to ccomhandle.o(.text) for GetDisplay_alarm_flag
    key.o(.text) refers to cled.o(.text) for Led_Silence_Off
    key.o(.text) refers to pwm.o(.text) for PWM1_Stop
    key.o(.text) refers to ccompara.o(.text) for SetAlarmFlag
    key.o(.text) refers to ckeycounter.o(.text) for GetPasswordFlag
    key.o(.text) refers to key.o(.data) for vBackValue
    key.o(.text) refers to key.o(.bss) for vKeyCounter
    ccomhandle.o(.text) refers to clpscanctrl.o(.text) for GetSys_CLpScanCtrl
    ccomhandle.o(.text) refers to uart.o(.text) for UARTSend
    ccomhandle.o(.text) refers to cflashparam.o(.text) for get_comp_partnumber
    ccomhandle.o(.text) refers to cgrapparam.o(.text) for AddCompRegNum
    ccomhandle.o(.text) refers to rt_memclr.o(.text) for __aeabi_memclr
    ccomhandle.o(.text) refers to ctime.o(.text) for OnLCD
    ccomhandle.o(.text) refers to pcf8563.o(.text) for getcurrent_date
    ccomhandle.o(.text) refers to cintstend.o(.text) for EndInt
    ccomhandle.o(.text) refers to ccompreg.o(.text) for CompReg_menu
    ccomhandle.o(.text) refers to ccomhandle.o(.data) for FirstAlarm_Flag
[...]
    Set20ms_CSysRunFlag                      0x00007b4d   Thumb Code    16  csysrunflag.o(.text)
    Get20ms_CSysRunFlag                      0x00007b5d   Thumb Code    10  csysrunflag.o(.text)
    Clr1s_CSysRunFlag                        0x00007b67   Thumb Code    14  csysrunflag.o(.text)
    Set1s_CSysRunFlag                        0x00007b75   Thumb Code    16  csysrunflag.o(.text)
    Get1s_CSysRunFlag                        0x00007b85   Thumb Code    10  csysrunflag.o(.text)
    Clr5s_CSysRunFlag                        0x00007b8f   Thumb Code    14  csysrunflag.o(.text)
    Set5s_CSysRunFlag                        0x00007b9d   Thumb Code    16  csysrunflag.o(.text)
    Get5s_CSysRunFlag                        0x00007bad   Thumb Code    10  csysrunflag.o(.text)
    ClrDisHis_CSysRunFlag                    0x00007bb7   Thumb Code    14  csysrunflag.o(.text)
    SetDisHis_CSysRunFlag                    0x00007bc5   Thumb Code    18  csysrunflag.o(.text)
    GetDisHis_CSysRunFlag                    0x00007bd7   Thumb Code    10  csysrunflag.o(.text)
    Clr1m_CSysRunFlag                        0x00007be1   Thumb Code    14  csysrunflag.o(.text)
    Set1m_CSysRunFlag                        0x00007bef   Thumb Code    16  csysrunflag.o(.text)
    Get1m_CSysRunFlag                        0x00007bff   Thumb Code    10  csysrunflag.o(.text)
    Clr100ms_CSysRunFlag                     0x00007c09   Thumb Code    14  csysrunflag.o(.text)
    Set100ms_CSysRunFlag                     0x00007c17   Thumb Code    16  csysrunflag.o(.text)
    Get100ms_CSysRunFlag                     0x00007c27   Thumb Code    10  csysrunflag.o(.text)
    Clr40ms_CSysRunFlag                      0x00007c31   Thumb Code    14  csysrunflag.o(.text)
    Set40ms_CSysRunFlag                      0x00007c3f   Thumb Code    16  csysrunflag.o(.text)
    Get40ms_CSysRunFlag                      0x00007c4f   Thumb Code    10  csysrunflag.o(.text)
    Init_CLpAnsCtrl                          0x00007c5d   Thumb Code     2  clpansctrl.o(.text)
    GetData_CLpAnsCtrl                       0x00007c5f   Thumb Code    46  clpansctrl.o(.text)
    SetData_CLpAnsCtrl                       0x00007c8d   Thumb Code    66  clpansctrl.o(.text)
    OutData_CLpAnsCtrl                       0x00007ccf   Thumb Code    40  clpansctrl.o(.text)
    OutState_CLpAnsCtrl                      0x00007cf7   Thumb Code    28  clpansctrl.o(.text)
    Init_CLpCkCtrl                           0x00007d25   Thumb Code     8  clpckctrl.o(.text)
    SetExtint_CLpCkCtrl                      0x00007d2d   Thumb Code    14  clpckctrl.o(.text)
    GetExtint_CLpCkCtrl                      0x00007d3b   Thumb Code    10  clpckctrl.o(.text)
    ClrExtint_CLpCkCtrl                      0x00007d45   Thumb Code    14  clpckctrl.o(.text)
    SetPer_CLpCkCtrl                         0x00007d53   Thumb Code    14  clpckctrl.o(.text)
    GetPer_CLpCkCtrl                         0x00007d61   Thumb Code    10  clpckctrl.o(.text)
    ClrPer_CLpCkCtrl                         0x00007d6b   Thumb Code    14  clpckctrl.o(.text)
    ClrReset_CLpCkCtrl                       0x00007d79   Thumb Code    14  clpckctrl.o(.text)
    SetReset_CLpCkCtrl                       0x00007d87   Thumb Code    18  clpckctrl.o(.text)
    GetReset_CLpCkCtrl                       0x00007d99   Thumb Code    10  clpckctrl.o(.text)
    ClrAlarm_CLpCkCtrl                       0x00007da3   Thumb Code    14  clpckctrl.o(.text)
    SetAlarm_CLpCkCtrl                       0x00007db1   Thumb Code    18  clpckctrl.o(.text)
    GetAlarm_CLpCkCtrl                       0x00007dc3   Thumb Code    10  clpckctrl.o(.text)
    Clr50ms_CLpCkCtrl                        0x00007dcd   Thumb Code    14  clpckctrl.o(.text)
    Set50ms_CLpCkCtrl                        0x00007ddb   Thumb Code    16  clpckctrl.o(.text)
    Get50ms_CLpCkCtrl                        0x00007deb   Thumb Code    10  clpckctrl.o(.text)
    Clr10ms_CLpCkCtrl                        0x00007df5   Thumb Code    14  clpckctrl.o(.text)
    Set10ms_CLpCkCtrl                        0x00007e03   Thumb Code    16  clpckctrl.o(.text)
    Get10ms_CLpCkCtrl                        0x00007e13   Thumb Code    10  clpckctrl.o(.text)
    Clr1s_CLpCkCtrl                          0x00007e1d   Thumb Code    14  clpckctrl.o(.text)
    Set1s_CLpCkCtrl                          0x00007e2b   Thumb Code    16  clpckctrl.o(.text)
    Get1s_CLpCkCtrl                          0x00007e3b   Thumb Code    10  clpckctrl.o(.text)
    Clr5s_CLpCkCtrl                          0x00007e45   Thumb Code    14  clpckctrl.o(.text)
    Set5s_CLpCkCtrl                          0x00007e53   Thumb Code    18  clpckctrl.o(.text)
    Get5s_CLpCkCtrl                          0x00007e65   Thumb Code    10  clpckctrl.o(.text)
    Init_CLpScanCtrl                         0x00007e75   Thumb Code     8  clpscanctrl.o(.text)
    NewNode_CLpScanCtrl                      0x00007e7d   Thumb Code    14  clpscanctrl.o(.text)
    SetSys_CLpScanCtrl                       0x00007e8b   Thumb Code    16  clpscanctrl.o(.text)
    GetSys_CLpScanCtrl                       0x00007e9b   Thumb Code    10  clpscanctrl.o(.text)
    ClrSys_CLpScanCtrl                       0x00007ea5   Thumb Code    14  clpscanctrl.o(.text)
    SetAddr_CLpScanCtrl                      0x00007eb3   Thumb Code    14  clpscanctrl.o(.text)
    GetAddr_CLpScanCtrl                      0x00007ec1   Thumb Code    10  clpscanctrl.o(.text)
    ClrAddr_CLpScanCtrl                      0x00007ecb   Thumb Code    14  clpscanctrl.o(.text)
    IncAddr_CLpScanCtrl                      0x00007ed9   Thumb Code    42  clpscanctrl.o(.text)
    SetComm_CLpScanCtrl                      0x00007f03   Thumb Code    14  clpscanctrl.o(.text)
    GetComm_CLpScanCtrl                      0x00007f11   Thumb Code    10  clpscanctrl.o(.text)
    ClrComm_CLpScanCtrl                      0x00007f1b   Thumb Code    14  clpscanctrl.o(.text)
    SetState_CLpScanCtrl                     0x00007f29   Thumb Code    18  clpscanctrl.o(.text)
    GetState_CLpScanCtrl                     0x00007f3b   Thumb Code    10  clpscanctrl.o(.text)
    ClrState_CLpScanCtrl                     0x00007f45   Thumb Code    14  clpscanctrl.o(.text)
    SetAnsFlag_CLpScanCtrl                   0x00007f53   Thumb Code    18  clpscanctrl.o(.text)
    GetAnsFlag_CLpScanCtrl                   0x00007f65   Thumb Code    10  clpscanctrl.o(.text)
    ClrAnsFlag_CLpScanCtrl                   0x00007f6f   Thumb Code    14  clpscanctrl.o(.text)
    SetAnsStar_CLpScanCtrl                   0x00007f7d   Thumb Code    18  clpscanctrl.o(.text)
    GetAnsStar_CLpScanCtrl                   0x00007f8f   Thumb Code    10  clpscanctrl.o(.text)
    ClrAnsStar_CLpScanCtrl                   0x00007f99   Thumb Code    14  clpscanctrl.o(.text)
    SetAnsStep_CLpScanCtrl                   0x00007fa7   Thumb Code    50  clpscanctrl.o(.text)
    GetAnsStep_CLpScanCtrl                   0x00007fd9   Thumb Code    10  clpscanctrl.o(.text)
    ClrAnsStep_CLpScanCtrl                   0x00007fe3   Thumb Code    14  clpscanctrl.o(.text)
    SetAnsTId_CLpScanCtrl                    0x00007ff1   Thumb Code    18  clpscanctrl.o(.text)
    GetAnsTId_CLpScanCtrl                    0x00008003   Thumb Code    10  clpscanctrl.o(.text)
    ClrAnsTId_CLpScanCtrl                    0x0000800d   Thumb Code    14  clpscanctrl.o(.text)
    DecAnsTId_CLpScanCtrl                    0x0000801b   Thumb Code    34  clpscanctrl.o(.text)
    SetReset_CLpScanCtrl                     0x0000803d   Thumb Code    18  clpscanctrl.o(.text)
    GetReset_CLpScanCtrl                     0x0000804f   Thumb Code    10  clpscanctrl.o(.text)
    ClrReset_CLpScanCtrl                     0x00008059   Thumb Code    14  clpscanctrl.o(.text)
    Init_CTimeCtrl                           0x0000806d   Thumb Code    20  ctimectrl.o(.text)
    IncT0Count_CTimeCtrl                     0x00008081   Thumb Code    54  ctimectrl.o(.text)
    SaveComm_CTimeCtrl                       0x000080b7   Thumb Code   122  ctimectrl.o(.text)
    SetCommT0_CTimeCtrl                      0x00008131   Thumb Code   108  ctimectrl.o(.text)
    AnsCommT0_CTimeCtrl                      0x0000819d   Thumb Code   172  ctimectrl.o(.text)
    T0Int_CTimeCtrl                          0x00008249   Thumb Code    94  ctimectrl.o(.text)
    set_speark_ss_time                       0x000082a7   Thumb Code    78  ctimectrl.o(.text)
    T1Int_CTimeCtrl                          0x000082f5   Thumb Code   206  ctimectrl.o(.text)
    SetMax_CNodeInfo                         0x000083d9   Thumb Code    18  cnodeinfo.o(.text)
    ClrMax_CNodeInfo                         0x000083eb   Thumb Code     8  cnodeinfo.o(.text)
    Init_CNodeInfo                           0x000083f3   Thumb Code    24  cnodeinfo.o(.text)
    SetState_CNodeInfo                       0x0000840b   Thumb Code    18  cnodeinfo.o(.text)
    GetState_CNodeInfo                       0x0000841d   Thumb Code    14  cnodeinfo.o(.text)
    ClrState_CNodeInfo                       0x0000842b   Thumb Code    18  cnodeinfo.o(.text)
    ClrReset_CNodeInfo                       0x0000843d   Thumb Code    18  cnodeinfo.o(.text)
    SetReset_CNodeInfo                       0x0000844f   Thumb Code    20  cnodeinfo.o(.text)
    GetReset_CNodeInfo                       0x00008463   Thumb Code    14  cnodeinfo.o(.text)
    ClrAlarm_CNodeInfo                       0x00008471   Thumb Code    18  cnodeinfo.o(.text)
    ClrReg_CNodeInfo                         0x00008483   Thumb Code    18  cnodeinfo.o(.text)
    SetAlarm_CNodeInfo                       0x00008495   Thumb Code    50  cnodeinfo.o(.text)
    GetAlarm_CNodeInfo                       0x000084c7   Thumb Code    14  cnodeinfo.o(.text)
    SetReg_CNodeInfo                         0x000084d5   Thumb Code    50  cnodeinfo.o(.text)
    GetReg_CNodeInfo                         0x00008507   Thumb Code    14  cnodeinfo.o(.text)
    GetMax_CNodeInfo                         0x00008515   Thumb Code     6  cnodeinfo.o(.text)
    ClrCkCyc_CNodeInfo                       0x0000851b   Thumb Code    18  cnodeinfo.o(.text)
    SetCkCyc_CNodeInfo                       0x0000852d   Thumb Code    62  cnodeinfo.o(.text)
    SetComm_CNodeInfo                        0x0000856b   Thumb Code    56  cnodeinfo.o(.text)
    GetComm_CNodeInfo                        0x000085a3   Thumb Code    14  cnodeinfo.o(.text)
    ClrComm_CNodeInfo                        0x000085b1   Thumb Code    18  cnodeinfo.o(.text)
    GetCkCyc_CNodeInfo                       0x000085c3   Thumb Code    14  cnodeinfo.o(.text)
    judge_store_new                          0x000085d9   Thumb Code    50  store_addr.o(.text)
    get_storepos                             0x0000860b   Thumb Code    30  store_addr.o(.text)
    get_comp_ciraddr_zp                      0x00008629   Thumb Code    50  store_addr.o(.text)
    inqury_ciraddr                           0x0000865b   Thumb Code    48  store_addr.o(.text)
    clr_store_comp_info                      0x0000868b   Thumb Code    34  store_addr.o(.text)
    init_store                               0x000086ad   Thumb Code   298  store_addr.o(.text)
    Alarm_Menu                               0x000088c1   Thumb Code  1734  alarmenu.o(.text)
    menu_batlow                              0x00008f89   Thumb Code    56  breakdown.o(.text)
    Breakdown                                0x00008fc1   Thumb Code  1650  breakdown.o(.text)
    Annotate_Menu                            0x00009635   Thumb Code  1016  cannotate.o(.text)
    menu_comp_notreged                       0x00009a2d   Thumb Code   132  ccompinten.o(.text)
    menu_comp_sigstrength                    0x00009ab1   Thumb Code   156  ccompinten.o(.text)
    CompInten_Menu                           0x00009b4d   Thumb Code   892  ccompinten.o(.text)
    CSetIntenFlag                            0x00009ec9   Thumb Code     6  ccompinten.o(.text)
    CGetIntenFlag                            0x00009ecf   Thumb Code     6  ccompinten.o(.text)
    menu_reging                              0x00009ee9   Thumb Code   108  ccompreg.o(.text)
    menu_invalid_comp                        0x00009f55   Thumb Code   108  ccompreg.o(.text)
    menu_compaddr                            0x00009fc1   Thumb Code   114  ccompreg.o(.text)
    menu_compstatus                          0x0000a033   Thumb Code     2  ccompreg.o(.text)
    menu_comptype                            0x0000a035   Thumb Code    74  ccompreg.o(.text)
    menu_overciraddr                         0x0000a07f   Thumb Code   124  ccompreg.o(.text)
    menu_compreged                           0x0000a0fb   Thumb Code   124  ccompreg.o(.text)
    menu_devreged                            0x0000a177   Thumb Code   124  ccompreg.o(.text)
    menu_overcompnums                        0x0000a1f3   Thumb Code   124  ccompreg.o(.text)
    menu_regedsucc                           0x0000a26f   Thumb Code   206  ccompreg.o(.text)
    menu_compreg                             0x0000a33d   Thumb Code   196  ccompreg.o(.text)
    menu_compreg_tips                        0x0000a401   Thumb Code   180  ccompreg.o(.text)
    CompReg_menu                             0x0000a4b5   Thumb Code   352  ccompreg.o(.text)
    GNSelectBlack                            0x0000a661   Thumb Code   186  ccompset.o(.text)
    GNSelect                                 0x0000a71b   Thumb Code   186  ccompset.o(.text)
    CompSet_Menu                             0x0000a7d5   Thumb Code   306  ccompset.o(.text)
    menu_devtype                             0x0000a935   Thumb Code    54  ccompstat.o(.text)
    menu_mask_start                          0x0000a96b   Thumb Code    58  ccompstat.o(.text)
    menu_mask_stop                           0x0000a9a5   Thumb Code    58  ccompstat.o(.text)
    CompStat_Menu                            0x0000a9df   Thumb Code   978  ccompstat.o(.text)
    DateMod_Menu                             0x0000adb1   Thumb Code  2616  cdatemod.o(.text)
    Check_Menu                               0x0000b7ed   Thumb Code   438  checkmenu.o(.text)
    menu_nohistory                           0x0000b9c1   Thumb Code   138  chistorylist.o(.text)
    menu_history_over                        0x0000ba4b   Thumb Code   114  chistorylist.o(.text)
    menu_ciraddr                             0x0000babd   Thumb Code   184  chistorylist.o(.text)
    menu_status                              0x0000bb75   Thumb Code    68  chistorylist.o(.text)
    menu_start                               0x0000bbb9   Thumb Code    56  chistorylist.o(.text)
    menu_stop                                0x0000bbf1   Thumb Code    56  chistorylist.o(.text)
    menu_del                                 0x0000bc29   Thumb Code    56  chistorylist.o(.text)
    menu_normal                              0x0000bc61   Thumb Code    56  chistorylist.o(.text)
    menu_lowvolatage                         0x0000bc99   Thumb Code   100  chistorylist.o(.text)
    menu_fault                               0x0000bcfd   Thumb Code    56  chistorylist.o(.text)
    menu_fire                                0x0000bd35   Thumb Code    56  chistorylist.o(.text)
    History_Menu                             0x0000bd6d   Thumb Code  1324  chistorylist.o(.text)
    HZ_SHOW                                  0x0000c299   Thumb Code    44  clocalset.o(.text)
    menu_haved_saved                         0x0000c2c5   Thumb Code   100  clocalset.o(.text)
    menu_saving                              0x0000c329   Thumb Code    92  clocalset.o(.text)
    menu_savetips                            0x0000c385   Thumb Code   158  clocalset.o(.text)
    menu_localaddr_nochange                  0x0000c423   Thumb Code     2  clocalset.o(.text)
    display_or_reverse                       0x0000c425   Thumb Code    48  clocalset.o(.text)
    Local_Menu                               0x0000c455   Thumb Code   546  clocalset.o(.text)
    menu_wirelessmod_fault                   0x0000c6a9   Thumb Code   156  cmodelfault.o(.text)
    menu_system_query                        0x0000c755   Thumb Code   114  csyscheck.o(.text)
    menu_system_query_compnums               0x0000c7c7   Thumb Code   218  csyscheck.o(.text)
    SysCheck_Menu                            0x0000c8a1   Thumb Code    24  csyscheck.o(.text)
    Menu_complete                            0x0000c8d5   Thumb Code   108  csysreset.o(.text)
    TestSelf_Menu                            0x0000c94d   Thumb Code   108  ctestself.o(.text)
    set_menu_setup                           0x0000c9c5   Thumb Code    76  mainmenu.o(.text)
    set_menu_query                           0x0000ca11   Thumb Code    76  mainmenu.o(.text)
    set_menu_test                            0x0000ca5d   Thumb Code    76  mainmenu.o(.text)
    set_menu_reset                           0x0000caa9   Thumb Code    76  mainmenu.o(.text)
    set_menu_backtodefault                   0x0000caf5   Thumb Code   172  mainmenu.o(.text)
    set_menu_speaker_setup                   0x0000cba1   Thumb Code   152  mainmenu.o(.text)
    Main_Menu                                0x0000cc39   Thumb Code   174  mainmenu.o(.text)
    menu_press_return_toreturn               0x0000cce7   Thumb Code   180  mainmenu.o(.text)
    menu_complete                            0x0000cd9b   Thumb Code    98  mainmenu.o(.text)
    menu_Speaker_Open_Close                  0x0000cdfd   Thumb Code   156  mainmenu.o(.text)
    menu_waiting                             0x0000ce99   Thumb Code   138  mainmenu.o(.text)
    set_menu_local_machine                   0x0000cf3d   Thumb Code   124  setmenu.o(.text)
    set_menu_component_reg                   0x0000cfb9   Thumb Code   124  setmenu.o(.text)
    set_menu_component_setup                 0x0000d035   Thumb Code   124  setmenu.o(.text)
    set_menu_datetime_setup                  0x0000d0b1   Thumb Code   136  setmenu.o(.text)
    set_menu_note                            0x0000d139   Thumb Code    76  setmenu.o(.text)
    set_menu_save_all                        0x0000d185   Thumb Code   124  setmenu.o(.text)
    Set_Menu                                 0x0000d201   Thumb Code    78  setmenu.o(.text)
    CSaveInfo                                0x0000d24f   Thumb Code    66  setmenu.o(.text)
    Set_Menu1                                0x0000d291   Thumb Code    68  setmenu.o(.text)
    show_date_time                           0x0000d2e1   Thumb Code   444  startmenu.o(.text)
    menu_head_title                          0x0000d49d   Thumb Code   204  startmenu.o(.text)
    Start_Menu                               0x0000d569   Thumb Code    20  startmenu.o(.text)
    Test_Menu                                0x0000d591   Thumb Code   300  testmenu.o(.text)
    Test_Menu1                               0x0000d6bd   Thumb Code   160  testmenu.o(.text)
    SetHistFlag                              0x0000d771   Thumb Code     6  cflashparam.o(.text)
    GetHistFlag                              0x0000d777   Thumb Code     6  cflashparam.o(.text)
    get_hist_attr                            0x0000d7f9   Thumb Code    14  cflashparam.o(.text)
    gethistory_isfirealarm                   0x0000d807   Thumb Code    22  cflashparam.o(.text)
    gethistory_isbatlow                      0x0000d81d   Thumb Code    22  cflashparam.o(.text)
    gethistory_isfault                       0x0000d833   Thumb Code    22  cflashparam.o(.text)
    AddPageConter                            0x0000d849   Thumb Code    12  cflashparam.o(.text)
    SetPageConter                            0x0000d855   Thumb Code     6  cflashparam.o(.text)
    GetPageConter                            0x0000d85b   Thumb Code     6  cflashparam.o(.text)
    AddHistConter                            0x0000d861   Thumb Code    12  cflashparam.o(.text)
    GetHistConter                            0x0000d86d   Thumb Code     6  cflashparam.o(.text)
    SetHistConter                            0x0000d873   Thumb Code     6  cflashparam.o(.text)
    setHistFullFlag                          0x0000d879   Thumb Code     6  cflashparam.o(.text)
    getHistFullFlag                          0x0000d87f   Thumb Code     6  cflashparam.o(.text)
    getHistFull                              0x0000d885   Thumb Code    16  cflashparam.o(.text)
    init_basic_info                          0x0000dbe1   Thumb Code    12  cflashparam.o(.text)
    set_basic_info                           0x0000dbed   Thumb Code    22  cflashparam.o(.text)
    get_basic_info                           0x0000dc03   Thumb Code    18  cflashparam.o(.text)
    save_basic_info                          0x0000dc15   Thumb Code    24  cflashparam.o(.text)
    set_basic_nums                           0x0000dc2d   Thumb Code    18  cflashparam.o(.text)
    get_comp_partnumber                      0x0000dc53   Thumb Code    14  cflashparam.o(.text)
    get_basic_nums                           0x0000dc61   Thumb Code    30  cflashparam.o(.text)
    add_basic_nums                           0x0000dc7f   Thumb Code    26  cflashparam.o(.text)
    sub_basic_nums                           0x0000dc99   Thumb Code    24  cflashparam.o(.text)
    set_basic_localaddr                      0x0000dcb1   Thumb Code    14  cflashparam.o(.text)
    set_basic_zones                          0x0000dcbf   Thumb Code    14  cflashparam.o(.text)
    get_basic_localaddr                      0x0000dccd   Thumb Code    24  cflashparam.o(.text)
    get_basic_zones                          0x0000dce5   Thumb Code    10  cflashparam.o(.text)
    init_comp_info                           0x0000dcef   Thumb Code    12  cflashparam.o(.text)
    save_comp_info                           0x0000dcfb   Thumb Code    12  cflashparam.o(.text)
    set_comp_inzone                          0x0000dd1f   Thumb Code    18  cflashparam.o(.text)
    set_comp_partnumber                      0x0000dd31   Thumb Code    18  cflashparam.o(.text)
    set_comp_ciraddr                         0x0000dd43   Thumb Code    18  cflashparam.o(.text)
    set_comp_psn0                            0x0000dd55   Thumb Code    18  cflashparam.o(.text)
    set_comp_psn1                            0x0000dd67   Thumb Code    18  cflashparam.o(.text)
    set_comp_psn2                            0x0000dd79   Thumb Code    18  cflashparam.o(.text)
    set_comp_psn3                            0x0000dd8b   Thumb Code    18  cflashparam.o(.text)
    set_comp_devtype                         0x0000dd9d   Thumb Code    18  cflashparam.o(.text)
    set_comp_all                             0x0000ddaf   Thumb Code    74  cflashparam.o(.text)
    clr_comp_all                             0x0000ddf9   Thumb Code    70  cflashparam.o(.text)
    get_comp_ciraddr                         0x0000de3f   Thumb Code    14  cflashparam.o(.text)
    clr_comp_loop_all                        0x0000de4d   Thumb Code    38  cflashparam.o(.text)
    set_comp_all_and_save                    0x0000de73   Thumb Code    20  cflashparam.o(.text)
    get_comp_inzone                          0x0000de87   Thumb Code    14  cflashparam.o(.text)
    judge_same_ciraddr                       0x0000de95   Thumb Code    40  cflashparam.o(.text)
    get_comp_psn0                            0x0000debd   Thumb Code    14  cflashparam.o(.text)
    get_comp_psn1                            0x0000decb   Thumb Code    14  cflashparam.o(.text)
    get_comp_psn2                            0x0000ded9   Thumb Code    14  cflashparam.o(.text)
    get_comp_psn3                            0x0000dee7   Thumb Code    14  cflashparam.o(.text)
    get_comp_devtype                         0x0000def5   Thumb Code    14  cflashparam.o(.text)
    get_comp_all                             0x0000df03   Thumb Code    72  cflashparam.o(.text)
    init_mask_info                           0x0000df4b   Thumb Code    12  cflashparam.o(.text)
    save_mask_info                           0x0000df57   Thumb Code    12  cflashparam.o(.text)
    set_mask_info                            0x0000df63   Thumb Code    22  cflashparam.o(.text)
    get_mask_info                            0x0000df79   Thumb Code    18  cflashparam.o(.text)
    init_alarm_info                          0x0000df8b   Thumb Code    12  cflashparam.o(.text)
    save_alarm_info                          0x0000df97   Thumb Code    12  cflashparam.o(.text)
    get_alarm_attr                           0x0000dfe1   Thumb Code    14  cflashparam.o(.text)
    get_alarm_alarmed                        0x0000dfef   Thumb Code    14  cflashparam.o(.text)
    judge_alarm_firealarmed                  0x0000dffd   Thumb Code    30  cflashparam.o(.text)
    judge_alarm_faultalarmed                 0x0000e01b   Thumb Code    30  cflashparam.o(.text)
    get_alarm_firstalarm                     0x0000e039   Thumb Code    18  cflashparam.o(.text)
    set_alarm_inzone                         0x0000e04b   Thumb Code    18  cflashparam.o(.text)
    set_alarm_part                           0x0000e05d   Thumb Code    18  cflashparam.o(.text)
    set_alarm_ciraddr                        0x0000e06f   Thumb Code    18  cflashparam.o(.text)
    set_alarm_alarmsum                       0x0000e081   Thumb Code    18  cflashparam.o(.text)
    set_alarm_type                           0x0000e093   Thumb Code    18  cflashparam.o(.text)
    set_alarm_alarmed                        0x0000e0a5   Thumb Code    18  cflashparam.o(.text)
    set_alarm_firstalarm                     0x0000e0b7   Thumb Code    18  cflashparam.o(.text)
    set_alarm_allinfo                        0x0000e0c9   Thumb Code   188  cflashparam.o(.text)
    get_alarm_ciraddr                        0x0000e185   Thumb Code    14  cflashparam.o(.text)
    clr_firealarm                            0x0000e193   Thumb Code    44  cflashparam.o(.text)
    clr_alarm_allinfo                        0x0000e1bf   Thumb Code    16  cflashparam.o(.text)
    set_alarm_allinfo_andsave                0x0000e1cf   Thumb Code    20  cflashparam.o(.text)
    get_alarm_part                           0x0000e1e3   Thumb Code    14  cflashparam.o(.text)
    get_alarm_type                           0x0000e1f1   Thumb Code    14  cflashparam.o(.text)
    get_alarm_allinfo                        0x0000e1ff   Thumb Code   190  cflashparam.o(.text)
    set_alarm_first                          0x0000e2bd   Thumb Code    22  cflashparam.o(.text)
    get_alarm_first                          0x0000e2d3   Thumb Code    14  cflashparam.o(.text)
    get_alarm_firstflag                      0x0000e2e1   Thumb Code    10  cflashparam.o(.text)
    get_alarm_first_part                     0x0000e2eb   Thumb Code    12  cflashparam.o(.text)
    get_firealarm_nums                       0x0000e2f7   Thumb Code    32  cflashparam.o(.text)
    get_alarm_item_bypart                    0x0000e317   Thumb Code    36  cflashparam.o(.text)
    get_faultalarm_nums                      0x0000e33b   Thumb Code    32  cflashparam.o(.text)
    judge_alarm_first                        0x0000e35b   Thumb Code    16  cflashparam.o(.text)
    init_node_info                           0x0000e36b   Thumb Code    12  cflashparam.o(.text)
    save_node_info                           0x0000e377   Thumb Code    12  cflashparam.o(.text)
    set_node_info                            0x0000e383   Thumb Code    24  cflashparam.o(.text)
    set_node_frame1                          0x0000e39b   Thumb Code    18  cflashparam.o(.text)
    set_node_frame2                          0x0000e3ad   Thumb Code    18  cflashparam.o(.text)
    set_node_frame3                          0x0000e3bf   Thumb Code    18  cflashparam.o(.text)
    set_node_cmd1                            0x0000e3d1   Thumb Code    18  cflashparam.o(.text)
    set_node_cmd_rw                          0x0000e3e3   Thumb Code    18  cflashparam.o(.text)
    set_node_devtype                         0x0000e3f5   Thumb Code    18  cflashparam.o(.text)
    set_node_targetaddr                      0x0000e407   Thumb Code    18  cflashparam.o(.text)
    set_node_controllernum                   0x0000e419   Thumb Code    56  cflashparam.o(.text)
    set_node_datalen                         0x0000e451   Thumb Code    18  cflashparam.o(.text)
    set_node_loop                            0x0000e463   Thumb Code    18  cflashparam.o(.text)
    set_node_addr                            0x0000e475   Thumb Code    18  cflashparam.o(.text)
    set_node_hz                              0x0000e487   Thumb Code    32  cflashparam.o(.text)
    set_node_cs                              0x0000e4a7   Thumb Code    32  cflashparam.o(.text)
    set_node_all_info                        0x0000e4c7   Thumb Code   116  cflashparam.o(.text)
    get_node_info                            0x0000e53b   Thumb Code    20  cflashparam.o(.text)
    get_node_row                             0x0000e54f   Thumb Code    42  cflashparam.o(.text)
    save_nodenums_info                       0x0000e579   Thumb Code    12  cflashparam.o(.text)
    get_nodenums                             0x0000e585   Thumb Code    16  cflashparam.o(.text)
    set_nodenums                             0x0000e595   Thumb Code    20  cflashparam.o(.text)
    save_node_and_nodenums                   0x0000e5a9   Thumb Code    26  cflashparam.o(.text)
    init_nodenums_info                       0x0000e5c3   Thumb Code    26  cflashparam.o(.text)
    add_nodenums                             0x0000e5dd   Thumb Code    18  cflashparam.o(.text)
    init_hist_info                           0x0000e5ef   Thumb Code    12  cflashparam.o(.text)
    save_hist_info                           0x0000e5fb   Thumb Code    26  cflashparam.o(.text)
    set_hist_info                            0x0000e615   Thumb Code    30  cflashparam.o(.text)
    clr_hist_info                            0x0000e633   Thumb Code    38  cflashparam.o(.text)
    get_hist_order                           0x0000e659   Thumb Code    14  cflashparam.o(.text)
    get_hist_inzone                          0x0000e667   Thumb Code    14  cflashparam.o(.text)
    get_hist_part                            0x0000e675   Thumb Code    14  cflashparam.o(.text)
    get_hist_circleaddr                      0x0000e683   Thumb Code    14  cflashparam.o(.text)
    get_hist_vAnnRow                         0x0000e691   Thumb Code    14  cflashparam.o(.text)
    get_hist_opstype                         0x0000e69f   Thumb Code    14  cflashparam.o(.text)
    get_hist_devtype                         0x0000e6ad   Thumb Code    14  cflashparam.o(.text)
    get_hist_lastnum                         0x0000e6bb   Thumb Code    14  cflashparam.o(.text)
    get_hist_datetime                        0x0000e6c9   Thumb Code   100  cflashparam.o(.text)
    get_hist_allinfo                         0x0000e72d   Thumb Code    90  cflashparam.o(.text)
    set_hist_allinfo                         0x0000e787   Thumb Code   202  cflashparam.o(.text)
    judge_histnums_full                      0x0000e879   Thumb Code    20  cflashparam.o(.text)
    save_histnums_info                       0x0000e88d   Thumb Code    88  cflashparam.o(.text)
    save_hist_all                            0x0000e8e5   Thumb Code    12  cflashparam.o(.text)
    set_histnum_full                         0x0000e8f1   Thumb Code    12  cflashparam.o(.text)
    init_histnums_info                       0x0000e8fd   Thumb Code   126  cflashparam.o(.text)
    init_hist_and_histnums                   0x0000e97b   Thumb Code    12  cflashparam.o(.text)
    init_histsufix_info                      0x0000e987   Thumb Code    12  cflashparam.o(.text)
    init_flash_all                           0x0000e993   Thumb Code    36  cflashparam.o(.text)
    CheckDepComp                             0x0000e9b7   Thumb Code    56  cflashparam.o(.text)
    GetNum                                   0x0000e9ef   Thumb Code    82  cflashparam.o(.text)
    CAddCirCounter                           0x0000ea41   Thumb Code    12  cflashparam.o(.text)
    CSetCirCounter                           0x0000ea4d   Thumb Code     6  cflashparam.o(.text)
    CGetCirCounter                           0x0000ea53   Thumb Code     6  cflashparam.o(.text)
    GetRow                                   0x0000ea59   Thumb Code    58  cflashparam.o(.text)
    JudgeAlarmType                           0x0000ea93   Thumb Code    36  cflashparam.o(.text)
    JudgeCompAlarmType                       0x0000eab7   Thumb Code    72  cflashparam.o(.text)
    SetDatatoFlash                           0x0000eaff   Thumb Code    18  cflashparam.o(.text)
    GetDatatoFlash                           0x0000eb11   Thumb Code    18  cflashparam.o(.text)
    GetDatatoFlashType                       0x0000eb23   Thumb Code    18  cflashparam.o(.text)
    GetDatatoFlashAlarmType                  0x0000eb35   Thumb Code    18  cflashparam.o(.text)
    SetFlashData                             0x0000eb47   Thumb Code     6  cflashparam.o(.text)
    SetDepCompSum                            0x0000eb4d   Thumb Code     6  cflashparam.o(.text)
    GetDepCompSum                            0x0000eb53   Thumb Code     8  cflashparam.o(.text)
    ReadFlashPsn                             0x0000eb5b   Thumb Code    12  cflashparam.o(.text)
    SetCom0Ann                               0x0000eb67   Thumb Code    12  cflashparam.o(.text)
    SetBaseAddr                              0x0000eb91   Thumb Code     6  cgrapparam.o(.text)
    set_BaseAddr_default                     0x0000eb97   Thumb Code    28  cgrapparam.o(.text)
    AddBaseAddr                              0x0000ebb3   Thumb Code    12  cgrapparam.o(.text)
    SubBaseAddr                              0x0000ebbf   Thumb Code    12  cgrapparam.o(.text)
    GetBaseAddr                              0x0000ebcb   Thumb Code     8  cgrapparam.o(.text)
    AddLocalParaSel                          0x0000ebd3   Thumb Code    12  cgrapparam.o(.text)
    SetLocalParaSel                          0x0000ebdf   Thumb Code     6  cgrapparam.o(.text)
    GetLocalParaSel                          0x0000ebe5   Thumb Code     6  cgrapparam.o(.text)
    Set_department                           0x0000ebeb   Thumb Code     6  cgrapparam.o(.text)
    Add_department                           0x0000ebf1   Thumb Code    12  cgrapparam.o(.text)
    Sub_department                           0x0000ebfd   Thumb Code    12  cgrapparam.o(.text)
    Get_zone_bit                             0x0000ec09   Thumb Code     8  cgrapparam.o(.text)
    Add_department_sel                       0x0000ec11   Thumb Code    12  cgrapparam.o(.text)
    Set_department_sel                       0x0000ec1d   Thumb Code     6  cgrapparam.o(.text)
    Get_zone_bit_sel                         0x0000ec23   Thumb Code     6  cgrapparam.o(.text)
    check_localaddr                          0x0000ec29   Thumb Code    16  cgrapparam.o(.text)
    SetComRegFlag                            0x0000ec39   Thumb Code     8  cgrapparam.o(.text)
    ClrComRegFlag                            0x0000ec41   Thumb Code     8  cgrapparam.o(.text)
    GetComRegFlag                            0x0000ec49   Thumb Code     6  cgrapparam.o(.text)
    AddCompRegParaSel                        0x0000ec4f   Thumb Code    12  cgrapparam.o(.text)
    SetCompRegParaSel                        0x0000ec5b   Thumb Code     6  cgrapparam.o(.text)
    GetCompRegParaSel                        0x0000ec61   Thumb Code     6  cgrapparam.o(.text)
    SetCompRegDep                            0x0000ec67   Thumb Code     6  cgrapparam.o(.text)
    AddCompRegDep                            0x0000ec6d   Thumb Code    12  cgrapparam.o(.text)
    SubCompRegDep                            0x0000ec79   Thumb Code    12  cgrapparam.o(.text)
    GetCompRegDep                            0x0000ec85   Thumb Code     6  cgrapparam.o(.text)
    SetCompRegNum                            0x0000ec8b   Thumb Code     6  cgrapparam.o(.text)
    AddCompRegNum                            0x0000ec91   Thumb Code    12  cgrapparam.o(.text)
    SubCompRegNum                            0x0000ec9d   Thumb Code    12  cgrapparam.o(.text)
    GetCompRegNum                            0x0000eca9   Thumb Code     6  cgrapparam.o(.text)
    SetCompRegAddr                           0x0000ecaf   Thumb Code     6  cgrapparam.o(.text)
    AddCompRegAddr                           0x0000ecb5   Thumb Code    12  cgrapparam.o(.text)
    SubCompRegAddr                           0x0000ecc1   Thumb Code    12  cgrapparam.o(.text)
    GetCompRegAddr                           0x0000eccd   Thumb Code     6  cgrapparam.o(.text)
    AddCompSetDep                            0x0000ecd3   Thumb Code    12  cgrapparam.o(.text)
    SubCompSetDep                            0x0000ecdf   Thumb Code    12  cgrapparam.o(.text)
    GetCompSetDep                            0x0000eceb   Thumb Code     6  cgrapparam.o(.text)
    SetCompSetDep                            0x0000ecf1   Thumb Code     6  cgrapparam.o(.text)
    AddCompSetNum                            0x0000ecf7   Thumb Code    12  cgrapparam.o(.text)
    SubCompSetNum                            0x0000ed03   Thumb Code    12  cgrapparam.o(.text)
    GetCompSetNum                            0x0000ed0f   Thumb Code     6  cgrapparam.o(.text)
    SetCompSetNum                            0x0000ed15   Thumb Code     6  cgrapparam.o(.text)
    SetComSetSelSet                          0x0000ed1b   Thumb Code     6  cgrapparam.o(.text)
    AddComSetSelSet                          0x0000ed21   Thumb Code    12  cgrapparam.o(.text)
    SubComSetSelSet                          0x0000ed2d   Thumb Code    12  cgrapparam.o(.text)
    GetComSetSelSet                          0x0000ed39   Thumb Code     6  cgrapparam.o(.text)
    AddComSet_seltab                         0x0000ed3f   Thumb Code    12  cgrapparam.o(.text)
    SubComSet_seltab                         0x0000ed4b   Thumb Code    12  cgrapparam.o(.text)
    GetComSet_seltab                         0x0000ed57   Thumb Code     6  cgrapparam.o(.text)
    SetComSet_seltab                         0x0000ed5d   Thumb Code     6  cgrapparam.o(.text)
    SetYear                                  0x0000ed63   Thumb Code     6  cgrapparam.o(.text)
    AddYear                                  0x0000ed69   Thumb Code    12  cgrapparam.o(.text)
    SubYear                                  0x0000ed75   Thumb Code    12  cgrapparam.o(.text)
    GetYear                                  0x0000ed81   Thumb Code    34  cgrapparam.o(.text)
    SetMonth                                 0x0000eda3   Thumb Code     6  cgrapparam.o(.text)
    AddMonth                                 0x0000eda9   Thumb Code    12  cgrapparam.o(.text)
    SubMonth                                 0x0000edb5   Thumb Code    12  cgrapparam.o(.text)
    GetMonth                                 0x0000edc1   Thumb Code     6  cgrapparam.o(.text)
    AddDay                                   0x0000edc7   Thumb Code    12  cgrapparam.o(.text)
    SubDay                                   0x0000edd3   Thumb Code    12  cgrapparam.o(.text)
    GetDay                                   0x0000eddf   Thumb Code     6  cgrapparam.o(.text)
    SetDay                                   0x0000ede5   Thumb Code     6  cgrapparam.o(.text)
    SetHour                                  0x0000edeb   Thumb Code     6  cgrapparam.o(.text)
    AddHour                                  0x0000edf1   Thumb Code    12  cgrapparam.o(.text)
    SubHour                                  0x0000edfd   Thumb Code    12  cgrapparam.o(.text)
    GetHour                                  0x0000ee09   Thumb Code     6  cgrapparam.o(.text)
    SetMintue                                0x0000ee0f   Thumb Code     6  cgrapparam.o(.text)
    AddMintue                                0x0000ee15   Thumb Code    12  cgrapparam.o(.text)
    SubMintue                                0x0000ee21   Thumb Code    12  cgrapparam.o(.text)
    GetMintue                                0x0000ee2d   Thumb Code     6  cgrapparam.o(.text)
    SetSecond                                0x0000ee33   Thumb Code     6  cgrapparam.o(.text)
    AddSecond                                0x0000ee39   Thumb Code    12  cgrapparam.o(.text)
    SubSecond                                0x0000ee45   Thumb Code    12  cgrapparam.o(.text)
    GetSecond                                0x0000ee51   Thumb Code     6  cgrapparam.o(.text)
    SetSelTime                               0x0000ee57   Thumb Code     6  cgrapparam.o(.text)
    AddSelTime                               0x0000ee5d   Thumb Code    12  cgrapparam.o(.text)
    GetSelTime                               0x0000ee69   Thumb Code     6  cgrapparam.o(.text)
    SetAnnDep                                0x0000ee6f   Thumb Code     6  cgrapparam.o(.text)
    AddAnnDep                                0x0000ee75   Thumb Code    12  cgrapparam.o(.text)
    SubAnnDep                                0x0000ee81   Thumb Code    12  cgrapparam.o(.text)
    GetAnnDep                                0x0000ee8d   Thumb Code     6  cgrapparam.o(.text)
    SetAnnCompNum                            0x0000ee93   Thumb Code     6  cgrapparam.o(.text)
    AddAnnCompNum                            0x0000ee99   Thumb Code    12  cgrapparam.o(.text)
    SubAnnCompNum                            0x0000eea5   Thumb Code    12  cgrapparam.o(.text)
    GetAnnCompNum                            0x0000eeb1   Thumb Code     6  cgrapparam.o(.text)
    SetAnnSel                                0x0000eeb7   Thumb Code     6  cgrapparam.o(.text)
    AddAnnSel                                0x0000eebd   Thumb Code    12  cgrapparam.o(.text)
    GetAnnSel                                0x0000eec9   Thumb Code     6  cgrapparam.o(.text)
    AddSysCheckDep                           0x0000eecf   Thumb Code    12  cgrapparam.o(.text)
    SubSysCheckDep                           0x0000eedb   Thumb Code    12  cgrapparam.o(.text)
    SetSysCheckDep                           0x0000eee7   Thumb Code     6  cgrapparam.o(.text)
    GetSysCheckDep                           0x0000eeed   Thumb Code     6  cgrapparam.o(.text)
    AddStatusDep                             0x0000eef3   Thumb Code    12  cgrapparam.o(.text)
    SubStatusDep                             0x0000eeff   Thumb Code    12  cgrapparam.o(.text)
    SetStatusDep                             0x0000ef0b   Thumb Code     6  cgrapparam.o(.text)
    GetStatusDep                             0x0000ef11   Thumb Code     6  cgrapparam.o(.text)
    AddStatusComp                            0x0000ef17   Thumb Code    12  cgrapparam.o(.text)
    SubStatusComp                            0x0000ef23   Thumb Code    12  cgrapparam.o(.text)
    SetStatusComp                            0x0000ef2f   Thumb Code     6  cgrapparam.o(.text)
    GetStatusComp                            0x0000ef35   Thumb Code     6  cgrapparam.o(.text)
    AddStatusFlag                            0x0000ef3b   Thumb Code    12  cgrapparam.o(.text)
    SetStatusFlag                            0x0000ef47   Thumb Code     6  cgrapparam.o(.text)
    GetStatusFlag                            0x0000ef4d   Thumb Code     6  cgrapparam.o(.text)
    AddIntenDep                              0x0000ef53   Thumb Code    12  cgrapparam.o(.text)
    SubIntenDep                              0x0000ef5f   Thumb Code    12  cgrapparam.o(.text)
    SetIntenDep                              0x0000ef6b   Thumb Code   118  cgrapparam.o(.text)
    GetIntenDep                              0x0000efe1   Thumb Code     6  cgrapparam.o(.text)
    AddIntenComp                             0x0000efe7   Thumb Code    12  cgrapparam.o(.text)
    SubIntenComp                             0x0000eff3   Thumb Code    12  cgrapparam.o(.text)
    SetIntenComp                             0x0000efff   Thumb Code     6  cgrapparam.o(.text)
    GetIntenComp                             0x0000f005   Thumb Code     6  cgrapparam.o(.text)
    AddIntenFlag                             0x0000f00b   Thumb Code    12  cgrapparam.o(.text)
    SetIntenFlag                             0x0000f017   Thumb Code     6  cgrapparam.o(.text)
    GetIntenFlag                             0x0000f01d   Thumb Code     6  cgrapparam.o(.text)
    State_0mA                                0x0000f031   Thumb Code    14  csetcurrent.o(.text)
    State_6mA                                0x0000f03f   Thumb Code    24  csetcurrent.o(.text)
    State_20mA                               0x0000f057   Thumb Code    14  csetcurrent.o(.text)
    get_loopLD_state                         0x0000f065   Thumb Code    10  csetcurrent.o(.text)
    clrbuf                                   0x0000f06f   Thumb Code    18  csetcurrent.o(.text)
    printbuf                                 0x0000f081   Thumb Code    32  csetcurrent.o(.text)
    clr_loop_LD_counter                      0x0000f0a1   Thumb Code    28  csetcurrent.o(.text)
    get_loop_LD_counter                      0x0000f0bd   Thumb Code     6  csetcurrent.o(.text)
    add_loop_LD_counter                      0x0000f0c3   Thumb Code    12  csetcurrent.o(.text)
    loop_LD_state                            0x0000f0cf   Thumb Code    38  csetcurrent.o(.text)
    set_print                                0x0000f0f5   Thumb Code     8  csetcurrent.o(.text)
    get_print                                0x0000f0fd   Thumb Code     6  csetcurrent.o(.text)
    clr_print                                0x0000f103   Thumb Code     8  csetcurrent.o(.text)
    state_loopld_printf                      0x0000f10b   Thumb Code    40  csetcurrent.o(.text)
    __aeabi_memcpy                           0x0000f169   Thumb Code     0  rt_memcpy_v6.o(.text)
    __rt_memcpy                              0x0000f169   Thumb Code   138  rt_memcpy_v6.o(.text)
    _memcpy_lastbytes                        0x0000f1cf   Thumb Code     0  rt_memcpy_v6.o(.text)
    __aeabi_memcpy4                          0x0000f1f3   Thumb Code     0  rt_memcpy_w.o(.text)
    __aeabi_memcpy8                          0x0000f1f3   Thumb Code     0  rt_memcpy_w.o(.text)
    __rt_memcpy_w                            0x0000f1f3   Thumb Code   100  rt_memcpy_w.o(.text)
    _memcpy_lastbytes_aligned                0x0000f23b   Thumb Code     0  rt_memcpy_w.o(.text)
    __aeabi_memclr                           0x0000f257   Thumb Code     0  rt_memclr.o(.text)
    __rt_memclr                              0x0000f257   Thumb Code    68  rt_memclr.o(.text)
    _memset                                  0x0000f25b   Thumb Code     0  rt_memclr.o(.text)
    __aeabi_memclr4                          0x0000f29b   Thumb Code     0  rt_memclr_w.o(.text)
    __aeabi_memclr8                          0x0000f29b   Thumb Code     0  rt_memclr_w.o(.text)
    __rt_memclr_w                            0x0000f29b   Thumb Code    78  rt_memclr_w.o(.text)
    _memset_w                                0x0000f29f   Thumb Code     0  rt_memclr_w.o(.text)
    __user_setup_stackheap                   0x0000f2e9   Thumb Code    74  sys_stackheap_outer.o(.text)
    __user_libspace                          0x0000f335   Thumb Code     8  libspace.o(.text)
    __user_perproc_libspace                  0x0000f335   Thumb Code     0  libspace.o(.text)
    __user_perthread_libspace                0x0000f335   Thumb Code     0  libspace.o(.text)
    __rt_fp_status_addr                      0x0000f33d   Thumb Code     8  rt_fp_status_addr_intlibspace.o(.text)
    _sys_exit                                0x0000f345   Thumb Code     8  sys_exit.o(.text)
    __semihosting_library_function           0x0000f351   Thumb Code     0  indicate_semi.o(.text)
    _fp_init                                 0x0000f351   Thumb Code    14  fpinit.o(x$fpl$fpinit)
    __fplib_config_pureend_doubles           0x0000f35d   Thumb Code     0  fpinit.o(x$fpl$fpinit)
    GB2312Hzk                                0x0000f35e   Data          64  lcd.o(.constdata)
    acASC8x16                                0x0000f39e   Data        3104  lcd.o(.constdata)
    acHZK16F                                 0x0000ffbe   Data       262176  lcd.o(.constdata)
    fault_restore_cfg                        0x0004ffde   Data           2  ccomhandle.o(.constdata)
    Region$$Table$$Base                      0x00050024   Number         0  anon$$obj.o(Region$$Table)
    Region$$Table$$Limit                     0x00050044   Number         0  anon$$obj.o(Region$$Table)
    SystemFrequency                          0x10000000   Data           4  system_lpc17xx.o(.data)
    msTicks                                  0x10000004   Data           4  delay.o(.data)
    I2C_sla                                  0x10000008   Data           1  i2c.o(.data)
    I2C_suba                                 0x1000000c   Data           4  i2c.o(.data)
    I2C_suba_num                             0x10000010   Data           1  i2c.o(.data)
    I2C_buf                                  0x10000014   Data           4  i2c.o(.data)
    I2C_num                                  0x10000018   Data           4  i2c.o(.data)
    I2C_end                                  0x1000001c   Data           1  i2c.o(.data)
    I2C_suba_en                              0x1000001d   Data           1  i2c.o(.data)
    tp3                                      0x1000001e   Data           2  uart.o(.data)
    tp4                                      0x10000020   Data           2  uart.o(.data)
    Save_Ann_flag                            0x10000022   Data           1  uart.o(.data)
    tp                                       0x10000023   Data           1  uart.o(.data)
    tp1                                      0x10000024   Data           1  uart.o(.data)
    tp2                                      0x10000025   Data           1  uart.o(.data)
    vAnnCounter                              0x10000026   Data           1  uart.o(.data)
    hanzi                                    0x10000028   Data           2  uart.o(.data)
    vTimeTickCounter                         0x1000002c   Data           1  ctime.o(.data)
    vHeartTick                               0x10000030   Data           4  ctime.o(.data)
    vSpeakerTick                             0x10000034   Data           2  ctime.o(.data)
    vLedFlag                                 0x10000038   Data           4  ctime.o(.data)
    vScreenMaskFlag                          0x1000003c   Data           4  ctime.o(.data)
    vCurTime0Def                             0x10000044   Data           4  ctimedef.o(.data)
    vTimer0Counter                           0x10000048   Data           4  ctimedef.o(.data)
    vTimerRisingCounter                      0x1000004c   Data           4  ctimedef.o(.data)
    vTimer0Wait2msCounter                    0x10000050   Data           4  ctimedef.o(.data)
    vWait2msState                            0x10000054   Data           1  ctimedef.o(.data)
    vWaittoRun                               0x10000068   Data           4  ctimedef.o(.data)
    pwm1startflag                            0x1000006c   Data           1  pwm.o(.data)
    match_counter1                           0x10000070   Data           4  pwm.o(.data)
    Extint1_flag                             0x10000074   Data           1  extint.o(.data)
    Extint3_flag                             0x10000075   Data           1  extint.o(.data)
    fallingcount                             0x10000078   Data           4  extint.o(.data)
    vriseingcount                            0x1000007c   Data           4  extint.o(.data)
    shu                                      0x10000080   Data         288  lcd.o(.data)
    Hzk1                                     0x100001a0   Data         880  lcd.o(.data)
    TimeAndDate                              0x10000510   Data           8  pcf8563.o(.data)
    vBackValue                               0x10000518   Data           1  key.o(.data)
    Convertdata                              0x1000051c   Data           6  ccomhandle.o(.data)
    Flag195                                  0x10000522   Data           1  ccomhandle.o(.data)
    FirstAlarm_Flag                          0x10000523   Data           1  ccomhandle.o(.data)
    AlarmSum                                 0x10000524   Data           3  ccomhandle.o(.data)
    CheckInfoFlag                            0x10000527   Data           3  ccomhandle.o(.data)
    com1Count                                0x1000052a   Data           1  ccomhandle.o(.data)
    reset_fault_flag                         0x1000052b   Data           1  ccomhandle.o(.data)
    reset_batt_flag                          0x1000052c   Data           1  ccomhandle.o(.data)
    Address_Counter                          0x1000052d   Data           1  ccomhandle.o(.data)
    vdisplay_alarm                           0x1000052e   Data           5  ccomhandle.o(.data)
    vDispaly_alarm_flag                      0x10000533   Data           1  ccomhandle.o(.data)
    UartClrflag                              0x10000534   Data           1  ccomhandle.o(.data)
    UartClrLen                               0x10000535   Data           1  ccomhandle.o(.data)
    DefAddrEn                                0x10000536   Data           1  ccomhandle.o(.data)
    UartSendLen                              0x10000537   Data           1  ccomhandle.o(.data)
    pTxbuf                                   0x10000538   Data           4  ccomhandle.o(.data)
    MasterAddr                               0x1000053c   Data           1  ccomhandle.o(.data)
    valarmtime                               0x1000053e   Data           8  ccomhandle.o(.data)
    alarm_date                               0x10000546   Data           8  ccomhandle.o(.data)
    pdUartSend                               0x10000550   Data           4  ccomhandle.o(.data)
    pdUartRcv                                0x10000554   Data           4  ccomhandle.o(.data)
    FlashInfo                                0x10000558   Data           2  ccomhandle.o(.data)
    compreg                                  0x1000055a   Data           8  ccomhandle.o(.data)
    dataHeart                                0x10000564   Data           2  ccompara.o(.data)
    dataCount                                0x10000566   Data           1  ccompara.o(.data)
    temp                                     0x10000567   Data           1  ccompara.o(.data)
    vBattLowSum                              0x10000568   Data           4  ccompara.o(.data)
    vBrokenSum                               0x1000056c   Data           4  ccompara.o(.data)
    vCom0Count                               0x10000570   Data           1  ccompara.o(.data)
    vHeartFaultFlag                          0x10000571   Data           1  ccompara.o(.data)
    vAlarmFlag                               0x10000572   Data           2  ccompara.o(.data)
    FirstAlarm_Addr                          0x10000574   Data           2  ccompara.o(.data)
    vAlarmInfoFlag                           0x10000576   Data           1  ccompara.o(.data)
    AlarmFlag                                0x10000577   Data           4  ccompara.o(.data)
    vReleaseFlag                             0x1000057b   Data           1  ccompara.o(.data)
    vFlag_195                                0x1000057c   Data           1  ccompara.o(.data)
    vCirAddrCurrent                          0x1000057d   Data           1  ccompara.o(.data)
    vFlagLed                                 0x1000057e   Data           1  ccompara.o(.data)
    RisingCount                              0x10000580   Data           4  caddresscount.o(.data)
    circuit_counter                          0x10000584   Data           4  caddresscount.o(.data)
    vCirAddrv                                0x10000588   Data           1  caddresscount.o(.data)
    syn_flag                                 0x10000589   Data           1  caddresscount.o(.data)
    fireflag                                 0x1000058a   Data           2  caddresscount.o(.data)
    alarm_circuit_flag                       0x1000058c   Data           1  caddresscount.o(.data)
    xialasignal                              0x1000058d   Data           1  caddresscount.o(.data)
    weixialasignal                           0x1000058e   Data           1  caddresscount.o(.data)
    vCounter                                 0x10000590   Data           3  ckeycounter.o(.data)
    vGrapCounter                             0x10000593   Data           1  ckeycounter.o(.data)
    vSelMenu_flag                            0x10000594   Data           1  ckeycounter.o(.data)
    vPasswordFlag                            0x10000595   Data           1  ckeycounter.o(.data)
    vHisCountDown                            0x10000598   Data           4  ctaskdown.o(.data)
    vHistCount                               0x1000059c   Data           4  ctaskdown.o(.data)
    menu_in_setuplocaladdr                   0x100005a0   Data           1  ctasksure.o(.data)
    vMaskCount                               0x100005a1   Data           1  ctasksure.o(.data)
    vmaskflag                                0x100005a2   Data           1  ctasksure.o(.data)
    vAnnUartFlag                             0x100005a3   Data           1  ctasksure.o(.data)
    vZjFlag                                  0x100005a4   Data           1  ctasksure.o(.data)
    vSpeaker_Counter                         0x100005a5   Data           1  ctasksure.o(.data)
    enter_flag                               0x100005a6   Data           1  ctasksure.o(.data)
    timedate                                 0x100005a8   Data           8  ctasksure.o(.data)
    loopflag                                 0x100005b0   Data           1  runfunction.o(.data)
    vCounterLed                              0x100005b1   Data           1  runfunction.o(.data)
    HeartTaskFlag                            0x100005b2   Data           1  runfunction.o(.data)
    csflag                                   0x100005b3   Data           1  runfunction.o(.data)
    TickCounter                              0x100005b4   Data           1  runfunction.o(.data)
    vHeartLostFlag                           0x100005b5   Data           1  runfunction.o(.data)
    vMaskScreen                              0x100005b6   Data           1  runfunction.o(.data)
    alarm_display_counter                    0x100005b7   Data           1  runfunction.o(.data)
    record_alarmnum                          0x100005b8   Data           1  runfunction.o(.data)
    alarm_newest_pos                         0x100005ba   Data           1  runfunction.o(.data)
    his_pos                                  0x100005be   Data           2  runfunction.o(.data)
    vRunLedCount                             0x100005c2   Data           1  crunctrl.o(.data)
    m_SysRunFlag                             0x100005c4   Data           4  csysrunflag.o(.data)
    m_LpCkFlag                               0x100005d8   Data           4  clpckctrl.o(.data)
    m_LpScanFlag                             0x100005dc   Data           4  clpscanctrl.o(.data)
    vPWM1Time                                0x100005e0   Data           2  ctimectrl.o(.data)
    vPWM1StopFlag                            0x100005e2   Data           1  ctimectrl.o(.data)
    bufcounter                               0x100005f4   Data           1  ctimectrl.o(.data)
    vRun1s                                   0x100005f5   Data           1  ctimectrl.o(.data)
    vRunTime0                                0x100005f6   Data           2  ctimectrl.o(.data)
    vRunTime1                                0x100005f8   Data           2  ctimectrl.o(.data)
    mRunTime0                                0x100005fa   Data           2  ctimectrl.o(.data)
    vPIT0Run                                 0x100005fc   Data           1  ctimectrl.o(.data)
    vPIT1Run                                 0x100005fd   Data           1  ctimectrl.o(.data)
    vRunValue                                0x10000600   Data           4  ctimectrl.o(.data)
    vRunToIap                                0x10000604   Data           1  ctimectrl.o(.data)
    vInten_Flag                              0x10000606   Data           1  ccompinten.o(.data)
    hz                                       0x1000065b   Data          33  setmenu.o(.data)
    vCirCounter                              0x1000067c   Data           1  cflashparam.o(.data)
    vHisCounter                              0x1000067e   Data           2  cflashparam.o(.data)
    vHistFlag                                0x10000680   Data           1  cflashparam.o(.data)
    vPageCounter                             0x10000681   Data           1  cflashparam.o(.data)
    AlarmInfo                                0x10000682   Data         936  cflashparam.o(.data)
    data_note                                0x10000a2a   Data           2  cflashparam.o(.data)
    vHisC                                    0x10000a2d   Data           3  cflashparam.o(.data)
    flash_record                             0x10000a30   Data         400  cflashparam.o(.data)
    basic_record                             0x10000bc0   Data           4  cflashparam.o(.data)
    comp_record                              0x10000bc4   Data           4  cflashparam.o(.data)
    mask_record                              0x10000bc8   Data           4  cflashparam.o(.data)
    alarm_record                             0x10000bcc   Data           4  cflashparam.o(.data)
    node_record                              0x10000bd0   Data           4  cflashparam.o(.data)
    nodenums_record                          0x10000bd4   Data           4  cflashparam.o(.data)
    hist_record                              0x10000bd8   Data           4  cflashparam.o(.data)
    histnums_record                          0x10000bdc   Data           4  cflashparam.o(.data)
    histsufix_record                         0x10000be0   Data           4  cflashparam.o(.data)
    vLocalAddress                            0x10000bec   Data           3  cgrapparam.o(.data)
    vLocalParaSel                            0x10000bef   Data           1  cgrapparam.o(.data)
    department                               0x10000bf0   Data           3  cgrapparam.o(.data)
    department_sum                           0x10000bf3   Data           1  cgrapparam.o(.data)
    department_sel                           0x10000bf4   Data           1  cgrapparam.o(.data)
    vComRegFlag                              0x10000bf5   Data           1  cgrapparam.o(.data)
    vCompRegDep                              0x10000bf6   Data           2  cgrapparam.o(.data)
    vCompRegNum                              0x10000bf8   Data           2  cgrapparam.o(.data)
    vCompRegAddr                             0x10000bfa   Data           1  cgrapparam.o(.data)
    vCompRegParaSel                          0x10000bfb   Data           1  cgrapparam.o(.data)
    vCompSetDep                              0x10000bfc   Data           2  cgrapparam.o(.data)
    vCompSetNum                              0x10000bfe   Data           2  cgrapparam.o(.data)
    vComSetSelSet                            0x10000c00   Data           1  cgrapparam.o(.data)
    vComSetSel                               0x10000c01   Data           1  cgrapparam.o(.data)
    vYear                                    0x10000c02   Data           2  cgrapparam.o(.data)
    vMonth                                   0x10000c04   Data           2  cgrapparam.o(.data)
    vDay                                     0x10000c06   Data           2  cgrapparam.o(.data)
    vHour                                    0x10000c08   Data           2  cgrapparam.o(.data)
    vMintue                                  0x10000c0a   Data           2  cgrapparam.o(.data)
    vSecond                                  0x10000c0c   Data           2  cgrapparam.o(.data)
    vSelTime                                 0x10000c0e   Data           1  cgrapparam.o(.data)
    vAnnDep                                  0x10000c10   Data           2  cgrapparam.o(.data)
    vAnnCompNum                              0x10000c12   Data           2  cgrapparam.o(.data)
    vAnnSel                                  0x10000c14   Data           1  cgrapparam.o(.data)
    vSysCheckDep                             0x10000c15   Data           1  cgrapparam.o(.data)
    vStatusDep                               0x10000c16   Data           1  cgrapparam.o(.data)
    vStatusComp                              0x10000c17   Data           1  cgrapparam.o(.data)
    vStatusFlag                              0x10000c18   Data           1  cgrapparam.o(.data)
    vIntenDep                                0x10000c19   Data           1  cgrapparam.o(.data)
    vIntenComp                               0x10000c1a   Data           1  cgrapparam.o(.data)
    vIntenFlag                               0x10000c1b   Data           1  cgrapparam.o(.data)
    loop_LD_counter                          0x10000c1c   Data           1  csetcurrent.o(.data)
    printflag                                0x10000c1d   Data           1  csetcurrent.o(.data)
    testann                                  0x10000c20   Data        2000  uart.o(.bss)
    testann1                                 0x100013f0   Data          10  uart.o(.bss)
    data0                                    0x100013fa   Data           9  uart.o(.bss)
    data2                                    0x10001403   Data        2805  uart.o(.bss)
    data3                                    0x10001ef8   Data          12  uart.o(.bss)
    vKeyCounter                              0x10001f04   Data          24  key.o(.bss)
    UartRxbuf                                0x10001f1c   Data           9  ccomhandle.o(.bss)
    UartTxbuf                                0x10001f25   Data           9  ccomhandle.o(.bss)
    Rxdata                                   0x10001f2e   Data           9  ccomhandle.o(.bss)
    histinfo                                 0x10001f38   Data          18  ccomhandle.o(.bss)
    alarm_info                               0x10001f4a   Data          18  ccomhandle.o(.bss)
    data                                     0x10001f5c   Data         180  ccompara.o(.bss)
    data1                                    0x10002010   Data          10  ccompara.o(.bss)
    vCom0Data                                0x1000201a   Data          20  ccompara.o(.bss)
    vCirAlarmData                            0x1000202e   Data          50  ccompara.o(.bss)
    Send195                                  0x10002060   Data          15  csendto195.o(.bss)
    setupinfo                                0x10002070   Data          18  ctasksure.o(.bss)
    alarmpart                                0x10002082   Data          51  runfunction.o(.bss)
    menu_alarm_info                          0x100020b6   Data          18  runfunction.o(.bss)
    alarm_info_loop                          0x100020c8   Data          18  runfunction.o(.bss)
    m_LpAnsFlag                              0x100020da   Data          10  clpansctrl.o(.bss)
    m_NodeInfo                               0x100020e4   Data        1020  cnodeinfo.o(.bss)
    vGetDatatoFlash                          0x100024e0   Data         663  cflashparam.o(.bss)
    vGetDepNum                               0x10002777   Data          51  cflashparam.o(.bss)
    vReadFlashData                           0x100027aa   Data          16  cflashparam.o(.bss)
    vGetPsn                                  0x100027ba   Data         408  cflashparam.o(.bss)
    FlashData                                0x10002952   Data         765  cflashparam.o(.bss)
    vGetCom0Ann                              0x10002c50   Data        1600  cflashparam.o(.bss)
    vHistSufixInfo                           0x10003290   Data          10  cflashparam.o(.bss)
    BaseInfoF                                0x1000329a   Data         256  cflashparam.o(.bss)
    vSendPSNToFlash                          0x1000339a   Data         408  cflashparam.o(.bss)
    vMaskPSN                                 0x10003532   Data          51  cflashparam.o(.bss)
    vHisList                                 0x10003565   Data       17017  cflashparam.o(.bss)
    state_loopLD                             0x100077de   Data          10  csetcurrent.o(.bss)
    __libspace_start                         0x100077e8   Data          96  libspace.o(.bss)
    __temporary_stack_top$libspace           0x10007848   Data           0  libspace.o(.bss)



==============================================================================

Memory Map of the image

  Image Entry point : 0x000000cd

  Load Region LR_IROM1 (Base: 0x00000000, Size: 0x00050c64, Max: 0x00080000, ABSOLUTE, COMPRESSED[0x00050418])

    Execution Region ER_IROM1 (Base: 0x00000000, Size: 0x00050044, Max: 0x00080000, ABSOLUTE)

    Base Addr    Size         Type   Attr      Idx    E Section Name        Object

    0x00000000   0x000000cc   Data   RO            3    RESET               startup_lpc17xx.o
    0x000000cc   0x00000008   Code   RO         1367  * !!!main             c_w.l(__main.o)
    0x000000d4   0x00000034   Code   RO         1526    !!!scatter          c_w.l(__scatter.o)
    0x00000108   0x0000005a   Code   RO         1524    !!dczerorl2         c_w.l(__dczerorl2.o)
    0x00000162   0x00000002   PAD
    0x00000164   0x0000001c   Code   RO         1528    !!handler_zi        c_w.l(__scatter_zi.o)
    0x00000180   0x00000006   Code   RO         1394    .ARM.Collect$$libinit$$00000000  c_w.l(libinit.o)
    0x00000186   0x00000000   Code   RO         1402    .ARM.Collect$$libinit$$00000006  c_w.l(libinit2.o)
    0x00000186   0x00000000   Code   RO         1404    .ARM.Collect$$libinit$$00000008  c_w.l(libinit2.o)
    0x00000186   0x00000000   Code   RO         1406    .ARM.Collect$$libinit$$0000000A  c_w.l(libinit2.o)
    0x00000186   0x00000000   Code   RO         1409    .ARM.Collect$$libinit$$0000000D  c_w.l(libinit2.o)
    0x00000186   0x00000000   Code   RO         1411    .ARM.Collect$$libinit$$0000000F  c_w.l(libinit2.o)
    0x00000186   0x00000000   Code   RO         1413    .ARM.Collect$$libinit$$00000011  c_w.l(libinit2.o)
    0x00000186   0x00000000   Code   RO         1415    .ARM.Collect$$libinit$$00000013  c_w.l(libinit2.o)
    0x00000186   0x00000000   Code   RO         1417    .ARM.Collect$$libinit$$00000015  c_w.l(libinit2.o)
    0x00000186   0x00000000   Code   RO         1419    .ARM.Collect$$libinit$$00000017  c_w.l(libinit2.o)
    0x00000186   0x00000000   Code   RO         1421    .ARM.Collect$$libinit$$00000019  c_w.l(libinit2.o)
    0x00000186   0x00000000   Code   RO         1423    .ARM.Collect$$libinit$$0000001B  c_w.l(libinit2.o)
    0x00000186   0x00000000   Code   RO         1425    .ARM.Collect$$libinit$$0000001D  c_w.l(libinit2.o)
    0x00000186   0x00000000   Code   RO         1427    .ARM.Collect$$libinit$$0000001F  c_w.l(libinit2.o)
    0x00000186   0x00000000   Code   RO         1429    .ARM.Collect$$libinit$$00000021  c_w.l(libinit2.o)
    0x00000186   0x00000000   Code   RO         1433    .ARM.Collect$$libinit$$00000028  c_w.l(libinit2.o)
    0x00000186   0x00000000   Code   RO         1435    .ARM.Collect$$libinit$$0000002A  c_w.l(libinit2.o)
    0x00000186   0x00000000   Code   RO         1437    .ARM.Collect$$libinit$$0000002C  c_w.l(libinit2.o)
    0x00000186   0x00000000   Code   RO         1439    .ARM.Collect$$libinit$$0000002E  c_w.l(libinit2.o)
    0x00000186   0x00000002   Code   RO         1440    .ARM.Collect$$libinit$$0000002F  c_w.l(libinit2.o)
    0x00000188   0x00000002   Code   RO         1465    .ARM.Collect$$libshutdown$$00000000  c_w.l(libshutdown.o)
    0x0000018a   0x00000000   Code   RO         1479    .ARM.Collect$$libshutdown$$00000003  c_w.l(libshutdown2.o)
    0x0000018a   0x00000000   Code   RO         1482    .ARM.Collect$$libshutdown$$00000006  c_w.l(libshutdown2.o)
    0x0000018a   0x00000000   Code   RO         1485    .ARM.Collect$$libshutdown$$00000009  c_w.l(libshutdown2.o)
    0x0000018a   0x00000000   Code   RO         1487    .ARM.Collect$$libshutdown$$0000000B  c_w.l(libshutdown2.o)
    0x0000018a   0x00000000   Code   RO         1490    .ARM.Collect$$libshutdown$$0000000E  c_w.l(libshutdown2.o)
    0x0000018a   0x00000002   Code   RO         1491    .ARM.Collect$$libshutdown$$0000000F  c_w.l(libshutdown2.o)
    0x0000018c   0x00000000   Code   RO         1369    .ARM.Collect$$rtentry$$00000000  c_w.l(rtentry.o)
    0x0000018c   0x00000000   Code   RO         1371    .ARM.Collect$$rtentry$$00000002  c_w.l(rtentry2.o)
    0x0000018c   0x00000006   Code   RO         1383    .ARM.Collect$$rtentry$$00000004  c_w.l(rtentry4.o)
    0x00000192   0x00000000   Code   RO         1373    .ARM.Collect$$rtentry$$00000009  c_w.l(rtentry2.o)
    0x00000192   0x00000004   Code   RO         1374    .ARM.Collect$$rtentry$$0000000A  c_w.l(rtentry2.o)
    0x00000196   0x00000000   Code   RO         1376    .ARM.Collect$$rtentry$$0000000C  c_w.l(rtentry2.o)
    0x00000196   0x00000008   Code   RO         1377    .ARM.Collect$$rtentry$$0000000D  c_w.l(rtentry2.o)
    0x0000019e   0x00000002   Code   RO         1398    .ARM.Collect$$rtexit$$00000000  c_w.l(rtexit.o)
    0x000001a0   0x00000000   Code   RO         1444    .ARM.Collect$$rtexit$$00000002  c_w.l(rtexit2.o)
    0x000001a0   0x00000004   Code   RO         1445    .ARM.Collect$$rtexit$$00000003  c_w.l(rtexit2.o)
    0x000001a4   0x00000006   Code   RO         1446    .ARM.Collect$$rtexit$$00000004  c_w.l(rtexit2.o)
    0x000001aa   0x00000002   PAD
    0x000001ac   0x0000003c   Code   RO            5    .text               startup_lpc17xx.o
    0x000001e8   0x00000040   Code   RO           51    .text               main.o
    0x00000228   0x0000003c   Code   RO          172    .text               delay.o
    0x00000264   0x00000070   Code   RO          508    .text               crelay.o
    0x000002d4   0x00000014   Code   RO         1293    .text               cintstend.o
    0x000002e8   0x00000006   Code   RO         1365    .text               c_w.l(heapauxi.o)
    0x000002ee   0x0000000c   Code   RO         1387    .text               c_w.l(exit.o)
    0x000002fa   0x00000002   Code   RO         1468    .text               c_w.l(use_no_semi.o)
    0x000002fc   0x00000004   Code   RO            4    .ARM.__at_0x02FC    startup_lpc17xx.o
    0x00000300   0x00000234   Code   RO           27    .text               system_lpc17xx.o
    0x00000534   0x000005ac   Code   RO          157    .text               ssp.o
    0x00000ae0   0x000004d0   Code   RO          199    .text               i2c.o
    0x00000fb0   0x000007fc   Code   RO          229    .text               uart.o
    0x000017ac   0x000001d0   Code   RO          291    .text               gpioinit.o
    0x0000197c   0x000003e4   Code   RO          306    .text               ctime.o
    0x00001d60   0x00000170   Code   RO          342    .text               ctimedef.o
    0x00001ed0   0x00000130   Code   RO          360    .text               pwm.o
    0x00002000   0x0000021c   Code   RO          381    .text               extint.o
    0x0000221c   0x000000e0   Code   RO          405    .text               cgpioirq.o
    0x000022fc   0x000008a8   Code   RO          423    .text               lcd.o
    0x00002ba4   0x000005ac   Code   RO          453    .text               pcf8563.o
    0x00003150   0x000001a4   Code   RO          474    .text               key.o
    0x000032f4   0x000001a4   Code   RO          496    .text               cled.o
    0x00003498   0x00000d78   Code   RO          520    .text               ccomhandle.o
    0x00004210   0x0000042c   Code   RO          574    .text               ccompara.o
    0x0000463c   0x00000168   Code   RO          602    .text               caddresscount.o
    0x000047a4   0x0000008c   Code   RO          618    .text               csendto195.o
    0x00004830   0x000000e2   Code   RO          633    .text               cgetgrap.o
    0x00004912   0x00000002   PAD
    0x00004914   0x000000d8   Code   RO          645    .text               ckeycounter.o
    0x000049ec   0x00000676   Code   RO          663    .text               ctaskdown.o
    0x00005062   0x00000002   PAD
    0x00005064   0x000001c0   Code   RO          682    .text               ctaskreturn.o
    0x00005224   0x00001372   Code   RO          700    .text               ctasksure.o
    0x00006596   0x00000002   PAD
    0x00006598   0x00000696   Code   RO          726    .text               ctaskup.o
    0x00006c2e   0x00000002   PAD
    0x00006c30   0x0000080c   Code   RO          739    .text               runfunction.o
    0x0000743c   0x000004b4   Code   RO          762    .text               tasklist.o
    0x000078f0   0x000001cc   Code   RO          798    .text               crunctrl.o
    0x00007abc   0x000001a0   Code   RO          822    .text               csysrunflag.o
    0x00007c5c   0x000000c8   Code   RO          840    .text               clpansctrl.o
    0x00007d24   0x00000150   Code   RO          859    .text               clpckctrl.o
    0x00007e74   0x000001f8   Code   RO          877    .text               clpscanctrl.o
    0x0000806c   0x0000036c   Code   RO          895    .text               ctimectrl.o
    0x000083d8   0x00000200   Code   RO          920    .text               cnodeinfo.o
    0x000085d8   0x000002e8   Code   RO          945    .text               store_addr.o
    0x000088c0   0x000006c6   Code   RO          957    .text               alarmenu.o
    0x00008f86   0x00000002   PAD
    0x00008f88   0x000006aa   Code   RO          981    .text               breakdown.o
    0x00009632   0x00000002   PAD
    0x00009634   0x000003f8   Code   RO          993    .text               cannotate.o
    0x00009a2c   0x000004bc   Code   RO         1008    .text               ccompinten.o
    0x00009ee8   0x00000778   Code   RO         1023    .text               ccompreg.o
    0x0000a660   0x000002d4   Code   RO         1038    .text               ccompset.o
    0x0000a934   0x0000047c   Code   RO         1050    .text               ccompstat.o
    0x0000adb0   0x00000a3c   Code   RO         1063    .text               cdatemod.o
    0x0000b7ec   0x000001d4   Code   RO         1079    .text               checkmenu.o
    0x0000b9c0   0x000008d8   Code   RO         1091    .text               chistorylist.o
    0x0000c298   0x00000410   Code   RO         1112    .text               clocalset.o
    0x0000c6a8   0x000000ac   Code   RO         1126    .text               cmodelfault.o
    0x0000c754   0x00000180   Code   RO         1138    .text               csyscheck.o
    0x0000c8d4   0x00000078   Code   RO         1156    .text               csysreset.o
    0x0000c94c   0x00000078   Code   RO         1168    .text               ctestself.o
    0x0000c9c4   0x00000578   Code   RO         1180    .text               mainmenu.o
    0x0000cf3c   0x000003a4   Code   RO         1194    .text               setmenu.o
    0x0000d2e0   0x000002b0   Code   RO         1209    .text               startmenu.o
    0x0000d590   0x000001e0   Code   RO         1222    .text               testmenu.o
    0x0000d770   0x00001420   Code   RO         1253    .text               cflashparam.o
    0x0000eb90   0x000004a0   Code   RO         1275    .text               cgrapparam.o
    0x0000f030   0x00000138   Code   RO         1308    .text               csetcurrent.o
    0x0000f168   0x0000008a   Code   RO         1357    .text               c_w.l(rt_memcpy_v6.o)
    0x0000f1f2   0x00000064   Code   RO         1359    .text               c_w.l(rt_memcpy_w.o)
    0x0000f256   0x00000044   Code   RO         1361    .text               c_w.l(rt_memclr.o)
    0x0000f29a   0x0000004e   Code   RO         1363    .text               c_w.l(rt_memclr_w.o)
    0x0000f2e8   0x0000004a   Code   RO         1385    .text               c_w.l(sys_stackheap_outer.o)
    0x0000f332   0x00000002   PAD
    0x0000f334   0x00000008   Code   RO         1395    .text               c_w.l(libspace.o)
    0x0000f33c   0x00000008   Code   RO         1453    .text               c_w.l(rt_fp_status_addr_intlibspace.o)
    0x0000f344   0x0000000c   Code   RO         1457    .text               c_w.l(sys_exit.o)
    0x0000f350   0x00000000   Code   RO         1470    .text               c_w.l(indicate_semi.o)
    0x0000f350   0x0000000e   Code   RO         1441    x$fpl$fpinit        fz_ws.l(fpinit.o)
    0x0000f35e   0x00040c80   Data   RO          424    .constdata          lcd.o
    0x0004ffde   0x00000002   Data   RO          522    .constdata          ccomhandle.o
    0x0004ffe0   0x00000041   Data   RO         1051    .constdata          ccompstat.o
    0x00050021   0x00000003   PAD
    0x00050024   0x00000020   Data   RO         1522    Region$$Table       anon$$obj.o


    Execution Region RW_IRAM1 (Base: 0x10000000, Size: 0x00007a48, Max: 0x00008000, ABSOLUTE, COMPRESSED[0x000003d4])

    Base Addr    Size         Type   Attr      Idx    E Section Name        Object

    0x10000000   0x00000004   Data   RW           28    .data               system_lpc17xx.o
    0x10000004   0x00000004   Data   RW          173    .data               delay.o
    0x10000008   0x00000016   Data   RW          200    .data               i2c.o
    0x1000001e   0x0000000c   Data   RW          231    .data               uart.o
    0x1000002a   0x00000002   PAD
    0x1000002c   0x00000016   Data   RW          307    .data               ctime.o
    0x10000042   0x00000002   PAD
    0x10000044   0x00000028   Data   RW          343    .data               ctimedef.o
    0x1000006c   0x00000008   Data   RW          361    .data               pwm.o
    0x10000074   0x0000000c   Data   RW          382    .data               extint.o
    0x10000080   0x00000490   Data   RW          425    .data               lcd.o
    0x10000510   0x00000008   Data   RW          454    .data               pcf8563.o
    0x10000518   0x00000001   Data   RW          476    .data               key.o
    0x10000519   0x00000003   PAD
    0x1000051c   0x00000046   Data   RW          523    .data               ccomhandle.o
    0x10000562   0x00000002   PAD
    0x10000564   0x0000001b   Data   RW          576    .data               ccompara.o
    0x1000057f   0x00000001   PAD
    0x10000580   0x00000010   Data   RW          604    .data               caddresscount.o
    0x10000590   0x00000006   Data   RW          646    .data               ckeycounter.o
    0x10000596   0x00000002   PAD
    0x10000598   0x00000008   Data   RW          664    .data               ctaskdown.o
    0x100005a0   0x00000010   Data   RW          702    .data               ctasksure.o
    0x100005b0   0x00000011   Data   RW          741    .data               runfunction.o
    0x100005c1   0x00000002   Data   RW          799    .data               crunctrl.o
    0x100005c3   0x00000001   PAD
    0x100005c4   0x00000004   Data   RW          823    .data               csysrunflag.o
    0x100005c8   0x00000010   Data   RW          842    .data               clpansctrl.o
    0x100005d8   0x00000004   Data   RW          860    .data               clpckctrl.o
    0x100005dc   0x00000004   Data   RW          878    .data               clpscanctrl.o
    0x100005e0   0x00000025   Data   RW          897    .data               ctimectrl.o
    0x10000605   0x00000001   Data   RW          922    .data               cnodeinfo.o
    0x10000606   0x00000001   Data   RW         1009    .data               ccompinten.o
    0x10000607   0x00000031   Data   RW         1113    .data               clocalset.o
    0x10000638   0x00000023   Data   RW         1181    .data               mainmenu.o
    0x1000065b   0x00000021   Data   RW         1195    .data               setmenu.o
    0x1000067c   0x00000570   Data   RW         1255    .data               cflashparam.o
    0x10000bec   0x00000030   Data   RW         1276    .data               cgrapparam.o
    0x10000c1c   0x00000002   Data   RW         1310    .data               csetcurrent.o
    0x10000c1e   0x00000002   PAD
    0x10000c20   0x000012e4   Zero   RW          230    .bss                uart.o
    0x10001f04   0x00000018   Zero   RW          475    .bss                key.o
    0x10001f1c   0x00000040   Zero   RW          521    .bss                ccomhandle.o
    0x10001f5c   0x00000104   Zero   RW          575    .bss                ccompara.o
    0x10002060   0x0000000f   Zero   RW          619    .bss                csendto195.o
    0x1000206f   0x00000001   PAD
    0x10002070   0x00000012   Zero   RW          701    .bss                ctasksure.o
    0x10002082   0x00000058   Zero   RW          740    .bss                runfunction.o
    0x100020da   0x0000000a   Zero   RW          841    .bss                clpansctrl.o
    0x100020e4   0x000003fc   Zero   RW          921    .bss                cnodeinfo.o
    0x100024e0   0x000052fe   Zero   RW         1254    .bss                cflashparam.o
    0x100077de   0x0000000a   Zero   RW         1309    .bss                csetcurrent.o
    0x100077e8   0x00000060   Zero   RW         1396    .bss                c_w.l(libspace.o)
    0x10007848   0x00000000   Zero   RW            2    HEAP                startup_lpc17xx.o
    0x10007848   0x00000200   Zero   RW            1    STACK               startup_lpc17xx.o


==============================================================================

Image component sizes


      Code (inc. data)   RO Data    RW Data    ZI Data      Debug   Object Name

      1734         44          0          0          0       1777   alarmenu.o
      1706         50          0          0          0       1868   breakdown.o
       360        128          0         16          0       3300   caddresscount.o
      1016         16          0          0          0       1140   cannotate.o
      3448        772          2         70         64      15558   ccomhandle.o
      1068        116          0         27        260       7134   ccompara.o
      1212        100          0          1          0       1800   ccompinten.o
      1912        180          0          0          0       3187   ccompreg.o
       724         46          0          0          0       1342   ccompset.o
      1148         20         65          0          0       2348   ccompstat.o
      2620         44          0          0          0       1259   cdatemod.o
      5152        126          0       1392      21246      38290   cflashparam.o
       226          8          0          0          0       1054   cgetgrap.o
       224         36          0          0          0       5621   cgpioirq.o
      1184        126          0         48          0      14990   cgrapparam.o
       468         30          0          0          0        605   checkmenu.o
      2264        106          0          0          0       4349   chistorylist.o
        20          0          0          0          0        498   cintstend.o
       216         16          0          6          0       3383   ckeycounter.o
       420          8          0          0          0       2198   cled.o
      1040         50          0         49          0       2811   clocalset.o
       200         18          0         16         10       2277   clpansctrl.o
       336          6          0          4          0       4131   clpckctrl.o
       504          6          0          4          0       5084   clpscanctrl.o
       172         16          0          0          0        461   cmodelfault.o
       512          8          0          1       1020       4958   cnodeinfo.o
         0          0          0          0          0       4156   core_cm3.o
       112         10          0          0          0        765   crelay.o
       460         12          0          2          0       2109   crunctrl.o
       140          6          0          0         15       1649   csendto195.o
       312         54          0          2         10       2879   csetcurrent.o
       384         28          0          0          0        993   csyscheck.o
       120         12          0          0          0        432   csysreset.o
       416          4          0          4          0       4768   csysrunflag.o
      1654        228          0          8          0       2960   ctaskdown.o
       448         18          0          0          0       6168   ctaskreturn.o
      4978        542          0         16         18      10283   ctasksure.o
      1686        240          0          0          0       2718   ctaskup.o
       120         12          0          0          0        432   ctestself.o
       996         60          0         22          0       7531   ctime.o
       876         22          0         37          0       4382   ctimectrl.o
       368         32          0         40          0       5587   ctimedef.o
        60          6          0          4          0       8790   delay.o
       540         50          0         12          0       8657   extint.o
       464         18          0          0          0        551   gpioinit.o
      1232         98          0         22          0       9156   i2c.o
       420         14          0          1         24       2155   key.o
      2216         26     265344       1168          0       8952   lcd.o
        64         42          0          0          0      58791   main.o
      1400         64          0         35          0       2595   mainmenu.o
      1452         12          0          8          0       4616   pcf8563.o
       304         32          0          8          0       7424   pwm.o
      2060        386          0         17         88       9864   runfunction.o
       932         12          0         33          0       2115   setmenu.o
      1452         36          0          0          0       5719   ssp.o
       688         20          0          0          0       1134   startmenu.o
        64         26        204          0        512        912   startup_lpc17xx.o
       744        234          0          0          0       1889   store_addr.o
       564         70          0          4          0      59289   system_lpc17xx.o
      1204          4          0          0          0       2381   tasklist.o
       480         20          0          0          0        723   testmenu.o
      2044        236          0         12       4836      72207   uart.o

    ----------------------------------------------------------------------
     61352       4762     265650       3104      28104     457155   Object Totals
         0          0         32          0          0          0   (incl. Generated)
        12          0          3         15          1          0   (incl. Padding)

    ----------------------------------------------------------------------

      Code (inc. data)   RO Data    RW Data    ZI Data      Debug   Library Member Name

        90          0          0          0          0          0   __dczerorl2.o
         8          0          0          0          0         68   __main.o
        52          8          0          0          0          0   __scatter.o
        28          0          0          0          0          0   __scatter_zi.o
        12          0          0          0          0         72   exit.o
         6          0          0          0          0        152   heapauxi.o
         0          0          0          0          0          0   indicate_semi.o
         6          0          0          0          0          0   libinit.o
         2          0          0          0          0          0   libinit2.o
         2          0          0          0          0          0   libshutdown.o
         2          0          0          0          0          0   libshutdown2.o
         8          4          0          0         96         68   libspace.o
         8          4          0          0          0         68   rt_fp_status_addr_intlibspace.o
        68          0          0          0          0         68   rt_memclr.o
        78          0          0          0          0         80   rt_memclr_w.o
       138          0          0          0          0         68   rt_memcpy_v6.o
       100          0          0          0          0         80   rt_memcpy_w.o
         0          0          0          0          0          0   rtentry.o
        12          0          0          0          0          0   rtentry2.o
         6          0          0          0          0          0   rtentry4.o
         2          0          0          0          0          0   rtexit.o
        10          0          0          0          0          0   rtexit2.o
        12          4          0          0          0         68   sys_exit.o
        74          0          0          0          0         80   sys_stackheap_outer.o
         2          0          0          0          0         68   use_no_semi.o
        14          0          0          0          0         76   fpinit.o

    ----------------------------------------------------------------------
       746         20          0          0         96       1016   Library Totals
         6          0          0          0          0          0   (incl. Padding)

    ----------------------------------------------------------------------

      Code (inc. data)   RO Data    RW Data    ZI Data      Debug   Library Name

       726         20          0          0         96        940   c_w.l
        14          0          0          0          0         76   fz_ws.l

    ----------------------------------------------------------------------
       746         20          0          0         96       1016   Library Totals

    ----------------------------------------------------------------------

==============================================================================


      Code (inc. data)   RO Data    RW Data    ZI Data      Debug   

     62098       4782     265650       3104      28200     451151   Grand Totals
     62098       4782     265650        980      28200     451151   ELF Image Totals (compressed)
     62098       4782     265650        980          0          0   ROM Totals

==============================================================================

    Total RO  Size (Code + RO Data)               327748 ( 320.07kB)
    Total RW  Size (RW Data + ZI Data)             31304 (  30.57kB)
    Total ROM Size (Code + RO Data + RW Data)     328728 ( 321.02kB)

==============================================================================

