ARM Linker, 4.1 [Build 894] [Professional]

==============================================================================

Section Cross References

    startup_lpc17xx.o(STACK) refers (Special) to heapauxi.o(.text) for __use_two_region_memory
    startup_lpc17xx.o(HEAP) refers (Special) to heapauxi.o(.text) for __use_two_region_memory
    startup_lpc17xx.o(RESET) refers (Special) to heapauxi.o(.text) for __use_two_region_memory
    startup_lpc17xx.o(RESET) refers to startup_lpc17xx.o(STACK) for __initial_sp
    startup_lpc17xx.o(RESET) refers to startup_lpc17xx.o(.text) for Reset_Handler
    startup_lpc17xx.o(RESET) refers to delay.o(.text) for SysTick_Handler
    startup_lpc17xx.o(RESET) refers to ctime.o(.text) for TIMER0_IRQHandler
    startup_lpc17xx.o(RESET) refers to uart.o(.text) for UART0_IRQHandler
    startup_lpc17xx.o(RESET) refers to pwm.o(.text) for PWM1_IRQHandler
    startup_lpc17xx.o(RESET) refers to i2c.o(.text) for I2C0_IRQHandler
    startup_lpc17xx.o(RESET) refers to extint.o(.text) for EINT1_IRQHandler
    startup_lpc17xx.o(RESET) refers to cgpioirq.o(.text) for EINT3_IRQHandler
    startup_lpc17xx.o(.ARM.__at_0x02FC) refers (Special) to heapauxi.o(.text) for __use_two_region_memory
    startup_lpc17xx.o(.text) refers (Special) to heapauxi.o(.text) for __use_two_region_memory
    startup_lpc17xx.o(.text) refers to system_lpc17xx.o(.text) for SystemInit
    startup_lpc17xx.o(.text) refers to __main.o(!!!main) for __main
    startup_lpc17xx.o(.text) refers to startup_lpc17xx.o(HEAP) for Heap_Mem
    startup_lpc17xx.o(.text) refers to startup_lpc17xx.o(STACK) for Stack_Mem
    system_lpc17xx.o(.text) refers to system_lpc17xx.o(.data) for SystemFrequency
    main.o(.text) refers to system_lpc17xx.o(.text) for SystemClockUpdate
    main.o(.text) refers to crunctrl.o(.text) for Init_CRunCtrl
    main.o(.text) refers to uart.o(.text) for DebugOnce
    delay.o(.text) refers to delay.o(.data) for msTicks
    i2c.o(.text) refers to i2c.o(.data) for I2C_end
    uart.o(.text) refers to ssp.o(.text) for M25P80_Read_1Byte
    uart.o(.text) refers to ccomhandle.o(.text) for SetConvertdata
    uart.o(.text) refers to ccompara.o(.text) for data_from_data0
    uart.o(.text) refers to cgrapparam.o(.text) for GetComRegFlag
    uart.o(.text) refers to ccompinten.o(.text) for CGetIntenFlag
    uart.o(.text) refers to ctasksure.o(.text) for Get_Note_Flag
    uart.o(.text) refers to uart.o(.bss) for data3
    uart.o(.text) refers to uart.o(.data) for tp
    uart.o(.text) refers to c89vsprintf.o(.text) for __c89vsprintf
    uart.o(.text) refers to system_lpc17xx.o(.data) for SystemFrequency
    ctime.o(.text) refers to extint.o(.text) for Eint_Dis
    ctime.o(.text) refers to ctimectrl.o(.text) for T0Int_CTimeCtrl
    ctime.o(.text) refers to key.o(.text) for Scan_Key
    ctime.o(.text) refers to cled.o(.text) for Led_Wireless_On
    ctime.o(.text) refers to ctime.o(.data) for vTimeTickCounter
    ctimedef.o(.text) refers to ctimedef.o(.data) for vCurTime0Def
    ctimedef.o(.text) refers to system_lpc17xx.o(.data) for SystemFrequency
    pwm.o(.text) refers to pwm.o(.data) for match_counter1
    extint.o(.text) refers to uart.o(.text) for uart_all_disable
    extint.o(.text) refers to ctime.o(.text) for timern_disable
    extint.o(.text) refers to i2c.o(.text) for i2c0_disable
    extint.o(.text) refers to pwm.o(.text) for pwm1_disable
    extint.o(.text) refers to extint.o(.data) for Extint1_flag
    cgpioirq.o(.text) refers to csetcurrent.o(.text) for State_0mA
    cgpioirq.o(.text) refers to clpckctrl.o(.text) for SetPer_CLpCkCtrl
    lcd.o(.text) refers to lcd.o(.constdata) for acHZK16F
    lcd.o(.text) refers to lcd.o(.data) for Hzk1
    pcf8563.o(.text) refers to i2c.o(.text) for I2C_WriteNByte
    pcf8563.o(.text) refers to pcf8563.o(.data) for TimeAndDate
    key.o(.text) refers to ctime.o(.text) for OnLCD
    key.o(.text) refers to ccomhandle.o(.text) for GetDisplay_alarm_flag
    key.o(.text) refers to cled.o(.text) for Led_Silence_Off
    key.o(.text) refers to pwm.o(.text) for PWM1_Stop
    key.o(.text) refers to ccompara.o(.text) for SetAlarmFlag
    key.o(.text) refers to ckeycounter.o(.text) for GetPasswordFlag
    key.o(.text) refers to key.o(.data) for vBackValue
    key.o(.text) refers to key.o(.bss) for vKeyCounter
    ccomhandle.o(.text) refers to clpscanctrl.o(.text) for GetSys_CLpScanCtrl
    ccomhandle.o(.text) refers to uart.o(.text) for UARTSend
    ccomhandle.o(.text) refers to cflashparam.o(.text) for get_comp_partnumber
    ccomhandle.o(.text) refers to cgrapparam.o(.text) for AddCompRegNum
    ccomhandle.o(.text) refers to rt_memclr.o(.text) for __aeabi_memclr
    ccomhandle.o(.text) refers to ctime.o(.text) for OnLCD
    ccomhandle.o(.text) refers to pcf8563.o(.text) for getcurrent_date
    ccomhandle.o(.text) refers to cintstend.o(.text) for EndInt
    ccomhandle.o(.text) refers to ccompreg.o(.text) for CompReg_menu
[...]
    set_menu_datetime_setup                  0x0000d5a1   Thumb Code   136  setmenu.o(.text)
    set_menu_note                            0x0000d629   Thumb Code    76  setmenu.o(.text)
    set_menu_save_all                        0x0000d675   Thumb Code   124  setmenu.o(.text)
    Set_Menu                                 0x0000d6f1   Thumb Code    78  setmenu.o(.text)
    CSaveInfo                                0x0000d73f   Thumb Code    66  setmenu.o(.text)
    Set_Menu1                                0x0000d781   Thumb Code    68  setmenu.o(.text)
    show_date_time                           0x0000d7d1   Thumb Code   444  startmenu.o(.text)
    menu_head_title                          0x0000d98d   Thumb Code   204  startmenu.o(.text)
    Start_Menu                               0x0000da59   Thumb Code    20  startmenu.o(.text)
    Test_Menu                                0x0000da81   Thumb Code   300  testmenu.o(.text)
    Test_Menu1                               0x0000dbad   Thumb Code   160  testmenu.o(.text)
    SetHistFlag                              0x0000dc61   Thumb Code     6  cflashparam.o(.text)
    GetHistFlag                              0x0000dc67   Thumb Code     6  cflashparam.o(.text)
    get_hist_attr                            0x0000dce9   Thumb Code    14  cflashparam.o(.text)
    gethistory_isfirealarm                   0x0000dcf7   Thumb Code    22  cflashparam.o(.text)
    gethistory_isbatlow                      0x0000dd0d   Thumb Code    22  cflashparam.o(.text)
    gethistory_isfault                       0x0000dd23   Thumb Code    22  cflashparam.o(.text)
    AddPageConter                            0x0000dd39   Thumb Code    12  cflashparam.o(.text)
    SetPageConter                            0x0000dd45   Thumb Code     6  cflashparam.o(.text)
    GetPageConter                            0x0000dd4b   Thumb Code     6  cflashparam.o(.text)
    AddHistConter                            0x0000dd51   Thumb Code    12  cflashparam.o(.text)
    GetHistConter                            0x0000dd5d   Thumb Code     6  cflashparam.o(.text)
    SetHistConter                            0x0000dd63   Thumb Code     6  cflashparam.o(.text)
    setHistFullFlag                          0x0000dd69   Thumb Code     6  cflashparam.o(.text)
    getHistFullFlag                          0x0000dd6f   Thumb Code     6  cflashparam.o(.text)
    getHistFull                              0x0000dd75   Thumb Code    16  cflashparam.o(.text)
    init_basic_info                          0x0000e0d1   Thumb Code    12  cflashparam.o(.text)
    set_basic_info                           0x0000e0dd   Thumb Code    22  cflashparam.o(.text)
    get_basic_info                           0x0000e0f3   Thumb Code    18  cflashparam.o(.text)
    save_basic_info                          0x0000e105   Thumb Code    24  cflashparam.o(.text)
    set_basic_nums                           0x0000e11d   Thumb Code    18  cflashparam.o(.text)
    get_comp_partnumber                      0x0000e143   Thumb Code    14  cflashparam.o(.text)
    get_basic_nums                           0x0000e151   Thumb Code    30  cflashparam.o(.text)
    add_basic_nums                           0x0000e16f   Thumb Code    26  cflashparam.o(.text)
    sub_basic_nums                           0x0000e189   Thumb Code    24  cflashparam.o(.text)
    set_basic_localaddr                      0x0000e1a1   Thumb Code    14  cflashparam.o(.text)
    set_basic_zones                          0x0000e1af   Thumb Code    14  cflashparam.o(.text)
    get_basic_localaddr                      0x0000e1bd   Thumb Code    24  cflashparam.o(.text)
    get_basic_zones                          0x0000e1d5   Thumb Code    10  cflashparam.o(.text)
    init_comp_info                           0x0000e1df   Thumb Code    12  cflashparam.o(.text)
    save_comp_info                           0x0000e1eb   Thumb Code    12  cflashparam.o(.text)
    set_comp_inzone                          0x0000e20f   Thumb Code    18  cflashparam.o(.text)
    set_comp_partnumber                      0x0000e221   Thumb Code    18  cflashparam.o(.text)
    set_comp_ciraddr                         0x0000e233   Thumb Code    18  cflashparam.o(.text)
    set_comp_psn0                            0x0000e245   Thumb Code    18  cflashparam.o(.text)
    set_comp_psn1                            0x0000e257   Thumb Code    18  cflashparam.o(.text)
    set_comp_psn2                            0x0000e269   Thumb Code    18  cflashparam.o(.text)
    set_comp_psn3                            0x0000e27b   Thumb Code    18  cflashparam.o(.text)
    set_comp_devtype                         0x0000e28d   Thumb Code    18  cflashparam.o(.text)
    set_comp_all                             0x0000e29f   Thumb Code    74  cflashparam.o(.text)
    clr_comp_all                             0x0000e2e9   Thumb Code    70  cflashparam.o(.text)
    get_comp_ciraddr                         0x0000e32f   Thumb Code    14  cflashparam.o(.text)
    clr_comp_loop_all                        0x0000e33d   Thumb Code    38  cflashparam.o(.text)
    set_comp_all_and_save                    0x0000e363   Thumb Code    20  cflashparam.o(.text)
    get_comp_inzone                          0x0000e377   Thumb Code    14  cflashparam.o(.text)
    judge_same_ciraddr                       0x0000e385   Thumb Code    40  cflashparam.o(.text)
    get_comp_psn0                            0x0000e3ad   Thumb Code    14  cflashparam.o(.text)
    get_comp_psn1                            0x0000e3bb   Thumb Code    14  cflashparam.o(.text)
    get_comp_psn2                            0x0000e3c9   Thumb Code    14  cflashparam.o(.text)
    get_comp_psn3                            0x0000e3d7   Thumb Code    14  cflashparam.o(.text)
    get_comp_devtype                         0x0000e3e5   Thumb Code    14  cflashparam.o(.text)
    get_comp_all                             0x0000e3f3   Thumb Code    72  cflashparam.o(.text)
    init_mask_info                           0x0000e43b   Thumb Code    12  cflashparam.o(.text)
    save_mask_info                           0x0000e447   Thumb Code    12  cflashparam.o(.text)
    set_mask_info                            0x0000e453   Thumb Code    22  cflashparam.o(.text)
    get_mask_info                            0x0000e469   Thumb Code    18  cflashparam.o(.text)
    init_alarm_info                          0x0000e47b   Thumb Code    12  cflashparam.o(.text)
    save_alarm_info                          0x0000e487   Thumb Code    12  cflashparam.o(.text)
    get_alarm_attr                           0x0000e4d1   Thumb Code    14  cflashparam.o(.text)
    get_alarm_alarmed                        0x0000e4df   Thumb Code    14  cflashparam.o(.text)
    judge_alarm_firealarmed                  0x0000e4ed   Thumb Code    30  cflashparam.o(.text)
    judge_alarm_faultalarmed                 0x0000e50b   Thumb Code    30  cflashparam.o(.text)
    get_alarm_firstalarm                     0x0000e529   Thumb Code    18  cflashparam.o(.text)
    set_alarm_inzone                         0x0000e53b   Thumb Code    18  cflashparam.o(.text)
    set_alarm_part                           0x0000e54d   Thumb Code    18  cflashparam.o(.text)
    set_alarm_ciraddr                        0x0000e55f   Thumb Code    18  cflashparam.o(.text)
    set_alarm_alarmsum                       0x0000e571   Thumb Code    18  cflashparam.o(.text)
    set_alarm_type                           0x0000e583   Thumb Code    18  cflashparam.o(.text)
    set_alarm_alarmed                        0x0000e595   Thumb Code    18  cflashparam.o(.text)
    set_alarm_firstalarm                     0x0000e5a7   Thumb Code    18  cflashparam.o(.text)
    set_alarm_attr                           0x0000e5b9   Thumb Code    18  cflashparam.o(.text)
    set_alarm_f_recvmess3h                   0x0000e5cb   Thumb Code    18  cflashparam.o(.text)
    clr_alarm_f_recvmess3h                   0x0000e5dd   Thumb Code    14  cflashparam.o(.text)
    set_alarm_allinfo                        0x0000e5eb   Thumb Code   198  cflashparam.o(.text)
    get_alarm_ciraddr                        0x0000e6b1   Thumb Code    14  cflashparam.o(.text)
    clr_firealarm                            0x0000e6bf   Thumb Code    44  cflashparam.o(.text)
    clr_alarm_allinfo                        0x0000e6eb   Thumb Code    16  cflashparam.o(.text)
    set_alarm_allinfo_andsave                0x0000e6fb   Thumb Code    20  cflashparam.o(.text)
    get_alarm_part                           0x0000e70f   Thumb Code    14  cflashparam.o(.text)
    get_alarm_type                           0x0000e71d   Thumb Code    14  cflashparam.o(.text)
    get_alarm_f_recvmess3h                   0x0000e72b   Thumb Code    14  cflashparam.o(.text)
    get_alarm_allinfo                        0x0000e739   Thumb Code   200  cflashparam.o(.text)
    set_alarm_first                          0x0000e801   Thumb Code    22  cflashparam.o(.text)
    get_alarm_first                          0x0000e817   Thumb Code    14  cflashparam.o(.text)
    get_alarm_firstflag                      0x0000e825   Thumb Code    10  cflashparam.o(.text)
    get_alarm_first_part                     0x0000e82f   Thumb Code    12  cflashparam.o(.text)
    get_firealarm_nums                       0x0000e83b   Thumb Code    32  cflashparam.o(.text)
    get_alarm_item_bypart                    0x0000e85b   Thumb Code    36  cflashparam.o(.text)
    get_faultalarm_nums                      0x0000e87f   Thumb Code    32  cflashparam.o(.text)
    judge_alarm_first                        0x0000e89f   Thumb Code    16  cflashparam.o(.text)
    init_node_info                           0x0000e8af   Thumb Code    12  cflashparam.o(.text)
    save_node_info                           0x0000e8bb   Thumb Code    12  cflashparam.o(.text)
    set_node_info                            0x0000e8c7   Thumb Code    24  cflashparam.o(.text)
    set_node_frame1                          0x0000e8df   Thumb Code    18  cflashparam.o(.text)
    set_node_frame2                          0x0000e8f1   Thumb Code    18  cflashparam.o(.text)
    set_node_frame3                          0x0000e903   Thumb Code    54  cflashparam.o(.text)
    set_node_cmd1                            0x0000e939   Thumb Code    18  cflashparam.o(.text)
    set_node_cmd_rw                          0x0000e94b   Thumb Code    18  cflashparam.o(.text)
    set_node_devtype                         0x0000e95d   Thumb Code    18  cflashparam.o(.text)
    set_node_targetaddr                      0x0000e96f   Thumb Code    18  cflashparam.o(.text)
    set_node_controllernum                   0x0000e981   Thumb Code    18  cflashparam.o(.text)
    set_node_datalen                         0x0000e993   Thumb Code    18  cflashparam.o(.text)
    set_node_loop                            0x0000e9a5   Thumb Code    18  cflashparam.o(.text)
    set_node_addr                            0x0000e9b7   Thumb Code    18  cflashparam.o(.text)
    set_node_hz                              0x0000e9c9   Thumb Code    32  cflashparam.o(.text)
    set_node_cs                              0x0000e9e9   Thumb Code    32  cflashparam.o(.text)
    set_node_all_info                        0x0000ea09   Thumb Code   116  cflashparam.o(.text)
    get_node_info                            0x0000ea7d   Thumb Code    20  cflashparam.o(.text)
    get_node_row                             0x0000ea91   Thumb Code    42  cflashparam.o(.text)
    save_nodenums_info                       0x0000eabb   Thumb Code    12  cflashparam.o(.text)
    get_nodenums                             0x0000eac7   Thumb Code    16  cflashparam.o(.text)
    set_nodenums                             0x0000ead7   Thumb Code    20  cflashparam.o(.text)
    save_node_and_nodenums                   0x0000eaeb   Thumb Code    26  cflashparam.o(.text)
    init_nodenums_info                       0x0000eb05   Thumb Code    26  cflashparam.o(.text)
    add_nodenums                             0x0000eb1f   Thumb Code    18  cflashparam.o(.text)
    init_hist_info                           0x0000eb31   Thumb Code    12  cflashparam.o(.text)
    save_hist_info                           0x0000eb3d   Thumb Code    26  cflashparam.o(.text)
    set_hist_info                            0x0000eb57   Thumb Code    30  cflashparam.o(.text)
    clr_hist_info                            0x0000eb75   Thumb Code    38  cflashparam.o(.text)
    get_hist_order                           0x0000eb9b   Thumb Code    14  cflashparam.o(.text)
    get_hist_inzone                          0x0000eba9   Thumb Code    14  cflashparam.o(.text)
    get_hist_part                            0x0000ebb7   Thumb Code    14  cflashparam.o(.text)
    get_hist_circleaddr                      0x0000ebc5   Thumb Code    14  cflashparam.o(.text)
    get_hist_vAnnRow                         0x0000ebd3   Thumb Code    14  cflashparam.o(.text)
    get_hist_opstype                         0x0000ebe1   Thumb Code    14  cflashparam.o(.text)
    get_hist_devtype                         0x0000ebef   Thumb Code    14  cflashparam.o(.text)
    get_hist_lastnum                         0x0000ebfd   Thumb Code    14  cflashparam.o(.text)
    get_hist_datetime                        0x0000ec0b   Thumb Code   100  cflashparam.o(.text)
    get_hist_allinfo                         0x0000ec6f   Thumb Code    90  cflashparam.o(.text)
    set_hist_allinfo                         0x0000ecc9   Thumb Code   202  cflashparam.o(.text)
    judge_histnums_full                      0x0000edbb   Thumb Code    20  cflashparam.o(.text)
    save_histnums_info                       0x0000edcf   Thumb Code    88  cflashparam.o(.text)
    save_hist_all                            0x0000ee27   Thumb Code    12  cflashparam.o(.text)
    set_histnum_full                         0x0000ee33   Thumb Code    12  cflashparam.o(.text)
    init_histnums_info                       0x0000ee3f   Thumb Code   124  cflashparam.o(.text)
    init_hist_and_histnums                   0x0000eebb   Thumb Code    12  cflashparam.o(.text)
    init_histsufix_info                      0x0000eec7   Thumb Code    12  cflashparam.o(.text)
    init_flash_all                           0x0000eed3   Thumb Code    36  cflashparam.o(.text)
    CheckDepComp                             0x0000eef7   Thumb Code    56  cflashparam.o(.text)
    GetNum                                   0x0000ef2f   Thumb Code    82  cflashparam.o(.text)
    CAddCirCounter                           0x0000ef81   Thumb Code    12  cflashparam.o(.text)
    CSetCirCounter                           0x0000ef8d   Thumb Code     6  cflashparam.o(.text)
    CGetCirCounter                           0x0000ef93   Thumb Code     6  cflashparam.o(.text)
    GetRow                                   0x0000ef99   Thumb Code    58  cflashparam.o(.text)
    JudgeAlarmType                           0x0000efd3   Thumb Code    36  cflashparam.o(.text)
    JudgeCompAlarmType                       0x0000eff7   Thumb Code    72  cflashparam.o(.text)
    SetDatatoFlash                           0x0000f03f   Thumb Code    18  cflashparam.o(.text)
    GetDatatoFlash                           0x0000f051   Thumb Code    18  cflashparam.o(.text)
    GetDatatoFlashType                       0x0000f063   Thumb Code    18  cflashparam.o(.text)
    GetDatatoFlashAlarmType                  0x0000f075   Thumb Code    18  cflashparam.o(.text)
    SetFlashData                             0x0000f087   Thumb Code     6  cflashparam.o(.text)
    SetDepCompSum                            0x0000f08d   Thumb Code     6  cflashparam.o(.text)
    GetDepCompSum                            0x0000f093   Thumb Code     8  cflashparam.o(.text)
    ReadFlashPsn                             0x0000f09b   Thumb Code    12  cflashparam.o(.text)
    SetCom0Ann                               0x0000f0a7   Thumb Code    12  cflashparam.o(.text)
    SetBaseAddr                              0x0000f0d1   Thumb Code     6  cgrapparam.o(.text)
    set_BaseAddr_default                     0x0000f0d7   Thumb Code    28  cgrapparam.o(.text)
    AddBaseAddr                              0x0000f0f3   Thumb Code    12  cgrapparam.o(.text)
    SubBaseAddr                              0x0000f0ff   Thumb Code    12  cgrapparam.o(.text)
    GetBaseAddr                              0x0000f10b   Thumb Code     8  cgrapparam.o(.text)
    AddLocalParaSel                          0x0000f113   Thumb Code    12  cgrapparam.o(.text)
    SetLocalParaSel                          0x0000f11f   Thumb Code     6  cgrapparam.o(.text)
    GetLocalParaSel                          0x0000f125   Thumb Code     6  cgrapparam.o(.text)
    Set_department                           0x0000f12b   Thumb Code     6  cgrapparam.o(.text)
    Add_department                           0x0000f131   Thumb Code    12  cgrapparam.o(.text)
    Sub_department                           0x0000f13d   Thumb Code    12  cgrapparam.o(.text)
    Get_zone_bit                             0x0000f149   Thumb Code     8  cgrapparam.o(.text)
    Add_department_sel                       0x0000f151   Thumb Code    12  cgrapparam.o(.text)
    Set_department_sel                       0x0000f15d   Thumb Code     6  cgrapparam.o(.text)
    Get_zone_bit_sel                         0x0000f163   Thumb Code     6  cgrapparam.o(.text)
    check_localaddr                          0x0000f169   Thumb Code    16  cgrapparam.o(.text)
    SetComRegFlag                            0x0000f179   Thumb Code     8  cgrapparam.o(.text)
    ClrComRegFlag                            0x0000f181   Thumb Code     8  cgrapparam.o(.text)
    GetComRegFlag                            0x0000f189   Thumb Code     6  cgrapparam.o(.text)
    AddCompRegParaSel                        0x0000f18f   Thumb Code    12  cgrapparam.o(.text)
    SetCompRegParaSel                        0x0000f19b   Thumb Code     6  cgrapparam.o(.text)
    GetCompRegParaSel                        0x0000f1a1   Thumb Code     6  cgrapparam.o(.text)
    SetCompRegDep                            0x0000f1a7   Thumb Code     6  cgrapparam.o(.text)
    AddCompRegDep                            0x0000f1ad   Thumb Code    12  cgrapparam.o(.text)
    SubCompRegDep                            0x0000f1b9   Thumb Code    12  cgrapparam.o(.text)
    GetCompRegDep                            0x0000f1c5   Thumb Code     6  cgrapparam.o(.text)
    SetCompRegNum                            0x0000f1cb   Thumb Code     6  cgrapparam.o(.text)
    AddCompRegNum                            0x0000f1d1   Thumb Code    12  cgrapparam.o(.text)
    SubCompRegNum                            0x0000f1dd   Thumb Code    12  cgrapparam.o(.text)
    GetCompRegNum                            0x0000f1e9   Thumb Code     6  cgrapparam.o(.text)
    SetCompRegAddr                           0x0000f1ef   Thumb Code     6  cgrapparam.o(.text)
    AddCompRegAddr                           0x0000f1f5   Thumb Code    12  cgrapparam.o(.text)
    SubCompRegAddr                           0x0000f201   Thumb Code    12  cgrapparam.o(.text)
    GetCompRegAddr                           0x0000f20d   Thumb Code     6  cgrapparam.o(.text)
    AddCompSetDep                            0x0000f213   Thumb Code    12  cgrapparam.o(.text)
    SubCompSetDep                            0x0000f21f   Thumb Code    12  cgrapparam.o(.text)
    GetCompSetDep                            0x0000f22b   Thumb Code     6  cgrapparam.o(.text)
    SetCompSetDep                            0x0000f231   Thumb Code     6  cgrapparam.o(.text)
    AddCompSetNum                            0x0000f237   Thumb Code    12  cgrapparam.o(.text)
    SubCompSetNum                            0x0000f243   Thumb Code    12  cgrapparam.o(.text)
    GetCompSetNum                            0x0000f24f   Thumb Code     6  cgrapparam.o(.text)
    SetCompSetNum                            0x0000f255   Thumb Code     6  cgrapparam.o(.text)
    SetComSetSelSet                          0x0000f25b   Thumb Code     6  cgrapparam.o(.text)
    AddComSetSelSet                          0x0000f261   Thumb Code    12  cgrapparam.o(.text)
    SubComSetSelSet                          0x0000f26d   Thumb Code    12  cgrapparam.o(.text)
    GetComSetSelSet                          0x0000f279   Thumb Code     6  cgrapparam.o(.text)
    AddComSet_seltab                         0x0000f27f   Thumb Code    12  cgrapparam.o(.text)
    SubComSet_seltab                         0x0000f28b   Thumb Code    12  cgrapparam.o(.text)
    GetComSet_seltab                         0x0000f297   Thumb Code     6  cgrapparam.o(.text)
    SetComSet_seltab                         0x0000f29d   Thumb Code     6  cgrapparam.o(.text)
    SetYear                                  0x0000f2a3   Thumb Code     6  cgrapparam.o(.text)
    AddYear                                  0x0000f2a9   Thumb Code    12  cgrapparam.o(.text)
    SubYear                                  0x0000f2b5   Thumb Code    12  cgrapparam.o(.text)
    GetYear                                  0x0000f2c1   Thumb Code    34  cgrapparam.o(.text)
    SetMonth                                 0x0000f2e3   Thumb Code     6  cgrapparam.o(.text)
    AddMonth                                 0x0000f2e9   Thumb Code    12  cgrapparam.o(.text)
    SubMonth                                 0x0000f2f5   Thumb Code    12  cgrapparam.o(.text)
    GetMonth                                 0x0000f301   Thumb Code     6  cgrapparam.o(.text)
    AddDay                                   0x0000f307   Thumb Code    12  cgrapparam.o(.text)
    SubDay                                   0x0000f313   Thumb Code    12  cgrapparam.o(.text)
    GetDay                                   0x0000f31f   Thumb Code     6  cgrapparam.o(.text)
    SetDay                                   0x0000f325   Thumb Code     6  cgrapparam.o(.text)
    SetHour                                  0x0000f32b   Thumb Code     6  cgrapparam.o(.text)
    AddHour                                  0x0000f331   Thumb Code    12  cgrapparam.o(.text)
    SubHour                                  0x0000f33d   Thumb Code    12  cgrapparam.o(.text)
    GetHour                                  0x0000f349   Thumb Code     6  cgrapparam.o(.text)
    SetMintue                                0x0000f34f   Thumb Code     6  cgrapparam.o(.text)
    AddMintue                                0x0000f355   Thumb Code    12  cgrapparam.o(.text)
    SubMintue                                0x0000f361   Thumb Code    12  cgrapparam.o(.text)
    GetMintue                                0x0000f36d   Thumb Code     6  cgrapparam.o(.text)
    SetSecond                                0x0000f373   Thumb Code     6  cgrapparam.o(.text)
    AddSecond                                0x0000f379   Thumb Code    12  cgrapparam.o(.text)
    SubSecond                                0x0000f385   Thumb Code    12  cgrapparam.o(.text)
    GetSecond                                0x0000f391   Thumb Code     6  cgrapparam.o(.text)
    SetSelTime                               0x0000f397   Thumb Code     6  cgrapparam.o(.text)
    AddSelTime                               0x0000f39d   Thumb Code    12  cgrapparam.o(.text)
    GetSelTime                               0x0000f3a9   Thumb Code     6  cgrapparam.o(.text)
    SetAnnDep                                0x0000f3af   Thumb Code     6  cgrapparam.o(.text)
    AddAnnDep                                0x0000f3b5   Thumb Code    12  cgrapparam.o(.text)
    SubAnnDep                                0x0000f3c1   Thumb Code    12  cgrapparam.o(.text)
    GetAnnDep                                0x0000f3cd   Thumb Code     6  cgrapparam.o(.text)
    SetAnnCompNum                            0x0000f3d3   Thumb Code     6  cgrapparam.o(.text)
    AddAnnCompNum                            0x0000f3d9   Thumb Code    12  cgrapparam.o(.text)
    SubAnnCompNum                            0x0000f3e5   Thumb Code    12  cgrapparam.o(.text)
    GetAnnCompNum                            0x0000f3f1   Thumb Code     6  cgrapparam.o(.text)
    SetAnnSel                                0x0000f3f7   Thumb Code     6  cgrapparam.o(.text)
    AddAnnSel                                0x0000f3fd   Thumb Code    12  cgrapparam.o(.text)
    GetAnnSel                                0x0000f409   Thumb Code     6  cgrapparam.o(.text)
    AddSysCheckDep                           0x0000f40f   Thumb Code    12  cgrapparam.o(.text)
    SubSysCheckDep                           0x0000f41b   Thumb Code    12  cgrapparam.o(.text)
    SetSysCheckDep                           0x0000f427   Thumb Code     6  cgrapparam.o(.text)
    GetSysCheckDep                           0x0000f42d   Thumb Code     6  cgrapparam.o(.text)
    AddStatusDep                             0x0000f433   Thumb Code    12  cgrapparam.o(.text)
    SubStatusDep                             0x0000f43f   Thumb Code    12  cgrapparam.o(.text)
    SetStatusDep                             0x0000f44b   Thumb Code     6  cgrapparam.o(.text)
    GetStatusDep                             0x0000f451   Thumb Code     6  cgrapparam.o(.text)
    AddStatusComp                            0x0000f457   Thumb Code    12  cgrapparam.o(.text)
    SubStatusComp                            0x0000f463   Thumb Code    12  cgrapparam.o(.text)
    SetStatusComp                            0x0000f46f   Thumb Code     6  cgrapparam.o(.text)
    GetStatusComp                            0x0000f475   Thumb Code     6  cgrapparam.o(.text)
    AddStatusFlag                            0x0000f47b   Thumb Code    12  cgrapparam.o(.text)
    SetStatusFlag                            0x0000f487   Thumb Code     6  cgrapparam.o(.text)
    GetStatusFlag                            0x0000f48d   Thumb Code     6  cgrapparam.o(.text)
    AddIntenDep                              0x0000f493   Thumb Code    12  cgrapparam.o(.text)
    SubIntenDep                              0x0000f49f   Thumb Code    12  cgrapparam.o(.text)
    SetIntenDep                              0x0000f4ab   Thumb Code   118  cgrapparam.o(.text)
    GetIntenDep                              0x0000f521   Thumb Code     6  cgrapparam.o(.text)
    AddIntenComp                             0x0000f527   Thumb Code    12  cgrapparam.o(.text)
    SubIntenComp                             0x0000f533   Thumb Code    12  cgrapparam.o(.text)
    SetIntenComp                             0x0000f53f   Thumb Code     6  cgrapparam.o(.text)
    GetIntenComp                             0x0000f545   Thumb Code     6  cgrapparam.o(.text)
    AddIntenFlag                             0x0000f54b   Thumb Code    12  cgrapparam.o(.text)
    SetIntenFlag                             0x0000f557   Thumb Code     6  cgrapparam.o(.text)
    GetIntenFlag                             0x0000f55d   Thumb Code     6  cgrapparam.o(.text)
    State_0mA                                0x0000f571   Thumb Code    14  csetcurrent.o(.text)
    State_6mA                                0x0000f57f   Thumb Code    24  csetcurrent.o(.text)
    State_20mA                               0x0000f597   Thumb Code    14  csetcurrent.o(.text)
    get_loopLD_state                         0x0000f5a5   Thumb Code    10  csetcurrent.o(.text)
    clrbuf                                   0x0000f5af   Thumb Code    18  csetcurrent.o(.text)
    printbuf                                 0x0000f5c1   Thumb Code    32  csetcurrent.o(.text)
    clr_loop_LD_counter                      0x0000f5e1   Thumb Code    28  csetcurrent.o(.text)
    get_loop_LD_counter                      0x0000f5fd   Thumb Code     6  csetcurrent.o(.text)
    add_loop_LD_counter                      0x0000f603   Thumb Code    12  csetcurrent.o(.text)
    loop_LD_state                            0x0000f60f   Thumb Code    38  csetcurrent.o(.text)
    set_print                                0x0000f635   Thumb Code     8  csetcurrent.o(.text)
    get_print                                0x0000f63d   Thumb Code     6  csetcurrent.o(.text)
    clr_print                                0x0000f643   Thumb Code     8  csetcurrent.o(.text)
    state_loopld_printf                      0x0000f64b   Thumb Code    40  csetcurrent.o(.text)
    __c89vsprintf                            0x0000f6a9   Thumb Code    32  c89vsprintf.o(.text)
    __aeabi_memcpy                           0x0000f6cd   Thumb Code     0  rt_memcpy_v6.o(.text)
    __rt_memcpy                              0x0000f6cd   Thumb Code   138  rt_memcpy_v6.o(.text)
    _memcpy_lastbytes                        0x0000f733   Thumb Code     0  rt_memcpy_v6.o(.text)
    __aeabi_memcpy4                          0x0000f757   Thumb Code     0  rt_memcpy_w.o(.text)
    __aeabi_memcpy8                          0x0000f757   Thumb Code     0  rt_memcpy_w.o(.text)
    __rt_memcpy_w                            0x0000f757   Thumb Code   100  rt_memcpy_w.o(.text)
    _memcpy_lastbytes_aligned                0x0000f79f   Thumb Code     0  rt_memcpy_w.o(.text)
    __aeabi_memclr                           0x0000f7bb   Thumb Code     0  rt_memclr.o(.text)
    __rt_memclr                              0x0000f7bb   Thumb Code    68  rt_memclr.o(.text)
    _memset                                  0x0000f7bf   Thumb Code     0  rt_memclr.o(.text)
    __aeabi_memclr4                          0x0000f7ff   Thumb Code     0  rt_memclr_w.o(.text)
    __aeabi_memclr8                          0x0000f7ff   Thumb Code     0  rt_memclr_w.o(.text)
    __rt_memclr_w                            0x0000f7ff   Thumb Code    78  rt_memclr_w.o(.text)
    _memset_w                                0x0000f803   Thumb Code     0  rt_memclr_w.o(.text)
    _printf_pre_padding                      0x0000f84d   Thumb Code    46  _printf_pad.o(.text)
    _printf_post_padding                     0x0000f87b   Thumb Code    36  _printf_pad.o(.text)
    _printf_truncate_signed                  0x0000f89f   Thumb Code    18  _printf_truncate.o(.text)
    _printf_truncate_unsigned                0x0000f8b1   Thumb Code    18  _printf_truncate.o(.text)
    _printf_str                              0x0000f8c3   Thumb Code    82  _printf_str.o(.text)
    _printf_int_dec                          0x0000f915   Thumb Code   102  _printf_dec.o(.text)
    _printf_charcount                        0x0000f98d   Thumb Code    42  _printf_charcount.o(.text)
    _printf_char_common                      0x0000f9c3   Thumb Code    32  _printf_char_common.o(.text)
    _printf_wctomb                           0x0000f9e9   Thumb Code   182  _printf_wctomb.o(.text)
    _printf_longlong_dec                     0x0000faa5   Thumb Code   104  _printf_longlong_dec.o(.text)
    _printf_longlong_oct                     0x0000fb1d   Thumb Code    76  _printf_oct_int_ll.o(.text)
    _printf_int_oct                          0x0000fb69   Thumb Code    24  _printf_oct_int_ll.o(.text)
    _printf_ll_oct                           0x0000fb81   Thumb Code    12  _printf_oct_int_ll.o(.text)
    _printf_longlong_hex                     0x0000fb95   Thumb Code    92  _printf_hex_int_ll_ptr.o(.text)
    _printf_int_hex                          0x0000fbf1   Thumb Code    28  _printf_hex_int_ll_ptr.o(.text)
    _printf_ll_hex                           0x0000fc0d   Thumb Code    12  _printf_hex_int_ll_ptr.o(.text)
    _printf_hex_ptr                          0x0000fc19   Thumb Code    18  _printf_hex_int_ll_ptr.o(.text)
    __printf                                 0x0000fc31   Thumb Code   390  __printf_flags_ss_wp.o(.text)
    _ll_udiv10                               0x0000fdbd   Thumb Code   138  lludiv10.o(.text)
    _printf_int_common                       0x0000fe47   Thumb Code   184  _printf_intcommon.o(.text)
    __lib_sel_fp_printf                      0x0000feff   Thumb Code     2  _printf_fp_dec.o(.text)
    _printf_fp_dec_real                      0x000100ad   Thumb Code   626  _printf_fp_dec.o(.text)
    _printf_cs_common                        0x0001031f   Thumb Code    20  _printf_char.o(.text)
    _printf_char                             0x00010333   Thumb Code    16  _printf_char.o(.text)
    _printf_string                           0x00010343   Thumb Code     8  _printf_char.o(.text)
    _printf_lcs_common                       0x0001034b   Thumb Code    20  _printf_wchar.o(.text)
    _printf_wchar                            0x0001035f   Thumb Code    16  _printf_wchar.o(.text)
    _printf_wstring                          0x0001036f   Thumb Code     8  _printf_wchar.o(.text)
    _wcrtomb                                 0x00010377   Thumb Code    64  _wcrtomb.o(.text)
    __user_setup_stackheap                   0x000103b7   Thumb Code    74  sys_stackheap_outer.o(.text)
    __rt_ctype_table                         0x00010401   Thumb Code    16  rt_ctype_table.o(.text)
    __rt_locale                              0x00010411   Thumb Code     8  rt_locale_intlibspace.o(.text)
    _printf_fp_infnan                        0x00010419   Thumb Code   112  _printf_fp_infnan.o(.text)
    _btod_etento                             0x00010499   Thumb Code   222  bigflt0.o(.text)
    exit                                     0x0001057d   Thumb Code    12  exit.o(.text)
    __user_libspace                          0x00010589   Thumb Code     8  libspace.o(.text)
    __user_perproc_libspace                  0x00010589   Thumb Code     0  libspace.o(.text)
    __user_perthread_libspace                0x00010589   Thumb Code     0  libspace.o(.text)
    strcmp                                   0x00010591   Thumb Code   128  strcmpv7m.o(.text)
    __rt_fp_status_addr                      0x00010611   Thumb Code     8  rt_fp_status_addr_intlibspace.o(.text)
    _sys_exit                                0x00010619   Thumb Code     8  sys_exit.o(.text)
    _btod_d2e                                0x00010625   Thumb Code    62  btod.o(CL$$btod_d2e)
    _d2e_denorm_low                          0x00010663   Thumb Code    70  btod.o(CL$$btod_d2e_denorm_low)
    _d2e_norm_op1                            0x000106a9   Thumb Code    96  btod.o(CL$$btod_d2e_norm_op1)
    __btod_div_common                        0x00010709   Thumb Code   696  btod.o(CL$$btod_div_common)
    _e2e                                     0x00010a41   Thumb Code   198  btod.o(CL$$btod_e2e)
    _btod_ediv                               0x00010b07   Thumb Code    40  btod.o(CL$$btod_ediv)
    _btod_emul                               0x00010b2f   Thumb Code    40  btod.o(CL$$btod_emul)
    __btod_mult_common                       0x00010b57   Thumb Code   580  btod.o(CL$$btod_mult_common)
    __ARM_fpclassify                         0x00010d9b   Thumb Code    40  fpclassify.o(i.__ARM_fpclassify)
    _is_digit                                0x00010dc3   Thumb Code    14  __printf_wp.o(i._is_digit)
    _get_lc_numeric                          0x00010dd1   Thumb Code    44  lc_numeric_c.o(locale$$code)
    _get_lc_ctype                            0x00010dfd   Thumb Code    44  lc_ctype_c.o(locale$$code)
    _fp_init                                 0x00010e29   Thumb Code    14  fpinit.o(x$fpl$fpinit)
    __fplib_config_pureend_doubles           0x00010e35   Thumb Code     0  fpinit.o(x$fpl$fpinit)
    _printf_fp_dec                           0x00010e37   Thumb Code     4  printf1.o(x$fpl$printf1)
    GB2312Hzk                                0x00010e3a   Data          64  lcd.o(.constdata)
    acASC8x16                                0x00010e7a   Data        3104  lcd.o(.constdata)
    acHZK16F                                 0x00011a9a   Data       262176  lcd.o(.constdata)
    Region$$Table$$Base                      0x00051bd8   Number         0  anon$$obj.o(Region$$Table)
    Region$$Table$$Limit                     0x00051bf8   Number         0  anon$$obj.o(Region$$Table)
    __ctype                                  0x00051c21   Data           0  lc_ctype_c.o(locale$$data)
    SystemFrequency                          0x10000000   Data           4  system_lpc17xx.o(.data)
    msTicks                                  0x10000004   Data           4  delay.o(.data)
    I2C_sla                                  0x10000008   Data           1  i2c.o(.data)
    I2C_suba                                 0x1000000c   Data           4  i2c.o(.data)
    I2C_suba_num                             0x10000010   Data           1  i2c.o(.data)
    I2C_buf                                  0x10000014   Data           4  i2c.o(.data)
    I2C_num                                  0x10000018   Data           4  i2c.o(.data)
    I2C_end                                  0x1000001c   Data           1  i2c.o(.data)
    I2C_suba_en                              0x1000001d   Data           1  i2c.o(.data)
    tp3                                      0x1000001e   Data           2  uart.o(.data)
    tp4                                      0x10000020   Data           2  uart.o(.data)
    Save_Ann_flag                            0x10000022   Data           1  uart.o(.data)
    tp                                       0x10000023   Data           1  uart.o(.data)
    tp1                                      0x10000024   Data           1  uart.o(.data)
    tp2                                      0x10000025   Data           1  uart.o(.data)
    vAnnCounter                              0x10000026   Data           1  uart.o(.data)
    hanzi                                    0x10000028   Data           2  uart.o(.data)
    vTimeTickCounter                         0x1000002c   Data           1  ctime.o(.data)
    vHeartTick                               0x10000030   Data           4  ctime.o(.data)
    vSpeakerTick                             0x10000034   Data           2  ctime.o(.data)
    vLedFlag                                 0x10000038   Data           4  ctime.o(.data)
    vScreenMaskFlag                          0x1000003c   Data           4  ctime.o(.data)
    vCurTime0Def                             0x10000044   Data           4  ctimedef.o(.data)
    vTimer0Counter                           0x10000048   Data           4  ctimedef.o(.data)
    vTimerRisingCounter                      0x1000004c   Data           4  ctimedef.o(.data)
    vTimer0Wait2msCounter                    0x10000050   Data           4  ctimedef.o(.data)
    vWait2msState                            0x10000054   Data           1  ctimedef.o(.data)
    vWaittoRun                               0x10000068   Data           4  ctimedef.o(.data)
    pwm1startflag                            0x1000006c   Data           1  pwm.o(.data)
    match_counter1                           0x10000070   Data           4  pwm.o(.data)
    Extint1_flag                             0x10000074   Data           1  extint.o(.data)
    Extint3_flag                             0x10000075   Data           1  extint.o(.data)
    fallingcount                             0x10000078   Data           4  extint.o(.data)
    vriseingcount                            0x1000007c   Data           4  extint.o(.data)
    shu                                      0x10000080   Data         288  lcd.o(.data)
    Hzk1                                     0x100001a0   Data         880  lcd.o(.data)
    TimeAndDate                              0x10000510   Data           8  pcf8563.o(.data)
    vBackValue                               0x10000518   Data           1  key.o(.data)
    Convertdata                              0x1000051c   Data           6  ccomhandle.o(.data)
    Flag195                                  0x10000522   Data           1  ccomhandle.o(.data)
    FirstAlarm_Flag                          0x10000523   Data           1  ccomhandle.o(.data)
    AlarmSum                                 0x10000524   Data           3  ccomhandle.o(.data)
    CheckInfoFlag                            0x10000527   Data           3  ccomhandle.o(.data)
    com1Count                                0x1000052a   Data           1  ccomhandle.o(.data)
    reset_fault_flag                         0x1000052b   Data           1  ccomhandle.o(.data)
    reset_batt_flag                          0x1000052c   Data           1  ccomhandle.o(.data)
    Address_Counter                          0x1000052d   Data           1  ccomhandle.o(.data)
    vdisplay_alarm                           0x1000052e   Data           5  ccomhandle.o(.data)
    vDispaly_alarm_flag                      0x10000533   Data           1  ccomhandle.o(.data)
    respfire_val                             0x10000534   Data           6  ccomhandle.o(.data)
    UartClrflag                              0x1000053a   Data           1  ccomhandle.o(.data)
    UartClrLen                               0x1000053b   Data           1  ccomhandle.o(.data)
    DefAddrEn                                0x1000053c   Data           1  ccomhandle.o(.data)
    UartSendLen                              0x1000053d   Data           1  ccomhandle.o(.data)
    pTxbuf                                   0x10000540   Data           4  ccomhandle.o(.data)
    MasterAddr                               0x10000544   Data           1  ccomhandle.o(.data)
    valarmtime                               0x10000546   Data           8  ccomhandle.o(.data)
    alarm_date                               0x1000054e   Data           8  ccomhandle.o(.data)
    pdUartSend                               0x10000558   Data           4  ccomhandle.o(.data)
    pdUartRcv                                0x1000055c   Data           4  ccomhandle.o(.data)
    FlashInfo                                0x10000560   Data           2  ccomhandle.o(.data)
    compreg                                  0x10000562   Data           8  ccomhandle.o(.data)
    dataHeart                                0x1000056c   Data           2  ccompara.o(.data)
    dataCount                                0x1000056e   Data           1  ccompara.o(.data)
    temp                                     0x1000056f   Data           1  ccompara.o(.data)
    vBattLowSum                              0x10000570   Data           4  ccompara.o(.data)
    vBrokenSum                               0x10000574   Data           4  ccompara.o(.data)
    vCom0Count                               0x10000578   Data           1  ccompara.o(.data)
    vHeartFaultFlag                          0x10000579   Data           1  ccompara.o(.data)
    vAlarmFlag                               0x1000057a   Data           2  ccompara.o(.data)
    FirstAlarm_Addr                          0x1000057c   Data           2  ccompara.o(.data)
    vAlarmInfoFlag                           0x1000057e   Data           1  ccompara.o(.data)
    AlarmFlag                                0x1000057f   Data           4  ccompara.o(.data)
    vReleaseFlag                             0x10000583   Data           1  ccompara.o(.data)
    vFlag_195                                0x10000584   Data           1  ccompara.o(.data)
    vCirAddrCurrent                          0x10000585   Data           1  ccompara.o(.data)
    vFlagLed                                 0x10000586   Data           1  ccompara.o(.data)
    RisingCount                              0x10000588   Data           4  caddresscount.o(.data)
    circuit_counter                          0x1000058c   Data           4  caddresscount.o(.data)
    vCirAddrv                                0x10000590   Data           1  caddresscount.o(.data)
    syn_flag                                 0x10000591   Data           1  caddresscount.o(.data)
    fireflag                                 0x10000592   Data           2  caddresscount.o(.data)
    alarm_circuit_flag                       0x10000594   Data           1  caddresscount.o(.data)
    xialasignal                              0x10000595   Data           1  caddresscount.o(.data)
    weixialasignal                           0x10000596   Data           1  caddresscount.o(.data)
    vCounter                                 0x10000598   Data           3  ckeycounter.o(.data)
    vGrapCounter                             0x1000059b   Data           1  ckeycounter.o(.data)
    vSelMenu_flag                            0x1000059c   Data           1  ckeycounter.o(.data)
    vPasswordFlag                            0x1000059d   Data           1  ckeycounter.o(.data)
    vHisCountDown                            0x100005a0   Data           4  ctaskdown.o(.data)
    vHistCount                               0x100005a4   Data           4  ctaskdown.o(.data)
    menu_in_setuplocaladdr                   0x100005a8   Data           1  ctasksure.o(.data)
    vMaskCount                               0x100005a9   Data           1  ctasksure.o(.data)
    vmaskflag                                0x100005aa   Data           1  ctasksure.o(.data)
    vAnnUartFlag                             0x100005ab   Data           1  ctasksure.o(.data)
    vZjFlag                                  0x100005ac   Data           1  ctasksure.o(.data)
    vSpeaker_Counter                         0x100005ad   Data           1  ctasksure.o(.data)
    enter_flag                               0x100005ae   Data           1  ctasksure.o(.data)
    timedate                                 0x100005b0   Data           8  ctasksure.o(.data)
    loopflag                                 0x100005b8   Data           1  runfunction.o(.data)
    vCounterLed                              0x100005b9   Data           1  runfunction.o(.data)
    HeartTaskFlag                            0x100005ba   Data           1  runfunction.o(.data)
    csflag                                   0x100005bb   Data           1  runfunction.o(.data)
    TickCounter                              0x100005bc   Data           1  runfunction.o(.data)
    vHeartLostFlag                           0x100005bd   Data           1  runfunction.o(.data)
    vMaskScreen                              0x100005be   Data           1  runfunction.o(.data)
    alarm_display_counter                    0x100005bf   Data           1  runfunction.o(.data)
    record_alarmnum                          0x100005c0   Data           1  runfunction.o(.data)
    alarm_newest_pos                         0x100005c2   Data           1  runfunction.o(.data)
    his_pos                                  0x100005c6   Data           2  runfunction.o(.data)
    vRunLedCount                             0x100005ca   Data           1  crunctrl.o(.data)
    m_SysRunFlag                             0x100005cc   Data           4  csysrunflag.o(.data)
    m_LpCkFlag                               0x100005e0   Data           4  clpckctrl.o(.data)
    m_LpScanFlag                             0x100005e4   Data           4  clpscanctrl.o(.data)
    vPWM1Time                                0x100005e8   Data           2  ctimectrl.o(.data)
    vPWM1StopFlag                            0x100005ea   Data           1  ctimectrl.o(.data)
    bufcounter                               0x100005fc   Data           1  ctimectrl.o(.data)
    vRun1s                                   0x100005fd   Data           1  ctimectrl.o(.data)
    vRunTime0                                0x100005fe   Data           2  ctimectrl.o(.data)
    vRunTime1                                0x10000600   Data           4  ctimectrl.o(.data)
    mRunTime0                                0x10000604   Data           2  ctimectrl.o(.data)
    vPIT0Run                                 0x10000606   Data           1  ctimectrl.o(.data)
    vPIT1Run                                 0x10000607   Data           1  ctimectrl.o(.data)
    vRunValue                                0x10000608   Data           4  ctimectrl.o(.data)
    vRunToIap                                0x1000060c   Data           1  ctimectrl.o(.data)
    vInten_Flag                              0x1000060e   Data           1  ccompinten.o(.data)
    hz                                       0x10000663   Data          33  setmenu.o(.data)
    vCirCounter                              0x10000684   Data           1  cflashparam.o(.data)
    vHisCounter                              0x10000686   Data           2  cflashparam.o(.data)
    vHistFlag                                0x10000688   Data           1  cflashparam.o(.data)
    vPageCounter                             0x10000689   Data           1  cflashparam.o(.data)
    AlarmInfo                                0x1000068a   Data         936  cflashparam.o(.data)
    data_note                                0x10000a32   Data           2  cflashparam.o(.data)
    vHisC                                    0x10000a35   Data           3  cflashparam.o(.data)
    flash_record                             0x10000a38   Data         400  cflashparam.o(.data)
    basic_record                             0x10000bc8   Data           4  cflashparam.o(.data)
    comp_record                              0x10000bcc   Data           4  cflashparam.o(.data)
    mask_record                              0x10000bd0   Data           4  cflashparam.o(.data)
    alarm_record                             0x10000bd4   Data           4  cflashparam.o(.data)
    node_record                              0x10000bd8   Data           4  cflashparam.o(.data)
    nodenums_record                          0x10000bdc   Data           4  cflashparam.o(.data)
    hist_record                              0x10000be0   Data           4  cflashparam.o(.data)
    histnums_record                          0x10000be4   Data           4  cflashparam.o(.data)
    histsufix_record                         0x10000be8   Data           4  cflashparam.o(.data)
    vLocalAddress                            0x10000bf4   Data           3  cgrapparam.o(.data)
    vLocalParaSel                            0x10000bf7   Data           1  cgrapparam.o(.data)
    department                               0x10000bf8   Data           3  cgrapparam.o(.data)
    department_sum                           0x10000bfb   Data           1  cgrapparam.o(.data)
    department_sel                           0x10000bfc   Data           1  cgrapparam.o(.data)
    vComRegFlag                              0x10000bfd   Data           1  cgrapparam.o(.data)
    vCompRegDep                              0x10000bfe   Data           2  cgrapparam.o(.data)
    vCompRegNum                              0x10000c00   Data           2  cgrapparam.o(.data)
    vCompRegAddr                             0x10000c02   Data           1  cgrapparam.o(.data)
    vCompRegParaSel                          0x10000c03   Data           1  cgrapparam.o(.data)
    vCompSetDep                              0x10000c04   Data           2  cgrapparam.o(.data)
    vCompSetNum                              0x10000c06   Data           2  cgrapparam.o(.data)
    vComSetSelSet                            0x10000c08   Data           1  cgrapparam.o(.data)
    vComSetSel                               0x10000c09   Data           1  cgrapparam.o(.data)
    vYear                                    0x10000c0a   Data           2  cgrapparam.o(.data)
    vMonth                                   0x10000c0c   Data           2  cgrapparam.o(.data)
    vDay                                     0x10000c0e   Data           2  cgrapparam.o(.data)
    vHour                                    0x10000c10   Data           2  cgrapparam.o(.data)
    vMintue                                  0x10000c12   Data           2  cgrapparam.o(.data)
    vSecond                                  0x10000c14   Data           2  cgrapparam.o(.data)
    vSelTime                                 0x10000c16   Data           1  cgrapparam.o(.data)
    vAnnDep                                  0x10000c18   Data           2  cgrapparam.o(.data)
    vAnnCompNum                              0x10000c1a   Data           2  cgrapparam.o(.data)
    vAnnSel                                  0x10000c1c   Data           1  cgrapparam.o(.data)
    vSysCheckDep                             0x10000c1d   Data           1  cgrapparam.o(.data)
    vStatusDep                               0x10000c1e   Data           1  cgrapparam.o(.data)
    vStatusComp                              0x10000c1f   Data           1  cgrapparam.o(.data)
    vStatusFlag                              0x10000c20   Data           1  cgrapparam.o(.data)
    vIntenDep                                0x10000c21   Data           1  cgrapparam.o(.data)
    vIntenComp                               0x10000c22   Data           1  cgrapparam.o(.data)
    vIntenFlag                               0x10000c23   Data           1  cgrapparam.o(.data)
    loop_LD_counter                          0x10000c24   Data           1  csetcurrent.o(.data)
    printflag                                0x10000c25   Data           1  csetcurrent.o(.data)
    testann                                  0x10000c28   Data        2000  uart.o(.bss)
    testann1                                 0x100013f8   Data          10  uart.o(.bss)
    data0                                    0x10001402   Data           9  uart.o(.bss)
    data2                                    0x1000140b   Data        2805  uart.o(.bss)
    data3                                    0x10001f00   Data          12  uart.o(.bss)
    vKeyCounter                              0x10001f0c   Data          24  key.o(.bss)
    UartRxbuf                                0x10001f24   Data           9  ccomhandle.o(.bss)
    UartTxbuf                                0x10001f2d   Data           9  ccomhandle.o(.bss)
    Rxdata                                   0x10001f36   Data           9  ccomhandle.o(.bss)
    histinfo                                 0x10001f40   Data          18  ccomhandle.o(.bss)
    alarm_info                               0x10001f52   Data          18  ccomhandle.o(.bss)
    data                                     0x10001f64   Data          90  ccompara.o(.bss)
    data1                                    0x10001fbe   Data          10  ccompara.o(.bss)
    vCom0Data                                0x10001fc8   Data          20  ccompara.o(.bss)
    vCirAlarmData                            0x10001fdc   Data          50  ccompara.o(.bss)
    Send195                                  0x1000200e   Data          15  csendto195.o(.bss)
    SendVH75                                 0x1000201d   Data           9  csendto195.o(.bss)
    setupinfo                                0x10002026   Data          18  ctasksure.o(.bss)
    alarmpart                                0x10002038   Data          51  runfunction.o(.bss)
    menu_alarm_info                          0x1000206c   Data          18  runfunction.o(.bss)
    alarm_info_loop                          0x1000207e   Data          18  runfunction.o(.bss)
    m_LpAnsFlag                              0x10002090   Data          10  clpansctrl.o(.bss)
    loopldbuf                                0x1000209c   Data          10  ctimectrl.o(.bss)
    vTime1_3h_exist                          0x100020a8   Data         408  ctimectrl.o(.bss)
    m_NodeInfo                               0x10002240   Data        1020  cnodeinfo.o(.bss)
    vGetDatatoFlash                          0x1000263c   Data         663  cflashparam.o(.bss)
    vGetDepNum                               0x100028d3   Data          51  cflashparam.o(.bss)
    vReadFlashData                           0x10002906   Data          16  cflashparam.o(.bss)
    vGetPsn                                  0x10002916   Data         408  cflashparam.o(.bss)
    FlashData                                0x10002aae   Data         765  cflashparam.o(.bss)
    vGetCom0Ann                              0x10002dac   Data        1600  cflashparam.o(.bss)
    vHistSufixInfo                           0x100033ec   Data          10  cflashparam.o(.bss)
    BaseInfoF                                0x100033f6   Data         256  cflashparam.o(.bss)
    vSendPSNToFlash                          0x100034f6   Data         408  cflashparam.o(.bss)
    vMaskPSN                                 0x1000368e   Data          51  cflashparam.o(.bss)
    vHisList                                 0x100036c1   Data       17017  cflashparam.o(.bss)
    state_loopLD                             0x1000793a   Data          10  csetcurrent.o(.bss)
    __libspace_start                         0x10007944   Data          96  libspace.o(.bss)
    __temporary_stack_top$libspace           0x100079a4   Data           0  libspace.o(.bss)



==============================================================================

Memory Map of the image

  Image Entry point : 0x000000cd

  Load Region LR_IROM1 (Base: 0x00000000, Size: 0x0005294c, Max: 0x00080000, ABSOLUTE, COMPRESSED[0x00052100])

    Execution Region ER_IROM1 (Base: 0x00000000, Size: 0x00051d24, Max: 0x00080000, ABSOLUTE)

    Base Addr    Size         Type   Attr      Idx    E Section Name        Object

    0x00000000   0x000000cc   Data   RO            3    RESET               startup_lpc17xx.o
    0x000000cc   0x00000008   Code   RO         1388  * !!!main             c_w.l(__main.o)
    0x000000d4   0x00000034   Code   RO         1702    !!!scatter          c_w.l(__scatter.o)
    0x00000108   0x0000005a   Code   RO         1700    !!dczerorl2         c_w.l(__dczerorl2.o)
    0x00000162   0x00000002   PAD
    0x00000164   0x0000001c   Code   RO         1704    !!handler_zi        c_w.l(__scatter_zi.o)
    0x00000180   0x00000000   Code   RO         1472    .ARM.Collect$$_printf_percent$$00000000  c_w.l(_printf_percent.o)
    0x00000180   0x00000006   Code   RO         1461    .ARM.Collect$$_printf_percent$$00000001  c_w.l(_printf_n.o)
    0x00000186   0x00000006   Code   RO         1463    .ARM.Collect$$_printf_percent$$00000002  c_w.l(_printf_p.o)
    0x0000018c   0x00000006   Code   RO         1468    .ARM.Collect$$_printf_percent$$00000003  c_w.l(_printf_f.o)
    0x00000192   0x00000006   Code   RO         1469    .ARM.Collect$$_printf_percent$$00000004  c_w.l(_printf_e.o)
    0x00000198   0x00000006   Code   RO         1470    .ARM.Collect$$_printf_percent$$00000005  c_w.l(_printf_g.o)
    0x0000019e   0x00000006   Code   RO         1471    .ARM.Collect$$_printf_percent$$00000006  c_w.l(_printf_a.o)
    0x000001a4   0x0000000a   Code   RO         1476    .ARM.Collect$$_printf_percent$$00000007  c_w.l(_printf_ll.o)
    0x000001ae   0x00000006   Code   RO         1465    .ARM.Collect$$_printf_percent$$00000008  c_w.l(_printf_i.o)
    0x000001b4   0x00000006   Code   RO         1466    .ARM.Collect$$_printf_percent$$00000009  c_w.l(_printf_d.o)
    0x000001ba   0x00000006   Code   RO         1467    .ARM.Collect$$_printf_percent$$0000000A  c_w.l(_printf_u.o)
    0x000001c0   0x00000006   Code   RO         1464    .ARM.Collect$$_printf_percent$$0000000B  c_w.l(_printf_o.o)
    0x000001c6   0x00000006   Code   RO         1462    .ARM.Collect$$_printf_percent$$0000000C  c_w.l(_printf_x.o)
    0x000001cc   0x00000006   Code   RO         1473    .ARM.Collect$$_printf_percent$$0000000D  c_w.l(_printf_lli.o)
    0x000001d2   0x00000006   Code   RO         1474    .ARM.Collect$$_printf_percent$$0000000E  c_w.l(_printf_lld.o)
    0x000001d8   0x00000006   Code   RO         1475    .ARM.Collect$$_printf_percent$$0000000F  c_w.l(_printf_llu.o)
    0x000001de   0x00000006   Code   RO         1480    .ARM.Collect$$_printf_percent$$00000010  c_w.l(_printf_llo.o)
    0x000001e4   0x00000006   Code   RO         1481    .ARM.Collect$$_printf_percent$$00000011  c_w.l(_printf_llx.o)
    0x000001ea   0x0000000a   Code   RO         1477    .ARM.Collect$$_printf_percent$$00000012  c_w.l(_printf_l.o)
    0x000001f4   0x00000006   Code   RO         1459    .ARM.Collect$$_printf_percent$$00000013  c_w.l(_printf_c.o)
    0x000001fa   0x00000006   Code   RO         1460    .ARM.Collect$$_printf_percent$$00000014  c_w.l(_printf_s.o)
    0x00000200   0x00000006   Code   RO         1478    .ARM.Collect$$_printf_percent$$00000015  c_w.l(_printf_lc.o)
    0x00000206   0x00000006   Code   RO         1479    .ARM.Collect$$_printf_percent$$00000016  c_w.l(_printf_ls.o)
    0x0000020c   0x00000004   Code   RO         1511    .ARM.Collect$$_printf_percent$$00000017  c_w.l(_printf_percent_end.o)
    0x00000210   0x00000006   Code   RO         1560    .ARM.Collect$$libinit$$00000000  c_w.l(libinit.o)
    0x00000216   0x00000000   Code   RO         1578    .ARM.Collect$$libinit$$00000006  c_w.l(libinit2.o)
    0x00000216   0x00000000   Code   RO         1580    .ARM.Collect$$libinit$$00000008  c_w.l(libinit2.o)
    0x00000216   0x00000000   Code   RO         1582    .ARM.Collect$$libinit$$0000000A  c_w.l(libinit2.o)
    0x00000216   0x00000006   Code   RO         1583    .ARM.Collect$$libinit$$0000000B  c_w.l(libinit2.o)
    0x0000021c   0x00000000   Code   RO         1585    .ARM.Collect$$libinit$$0000000D  c_w.l(libinit2.o)
    0x0000021c   0x0000000c   Code   RO         1586    .ARM.Collect$$libinit$$0000000E  c_w.l(libinit2.o)
    0x00000228   0x00000000   Code   RO         1587    .ARM.Collect$$libinit$$0000000F  c_w.l(libinit2.o)
    0x00000228   0x00000000   Code   RO         1589    .ARM.Collect$$libinit$$00000011  c_w.l(libinit2.o)
    0x00000228   0x0000000a   Code   RO         1590    .ARM.Collect$$libinit$$00000012  c_w.l(libinit2.o)
    0x00000232   0x00000000   Code   RO         1591    .ARM.Collect$$libinit$$00000013  c_w.l(libinit2.o)
    0x00000232   0x00000000   Code   RO         1593    .ARM.Collect$$libinit$$00000015  c_w.l(libinit2.o)
    0x00000232   0x00000000   Code   RO         1595    .ARM.Collect$$libinit$$00000017  c_w.l(libinit2.o)
    0x00000232   0x00000000   Code   RO         1597    .ARM.Collect$$libinit$$00000019  c_w.l(libinit2.o)
    0x00000232   0x00000000   Code   RO         1599    .ARM.Collect$$libinit$$0000001B  c_w.l(libinit2.o)
    0x00000232   0x00000000   Code   RO         1601    .ARM.Collect$$libinit$$0000001D  c_w.l(libinit2.o)
    0x00000232   0x00000000   Code   RO         1603    .ARM.Collect$$libinit$$0000001F  c_w.l(libinit2.o)
    0x00000232   0x00000000   Code   RO         1605    .ARM.Collect$$libinit$$00000021  c_w.l(libinit2.o)
    0x00000232   0x00000000   Code   RO         1609    .ARM.Collect$$libinit$$00000028  c_w.l(libinit2.o)
    0x00000232   0x00000000   Code   RO         1611    .ARM.Collect$$libinit$$0000002A  c_w.l(libinit2.o)
    0x00000232   0x00000000   Code   RO         1613    .ARM.Collect$$libinit$$0000002C  c_w.l(libinit2.o)
    0x00000232   0x00000000   Code   RO         1615    .ARM.Collect$$libinit$$0000002E  c_w.l(libinit2.o)
    0x00000232   0x00000002   Code   RO         1616    .ARM.Collect$$libinit$$0000002F  c_w.l(libinit2.o)
    0x00000234   0x00000002   Code   RO         1641    .ARM.Collect$$libshutdown$$00000000  c_w.l(libshutdown.o)
    0x00000236   0x00000000   Code   RO         1655    .ARM.Collect$$libshutdown$$00000003  c_w.l(libshutdown2.o)
    0x00000236   0x00000000   Code   RO         1658    .ARM.Collect$$libshutdown$$00000006  c_w.l(libshutdown2.o)
    0x00000236   0x00000000   Code   RO         1661    .ARM.Collect$$libshutdown$$00000009  c_w.l(libshutdown2.o)
    0x00000236   0x00000000   Code   RO         1663    .ARM.Collect$$libshutdown$$0000000B  c_w.l(libshutdown2.o)
    0x00000236   0x00000000   Code   RO         1666    .ARM.Collect$$libshutdown$$0000000E  c_w.l(libshutdown2.o)
    0x00000236   0x00000002   Code   RO         1667    .ARM.Collect$$libshutdown$$0000000F  c_w.l(libshutdown2.o)
    0x00000238   0x00000000   Code   RO         1390    .ARM.Collect$$rtentry$$00000000  c_w.l(rtentry.o)
    0x00000238   0x00000000   Code   RO         1485    .ARM.Collect$$rtentry$$00000002  c_w.l(rtentry2.o)
    0x00000238   0x00000006   Code   RO         1497    .ARM.Collect$$rtentry$$00000004  c_w.l(rtentry4.o)
    0x0000023e   0x00000000   Code   RO         1487    .ARM.Collect$$rtentry$$00000009  c_w.l(rtentry2.o)
    0x0000023e   0x00000004   Code   RO         1488    .ARM.Collect$$rtentry$$0000000A  c_w.l(rtentry2.o)
    0x00000242   0x00000000   Code   RO         1490    .ARM.Collect$$rtentry$$0000000C  c_w.l(rtentry2.o)
    0x00000242   0x00000008   Code   RO         1491    .ARM.Collect$$rtentry$$0000000D  c_w.l(rtentry2.o)
    0x0000024a   0x00000002   Code   RO         1569    .ARM.Collect$$rtexit$$00000000  c_w.l(rtexit.o)
    0x0000024c   0x00000000   Code   RO         1620    .ARM.Collect$$rtexit$$00000002  c_w.l(rtexit2.o)
    0x0000024c   0x00000004   Code   RO         1621    .ARM.Collect$$rtexit$$00000003  c_w.l(rtexit2.o)
    0x00000250   0x00000006   Code   RO         1622    .ARM.Collect$$rtexit$$00000004  c_w.l(rtexit2.o)
    0x00000256   0x00000002   PAD
    0x00000258   0x0000003c   Code   RO            5    .text               startup_lpc17xx.o
    0x00000294   0x00000040   Code   RO           51    .text               main.o
    0x000002d4   0x00000014   Code   RO         1312    .text               cintstend.o
    0x000002e8   0x00000006   Code   RO         1386    .text               c_w.l(heapauxi.o)
    0x000002ee   0x0000000a   Code   RO         1405    .text               c_w.l(_sputc.o)
    0x000002f8   0x00000002   Code   RO         1644    .text               c_w.l(use_no_semi.o)
    0x000002fa   0x00000000   Code   RO         1646    .text               c_w.l(indicate_semi.o)
    0x000002fa   0x00000000   Code   RO         1563    x$fpl$usenofp       fz_ws.l(usenofp.o)
    0x000002fa   0x00000002   Data   RO          525    .constdata          ccomhandle.o
    0x000002fc   0x00000004   Code   RO            4    .ARM.__at_0x02FC    startup_lpc17xx.o
    0x00000300   0x00000234   Code   RO           27    .text               system_lpc17xx.o
    0x00000534   0x000005ac   Code   RO          157    .text               ssp.o
    0x00000ae0   0x0000003c   Code   RO          172    .text               delay.o
    0x00000b1c   0x000004d0   Code   RO          199    .text               i2c.o
    0x00000fec   0x00000804   Code   RO          229    .text               uart.o
    0x000017f0   0x000001d0   Code   RO          291    .text               gpioinit.o
    0x000019c0   0x000003e4   Code   RO          306    .text               ctime.o
    0x00001da4   0x00000170   Code   RO          342    .text               ctimedef.o
    0x00001f14   0x00000130   Code   RO          360    .text               pwm.o
    0x00002044   0x0000021c   Code   RO          381    .text               extint.o
    0x00002260   0x000000e0   Code   RO          405    .text               cgpioirq.o
    0x00002340   0x000008a8   Code   RO          423    .text               lcd.o
    0x00002be8   0x000005ac   Code   RO          453    .text               pcf8563.o
    0x00003194   0x000001a4   Code   RO          474    .text               key.o
    0x00003338   0x000001a4   Code   RO          499    .text               cled.o
    0x000034dc   0x00000070   Code   RO          511    .text               crelay.o
    0x0000354c   0x00000ddc   Code   RO          523    .text               ccomhandle.o
    0x00004328   0x00000438   Code   RO          580    .text               ccompara.o
    0x00004760   0x00000168   Code   RO          608    .text               caddresscount.o
    0x000048c8   0x0000013c   Code   RO          624    .text               csendto195.o
    0x00004a04   0x000000e2   Code   RO          639    .text               cgetgrap.o
    0x00004ae6   0x00000002   PAD
    0x00004ae8   0x000000d8   Code   RO          651    .text               ckeycounter.o
    0x00004bc0   0x00000676   Code   RO          669    .text               ctaskdown.o
    0x00005236   0x00000002   PAD
    0x00005238   0x000001c0   Code   RO          688    .text               ctaskreturn.o
    0x000053f8   0x00001376   Code   RO          706    .text               ctasksure.o
    0x0000676e   0x00000002   PAD
    0x00006770   0x00000696   Code   RO          732    .text               ctaskup.o
    0x00006e06   0x00000002   PAD
    0x00006e08   0x0000088c   Code   RO          745    .text               runfunction.o
    0x00007694   0x000004b4   Code   RO          768    .text               tasklist.o
    0x00007b48   0x00000248   Code   RO          804    .text               crunctrl.o
    0x00007d90   0x000001a0   Code   RO          829    .text               csysrunflag.o
    0x00007f30   0x000000c8   Code   RO          847    .text               clpansctrl.o
    0x00007ff8   0x00000150   Code   RO          866    .text               clpckctrl.o
    0x00008148   0x000001f8   Code   RO          884    .text               clpscanctrl.o
    0x00008340   0x0000047c   Code   RO          902    .text               ctimectrl.o
    0x000087bc   0x00000200   Code   RO          939    .text               cnodeinfo.o
    0x000089bc   0x000002e8   Code   RO          964    .text               store_addr.o
    0x00008ca4   0x000006c6   Code   RO          976    .text               alarmenu.o
    0x0000936a   0x00000002   PAD
    0x0000936c   0x000006aa   Code   RO         1000    .text               breakdown.o
    0x00009a16   0x00000002   PAD
    0x00009a18   0x000003f8   Code   RO         1012    .text               cannotate.o
    0x00009e10   0x000004bc   Code   RO         1027    .text               ccompinten.o
    0x0000a2cc   0x00000778   Code   RO         1042    .text               ccompreg.o
    0x0000aa44   0x000002d4   Code   RO         1057    .text               ccompset.o
    0x0000ad18   0x0000047c   Code   RO         1069    .text               ccompstat.o
    0x0000b194   0x00000a3c   Code   RO         1082    .text               cdatemod.o
    0x0000bbd0   0x000001d4   Code   RO         1098    .text               checkmenu.o
    0x0000bda4   0x000008d8   Code   RO         1110    .text               chistorylist.o
    0x0000c67c   0x00000410   Code   RO         1131    .text               clocalset.o
    0x0000ca8c   0x000001b8   Code   RO         1145    .text               cmodelfault.o
    0x0000cc44   0x00000180   Code   RO         1157    .text               csyscheck.o
    0x0000cdc4   0x00000078   Code   RO         1175    .text               csysreset.o
    0x0000ce3c   0x00000078   Code   RO         1187    .text               ctestself.o
    0x0000ceb4   0x00000578   Code   RO         1199    .text               mainmenu.o
    0x0000d42c   0x000003a4   Code   RO         1213    .text               setmenu.o
    0x0000d7d0   0x000002b0   Code   RO         1228    .text               startmenu.o
    0x0000da80   0x000001e0   Code   RO         1241    .text               testmenu.o
    0x0000dc60   0x00001470   Code   RO         1272    .text               cflashparam.o
    0x0000f0d0   0x000004a0   Code   RO         1294    .text               cgrapparam.o
    0x0000f570   0x00000138   Code   RO         1327    .text               csetcurrent.o
    0x0000f6a8   0x00000024   Code   RO         1376    .text               c_w.l(c89vsprintf.o)
    0x0000f6cc   0x0000008a   Code   RO         1378    .text               c_w.l(rt_memcpy_v6.o)
    0x0000f756   0x00000064   Code   RO         1380    .text               c_w.l(rt_memcpy_w.o)
    0x0000f7ba   0x00000044   Code   RO         1382    .text               c_w.l(rt_memclr.o)
    0x0000f7fe   0x0000004e   Code   RO         1384    .text               c_w.l(rt_memclr_w.o)
    0x0000f84c   0x00000052   Code   RO         1393    .text               c_w.l(_printf_pad.o)
    0x0000f89e   0x00000024   Code   RO         1395    .text               c_w.l(_printf_truncate.o)
    0x0000f8c2   0x00000052   Code   RO         1397    .text               c_w.l(_printf_str.o)
    0x0000f914   0x00000078   Code   RO         1399    .text               c_w.l(_printf_dec.o)
    0x0000f98c   0x0000002a   Code   RO         1401    .text               c_w.l(_printf_charcount.o)
    0x0000f9b6   0x00000002   PAD
    0x0000f9b8   0x00000030   Code   RO         1403    .text               c_w.l(_printf_char_common.o)
    0x0000f9e8   0x000000bc   Code   RO         1407    .text               c_w.l(_printf_wctomb.o)
    0x0000faa4   0x00000078   Code   RO         1410    .text               c_w.l(_printf_longlong_dec.o)
    0x0000fb1c   0x00000078   Code   RO         1416    .text               c_w.l(_printf_oct_int_ll.o)
    0x0000fb94   0x0000009c   Code   RO         1436    .text               c_w.l(_printf_hex_int_ll_ptr.o)
    0x0000fc30   0x0000018c   Code   RO         1456    .text               c_w.l(__printf_flags_ss_wp.o)
    0x0000fdbc   0x0000008a   Code   RO         1499    .text               c_w.l(lludiv10.o)
    0x0000fe46   0x000000b8   Code   RO         1501    .text               c_w.l(_printf_intcommon.o)
    0x0000fefe   0x00000420   Code   RO         1503    .text               c_w.l(_printf_fp_dec.o)
    0x0001031e   0x0000002c   Code   RO         1507    .text               c_w.l(_printf_char.o)
    0x0001034a   0x0000002c   Code   RO         1509    .text               c_w.l(_printf_wchar.o)
    0x00010376   0x00000040   Code   RO         1512    .text               c_w.l(_wcrtomb.o)
    0x000103b6   0x0000004a   Code   RO         1514    .text               c_w.l(sys_stackheap_outer.o)
    0x00010400   0x00000010   Code   RO         1516    .text               c_w.l(rt_ctype_table.o)
    0x00010410   0x00000008   Code   RO         1521    .text               c_w.l(rt_locale_intlibspace.o)
    0x00010418   0x00000080   Code   RO         1523    .text               c_w.l(_printf_fp_infnan.o)
    0x00010498   0x000000e4   Code   RO         1525    .text               c_w.l(bigflt0.o)
    0x0001057c   0x0000000c   Code   RO         1553    .text               c_w.l(exit.o)
    0x00010588   0x00000008   Code   RO         1566    .text               c_w.l(libspace.o)
    0x00010590   0x00000080   Code   RO         1574    .text               c_w.l(strcmpv7m.o)
    0x00010610   0x00000008   Code   RO         1629    .text               c_w.l(rt_fp_status_addr_intlibspace.o)
    0x00010618   0x0000000c   Code   RO         1633    .text               c_w.l(sys_exit.o)
    0x00010624   0x0000003e   Code   RO         1528    CL$$btod_d2e        c_w.l(btod.o)
    0x00010662   0x00000046   Code   RO         1530    CL$$btod_d2e_denorm_low  c_w.l(btod.o)
    0x000106a8   0x00000060   Code   RO         1529    CL$$btod_d2e_norm_op1  c_w.l(btod.o)
    0x00010708   0x00000338   Code   RO         1538    CL$$btod_div_common  c_w.l(btod.o)
    0x00010a40   0x000000c6   Code   RO         1535    CL$$btod_e2e        c_w.l(btod.o)
    0x00010b06   0x00000028   Code   RO         1532    CL$$btod_ediv       c_w.l(btod.o)
    0x00010b2e   0x00000028   Code   RO         1531    CL$$btod_emul       c_w.l(btod.o)
    0x00010b56   0x00000244   Code   RO         1537    CL$$btod_mult_common  c_w.l(btod.o)
    0x00010d9a   0x00000028   Code   RO         1564    i.__ARM_fpclassify  m_ws.l(fpclassify.o)
    0x00010dc2   0x0000000e   Code   RO         1449    i._is_digit         c_w.l(__printf_wp.o)
    0x00010dd0   0x0000002c   Code   RO         1551    locale$$code        c_w.l(lc_numeric_c.o)
    0x00010dfc   0x0000002c   Code   RO         1572    locale$$code        c_w.l(lc_ctype_c.o)
    0x00010e28   0x0000000e   Code   RO         1617    x$fpl$fpinit        fz_ws.l(fpinit.o)
    0x00010e36   0x00000004   Code   RO         1482    x$fpl$printf1       fz_ws.l(printf1.o)
    0x00010e3a   0x00040c80   Data   RO          424    .constdata          lcd.o
    0x00051aba   0x00000002   PAD
    0x00051abc   0x00000041   Data   RO         1070    .constdata          ccompstat.o
    0x00051afd   0x00000003   PAD
    0x00051b00   0x00000008   Data   RO         1408    .constdata          c_w.l(_printf_wctomb.o)
    0x00051b08   0x00000028   Data   RO         1437    .constdata          c_w.l(_printf_hex_int_ll_ptr.o)
    0x00051b30   0x00000011   Data   RO         1457    .constdata          c_w.l(__printf_flags_ss_wp.o)
    0x00051b41   0x00000003   PAD
    0x00051b44   0x00000094   Data   RO         1526    .constdata          c_w.l(bigflt0.o)
    0x00051bd8   0x00000020   Data   RO         1698    Region$$Table       anon$$obj.o
    0x00051bf8   0x0000001c   Data   RO         1550    locale$$data        c_w.l(lc_numeric_c.o)
    0x00051c14   0x00000110   Data   RO         1571    locale$$data        c_w.l(lc_ctype_c.o)


    Execution Region RW_IRAM1 (Base: 0x10000000, Size: 0x00007ba8, Max: 0x00008000, ABSOLUTE, COMPRESSED[0x000003dc])

    Base Addr    Size         Type   Attr      Idx    E Section Name        Object

    0x10000000   0x00000004   Data   RW           28    .data               system_lpc17xx.o
    0x10000004   0x00000004   Data   RW          173    .data               delay.o
    0x10000008   0x00000016   Data   RW          200    .data               i2c.o
    0x1000001e   0x0000000c   Data   RW          231    .data               uart.o
    0x1000002a   0x00000002   PAD
    0x1000002c   0x00000016   Data   RW          307    .data               ctime.o
    0x10000042   0x00000002   PAD
    0x10000044   0x00000028   Data   RW          343    .data               ctimedef.o
    0x1000006c   0x00000008   Data   RW          361    .data               pwm.o
    0x10000074   0x0000000c   Data   RW          382    .data               extint.o
    0x10000080   0x00000490   Data   RW          425    .data               lcd.o
    0x10000510   0x00000008   Data   RW          454    .data               pcf8563.o
    0x10000518   0x00000001   Data   RW          476    .data               key.o
    0x10000519   0x00000003   PAD
    0x1000051c   0x0000004e   Data   RW          526    .data               ccomhandle.o
    0x1000056a   0x00000002   PAD
    0x1000056c   0x0000001b   Data   RW          582    .data               ccompara.o
    0x10000587   0x00000001   PAD
    0x10000588   0x00000010   Data   RW          610    .data               caddresscount.o
    0x10000598   0x00000006   Data   RW          652    .data               ckeycounter.o
    0x1000059e   0x00000002   PAD
    0x100005a0   0x00000008   Data   RW          670    .data               ctaskdown.o
    0x100005a8   0x00000010   Data   RW          708    .data               ctasksure.o
    0x100005b8   0x00000011   Data   RW          747    .data               runfunction.o
    0x100005c9   0x00000002   Data   RW          805    .data               crunctrl.o
    0x100005cb   0x00000001   PAD
    0x100005cc   0x00000004   Data   RW          830    .data               csysrunflag.o
    0x100005d0   0x00000010   Data   RW          849    .data               clpansctrl.o
    0x100005e0   0x00000004   Data   RW          867    .data               clpckctrl.o
    0x100005e4   0x00000004   Data   RW          885    .data               clpscanctrl.o
    0x100005e8   0x00000025   Data   RW          904    .data               ctimectrl.o
    0x1000060d   0x00000001   Data   RW          941    .data               cnodeinfo.o
    0x1000060e   0x00000001   Data   RW         1028    .data               ccompinten.o
    0x1000060f   0x00000031   Data   RW         1132    .data               clocalset.o
    0x10000640   0x00000023   Data   RW         1200    .data               mainmenu.o
    0x10000663   0x00000021   Data   RW         1214    .data               setmenu.o
    0x10000684   0x00000570   Data   RW         1274    .data               cflashparam.o
    0x10000bf4   0x00000030   Data   RW         1295    .data               cgrapparam.o
    0x10000c24   0x00000002   Data   RW         1329    .data               csetcurrent.o
    0x10000c26   0x00000002   PAD
    0x10000c28   0x000012e4   Zero   RW          230    .bss                uart.o
    0x10001f0c   0x00000018   Zero   RW          475    .bss                key.o
    0x10001f24   0x00000040   Zero   RW          524    .bss                ccomhandle.o
    0x10001f64   0x000000aa   Zero   RW          581    .bss                ccompara.o
    0x1000200e   0x00000018   Zero   RW          625    .bss                csendto195.o
    0x10002026   0x00000012   Zero   RW          707    .bss                ctasksure.o
    0x10002038   0x00000058   Zero   RW          746    .bss                runfunction.o
    0x10002090   0x0000000a   Zero   RW          848    .bss                clpansctrl.o
    0x1000209a   0x00000002   PAD
    0x1000209c   0x000001a4   Zero   RW          903    .bss                ctimectrl.o
    0x10002240   0x000003fc   Zero   RW          940    .bss                cnodeinfo.o
    0x1000263c   0x000052fe   Zero   RW         1273    .bss                cflashparam.o
    0x1000793a   0x0000000a   Zero   RW         1328    .bss                csetcurrent.o
    0x10007944   0x00000060   Zero   RW         1567    .bss                c_w.l(libspace.o)
    0x100079a4   0x00000004   PAD
    0x100079a8   0x00000000   Zero   RW            2    HEAP                startup_lpc17xx.o
    0x100079a8   0x00000200   Zero   RW            1    STACK               startup_lpc17xx.o


==============================================================================

Image component sizes


      Code (inc. data)   RO Data    RW Data    ZI Data      Debug   Object Name

      1734         44          0          0          0       1777   alarmenu.o
      1706         50          0          0          0       1868   breakdown.o
       360        128          0         16          0       3300   caddresscount.o
      1016         16          0          0          0       1140   cannotate.o
      3548        774          2         78         64      15879   ccomhandle.o
      1080        118          0         27        170       7194   ccompara.o
      1212        100          0          1          0       1800   ccompinten.o
      1912        180          0          0          0       3187   ccompreg.o
       724         46          0          0          0       1342   ccompset.o
      1148         20         65          0          0       2348   ccompstat.o
      2620         44          0          0          0       1259   cdatemod.o
      5232        122          0       1392      21246      39178   cflashparam.o
       226          8          0          0          0       1054   cgetgrap.o
       224         36          0          0          0       5621   cgpioirq.o
      1184        126          0         48          0      14990   cgrapparam.o
       468         30          0          0          0        605   checkmenu.o
      2264        106          0          0          0       4349   chistorylist.o
        20          0          0          0          0        498   cintstend.o
       216         16          0          6          0       3383   ckeycounter.o
       420          8          0          0          0       2198   cled.o
      1040         50          0         49          0       2811   clocalset.o
       200         18          0         16         10       2277   clpansctrl.o
       336          6          0          4          0       4131   clpckctrl.o
       504          6          0          4          0       5084   clpscanctrl.o
       440         62          0          0          0        725   cmodelfault.o
       512          8          0          1       1020       4958   cnodeinfo.o
         0          0          0          0          0       4156   core_cm3.o
       112         10          0          0          0        765   crelay.o
       584         44          0          2          0       2413   crunctrl.o
       316         10          0          0         24       2566   csendto195.o
       312         54          0          2         10       2879   csetcurrent.o
       384         28          0          0          0        993   csyscheck.o
       120         12          0          0          0        432   csysreset.o
       416          4          0          4          0       4768   csysrunflag.o
      1654        228          0          8          0       2960   ctaskdown.o
       448         18          0          0          0       6168   ctaskreturn.o
      4982        542          0         16         18      10287   ctasksure.o
      1686        240          0          0          0       2718   ctaskup.o
       120         12          0          0          0        432   ctestself.o
       996         60          0         22          0       7551   ctime.o
      1148         60          0         37        420       6045   ctimectrl.o
       368         32          0         40          0       5587   ctimedef.o
        60          6          0          4          0       8790   delay.o
       540         50          0         12          0       8657   extint.o
       464         18          0          0          0        551   gpioinit.o
      1232         98          0         22          0       9156   i2c.o
       420         14          0          1         24       2155   key.o
      2216         26     265344       1168          0       8952   lcd.o
        64         42          0          0          0      58791   main.o
      1400         64          0         35          0       2595   mainmenu.o
      1452         12          0          8          0       4616   pcf8563.o
       304         32          0          8          0       7424   pwm.o
      2188        442          0         17         88      10728   runfunction.o
       932         12          0         33          0       2115   setmenu.o
      1452         36          0          0          0       5719   ssp.o
       688         20          0          0          0       1134   startmenu.o
        64         26        204          0        512        912   startup_lpc17xx.o
       744        234          0          0          0       1889   store_addr.o
       564         70          0          4          0      59289   system_lpc17xx.o
      1204          4          0          0          0       2381   tasklist.o
       480         20          0          0          0        723   testmenu.o
      2052        218          0         12       4836      72901   uart.o

    ----------------------------------------------------------------------
     62524       4920     265652       3112      28444     463154   Object Totals
         0          0         32          0          0          0   (incl. Generated)
        12          0          5         15          2          0   (incl. Padding)

    ----------------------------------------------------------------------

      Code (inc. data)   RO Data    RW Data    ZI Data      Debug   Library Member Name

        90          0          0          0          0          0   __dczerorl2.o
         8          0          0          0          0         68   __main.o
       396          6         17          0          0         92   __printf_flags_ss_wp.o
        14          0          0          0          0         68   __printf_wp.o
        52          8          0          0          0          0   __scatter.o
        28          0          0          0          0          0   __scatter_zi.o
         6          0          0          0          0          0   _printf_a.o
         6          0          0          0          0          0   _printf_c.o
        44          0          0          0          0        108   _printf_char.o
        48          6          0          0          0         96   _printf_char_common.o
        42          0          0          0          0         68   _printf_charcount.o
         6          0          0          0          0          0   _printf_d.o
       120         18          0          0          0         92   _printf_dec.o
         6          0          0          0          0          0   _printf_e.o
         6          0          0          0          0          0   _printf_f.o
      1056          0          0          0          0        216   _printf_fp_dec.o
       128         16          0          0          0         84   _printf_fp_infnan.o
         6          0          0          0          0          0   _printf_g.o
       156          6         40          0          0        160   _printf_hex_int_ll_ptr.o
         6          0          0          0          0          0   _printf_i.o
       184          0          0          0          0         88   _printf_intcommon.o
        10          0          0          0          0          0   _printf_l.o
         6          0          0          0          0          0   _printf_lc.o
        10          0          0          0          0          0   _printf_ll.o
         6          0          0          0          0          0   _printf_lld.o
         6          0          0          0          0          0   _printf_lli.o
         6          0          0          0          0          0   _printf_llo.o
         6          0          0          0          0          0   _printf_llu.o
         6          0          0          0          0          0   _printf_llx.o
       120         16          0          0          0         92   _printf_longlong_dec.o
         6          0          0          0          0          0   _printf_ls.o
         6          0          0          0          0          0   _printf_n.o
         6          0          0          0          0          0   _printf_o.o
       120          8          0          0          0        124   _printf_oct_int_ll.o
         6          0          0          0          0          0   _printf_p.o
        82          0          0          0          0        108   _printf_pad.o
         0          0          0          0          0          0   _printf_percent.o
         4          0          0          0          0          0   _printf_percent_end.o
         6          0          0          0          0          0   _printf_s.o
        82          0          0          0          0         80   _printf_str.o
        36          0          0          0          0         84   _printf_truncate.o
         6          0          0          0          0          0   _printf_u.o
        44          0          0          0          0        108   _printf_wchar.o
       188          6          8          0          0         92   _printf_wctomb.o
         6          0          0          0          0          0   _printf_x.o
        10          0          0          0          0         68   _sputc.o
        64          0          0          0          0         92   _wcrtomb.o
       228          6        148          0          0         96   bigflt0.o
      1910        128          0          0          0        672   btod.o
        36          4          0          0          0         76   c89vsprintf.o
        12          0          0          0          0         72   exit.o
         6          0          0          0          0        152   heapauxi.o
         0          0          0          0          0          0   indicate_semi.o
        44         10        272          0          0         76   lc_ctype_c.o
        44         10         28          0          0         76   lc_numeric_c.o
         6          0          0          0          0          0   libinit.o
        30          0          0          0          0          0   libinit2.o
         2          0          0          0          0          0   libshutdown.o
         2          0          0          0          0          0   libshutdown2.o
         8          4          0          0         96         68   libspace.o
       138          0          0          0          0         80   lludiv10.o
        16          4          0          0          0         76   rt_ctype_table.o
         8          4          0          0          0         68   rt_fp_status_addr_intlibspace.o
         8          4          0          0          0         68   rt_locale_intlibspace.o
        68          0          0          0          0         68   rt_memclr.o
        78          0          0          0          0         80   rt_memclr_w.o
       138          0          0          0          0         68   rt_memcpy_v6.o
       100          0          0          0          0         80   rt_memcpy_w.o
         0          0          0          0          0          0   rtentry.o
        12          0          0          0          0          0   rtentry2.o
         6          0          0          0          0          0   rtentry4.o
         2          0          0          0          0          0   rtexit.o
        10          0          0          0          0          0   rtexit2.o
       128          0          0          0          0         68   strcmpv7m.o
        12          4          0          0          0         68   sys_exit.o
        74          0          0          0          0         80   sys_stackheap_outer.o
         2          0          0          0          0         68   use_no_semi.o
        14          0          0          0          0         76   fpinit.o
         4          0          0          0          0         68   printf1.o
         0          0          0          0          0          0   usenofp.o
        40          0          0          0          0         68   fpclassify.o

    ----------------------------------------------------------------------
      6448        268        516          0        100       4360   Library Totals
         6          0          3          0          4          0   (incl. Padding)

    ----------------------------------------------------------------------

      Code (inc. data)   RO Data    RW Data    ZI Data      Debug   Library Name

      6384        268        513          0         96       4148   c_w.l
        18          0          0          0          0        144   fz_ws.l
        40          0          0          0          0         68   m_ws.l

    ----------------------------------------------------------------------
      6448        268        516          0        100       4360   Library Totals

    ----------------------------------------------------------------------

==============================================================================


      Code (inc. data)   RO Data    RW Data    ZI Data      Debug   

     68972       5188     266168       3112      28544     458414   Grand Totals
     68972       5188     266168        988      28544     458414   ELF Image Totals (compressed)
     68972       5188     266168        988          0          0   ROM Totals

==============================================================================

    Total RO  Size (Code + RO Data)               335140 ( 327.29kB)
    Total RW  Size (RW Data + ZI Data)             31656 (  30.91kB)
    Total ROM Size (Code + RO Data + RW Data)     336128 ( 328.25kB)

==============================================================================

