ARM Linker, 4.1 [Build 894] [Professional]

==============================================================================

Section Cross References

    startup_lpc17xx.o(STACK) refers (Special) to heapauxi.o(.text) for __use_two_region_memory
    startup_lpc17xx.o(HEAP) refers (Special) to heapauxi.o(.text) for __use_two_region_memory
    startup_lpc17xx.o(RESET) refers (Special) to heapauxi.o(.text) for __use_two_region_memory
    startup_lpc17xx.o(RESET) refers to startup_lpc17xx.o(STACK) for __initial_sp
    startup_lpc17xx.o(RESET) refers to startup_lpc17xx.o(.text) for Reset_Handler
    startup_lpc17xx.o(RESET) refers to delay.o(.text) for SysTick_Handler
    startup_lpc17xx.o(RESET) refers to ctime.o(.text) for TIMER0_IRQHandler
    startup_lpc17xx.o(RESET) refers to uart.o(.text) for UART0_IRQHandler
    startup_lpc17xx.o(RESET) refers to pwm.o(.text) for PWM1_IRQHandler
    startup_lpc17xx.o(RESET) refers to i2c.o(.text) for I2C0_IRQHandler
    startup_lpc17xx.o(RESET) refers to extint.o(.text) for EINT1_IRQHandler
    startup_lpc17xx.o(RESET) refers to cgpioirq.o(.text) for EINT3_IRQHandler
    startup_lpc17xx.o(.ARM.__at_0x02FC) refers (Special) to heapauxi.o(.text) for __use_two_region_memory
    startup_lpc17xx.o(.text) refers (Special) to heapauxi.o(.text) for __use_two_region_memory
    startup_lpc17xx.o(.text) refers to system_lpc17xx.o(.text) for SystemInit
    startup_lpc17xx.o(.text) refers to __main.o(!!!main) for __main
    startup_lpc17xx.o(.text) refers to startup_lpc17xx.o(HEAP) for Heap_Mem
    startup_lpc17xx.o(.text) refers to startup_lpc17xx.o(STACK) for Stack_Mem
    system_lpc17xx.o(.text) refers to system_lpc17xx.o(.data) for SystemFrequency
    main.o(.text) refers to system_lpc17xx.o(.text) for SystemClockUpdate
    main.o(.text) refers to crunctrl.o(.text) for Init_CRunCtrl
    main.o(.text) refers to uart.o(.text) for lcd_printf
    delay.o(.text) refers to delay.o(.data) for msTicks
    i2c.o(.text) refers to i2c.o(.data) for I2C_end
    uart.o(.text) refers to ssp.o(.text) for M25P80_Read_1Byte
    uart.o(.text) refers to ccomhandle.o(.text) for SetConvertdata
    uart.o(.text) refers to ccompara.o(.text) for data_from_data0
    uart.o(.text) refers to cgrapparam.o(.text) for GetComRegFlag
    uart.o(.text) refers to ccompinten.o(.text) for CGetIntenFlag
    uart.o(.text) refers to ctasksure.o(.text) for Get_Note_Flag
    uart.o(.text) refers to uart.o(.bss) for data3
    uart.o(.text) refers to uart.o(.data) for tp
    uart.o(.text) refers to system_lpc17xx.o(.data) for SystemFrequency
    ctime.o(.text) refers to extint.o(.text) for Eint_Dis
    ctime.o(.text) refers to ctimectrl.o(.text) for T0Int_CTimeCtrl
    ctime.o(.text) refers to key.o(.text) for Scan_Key
    ctime.o(.text) refers to cled.o(.text) for Led_Wireless_On
    ctime.o(.text) refers to ctime.o(.data) for vTimeTickCounter
    ctimedef.o(.text) refers to ctimedef.o(.data) for vCurTime0Def
    ctimedef.o(.text) refers to system_lpc17xx.o(.data) for SystemFrequency
    pwm.o(.text) refers to pwm.o(.data) for match_counter1
    extint.o(.text) refers to uart.o(.text) for uart_all_disable
    extint.o(.text) refers to ctime.o(.text) for timern_disable
    extint.o(.text) refers to i2c.o(.text) for i2c0_disable
    extint.o(.text) refers to pwm.o(.text) for pwm1_disable
    extint.o(.text) refers to extint.o(.data) for Extint1_flag
    cgpioirq.o(.text) refers to csetcurrent.o(.text) for State_0mA
    cgpioirq.o(.text) refers to clpckctrl.o(.text) for SetPer_CLpCkCtrl
    lcd.o(.text) refers to lcd.o(.constdata) for acHZK16F
    lcd.o(.text) refers to lcd.o(.data) for Hzk1
    pcf8563.o(.text) refers to i2c.o(.text) for I2C_WriteNByte
    pcf8563.o(.text) refers to pcf8563.o(.data) for TimeAndDate
    key.o(.text) refers to ctime.o(.text) for OnLCD
    key.o(.text) refers to ccomhandle.o(.text) for GetDisplay_alarm_flag
    key.o(.text) refers to cled.o(.text) for Led_Silence_Off
    key.o(.text) refers to pwm.o(.text) for PWM1_Stop
    key.o(.text) refers to ccompara.o(.text) for SetAlarmFlag
    key.o(.text) refers to ckeycounter.o(.text) for GetPasswordFlag
    key.o(.text) refers to key.o(.data) for vBackValue
    key.o(.text) refers to key.o(.bss) for vKeyCounter
    ccomhandle.o(.text) refers to clpscanctrl.o(.text) for GetSys_CLpScanCtrl
    ccomhandle.o(.text) refers to uart.o(.text) for UARTSend
    ccomhandle.o(.text) refers to cflashparam.o(.text) for get_comp_partnumber
    ccomhandle.o(.text) refers to cgrapparam.o(.text) for AddCompRegNum
    ccomhandle.o(.text) refers to rt_memclr.o(.text) for __aeabi_memclr
    ccomhandle.o(.text) refers to ctime.o(.text) for OnLCD
    ccomhandle.o(.text) refers to pcf8563.o(.text) for getcurrent_date
    ccomhandle.o(.text) refers to cintstend.o(.text) for EndInt
    ccomhandle.o(.text) refers to ccompreg.o(.text) for CompReg_menu
    ccomhandle.o(.text) refers to ccomhandle.o(.data) for FirstAlarm_Flag
[...]
    GetAlarm_CSysRunFlag                     0x00007a01   Thumb Code    10  csysrunflag.o(.text)
    Clr50ms_CSysRunFlag                      0x00007a0b   Thumb Code    14  csysrunflag.o(.text)
    Set50ms_CSysRunFlag                      0x00007a19   Thumb Code    16  csysrunflag.o(.text)
    Get50ms_CSysRunFlag                      0x00007a29   Thumb Code    10  csysrunflag.o(.text)
    Clr20ms_CSysRunFlag                      0x00007a33   Thumb Code    14  csysrunflag.o(.text)
    Set20ms_CSysRunFlag                      0x00007a41   Thumb Code    16  csysrunflag.o(.text)
    Get20ms_CSysRunFlag                      0x00007a51   Thumb Code    10  csysrunflag.o(.text)
    Clr1s_CSysRunFlag                        0x00007a5b   Thumb Code    14  csysrunflag.o(.text)
    Set1s_CSysRunFlag                        0x00007a69   Thumb Code    16  csysrunflag.o(.text)
    Get1s_CSysRunFlag                        0x00007a79   Thumb Code    10  csysrunflag.o(.text)
    Clr5s_CSysRunFlag                        0x00007a83   Thumb Code    14  csysrunflag.o(.text)
    Set5s_CSysRunFlag                        0x00007a91   Thumb Code    16  csysrunflag.o(.text)
    Get5s_CSysRunFlag                        0x00007aa1   Thumb Code    10  csysrunflag.o(.text)
    ClrDisHis_CSysRunFlag                    0x00007aab   Thumb Code    14  csysrunflag.o(.text)
    SetDisHis_CSysRunFlag                    0x00007ab9   Thumb Code    18  csysrunflag.o(.text)
    GetDisHis_CSysRunFlag                    0x00007acb   Thumb Code    10  csysrunflag.o(.text)
    Clr1m_CSysRunFlag                        0x00007ad5   Thumb Code    14  csysrunflag.o(.text)
    Set1m_CSysRunFlag                        0x00007ae3   Thumb Code    16  csysrunflag.o(.text)
    Get1m_CSysRunFlag                        0x00007af3   Thumb Code    10  csysrunflag.o(.text)
    Clr100ms_CSysRunFlag                     0x00007afd   Thumb Code    14  csysrunflag.o(.text)
    Set100ms_CSysRunFlag                     0x00007b0b   Thumb Code    16  csysrunflag.o(.text)
    Get100ms_CSysRunFlag                     0x00007b1b   Thumb Code    10  csysrunflag.o(.text)
    Clr40ms_CSysRunFlag                      0x00007b25   Thumb Code    14  csysrunflag.o(.text)
    Set40ms_CSysRunFlag                      0x00007b33   Thumb Code    16  csysrunflag.o(.text)
    Get40ms_CSysRunFlag                      0x00007b43   Thumb Code    10  csysrunflag.o(.text)
    Init_CLpAnsCtrl                          0x00007b51   Thumb Code     2  clpansctrl.o(.text)
    GetData_CLpAnsCtrl                       0x00007b53   Thumb Code    46  clpansctrl.o(.text)
    SetData_CLpAnsCtrl                       0x00007b81   Thumb Code    66  clpansctrl.o(.text)
    OutData_CLpAnsCtrl                       0x00007bc3   Thumb Code    40  clpansctrl.o(.text)
    OutState_CLpAnsCtrl                      0x00007beb   Thumb Code    28  clpansctrl.o(.text)
    Init_CLpCkCtrl                           0x00007c19   Thumb Code     8  clpckctrl.o(.text)
    SetExtint_CLpCkCtrl                      0x00007c21   Thumb Code    14  clpckctrl.o(.text)
    GetExtint_CLpCkCtrl                      0x00007c2f   Thumb Code    10  clpckctrl.o(.text)
    ClrExtint_CLpCkCtrl                      0x00007c39   Thumb Code    14  clpckctrl.o(.text)
    SetPer_CLpCkCtrl                         0x00007c47   Thumb Code    14  clpckctrl.o(.text)
    GetPer_CLpCkCtrl                         0x00007c55   Thumb Code    10  clpckctrl.o(.text)
    ClrPer_CLpCkCtrl                         0x00007c5f   Thumb Code    14  clpckctrl.o(.text)
    ClrReset_CLpCkCtrl                       0x00007c6d   Thumb Code    14  clpckctrl.o(.text)
    SetReset_CLpCkCtrl                       0x00007c7b   Thumb Code    18  clpckctrl.o(.text)
    GetReset_CLpCkCtrl                       0x00007c8d   Thumb Code    10  clpckctrl.o(.text)
    ClrAlarm_CLpCkCtrl                       0x00007c97   Thumb Code    14  clpckctrl.o(.text)
    SetAlarm_CLpCkCtrl                       0x00007ca5   Thumb Code    18  clpckctrl.o(.text)
    GetAlarm_CLpCkCtrl                       0x00007cb7   Thumb Code    10  clpckctrl.o(.text)
    Clr50ms_CLpCkCtrl                        0x00007cc1   Thumb Code    14  clpckctrl.o(.text)
    Set50ms_CLpCkCtrl                        0x00007ccf   Thumb Code    16  clpckctrl.o(.text)
    Get50ms_CLpCkCtrl                        0x00007cdf   Thumb Code    10  clpckctrl.o(.text)
    Clr10ms_CLpCkCtrl                        0x00007ce9   Thumb Code    14  clpckctrl.o(.text)
    Set10ms_CLpCkCtrl                        0x00007cf7   Thumb Code    16  clpckctrl.o(.text)
    Get10ms_CLpCkCtrl                        0x00007d07   Thumb Code    10  clpckctrl.o(.text)
    Clr1s_CLpCkCtrl                          0x00007d11   Thumb Code    14  clpckctrl.o(.text)
    Set1s_CLpCkCtrl                          0x00007d1f   Thumb Code    16  clpckctrl.o(.text)
    Get1s_CLpCkCtrl                          0x00007d2f   Thumb Code    10  clpckctrl.o(.text)
    Clr5s_CLpCkCtrl                          0x00007d39   Thumb Code    14  clpckctrl.o(.text)
    Set5s_CLpCkCtrl                          0x00007d47   Thumb Code    18  clpckctrl.o(.text)
    Get5s_CLpCkCtrl                          0x00007d59   Thumb Code    10  clpckctrl.o(.text)
    Init_CLpScanCtrl                         0x00007d69   Thumb Code     8  clpscanctrl.o(.text)
    NewNode_CLpScanCtrl                      0x00007d71   Thumb Code    14  clpscanctrl.o(.text)
    SetSys_CLpScanCtrl                       0x00007d7f   Thumb Code    16  clpscanctrl.o(.text)
    GetSys_CLpScanCtrl                       0x00007d8f   Thumb Code    10  clpscanctrl.o(.text)
    ClrSys_CLpScanCtrl                       0x00007d99   Thumb Code    14  clpscanctrl.o(.text)
    SetAddr_CLpScanCtrl                      0x00007da7   Thumb Code    14  clpscanctrl.o(.text)
    GetAddr_CLpScanCtrl                      0x00007db5   Thumb Code    10  clpscanctrl.o(.text)
    ClrAddr_CLpScanCtrl                      0x00007dbf   Thumb Code    14  clpscanctrl.o(.text)
    IncAddr_CLpScanCtrl                      0x00007dcd   Thumb Code    42  clpscanctrl.o(.text)
    SetComm_CLpScanCtrl                      0x00007df7   Thumb Code    14  clpscanctrl.o(.text)
    GetComm_CLpScanCtrl                      0x00007e05   Thumb Code    10  clpscanctrl.o(.text)
    ClrComm_CLpScanCtrl                      0x00007e0f   Thumb Code    14  clpscanctrl.o(.text)
    SetState_CLpScanCtrl                     0x00007e1d   Thumb Code    18  clpscanctrl.o(.text)
    GetState_CLpScanCtrl                     0x00007e2f   Thumb Code    10  clpscanctrl.o(.text)
    ClrState_CLpScanCtrl                     0x00007e39   Thumb Code    14  clpscanctrl.o(.text)
    SetAnsFlag_CLpScanCtrl                   0x00007e47   Thumb Code    18  clpscanctrl.o(.text)
    GetAnsFlag_CLpScanCtrl                   0x00007e59   Thumb Code    10  clpscanctrl.o(.text)
    ClrAnsFlag_CLpScanCtrl                   0x00007e63   Thumb Code    14  clpscanctrl.o(.text)
    SetAnsStar_CLpScanCtrl                   0x00007e71   Thumb Code    18  clpscanctrl.o(.text)
    GetAnsStar_CLpScanCtrl                   0x00007e83   Thumb Code    10  clpscanctrl.o(.text)
    ClrAnsStar_CLpScanCtrl                   0x00007e8d   Thumb Code    14  clpscanctrl.o(.text)
    SetAnsStep_CLpScanCtrl                   0x00007e9b   Thumb Code    50  clpscanctrl.o(.text)
    GetAnsStep_CLpScanCtrl                   0x00007ecd   Thumb Code    10  clpscanctrl.o(.text)
    ClrAnsStep_CLpScanCtrl                   0x00007ed7   Thumb Code    14  clpscanctrl.o(.text)
    SetAnsTId_CLpScanCtrl                    0x00007ee5   Thumb Code    18  clpscanctrl.o(.text)
    GetAnsTId_CLpScanCtrl                    0x00007ef7   Thumb Code    10  clpscanctrl.o(.text)
    ClrAnsTId_CLpScanCtrl                    0x00007f01   Thumb Code    14  clpscanctrl.o(.text)
    DecAnsTId_CLpScanCtrl                    0x00007f0f   Thumb Code    34  clpscanctrl.o(.text)
    SetReset_CLpScanCtrl                     0x00007f31   Thumb Code    18  clpscanctrl.o(.text)
    GetReset_CLpScanCtrl                     0x00007f43   Thumb Code    10  clpscanctrl.o(.text)
    ClrReset_CLpScanCtrl                     0x00007f4d   Thumb Code    14  clpscanctrl.o(.text)
    Init_CTimeCtrl                           0x00007f61   Thumb Code    20  ctimectrl.o(.text)
    IncT0Count_CTimeCtrl                     0x00007f75   Thumb Code    54  ctimectrl.o(.text)
    SaveComm_CTimeCtrl                       0x00007fab   Thumb Code   122  ctimectrl.o(.text)
    SetCommT0_CTimeCtrl                      0x00008025   Thumb Code   108  ctimectrl.o(.text)
    AnsCommT0_CTimeCtrl                      0x00008091   Thumb Code   172  ctimectrl.o(.text)
    T0Int_CTimeCtrl                          0x0000813d   Thumb Code    94  ctimectrl.o(.text)
    T1Int_CTimeCtrl                          0x0000819b   Thumb Code   124  ctimectrl.o(.text)
    SetMax_CNodeInfo                         0x00008225   Thumb Code    18  cnodeinfo.o(.text)
    ClrMax_CNodeInfo                         0x00008237   Thumb Code     8  cnodeinfo.o(.text)
    Init_CNodeInfo                           0x0000823f   Thumb Code    24  cnodeinfo.o(.text)
    SetState_CNodeInfo                       0x00008257   Thumb Code    18  cnodeinfo.o(.text)
    GetState_CNodeInfo                       0x00008269   Thumb Code    14  cnodeinfo.o(.text)
    ClrState_CNodeInfo                       0x00008277   Thumb Code    18  cnodeinfo.o(.text)
    ClrReset_CNodeInfo                       0x00008289   Thumb Code    18  cnodeinfo.o(.text)
    SetReset_CNodeInfo                       0x0000829b   Thumb Code    20  cnodeinfo.o(.text)
    GetReset_CNodeInfo                       0x000082af   Thumb Code    14  cnodeinfo.o(.text)
    ClrAlarm_CNodeInfo                       0x000082bd   Thumb Code    18  cnodeinfo.o(.text)
    ClrReg_CNodeInfo                         0x000082cf   Thumb Code    18  cnodeinfo.o(.text)
    SetAlarm_CNodeInfo                       0x000082e1   Thumb Code    50  cnodeinfo.o(.text)
    GetAlarm_CNodeInfo                       0x00008313   Thumb Code    14  cnodeinfo.o(.text)
    SetReg_CNodeInfo                         0x00008321   Thumb Code    50  cnodeinfo.o(.text)
    GetReg_CNodeInfo                         0x00008353   Thumb Code    14  cnodeinfo.o(.text)
    GetMax_CNodeInfo                         0x00008361   Thumb Code     6  cnodeinfo.o(.text)
    ClrCkCyc_CNodeInfo                       0x00008367   Thumb Code    18  cnodeinfo.o(.text)
    SetCkCyc_CNodeInfo                       0x00008379   Thumb Code    62  cnodeinfo.o(.text)
    SetComm_CNodeInfo                        0x000083b7   Thumb Code    56  cnodeinfo.o(.text)
    GetComm_CNodeInfo                        0x000083ef   Thumb Code    14  cnodeinfo.o(.text)
    ClrComm_CNodeInfo                        0x000083fd   Thumb Code    18  cnodeinfo.o(.text)
    GetCkCyc_CNodeInfo                       0x0000840f   Thumb Code    14  cnodeinfo.o(.text)
    judge_store_new                          0x00008425   Thumb Code    50  store_addr.o(.text)
    get_storepos                             0x00008457   Thumb Code    30  store_addr.o(.text)
    get_comp_ciraddr_zp                      0x00008475   Thumb Code    50  store_addr.o(.text)
    inqury_ciraddr                           0x000084a7   Thumb Code    48  store_addr.o(.text)
    clr_store_comp_info                      0x000084d7   Thumb Code    34  store_addr.o(.text)
    init_store                               0x000084f9   Thumb Code   298  store_addr.o(.text)
    Alarm_Menu                               0x0000870d   Thumb Code  1734  alarmenu.o(.text)
    menu_batlow                              0x00008dd5   Thumb Code    56  breakdown.o(.text)
    Breakdown                                0x00008e0d   Thumb Code  1650  breakdown.o(.text)
    Annotate_Menu                            0x00009481   Thumb Code  1016  cannotate.o(.text)
    menu_comp_notreged                       0x00009879   Thumb Code   132  ccompinten.o(.text)
    menu_comp_sigstrength                    0x000098fd   Thumb Code   156  ccompinten.o(.text)
    CompInten_Menu                           0x00009999   Thumb Code   892  ccompinten.o(.text)
    CSetIntenFlag                            0x00009d15   Thumb Code     6  ccompinten.o(.text)
    CGetIntenFlag                            0x00009d1b   Thumb Code     6  ccompinten.o(.text)
    menu_reging                              0x00009d35   Thumb Code   108  ccompreg.o(.text)
    menu_invalid_comp                        0x00009da1   Thumb Code   108  ccompreg.o(.text)
    menu_compaddr                            0x00009e0d   Thumb Code   114  ccompreg.o(.text)
    menu_compstatus                          0x00009e7f   Thumb Code     2  ccompreg.o(.text)
    menu_comptype                            0x00009e81   Thumb Code    74  ccompreg.o(.text)
    menu_overciraddr                         0x00009ecb   Thumb Code   124  ccompreg.o(.text)
    menu_compreged                           0x00009f47   Thumb Code   124  ccompreg.o(.text)
    menu_devreged                            0x00009fc3   Thumb Code   124  ccompreg.o(.text)
    menu_overcompnums                        0x0000a03f   Thumb Code   124  ccompreg.o(.text)
    menu_regedsucc                           0x0000a0bb   Thumb Code   206  ccompreg.o(.text)
    menu_compreg                             0x0000a189   Thumb Code   196  ccompreg.o(.text)
    menu_compreg_tips                        0x0000a24d   Thumb Code   180  ccompreg.o(.text)
    CompReg_menu                             0x0000a301   Thumb Code   352  ccompreg.o(.text)
    GNSelectBlack                            0x0000a4ad   Thumb Code   186  ccompset.o(.text)
    GNSelect                                 0x0000a567   Thumb Code   186  ccompset.o(.text)
    CompSet_Menu                             0x0000a621   Thumb Code   306  ccompset.o(.text)
    menu_devtype                             0x0000a781   Thumb Code    54  ccompstat.o(.text)
    menu_mask_start                          0x0000a7b7   Thumb Code    58  ccompstat.o(.text)
    menu_mask_stop                           0x0000a7f1   Thumb Code    58  ccompstat.o(.text)
    CompStat_Menu                            0x0000a82b   Thumb Code   978  ccompstat.o(.text)
    DateMod_Menu                             0x0000abfd   Thumb Code  2616  cdatemod.o(.text)
    Check_Menu                               0x0000b639   Thumb Code   438  checkmenu.o(.text)
    menu_nohistory                           0x0000b80d   Thumb Code   138  chistorylist.o(.text)
    menu_history_over                        0x0000b897   Thumb Code   114  chistorylist.o(.text)
    menu_ciraddr                             0x0000b909   Thumb Code   184  chistorylist.o(.text)
    menu_status                              0x0000b9c1   Thumb Code    68  chistorylist.o(.text)
    menu_start                               0x0000ba05   Thumb Code    56  chistorylist.o(.text)
    menu_stop                                0x0000ba3d   Thumb Code    56  chistorylist.o(.text)
    menu_del                                 0x0000ba75   Thumb Code    56  chistorylist.o(.text)
    menu_normal                              0x0000baad   Thumb Code    56  chistorylist.o(.text)
    menu_lowvolatage                         0x0000bae5   Thumb Code   100  chistorylist.o(.text)
    menu_fault                               0x0000bb49   Thumb Code    56  chistorylist.o(.text)
    menu_fire                                0x0000bb81   Thumb Code    56  chistorylist.o(.text)
    History_Menu                             0x0000bbb9   Thumb Code  1324  chistorylist.o(.text)
    HZ_SHOW                                  0x0000c0e5   Thumb Code    44  clocalset.o(.text)
    menu_haved_saved                         0x0000c111   Thumb Code   100  clocalset.o(.text)
    menu_saving                              0x0000c175   Thumb Code    92  clocalset.o(.text)
    menu_savetips                            0x0000c1d1   Thumb Code   158  clocalset.o(.text)
    menu_localaddr_nochange                  0x0000c26f   Thumb Code     2  clocalset.o(.text)
    display_or_reverse                       0x0000c271   Thumb Code    48  clocalset.o(.text)
    Local_Menu                               0x0000c2a1   Thumb Code   546  clocalset.o(.text)
    menu_wirelessmod_fault                   0x0000c4f5   Thumb Code   156  cmodelfault.o(.text)
    menu_system_query                        0x0000c5a1   Thumb Code   114  csyscheck.o(.text)
    menu_system_query_compnums               0x0000c613   Thumb Code   218  csyscheck.o(.text)
    SysCheck_Menu                            0x0000c6ed   Thumb Code    24  csyscheck.o(.text)
    Menu_complete                            0x0000c721   Thumb Code   108  csysreset.o(.text)
    TestSelf_Menu                            0x0000c799   Thumb Code   108  ctestself.o(.text)
    set_menu_setup                           0x0000c811   Thumb Code    76  mainmenu.o(.text)
    set_menu_query                           0x0000c85d   Thumb Code    76  mainmenu.o(.text)
    set_menu_test                            0x0000c8a9   Thumb Code    76  mainmenu.o(.text)
    set_menu_reset                           0x0000c8f5   Thumb Code    76  mainmenu.o(.text)
    set_menu_backtodefault                   0x0000c941   Thumb Code   172  mainmenu.o(.text)
    set_menu_speaker_setup                   0x0000c9ed   Thumb Code   152  mainmenu.o(.text)
    Main_Menu                                0x0000ca85   Thumb Code   174  mainmenu.o(.text)
    menu_press_return_toreturn               0x0000cb33   Thumb Code   180  mainmenu.o(.text)
    menu_complete                            0x0000cbe7   Thumb Code    98  mainmenu.o(.text)
    menu_Speaker_Open_Close                  0x0000cc49   Thumb Code   156  mainmenu.o(.text)
    menu_waiting                             0x0000cce5   Thumb Code   138  mainmenu.o(.text)
    set_menu_local_machine                   0x0000cd89   Thumb Code   124  setmenu.o(.text)
    set_menu_component_reg                   0x0000ce05   Thumb Code   124  setmenu.o(.text)
    set_menu_component_setup                 0x0000ce81   Thumb Code   124  setmenu.o(.text)
    set_menu_datetime_setup                  0x0000cefd   Thumb Code   136  setmenu.o(.text)
    set_menu_note                            0x0000cf85   Thumb Code    76  setmenu.o(.text)
    set_menu_save_all                        0x0000cfd1   Thumb Code   124  setmenu.o(.text)
    Set_Menu                                 0x0000d04d   Thumb Code    78  setmenu.o(.text)
    CSaveInfo                                0x0000d09b   Thumb Code    66  setmenu.o(.text)
    Set_Menu1                                0x0000d0dd   Thumb Code    68  setmenu.o(.text)
    show_date_time                           0x0000d12d   Thumb Code   444  startmenu.o(.text)
    menu_head_title                          0x0000d2e9   Thumb Code   204  startmenu.o(.text)
    Start_Menu                               0x0000d3b5   Thumb Code    20  startmenu.o(.text)
    Test_Menu                                0x0000d3dd   Thumb Code   300  testmenu.o(.text)
    Test_Menu1                               0x0000d509   Thumb Code   160  testmenu.o(.text)
    SetHistFlag                              0x0000d5bd   Thumb Code     6  cflashparam.o(.text)
    GetHistFlag                              0x0000d5c3   Thumb Code     6  cflashparam.o(.text)
    get_hist_attr                            0x0000d645   Thumb Code    14  cflashparam.o(.text)
    gethistory_isfirealarm                   0x0000d653   Thumb Code    22  cflashparam.o(.text)
    gethistory_isbatlow                      0x0000d669   Thumb Code    22  cflashparam.o(.text)
    gethistory_isfault                       0x0000d67f   Thumb Code    22  cflashparam.o(.text)
    AddPageConter                            0x0000d695   Thumb Code    12  cflashparam.o(.text)
    SetPageConter                            0x0000d6a1   Thumb Code     6  cflashparam.o(.text)
    GetPageConter                            0x0000d6a7   Thumb Code     6  cflashparam.o(.text)
    AddHistConter                            0x0000d6ad   Thumb Code    12  cflashparam.o(.text)
    GetHistConter                            0x0000d6b9   Thumb Code     6  cflashparam.o(.text)
    SetHistConter                            0x0000d6bf   Thumb Code     6  cflashparam.o(.text)
    setHistFullFlag                          0x0000d6c5   Thumb Code     6  cflashparam.o(.text)
    getHistFullFlag                          0x0000d6cb   Thumb Code     6  cflashparam.o(.text)
    getHistFull                              0x0000d6d1   Thumb Code    16  cflashparam.o(.text)
    init_basic_info                          0x0000da2d   Thumb Code    12  cflashparam.o(.text)
    set_basic_info                           0x0000da39   Thumb Code    22  cflashparam.o(.text)
    get_basic_info                           0x0000da4f   Thumb Code    18  cflashparam.o(.text)
    save_basic_info                          0x0000da61   Thumb Code    24  cflashparam.o(.text)
    set_basic_nums                           0x0000da79   Thumb Code    18  cflashparam.o(.text)
    get_comp_partnumber                      0x0000da9f   Thumb Code    14  cflashparam.o(.text)
    get_basic_nums                           0x0000daad   Thumb Code    30  cflashparam.o(.text)
    add_basic_nums                           0x0000dacb   Thumb Code    26  cflashparam.o(.text)
    sub_basic_nums                           0x0000dae5   Thumb Code    24  cflashparam.o(.text)
    set_basic_localaddr                      0x0000dafd   Thumb Code    14  cflashparam.o(.text)
    set_basic_zones                          0x0000db0b   Thumb Code    14  cflashparam.o(.text)
    get_basic_localaddr                      0x0000db19   Thumb Code    24  cflashparam.o(.text)
    get_basic_zones                          0x0000db31   Thumb Code    10  cflashparam.o(.text)
    init_comp_info                           0x0000db3b   Thumb Code    12  cflashparam.o(.text)
    save_comp_info                           0x0000db47   Thumb Code    12  cflashparam.o(.text)
    set_comp_inzone                          0x0000db6b   Thumb Code    18  cflashparam.o(.text)
    set_comp_partnumber                      0x0000db7d   Thumb Code    18  cflashparam.o(.text)
    set_comp_ciraddr                         0x0000db8f   Thumb Code    18  cflashparam.o(.text)
    set_comp_psn0                            0x0000dba1   Thumb Code    18  cflashparam.o(.text)
    set_comp_psn1                            0x0000dbb3   Thumb Code    18  cflashparam.o(.text)
    set_comp_psn2                            0x0000dbc5   Thumb Code    18  cflashparam.o(.text)
    set_comp_psn3                            0x0000dbd7   Thumb Code    18  cflashparam.o(.text)
    set_comp_devtype                         0x0000dbe9   Thumb Code    18  cflashparam.o(.text)
    set_comp_all                             0x0000dbfb   Thumb Code    74  cflashparam.o(.text)
    clr_comp_all                             0x0000dc45   Thumb Code    70  cflashparam.o(.text)
    get_comp_ciraddr                         0x0000dc8b   Thumb Code    14  cflashparam.o(.text)
    clr_comp_loop_all                        0x0000dc99   Thumb Code    38  cflashparam.o(.text)
    set_comp_all_and_save                    0x0000dcbf   Thumb Code    20  cflashparam.o(.text)
    get_comp_inzone                          0x0000dcd3   Thumb Code    14  cflashparam.o(.text)
    judge_same_ciraddr                       0x0000dce1   Thumb Code    40  cflashparam.o(.text)
    get_comp_psn0                            0x0000dd09   Thumb Code    14  cflashparam.o(.text)
    get_comp_psn1                            0x0000dd17   Thumb Code    14  cflashparam.o(.text)
    get_comp_psn2                            0x0000dd25   Thumb Code    14  cflashparam.o(.text)
    get_comp_psn3                            0x0000dd33   Thumb Code    14  cflashparam.o(.text)
    get_comp_devtype                         0x0000dd41   Thumb Code    14  cflashparam.o(.text)
    get_comp_all                             0x0000dd4f   Thumb Code    72  cflashparam.o(.text)
    init_mask_info                           0x0000dd97   Thumb Code    12  cflashparam.o(.text)
    save_mask_info                           0x0000dda3   Thumb Code    12  cflashparam.o(.text)
    set_mask_info                            0x0000ddaf   Thumb Code    22  cflashparam.o(.text)
    get_mask_info                            0x0000ddc5   Thumb Code    18  cflashparam.o(.text)
    init_alarm_info                          0x0000ddd7   Thumb Code    12  cflashparam.o(.text)
    save_alarm_info                          0x0000dde3   Thumb Code    12  cflashparam.o(.text)
    get_alarm_attr                           0x0000de2d   Thumb Code    14  cflashparam.o(.text)
    get_alarm_alarmed                        0x0000de3b   Thumb Code    14  cflashparam.o(.text)
    judge_alarm_firealarmed                  0x0000de49   Thumb Code    30  cflashparam.o(.text)
    judge_alarm_faultalarmed                 0x0000de67   Thumb Code    30  cflashparam.o(.text)
    get_alarm_firstalarm                     0x0000de85   Thumb Code    18  cflashparam.o(.text)
    set_alarm_inzone                         0x0000de97   Thumb Code    18  cflashparam.o(.text)
    set_alarm_part                           0x0000dea9   Thumb Code    18  cflashparam.o(.text)
    set_alarm_ciraddr                        0x0000debb   Thumb Code    18  cflashparam.o(.text)
    set_alarm_alarmsum                       0x0000decd   Thumb Code    18  cflashparam.o(.text)
    set_alarm_type                           0x0000dedf   Thumb Code    18  cflashparam.o(.text)
    set_alarm_alarmed                        0x0000def1   Thumb Code    18  cflashparam.o(.text)
    set_alarm_firstalarm                     0x0000df03   Thumb Code    18  cflashparam.o(.text)
    set_alarm_allinfo                        0x0000df15   Thumb Code   188  cflashparam.o(.text)
    get_alarm_ciraddr                        0x0000dfd1   Thumb Code    14  cflashparam.o(.text)
    clr_firealarm                            0x0000dfdf   Thumb Code    44  cflashparam.o(.text)
    clr_alarm_allinfo                        0x0000e00b   Thumb Code    16  cflashparam.o(.text)
    set_alarm_allinfo_andsave                0x0000e01b   Thumb Code    20  cflashparam.o(.text)
    get_alarm_part                           0x0000e02f   Thumb Code    14  cflashparam.o(.text)
    get_alarm_type                           0x0000e03d   Thumb Code    14  cflashparam.o(.text)
    get_alarm_allinfo                        0x0000e04b   Thumb Code   190  cflashparam.o(.text)
    set_alarm_first                          0x0000e109   Thumb Code    22  cflashparam.o(.text)
    get_alarm_first                          0x0000e11f   Thumb Code    14  cflashparam.o(.text)
    get_alarm_firstflag                      0x0000e12d   Thumb Code    10  cflashparam.o(.text)
    get_alarm_first_part                     0x0000e137   Thumb Code    12  cflashparam.o(.text)
    get_firealarm_nums                       0x0000e143   Thumb Code    32  cflashparam.o(.text)
    get_alarm_item_bypart                    0x0000e163   Thumb Code    36  cflashparam.o(.text)
    get_faultalarm_nums                      0x0000e187   Thumb Code    32  cflashparam.o(.text)
    judge_alarm_first                        0x0000e1a7   Thumb Code    16  cflashparam.o(.text)
    init_node_info                           0x0000e1b7   Thumb Code    12  cflashparam.o(.text)
    save_node_info                           0x0000e1c3   Thumb Code    12  cflashparam.o(.text)
    set_node_info                            0x0000e1cf   Thumb Code    24  cflashparam.o(.text)
    set_node_frame1                          0x0000e1e7   Thumb Code    18  cflashparam.o(.text)
    set_node_frame2                          0x0000e1f9   Thumb Code    18  cflashparam.o(.text)
    set_node_frame3                          0x0000e20b   Thumb Code    18  cflashparam.o(.text)
    set_node_cmd1                            0x0000e21d   Thumb Code    18  cflashparam.o(.text)
    set_node_cmd_rw                          0x0000e22f   Thumb Code    18  cflashparam.o(.text)
    set_node_devtype                         0x0000e241   Thumb Code    18  cflashparam.o(.text)
    set_node_targetaddr                      0x0000e253   Thumb Code    18  cflashparam.o(.text)
    set_node_controllernum                   0x0000e265   Thumb Code    56  cflashparam.o(.text)
    set_node_datalen                         0x0000e29d   Thumb Code    18  cflashparam.o(.text)
    set_node_loop                            0x0000e2af   Thumb Code    18  cflashparam.o(.text)
    set_node_addr                            0x0000e2c1   Thumb Code    18  cflashparam.o(.text)
    set_node_hz                              0x0000e2d3   Thumb Code    32  cflashparam.o(.text)
    set_node_cs                              0x0000e2f3   Thumb Code    32  cflashparam.o(.text)
    set_node_all_info                        0x0000e313   Thumb Code   116  cflashparam.o(.text)
    get_node_info                            0x0000e387   Thumb Code    20  cflashparam.o(.text)
    get_node_row                             0x0000e39b   Thumb Code    42  cflashparam.o(.text)
    save_nodenums_info                       0x0000e3c5   Thumb Code    12  cflashparam.o(.text)
    get_nodenums                             0x0000e3d1   Thumb Code    16  cflashparam.o(.text)
    set_nodenums                             0x0000e3e1   Thumb Code    20  cflashparam.o(.text)
    save_node_and_nodenums                   0x0000e3f5   Thumb Code    26  cflashparam.o(.text)
    init_nodenums_info                       0x0000e40f   Thumb Code    26  cflashparam.o(.text)
    add_nodenums                             0x0000e429   Thumb Code    18  cflashparam.o(.text)
    init_hist_info                           0x0000e43b   Thumb Code    12  cflashparam.o(.text)
    save_hist_info                           0x0000e447   Thumb Code    26  cflashparam.o(.text)
    set_hist_info                            0x0000e461   Thumb Code    30  cflashparam.o(.text)
    clr_hist_info                            0x0000e47f   Thumb Code    38  cflashparam.o(.text)
    get_hist_order                           0x0000e4a5   Thumb Code    14  cflashparam.o(.text)
    get_hist_inzone                          0x0000e4b3   Thumb Code    14  cflashparam.o(.text)
    get_hist_part                            0x0000e4c1   Thumb Code    14  cflashparam.o(.text)
    get_hist_circleaddr                      0x0000e4cf   Thumb Code    14  cflashparam.o(.text)
    get_hist_vAnnRow                         0x0000e4dd   Thumb Code    14  cflashparam.o(.text)
    get_hist_opstype                         0x0000e4eb   Thumb Code    14  cflashparam.o(.text)
    get_hist_devtype                         0x0000e4f9   Thumb Code    14  cflashparam.o(.text)
    get_hist_lastnum                         0x0000e507   Thumb Code    14  cflashparam.o(.text)
    get_hist_datetime                        0x0000e515   Thumb Code   100  cflashparam.o(.text)
    get_hist_allinfo                         0x0000e579   Thumb Code    90  cflashparam.o(.text)
    set_hist_allinfo                         0x0000e5d3   Thumb Code   202  cflashparam.o(.text)
    judge_histnums_full                      0x0000e6c5   Thumb Code    20  cflashparam.o(.text)
    save_histnums_info                       0x0000e6d9   Thumb Code    88  cflashparam.o(.text)
    save_hist_all                            0x0000e731   Thumb Code    12  cflashparam.o(.text)
    set_histnum_full                         0x0000e73d   Thumb Code    12  cflashparam.o(.text)
    init_histnums_info                       0x0000e749   Thumb Code   126  cflashparam.o(.text)
    init_hist_and_histnums                   0x0000e7c7   Thumb Code    12  cflashparam.o(.text)
    init_histsufix_info                      0x0000e7d3   Thumb Code    12  cflashparam.o(.text)
    init_flash_all                           0x0000e7df   Thumb Code    36  cflashparam.o(.text)
    CheckDepComp                             0x0000e803   Thumb Code    56  cflashparam.o(.text)
    GetNum                                   0x0000e83b   Thumb Code    82  cflashparam.o(.text)
    CAddCirCounter                           0x0000e88d   Thumb Code    12  cflashparam.o(.text)
    CSetCirCounter                           0x0000e899   Thumb Code     6  cflashparam.o(.text)
    CGetCirCounter                           0x0000e89f   Thumb Code     6  cflashparam.o(.text)
    GetRow                                   0x0000e8a5   Thumb Code    58  cflashparam.o(.text)
    JudgeAlarmType                           0x0000e8df   Thumb Code    36  cflashparam.o(.text)
    JudgeCompAlarmType                       0x0000e903   Thumb Code    72  cflashparam.o(.text)
    SetDatatoFlash                           0x0000e94b   Thumb Code    18  cflashparam.o(.text)
    GetDatatoFlash                           0x0000e95d   Thumb Code    18  cflashparam.o(.text)
    GetDatatoFlashType                       0x0000e96f   Thumb Code    18  cflashparam.o(.text)
    GetDatatoFlashAlarmType                  0x0000e981   Thumb Code    18  cflashparam.o(.text)
    SetFlashData                             0x0000e993   Thumb Code     6  cflashparam.o(.text)
    SetDepCompSum                            0x0000e999   Thumb Code     6  cflashparam.o(.text)
    GetDepCompSum                            0x0000e99f   Thumb Code     8  cflashparam.o(.text)
    ReadFlashPsn                             0x0000e9a7   Thumb Code    12  cflashparam.o(.text)
    SetCom0Ann                               0x0000e9b3   Thumb Code    12  cflashparam.o(.text)
    SetBaseAddr                              0x0000e9dd   Thumb Code     6  cgrapparam.o(.text)
    set_BaseAddr_default                     0x0000e9e3   Thumb Code    28  cgrapparam.o(.text)
    AddBaseAddr                              0x0000e9ff   Thumb Code    12  cgrapparam.o(.text)
    SubBaseAddr                              0x0000ea0b   Thumb Code    12  cgrapparam.o(.text)
    GetBaseAddr                              0x0000ea17   Thumb Code     8  cgrapparam.o(.text)
    AddLocalParaSel                          0x0000ea1f   Thumb Code    12  cgrapparam.o(.text)
    SetLocalParaSel                          0x0000ea2b   Thumb Code     6  cgrapparam.o(.text)
    GetLocalParaSel                          0x0000ea31   Thumb Code     6  cgrapparam.o(.text)
    Set_department                           0x0000ea37   Thumb Code     6  cgrapparam.o(.text)
    Add_department                           0x0000ea3d   Thumb Code    12  cgrapparam.o(.text)
    Sub_department                           0x0000ea49   Thumb Code    12  cgrapparam.o(.text)
    Get_zone_bit                             0x0000ea55   Thumb Code     8  cgrapparam.o(.text)
    Add_department_sel                       0x0000ea5d   Thumb Code    12  cgrapparam.o(.text)
    Set_department_sel                       0x0000ea69   Thumb Code     6  cgrapparam.o(.text)
    Get_zone_bit_sel                         0x0000ea6f   Thumb Code     6  cgrapparam.o(.text)
    check_localaddr                          0x0000ea75   Thumb Code    16  cgrapparam.o(.text)
    SetComRegFlag                            0x0000ea85   Thumb Code     8  cgrapparam.o(.text)
    ClrComRegFlag                            0x0000ea8d   Thumb Code     8  cgrapparam.o(.text)
    GetComRegFlag                            0x0000ea95   Thumb Code     6  cgrapparam.o(.text)
    AddCompRegParaSel                        0x0000ea9b   Thumb Code    12  cgrapparam.o(.text)
    SetCompRegParaSel                        0x0000eaa7   Thumb Code     6  cgrapparam.o(.text)
    GetCompRegParaSel                        0x0000eaad   Thumb Code     6  cgrapparam.o(.text)
    SetCompRegDep                            0x0000eab3   Thumb Code     6  cgrapparam.o(.text)
    AddCompRegDep                            0x0000eab9   Thumb Code    12  cgrapparam.o(.text)
    SubCompRegDep                            0x0000eac5   Thumb Code    12  cgrapparam.o(.text)
    GetCompRegDep                            0x0000ead1   Thumb Code     6  cgrapparam.o(.text)
    SetCompRegNum                            0x0000ead7   Thumb Code     6  cgrapparam.o(.text)
    AddCompRegNum                            0x0000eadd   Thumb Code    12  cgrapparam.o(.text)
    SubCompRegNum                            0x0000eae9   Thumb Code    12  cgrapparam.o(.text)
    GetCompRegNum                            0x0000eaf5   Thumb Code     6  cgrapparam.o(.text)
    SetCompRegAddr                           0x0000eafb   Thumb Code     6  cgrapparam.o(.text)
    AddCompRegAddr                           0x0000eb01   Thumb Code    12  cgrapparam.o(.text)
    SubCompRegAddr                           0x0000eb0d   Thumb Code    12  cgrapparam.o(.text)
    GetCompRegAddr                           0x0000eb19   Thumb Code     6  cgrapparam.o(.text)
    AddCompSetDep                            0x0000eb1f   Thumb Code    12  cgrapparam.o(.text)
    SubCompSetDep                            0x0000eb2b   Thumb Code    12  cgrapparam.o(.text)
    GetCompSetDep                            0x0000eb37   Thumb Code     6  cgrapparam.o(.text)
    SetCompSetDep                            0x0000eb3d   Thumb Code     6  cgrapparam.o(.text)
    AddCompSetNum                            0x0000eb43   Thumb Code    12  cgrapparam.o(.text)
    SubCompSetNum                            0x0000eb4f   Thumb Code    12  cgrapparam.o(.text)
    GetCompSetNum                            0x0000eb5b   Thumb Code     6  cgrapparam.o(.text)
    SetCompSetNum                            0x0000eb61   Thumb Code     6  cgrapparam.o(.text)
    SetComSetSelSet                          0x0000eb67   Thumb Code     6  cgrapparam.o(.text)
    AddComSetSelSet                          0x0000eb6d   Thumb Code    12  cgrapparam.o(.text)
    SubComSetSelSet                          0x0000eb79   Thumb Code    12  cgrapparam.o(.text)
    GetComSetSelSet                          0x0000eb85   Thumb Code     6  cgrapparam.o(.text)
    AddComSet_seltab                         0x0000eb8b   Thumb Code    12  cgrapparam.o(.text)
    SubComSet_seltab                         0x0000eb97   Thumb Code    12  cgrapparam.o(.text)
    GetComSet_seltab                         0x0000eba3   Thumb Code     6  cgrapparam.o(.text)
    SetComSet_seltab                         0x0000eba9   Thumb Code     6  cgrapparam.o(.text)
    SetYear                                  0x0000ebaf   Thumb Code     6  cgrapparam.o(.text)
    AddYear                                  0x0000ebb5   Thumb Code    12  cgrapparam.o(.text)
    SubYear                                  0x0000ebc1   Thumb Code    12  cgrapparam.o(.text)
    GetYear                                  0x0000ebcd   Thumb Code    34  cgrapparam.o(.text)
    SetMonth                                 0x0000ebef   Thumb Code     6  cgrapparam.o(.text)
    AddMonth                                 0x0000ebf5   Thumb Code    12  cgrapparam.o(.text)
    SubMonth                                 0x0000ec01   Thumb Code    12  cgrapparam.o(.text)
    GetMonth                                 0x0000ec0d   Thumb Code     6  cgrapparam.o(.text)
    AddDay                                   0x0000ec13   Thumb Code    12  cgrapparam.o(.text)
    SubDay                                   0x0000ec1f   Thumb Code    12  cgrapparam.o(.text)
    GetDay                                   0x0000ec2b   Thumb Code     6  cgrapparam.o(.text)
    SetDay                                   0x0000ec31   Thumb Code     6  cgrapparam.o(.text)
    SetHour                                  0x0000ec37   Thumb Code     6  cgrapparam.o(.text)
    AddHour                                  0x0000ec3d   Thumb Code    12  cgrapparam.o(.text)
    SubHour                                  0x0000ec49   Thumb Code    12  cgrapparam.o(.text)
    GetHour                                  0x0000ec55   Thumb Code     6  cgrapparam.o(.text)
    SetMintue                                0x0000ec5b   Thumb Code     6  cgrapparam.o(.text)
    AddMintue                                0x0000ec61   Thumb Code    12  cgrapparam.o(.text)
    SubMintue                                0x0000ec6d   Thumb Code    12  cgrapparam.o(.text)
    GetMintue                                0x0000ec79   Thumb Code     6  cgrapparam.o(.text)
    SetSecond                                0x0000ec7f   Thumb Code     6  cgrapparam.o(.text)
    AddSecond                                0x0000ec85   Thumb Code    12  cgrapparam.o(.text)
    SubSecond                                0x0000ec91   Thumb Code    12  cgrapparam.o(.text)
    GetSecond                                0x0000ec9d   Thumb Code     6  cgrapparam.o(.text)
    SetSelTime                               0x0000eca3   Thumb Code     6  cgrapparam.o(.text)
    AddSelTime                               0x0000eca9   Thumb Code    12  cgrapparam.o(.text)
    GetSelTime                               0x0000ecb5   Thumb Code     6  cgrapparam.o(.text)
    SetAnnDep                                0x0000ecbb   Thumb Code     6  cgrapparam.o(.text)
    AddAnnDep                                0x0000ecc1   Thumb Code    12  cgrapparam.o(.text)
    SubAnnDep                                0x0000eccd   Thumb Code    12  cgrapparam.o(.text)
    GetAnnDep                                0x0000ecd9   Thumb Code     6  cgrapparam.o(.text)
    SetAnnCompNum                            0x0000ecdf   Thumb Code     6  cgrapparam.o(.text)
    AddAnnCompNum                            0x0000ece5   Thumb Code    12  cgrapparam.o(.text)
    SubAnnCompNum                            0x0000ecf1   Thumb Code    12  cgrapparam.o(.text)
    GetAnnCompNum                            0x0000ecfd   Thumb Code     6  cgrapparam.o(.text)
    SetAnnSel                                0x0000ed03   Thumb Code     6  cgrapparam.o(.text)
    AddAnnSel                                0x0000ed09   Thumb Code    12  cgrapparam.o(.text)
    GetAnnSel                                0x0000ed15   Thumb Code     6  cgrapparam.o(.text)
    AddSysCheckDep                           0x0000ed1b   Thumb Code    12  cgrapparam.o(.text)
    SubSysCheckDep                           0x0000ed27   Thumb Code    12  cgrapparam.o(.text)
    SetSysCheckDep                           0x0000ed33   Thumb Code     6  cgrapparam.o(.text)
    GetSysCheckDep                           0x0000ed39   Thumb Code     6  cgrapparam.o(.text)
    AddStatusDep                             0x0000ed3f   Thumb Code    12  cgrapparam.o(.text)
    SubStatusDep                             0x0000ed4b   Thumb Code    12  cgrapparam.o(.text)
    SetStatusDep                             0x0000ed57   Thumb Code     6  cgrapparam.o(.text)
    GetStatusDep                             0x0000ed5d   Thumb Code     6  cgrapparam.o(.text)
    AddStatusComp                            0x0000ed63   Thumb Code    12  cgrapparam.o(.text)
    SubStatusComp                            0x0000ed6f   Thumb Code    12  cgrapparam.o(.text)
    SetStatusComp                            0x0000ed7b   Thumb Code     6  cgrapparam.o(.text)
    GetStatusComp                            0x0000ed81   Thumb Code     6  cgrapparam.o(.text)
    AddStatusFlag                            0x0000ed87   Thumb Code    12  cgrapparam.o(.text)
    SetStatusFlag                            0x0000ed93   Thumb Code     6  cgrapparam.o(.text)
    GetStatusFlag                            0x0000ed99   Thumb Code     6  cgrapparam.o(.text)
    AddIntenDep                              0x0000ed9f   Thumb Code    12  cgrapparam.o(.text)
    SubIntenDep                              0x0000edab   Thumb Code    12  cgrapparam.o(.text)
    SetIntenDep                              0x0000edb7   Thumb Code   118  cgrapparam.o(.text)
    GetIntenDep                              0x0000ee2d   Thumb Code     6  cgrapparam.o(.text)
    AddIntenComp                             0x0000ee33   Thumb Code    12  cgrapparam.o(.text)
    SubIntenComp                             0x0000ee3f   Thumb Code    12  cgrapparam.o(.text)
    SetIntenComp                             0x0000ee4b   Thumb Code     6  cgrapparam.o(.text)
    GetIntenComp                             0x0000ee51   Thumb Code     6  cgrapparam.o(.text)
    AddIntenFlag                             0x0000ee57   Thumb Code    12  cgrapparam.o(.text)
    SetIntenFlag                             0x0000ee63   Thumb Code     6  cgrapparam.o(.text)
    GetIntenFlag                             0x0000ee69   Thumb Code     6  cgrapparam.o(.text)
    State_0mA                                0x0000ee7d   Thumb Code    14  csetcurrent.o(.text)
    State_6mA                                0x0000ee8b   Thumb Code    24  csetcurrent.o(.text)
    State_20mA                               0x0000eea3   Thumb Code    14  csetcurrent.o(.text)
    get_loopLD_state                         0x0000eeb1   Thumb Code    10  csetcurrent.o(.text)
    clrbuf                                   0x0000eebb   Thumb Code    18  csetcurrent.o(.text)
    printbuf                                 0x0000eecd   Thumb Code    32  csetcurrent.o(.text)
    clr_loop_LD_counter                      0x0000eeed   Thumb Code    28  csetcurrent.o(.text)
    get_loop_LD_counter                      0x0000ef09   Thumb Code     6  csetcurrent.o(.text)
    add_loop_LD_counter                      0x0000ef0f   Thumb Code    12  csetcurrent.o(.text)
    loop_LD_state                            0x0000ef1b   Thumb Code    38  csetcurrent.o(.text)
    set_print                                0x0000ef41   Thumb Code     8  csetcurrent.o(.text)
    get_print                                0x0000ef49   Thumb Code     6  csetcurrent.o(.text)
    clr_print                                0x0000ef4f   Thumb Code     8  csetcurrent.o(.text)
    state_loopld_printf                      0x0000ef57   Thumb Code    40  csetcurrent.o(.text)
    __aeabi_memcpy                           0x0000efb5   Thumb Code     0  rt_memcpy_v6.o(.text)
    __rt_memcpy                              0x0000efb5   Thumb Code   138  rt_memcpy_v6.o(.text)
    _memcpy_lastbytes                        0x0000f01b   Thumb Code     0  rt_memcpy_v6.o(.text)
    __aeabi_memcpy4                          0x0000f03f   Thumb Code     0  rt_memcpy_w.o(.text)
    __aeabi_memcpy8                          0x0000f03f   Thumb Code     0  rt_memcpy_w.o(.text)
    __rt_memcpy_w                            0x0000f03f   Thumb Code   100  rt_memcpy_w.o(.text)
    _memcpy_lastbytes_aligned                0x0000f087   Thumb Code     0  rt_memcpy_w.o(.text)
    __aeabi_memclr                           0x0000f0a3   Thumb Code     0  rt_memclr.o(.text)
    __rt_memclr                              0x0000f0a3   Thumb Code    68  rt_memclr.o(.text)
    _memset                                  0x0000f0a7   Thumb Code     0  rt_memclr.o(.text)
    __aeabi_memclr4                          0x0000f0e7   Thumb Code     0  rt_memclr_w.o(.text)
    __aeabi_memclr8                          0x0000f0e7   Thumb Code     0  rt_memclr_w.o(.text)
    __rt_memclr_w                            0x0000f0e7   Thumb Code    78  rt_memclr_w.o(.text)
    _memset_w                                0x0000f0eb   Thumb Code     0  rt_memclr_w.o(.text)
    __user_setup_stackheap                   0x0000f135   Thumb Code    74  sys_stackheap_outer.o(.text)
    __user_libspace                          0x0000f181   Thumb Code     8  libspace.o(.text)
    __user_perproc_libspace                  0x0000f181   Thumb Code     0  libspace.o(.text)
    __user_perthread_libspace                0x0000f181   Thumb Code     0  libspace.o(.text)
    __rt_fp_status_addr                      0x0000f189   Thumb Code     8  rt_fp_status_addr_intlibspace.o(.text)
    _sys_exit                                0x0000f191   Thumb Code     8  sys_exit.o(.text)
    __semihosting_library_function           0x0000f19d   Thumb Code     0  indicate_semi.o(.text)
    _fp_init                                 0x0000f19d   Thumb Code    14  fpinit.o(x$fpl$fpinit)
    __fplib_config_pureend_doubles           0x0000f1a9   Thumb Code     0  fpinit.o(x$fpl$fpinit)
    GB2312Hzk                                0x0000f1aa   Data          64  lcd.o(.constdata)
    acASC8x16                                0x0000f1ea   Data        3104  lcd.o(.constdata)
    acHZK16F                                 0x0000fe0a   Data       262176  lcd.o(.constdata)
    fault_restore_cfg                        0x0004fe2a   Data           2  ccomhandle.o(.constdata)
    Region$$Table$$Base                      0x0004fe70   Number         0  anon$$obj.o(Region$$Table)
    Region$$Table$$Limit                     0x0004fe90   Number         0  anon$$obj.o(Region$$Table)
    SystemFrequency                          0x10000000   Data           4  system_lpc17xx.o(.data)
    msTicks                                  0x10000004   Data           4  delay.o(.data)
    I2C_sla                                  0x10000008   Data           1  i2c.o(.data)
    I2C_suba                                 0x1000000c   Data           4  i2c.o(.data)
    I2C_suba_num                             0x10000010   Data           1  i2c.o(.data)
    I2C_buf                                  0x10000014   Data           4  i2c.o(.data)
    I2C_num                                  0x10000018   Data           4  i2c.o(.data)
    I2C_end                                  0x1000001c   Data           1  i2c.o(.data)
    I2C_suba_en                              0x1000001d   Data           1  i2c.o(.data)
    tp3                                      0x1000001e   Data           2  uart.o(.data)
    tp4                                      0x10000020   Data           2  uart.o(.data)
    Save_Ann_flag                            0x10000022   Data           1  uart.o(.data)
    tp                                       0x10000023   Data           1  uart.o(.data)
    tp1                                      0x10000024   Data           1  uart.o(.data)
    tp2                                      0x10000025   Data           1  uart.o(.data)
    vAnnCounter                              0x10000026   Data           1  uart.o(.data)
    hanzi                                    0x10000028   Data           2  uart.o(.data)
    vTimeTickCounter                         0x1000002c   Data           1  ctime.o(.data)
    vHeartTick                               0x10000030   Data           4  ctime.o(.data)
    vSpeakerTick                             0x10000034   Data           2  ctime.o(.data)
    vLedFlag                                 0x10000038   Data           4  ctime.o(.data)
    vScreenMaskFlag                          0x1000003c   Data           4  ctime.o(.data)
    vCurTime0Def                             0x10000044   Data           4  ctimedef.o(.data)
    vTimer0Counter                           0x10000048   Data           4  ctimedef.o(.data)
    vTimerRisingCounter                      0x1000004c   Data           4  ctimedef.o(.data)
    vTimer0Wait2msCounter                    0x10000050   Data           4  ctimedef.o(.data)
    vWait2msState                            0x10000054   Data           1  ctimedef.o(.data)
    vWaittoRun                               0x10000068   Data           4  ctimedef.o(.data)
    match_counter1                           0x1000006c   Data           4  pwm.o(.data)
    Extint1_flag                             0x10000070   Data           1  extint.o(.data)
    Extint3_flag                             0x10000071   Data           1  extint.o(.data)
    fallingcount                             0x10000074   Data           4  extint.o(.data)
    vriseingcount                            0x10000078   Data           4  extint.o(.data)
    shu                                      0x1000007c   Data         288  lcd.o(.data)
    Hzk1                                     0x1000019c   Data         880  lcd.o(.data)
    TimeAndDate                              0x1000050c   Data           8  pcf8563.o(.data)
    vBackValue                               0x10000514   Data           1  key.o(.data)
    Convertdata                              0x10000518   Data           6  ccomhandle.o(.data)
    Flag195                                  0x1000051e   Data           1  ccomhandle.o(.data)
    FirstAlarm_Flag                          0x1000051f   Data           1  ccomhandle.o(.data)
    AlarmSum                                 0x10000520   Data           3  ccomhandle.o(.data)
    CheckInfoFlag                            0x10000523   Data           3  ccomhandle.o(.data)
    com1Count                                0x10000526   Data           1  ccomhandle.o(.data)
    reset_fault_flag                         0x10000527   Data           1  ccomhandle.o(.data)
    reset_batt_flag                          0x10000528   Data           1  ccomhandle.o(.data)
    Address_Counter                          0x10000529   Data           1  ccomhandle.o(.data)
    vdisplay_alarm                           0x1000052a   Data           5  ccomhandle.o(.data)
    vDispaly_alarm_flag                      0x1000052f   Data           1  ccomhandle.o(.data)
    UartClrflag                              0x10000530   Data           1  ccomhandle.o(.data)
    UartClrLen                               0x10000531   Data           1  ccomhandle.o(.data)
    DefAddrEn                                0x10000532   Data           1  ccomhandle.o(.data)
    UartSendLen                              0x10000533   Data           1  ccomhandle.o(.data)
    pTxbuf                                   0x10000534   Data           4  ccomhandle.o(.data)
    MasterAddr                               0x10000538   Data           1  ccomhandle.o(.data)
    valarmtime                               0x1000053a   Data           8  ccomhandle.o(.data)
    alarm_date                               0x10000542   Data           8  ccomhandle.o(.data)
    pdUartSend                               0x1000054c   Data           4  ccomhandle.o(.data)
    pdUartRcv                                0x10000550   Data           4  ccomhandle.o(.data)
    FlashInfo                                0x10000554   Data           2  ccomhandle.o(.data)
    compreg                                  0x10000556   Data           8  ccomhandle.o(.data)
    dataHeart                                0x10000560   Data           2  ccompara.o(.data)
    dataCount                                0x10000562   Data           1  ccompara.o(.data)
    temp                                     0x10000563   Data           1  ccompara.o(.data)
    vBattLowSum                              0x10000564   Data           4  ccompara.o(.data)
    vBrokenSum                               0x10000568   Data           4  ccompara.o(.data)
    vCom0Count                               0x1000056c   Data           1  ccompara.o(.data)
    vHeartFaultFlag                          0x1000056d   Data           1  ccompara.o(.data)
    vAlarmFlag                               0x1000056e   Data           2  ccompara.o(.data)
    FirstAlarm_Addr                          0x10000570   Data           2  ccompara.o(.data)
    vAlarmInfoFlag                           0x10000572   Data           1  ccompara.o(.data)
    AlarmFlag                                0x10000573   Data           4  ccompara.o(.data)
    vReleaseFlag                             0x10000577   Data           1  ccompara.o(.data)
    vFlag_195                                0x10000578   Data           1  ccompara.o(.data)
    vCirAddrCurrent                          0x10000579   Data           1  ccompara.o(.data)
    vFlagLed                                 0x1000057a   Data           1  ccompara.o(.data)
    RisingCount                              0x1000057c   Data           4  caddresscount.o(.data)
    circuit_counter                          0x10000580   Data           4  caddresscount.o(.data)
    vCirAddrv                                0x10000584   Data           1  caddresscount.o(.data)
    syn_flag                                 0x10000585   Data           1  caddresscount.o(.data)
    fireflag                                 0x10000586   Data           2  caddresscount.o(.data)
    alarm_circuit_flag                       0x10000588   Data           1  caddresscount.o(.data)
    xialasignal                              0x10000589   Data           1  caddresscount.o(.data)
    weixialasignal                           0x1000058a   Data           1  caddresscount.o(.data)
    vCounter                                 0x1000058c   Data           3  ckeycounter.o(.data)
    vGrapCounter                             0x1000058f   Data           1  ckeycounter.o(.data)
    vSelMenu_flag                            0x10000590   Data           1  ckeycounter.o(.data)
    vPasswordFlag                            0x10000591   Data           1  ckeycounter.o(.data)
    vHisCountDown                            0x10000594   Data           4  ctaskdown.o(.data)
    vHistCount                               0x10000598   Data           4  ctaskdown.o(.data)
    menu_in_setuplocaladdr                   0x1000059c   Data           1  ctasksure.o(.data)
    vMaskCount                               0x1000059d   Data           1  ctasksure.o(.data)
    vmaskflag                                0x1000059e   Data           1  ctasksure.o(.data)
    vAnnUartFlag                             0x1000059f   Data           1  ctasksure.o(.data)
    vZjFlag                                  0x100005a0   Data           1  ctasksure.o(.data)
    vSpeaker_Counter                         0x100005a1   Data           1  ctasksure.o(.data)
    enter_flag                               0x100005a2   Data           1  ctasksure.o(.data)
    timedate                                 0x100005a4   Data           8  ctasksure.o(.data)
    vCounterLed                              0x100005ac   Data           1  runfunction.o(.data)
    HeartTaskFlag                            0x100005ad   Data           1  runfunction.o(.data)
    csflag                                   0x100005ae   Data           1  runfunction.o(.data)
    TickCounter                              0x100005af   Data           1  runfunction.o(.data)
    vHeartLostFlag                           0x100005b0   Data           1  runfunction.o(.data)
    vMaskScreen                              0x100005b1   Data           1  runfunction.o(.data)
    alarm_display_counter                    0x100005b2   Data           1  runfunction.o(.data)
    record_alarmnum                          0x100005b3   Data           1  runfunction.o(.data)
    alarm_newest_pos                         0x100005b5   Data           1  runfunction.o(.data)
    his_pos                                  0x100005ba   Data           2  runfunction.o(.data)
    vRunLedCount                             0x100005bc   Data           1  crunctrl.o(.data)
    m_SysRunFlag                             0x100005c0   Data           4  csysrunflag.o(.data)
    m_LpCkFlag                               0x100005d4   Data           4  clpckctrl.o(.data)
    m_LpScanFlag                             0x100005d8   Data           4  clpscanctrl.o(.data)
    bufcounter                               0x100005ec   Data           1  ctimectrl.o(.data)
    vRun1s                                   0x100005ed   Data           1  ctimectrl.o(.data)
    vRunTime0                                0x100005ee   Data           2  ctimectrl.o(.data)
    vRunTime1                                0x100005f0   Data           2  ctimectrl.o(.data)
    mRunTime0                                0x100005f2   Data           2  ctimectrl.o(.data)
    vPIT0Run                                 0x100005f4   Data           1  ctimectrl.o(.data)
    vPIT1Run                                 0x100005f5   Data           1  ctimectrl.o(.data)
    vRunValue                                0x100005f8   Data           4  ctimectrl.o(.data)
    vRunToIap                                0x100005fc   Data           1  ctimectrl.o(.data)
    vInten_Flag                              0x100005fe   Data           1  ccompinten.o(.data)
    hz                                       0x10000653   Data          33  setmenu.o(.data)
    vCirCounter                              0x10000674   Data           1  cflashparam.o(.data)
    vHisCounter                              0x10000676   Data           2  cflashparam.o(.data)
    vHistFlag                                0x10000678   Data           1  cflashparam.o(.data)
    vPageCounter                             0x10000679   Data           1  cflashparam.o(.data)
    AlarmInfo                                0x1000067a   Data         936  cflashparam.o(.data)
    data_note                                0x10000a22   Data           2  cflashparam.o(.data)
    vHisC                                    0x10000a25   Data           3  cflashparam.o(.data)
    flash_record                             0x10000a28   Data         400  cflashparam.o(.data)
    basic_record                             0x10000bb8   Data           4  cflashparam.o(.data)
    comp_record                              0x10000bbc   Data           4  cflashparam.o(.data)
    mask_record                              0x10000bc0   Data           4  cflashparam.o(.data)
    alarm_record                             0x10000bc4   Data           4  cflashparam.o(.data)
    node_record                              0x10000bc8   Data           4  cflashparam.o(.data)
    nodenums_record                          0x10000bcc   Data           4  cflashparam.o(.data)
    hist_record                              0x10000bd0   Data           4  cflashparam.o(.data)
    histnums_record                          0x10000bd4   Data           4  cflashparam.o(.data)
    histsufix_record                         0x10000bd8   Data           4  cflashparam.o(.data)
    vLocalAddress                            0x10000be4   Data           3  cgrapparam.o(.data)
    vLocalParaSel                            0x10000be7   Data           1  cgrapparam.o(.data)
    department                               0x10000be8   Data           3  cgrapparam.o(.data)
    department_sum                           0x10000beb   Data           1  cgrapparam.o(.data)
    department_sel                           0x10000bec   Data           1  cgrapparam.o(.data)
    vComRegFlag                              0x10000bed   Data           1  cgrapparam.o(.data)
    vCompRegDep                              0x10000bee   Data           2  cgrapparam.o(.data)
    vCompRegNum                              0x10000bf0   Data           2  cgrapparam.o(.data)
    vCompRegAddr                             0x10000bf2   Data           1  cgrapparam.o(.data)
    vCompRegParaSel                          0x10000bf3   Data           1  cgrapparam.o(.data)
    vCompSetDep                              0x10000bf4   Data           2  cgrapparam.o(.data)
    vCompSetNum                              0x10000bf6   Data           2  cgrapparam.o(.data)
    vComSetSelSet                            0x10000bf8   Data           1  cgrapparam.o(.data)
    vComSetSel                               0x10000bf9   Data           1  cgrapparam.o(.data)
    vYear                                    0x10000bfa   Data           2  cgrapparam.o(.data)
    vMonth                                   0x10000bfc   Data           2  cgrapparam.o(.data)
    vDay                                     0x10000bfe   Data           2  cgrapparam.o(.data)
    vHour                                    0x10000c00   Data           2  cgrapparam.o(.data)
    vMintue                                  0x10000c02   Data           2  cgrapparam.o(.data)
    vSecond                                  0x10000c04   Data           2  cgrapparam.o(.data)
    vSelTime                                 0x10000c06   Data           1  cgrapparam.o(.data)
    vAnnDep                                  0x10000c08   Data           2  cgrapparam.o(.data)
    vAnnCompNum                              0x10000c0a   Data           2  cgrapparam.o(.data)
    vAnnSel                                  0x10000c0c   Data           1  cgrapparam.o(.data)
    vSysCheckDep                             0x10000c0d   Data           1  cgrapparam.o(.data)
    vStatusDep                               0x10000c0e   Data           1  cgrapparam.o(.data)
    vStatusComp                              0x10000c0f   Data           1  cgrapparam.o(.data)
    vStatusFlag                              0x10000c10   Data           1  cgrapparam.o(.data)
    vIntenDep                                0x10000c11   Data           1  cgrapparam.o(.data)
    vIntenComp                               0x10000c12   Data           1  cgrapparam.o(.data)
    vIntenFlag                               0x10000c13   Data           1  cgrapparam.o(.data)
    loop_LD_counter                          0x10000c14   Data           1  csetcurrent.o(.data)
    printflag                                0x10000c15   Data           1  csetcurrent.o(.data)
    testann                                  0x10000c18   Data        2000  uart.o(.bss)
    testann1                                 0x100013e8   Data          10  uart.o(.bss)
    data0                                    0x100013f2   Data           9  uart.o(.bss)
    data2                                    0x100013fb   Data        2805  uart.o(.bss)
    data3                                    0x10001ef0   Data          12  uart.o(.bss)
    vKeyCounter                              0x10001efc   Data          24  key.o(.bss)
    UartRxbuf                                0x10001f14   Data           9  ccomhandle.o(.bss)
    UartTxbuf                                0x10001f1d   Data           9  ccomhandle.o(.bss)
    Rxdata                                   0x10001f26   Data           9  ccomhandle.o(.bss)
    histinfo                                 0x10001f30   Data          18  ccomhandle.o(.bss)
    alarm_info                               0x10001f42   Data          18  ccomhandle.o(.bss)
    data                                     0x10001f54   Data         180  ccompara.o(.bss)
    data1                                    0x10002008   Data          10  ccompara.o(.bss)
    vCom0Data                                0x10002012   Data          20  ccompara.o(.bss)
    vCirAlarmData                            0x10002026   Data          50  ccompara.o(.bss)
    Send195                                  0x10002058   Data          15  csendto195.o(.bss)
    setupinfo                                0x10002068   Data          18  ctasksure.o(.bss)
    alarmpart                                0x1000207a   Data         200  runfunction.o(.bss)
    menu_alarm_info                          0x10002142   Data          18  runfunction.o(.bss)
    m_LpAnsFlag                              0x10002154   Data          10  clpansctrl.o(.bss)
    m_NodeInfo                               0x10002160   Data        1020  cnodeinfo.o(.bss)
    vGetDatatoFlash                          0x1000255c   Data         663  cflashparam.o(.bss)
    vGetDepNum                               0x100027f3   Data          51  cflashparam.o(.bss)
    vReadFlashData                           0x10002826   Data          16  cflashparam.o(.bss)
    vGetPsn                                  0x10002836   Data         408  cflashparam.o(.bss)
    FlashData                                0x100029ce   Data         765  cflashparam.o(.bss)
    vGetCom0Ann                              0x10002ccc   Data        1600  cflashparam.o(.bss)
    vHistSufixInfo                           0x1000330c   Data          10  cflashparam.o(.bss)
    BaseInfoF                                0x10003316   Data         256  cflashparam.o(.bss)
    vSendPSNToFlash                          0x10003416   Data         408  cflashparam.o(.bss)
    vMaskPSN                                 0x100035ae   Data          51  cflashparam.o(.bss)
    vHisList                                 0x100035e1   Data       17017  cflashparam.o(.bss)
    state_loopLD                             0x1000785a   Data          10  csetcurrent.o(.bss)
    __libspace_start                         0x10007864   Data          96  libspace.o(.bss)
    __temporary_stack_top$libspace           0x100078c4   Data           0  libspace.o(.bss)



==============================================================================

Memory Map of the image

  Image Entry point : 0x000000cd

  Load Region LR_IROM1 (Base: 0x00000000, Size: 0x00050aa8, Max: 0x00080000, ABSOLUTE, COMPRESSED[0x00050264])

    Execution Region ER_IROM1 (Base: 0x00000000, Size: 0x0004fe90, Max: 0x00080000, ABSOLUTE)

    Base Addr    Size         Type   Attr      Idx    E Section Name        Object

    0x00000000   0x000000cc   Data   RO            3    RESET               startup_lpc17xx.o
    0x000000cc   0x00000008   Code   RO         1367  * !!!main             c_w.l(__main.o)
    0x000000d4   0x00000034   Code   RO         1526    !!!scatter          c_w.l(__scatter.o)
    0x00000108   0x0000005a   Code   RO         1524    !!dczerorl2         c_w.l(__dczerorl2.o)
    0x00000162   0x00000002   PAD
    0x00000164   0x0000001c   Code   RO         1528    !!handler_zi        c_w.l(__scatter_zi.o)
    0x00000180   0x00000006   Code   RO         1394    .ARM.Collect$$libinit$$00000000  c_w.l(libinit.o)
    0x00000186   0x00000000   Code   RO         1402    .ARM.Collect$$libinit$$00000006  c_w.l(libinit2.o)
    0x00000186   0x00000000   Code   RO         1404    .ARM.Collect$$libinit$$00000008  c_w.l(libinit2.o)
    0x00000186   0x00000000   Code   RO         1406    .ARM.Collect$$libinit$$0000000A  c_w.l(libinit2.o)
    0x00000186   0x00000000   Code   RO         1409    .ARM.Collect$$libinit$$0000000D  c_w.l(libinit2.o)
    0x00000186   0x00000000   Code   RO         1411    .ARM.Collect$$libinit$$0000000F  c_w.l(libinit2.o)
    0x00000186   0x00000000   Code   RO         1413    .ARM.Collect$$libinit$$00000011  c_w.l(libinit2.o)
    0x00000186   0x00000000   Code   RO         1415    .ARM.Collect$$libinit$$00000013  c_w.l(libinit2.o)
    0x00000186   0x00000000   Code   RO         1417    .ARM.Collect$$libinit$$00000015  c_w.l(libinit2.o)
    0x00000186   0x00000000   Code   RO         1419    .ARM.Collect$$libinit$$00000017  c_w.l(libinit2.o)
    0x00000186   0x00000000   Code   RO         1421    .ARM.Collect$$libinit$$00000019  c_w.l(libinit2.o)
    0x00000186   0x00000000   Code   RO         1423    .ARM.Collect$$libinit$$0000001B  c_w.l(libinit2.o)
    0x00000186   0x00000000   Code   RO         1425    .ARM.Collect$$libinit$$0000001D  c_w.l(libinit2.o)
    0x00000186   0x00000000   Code   RO         1427    .ARM.Collect$$libinit$$0000001F  c_w.l(libinit2.o)
    0x00000186   0x00000000   Code   RO         1429    .ARM.Collect$$libinit$$00000021  c_w.l(libinit2.o)
    0x00000186   0x00000000   Code   RO         1433    .ARM.Collect$$libinit$$00000028  c_w.l(libinit2.o)
    0x00000186   0x00000000   Code   RO         1435    .ARM.Collect$$libinit$$0000002A  c_w.l(libinit2.o)
    0x00000186   0x00000000   Code   RO         1437    .ARM.Collect$$libinit$$0000002C  c_w.l(libinit2.o)
    0x00000186   0x00000000   Code   RO         1439    .ARM.Collect$$libinit$$0000002E  c_w.l(libinit2.o)
    0x00000186   0x00000002   Code   RO         1440    .ARM.Collect$$libinit$$0000002F  c_w.l(libinit2.o)
    0x00000188   0x00000002   Code   RO         1465    .ARM.Collect$$libshutdown$$00000000  c_w.l(libshutdown.o)
    0x0000018a   0x00000000   Code   RO         1479    .ARM.Collect$$libshutdown$$00000003  c_w.l(libshutdown2.o)
    0x0000018a   0x00000000   Code   RO         1482    .ARM.Collect$$libshutdown$$00000006  c_w.l(libshutdown2.o)
    0x0000018a   0x00000000   Code   RO         1485    .ARM.Collect$$libshutdown$$00000009  c_w.l(libshutdown2.o)
    0x0000018a   0x00000000   Code   RO         1487    .ARM.Collect$$libshutdown$$0000000B  c_w.l(libshutdown2.o)
    0x0000018a   0x00000000   Code   RO         1490    .ARM.Collect$$libshutdown$$0000000E  c_w.l(libshutdown2.o)
    0x0000018a   0x00000002   Code   RO         1491    .ARM.Collect$$libshutdown$$0000000F  c_w.l(libshutdown2.o)
    0x0000018c   0x00000000   Code   RO         1369    .ARM.Collect$$rtentry$$00000000  c_w.l(rtentry.o)
    0x0000018c   0x00000000   Code   RO         1371    .ARM.Collect$$rtentry$$00000002  c_w.l(rtentry2.o)
    0x0000018c   0x00000006   Code   RO         1383    .ARM.Collect$$rtentry$$00000004  c_w.l(rtentry4.o)
    0x00000192   0x00000000   Code   RO         1373    .ARM.Collect$$rtentry$$00000009  c_w.l(rtentry2.o)
    0x00000192   0x00000004   Code   RO         1374    .ARM.Collect$$rtentry$$0000000A  c_w.l(rtentry2.o)
    0x00000196   0x00000000   Code   RO         1376    .ARM.Collect$$rtentry$$0000000C  c_w.l(rtentry2.o)
    0x00000196   0x00000008   Code   RO         1377    .ARM.Collect$$rtentry$$0000000D  c_w.l(rtentry2.o)
    0x0000019e   0x00000002   Code   RO         1398    .ARM.Collect$$rtexit$$00000000  c_w.l(rtexit.o)
    0x000001a0   0x00000000   Code   RO         1444    .ARM.Collect$$rtexit$$00000002  c_w.l(rtexit2.o)
    0x000001a0   0x00000004   Code   RO         1445    .ARM.Collect$$rtexit$$00000003  c_w.l(rtexit2.o)
    0x000001a4   0x00000006   Code   RO         1446    .ARM.Collect$$rtexit$$00000004  c_w.l(rtexit2.o)
    0x000001aa   0x00000002   PAD
    0x000001ac   0x0000003c   Code   RO            5    .text               startup_lpc17xx.o
    0x000001e8   0x00000040   Code   RO           51    .text               main.o
    0x00000228   0x0000003c   Code   RO          172    .text               delay.o
    0x00000264   0x00000070   Code   RO          508    .text               crelay.o
    0x000002d4   0x00000014   Code   RO         1293    .text               cintstend.o
    0x000002e8   0x00000006   Code   RO         1365    .text               c_w.l(heapauxi.o)
    0x000002ee   0x0000000c   Code   RO         1387    .text               c_w.l(exit.o)
    0x000002fa   0x00000002   Code   RO         1468    .text               c_w.l(use_no_semi.o)
    0x000002fc   0x00000004   Code   RO            4    .ARM.__at_0x02FC    startup_lpc17xx.o
    0x00000300   0x00000234   Code   RO           27    .text               system_lpc17xx.o
    0x00000534   0x000005ac   Code   RO          157    .text               ssp.o
    0x00000ae0   0x000004d0   Code   RO          199    .text               i2c.o
    0x00000fb0   0x000007fc   Code   RO          229    .text               uart.o
    0x000017ac   0x000001d0   Code   RO          291    .text               gpioinit.o
    0x0000197c   0x000003e4   Code   RO          306    .text               ctime.o
    0x00001d60   0x00000170   Code   RO          342    .text               ctimedef.o
    0x00001ed0   0x000000ec   Code   RO          360    .text               pwm.o
    0x00001fbc   0x0000021c   Code   RO          381    .text               extint.o
    0x000021d8   0x000000e0   Code   RO          405    .text               cgpioirq.o
    0x000022b8   0x000008a8   Code   RO          423    .text               lcd.o
    0x00002b60   0x000005ac   Code   RO          453    .text               pcf8563.o
    0x0000310c   0x000001a0   Code   RO          474    .text               key.o
    0x000032ac   0x000001a4   Code   RO          496    .text               cled.o
    0x00003450   0x00000d78   Code   RO          520    .text               ccomhandle.o
    0x000041c8   0x0000042c   Code   RO          574    .text               ccompara.o
    0x000045f4   0x00000168   Code   RO          602    .text               caddresscount.o
    0x0000475c   0x0000008c   Code   RO          618    .text               csendto195.o
    0x000047e8   0x000000e2   Code   RO          633    .text               cgetgrap.o
    0x000048ca   0x00000002   PAD
    0x000048cc   0x000000d8   Code   RO          645    .text               ckeycounter.o
    0x000049a4   0x00000676   Code   RO          663    .text               ctaskdown.o
    0x0000501a   0x00000002   PAD
    0x0000501c   0x000001bc   Code   RO          682    .text               ctaskreturn.o
    0x000051d8   0x0000136a   Code   RO          700    .text               ctasksure.o
    0x00006542   0x00000002   PAD
    0x00006544   0x00000696   Code   RO          726    .text               ctaskup.o
    0x00006bda   0x00000002   PAD
    0x00006bdc   0x00000774   Code   RO          739    .text               runfunction.o
    0x00007350   0x000004b4   Code   RO          762    .text               tasklist.o
    0x00007804   0x000001ac   Code   RO          798    .text               crunctrl.o
    0x000079b0   0x000001a0   Code   RO          822    .text               csysrunflag.o
    0x00007b50   0x000000c8   Code   RO          840    .text               clpansctrl.o
    0x00007c18   0x00000150   Code   RO          859    .text               clpckctrl.o
    0x00007d68   0x000001f8   Code   RO          877    .text               clpscanctrl.o
    0x00007f60   0x000002c4   Code   RO          895    .text               ctimectrl.o
    0x00008224   0x00000200   Code   RO          920    .text               cnodeinfo.o
    0x00008424   0x000002e8   Code   RO          945    .text               store_addr.o
    0x0000870c   0x000006c6   Code   RO          957    .text               alarmenu.o
    0x00008dd2   0x00000002   PAD
    0x00008dd4   0x000006aa   Code   RO          981    .text               breakdown.o
    0x0000947e   0x00000002   PAD
    0x00009480   0x000003f8   Code   RO          993    .text               cannotate.o
    0x00009878   0x000004bc   Code   RO         1008    .text               ccompinten.o
    0x00009d34   0x00000778   Code   RO         1023    .text               ccompreg.o
    0x0000a4ac   0x000002d4   Code   RO         1038    .text               ccompset.o
    0x0000a780   0x0000047c   Code   RO         1050    .text               ccompstat.o
    0x0000abfc   0x00000a3c   Code   RO         1063    .text               cdatemod.o
    0x0000b638   0x000001d4   Code   RO         1079    .text               checkmenu.o
    0x0000b80c   0x000008d8   Code   RO         1091    .text               chistorylist.o
    0x0000c0e4   0x00000410   Code   RO         1112    .text               clocalset.o
    0x0000c4f4   0x000000ac   Code   RO         1126    .text               cmodelfault.o
    0x0000c5a0   0x00000180   Code   RO         1138    .text               csyscheck.o
    0x0000c720   0x00000078   Code   RO         1156    .text               csysreset.o
    0x0000c798   0x00000078   Code   RO         1168    .text               ctestself.o
    0x0000c810   0x00000578   Code   RO         1180    .text               mainmenu.o
    0x0000cd88   0x000003a4   Code   RO         1194    .text               setmenu.o
    0x0000d12c   0x000002b0   Code   RO         1209    .text               startmenu.o
    0x0000d3dc   0x000001e0   Code   RO         1222    .text               testmenu.o
    0x0000d5bc   0x00001420   Code   RO         1253    .text               cflashparam.o
    0x0000e9dc   0x000004a0   Code   RO         1275    .text               cgrapparam.o
    0x0000ee7c   0x00000138   Code   RO         1308    .text               csetcurrent.o
    0x0000efb4   0x0000008a   Code   RO         1357    .text               c_w.l(rt_memcpy_v6.o)
    0x0000f03e   0x00000064   Code   RO         1359    .text               c_w.l(rt_memcpy_w.o)
    0x0000f0a2   0x00000044   Code   RO         1361    .text               c_w.l(rt_memclr.o)
    0x0000f0e6   0x0000004e   Code   RO         1363    .text               c_w.l(rt_memclr_w.o)
    0x0000f134   0x0000004a   Code   RO         1385    .text               c_w.l(sys_stackheap_outer.o)
    0x0000f17e   0x00000002   PAD
    0x0000f180   0x00000008   Code   RO         1395    .text               c_w.l(libspace.o)
    0x0000f188   0x00000008   Code   RO         1453    .text               c_w.l(rt_fp_status_addr_intlibspace.o)
    0x0000f190   0x0000000c   Code   RO         1457    .text               c_w.l(sys_exit.o)
    0x0000f19c   0x00000000   Code   RO         1470    .text               c_w.l(indicate_semi.o)
    0x0000f19c   0x0000000e   Code   RO         1441    x$fpl$fpinit        fz_ws.l(fpinit.o)
    0x0000f1aa   0x00040c80   Data   RO          424    .constdata          lcd.o
    0x0004fe2a   0x00000002   Data   RO          522    .constdata          ccomhandle.o
    0x0004fe2c   0x00000041   Data   RO         1051    .constdata          ccompstat.o
    0x0004fe6d   0x00000003   PAD
    0x0004fe70   0x00000020   Data   RO         1522    Region$$Table       anon$$obj.o


    Execution Region RW_IRAM1 (Base: 0x10000000, Size: 0x00007ac8, Max: 0x00008000, ABSOLUTE, COMPRESSED[0x000003d4])

    Base Addr    Size         Type   Attr      Idx    E Section Name        Object

    0x10000000   0x00000004   Data   RW           28    .data               system_lpc17xx.o
    0x10000004   0x00000004   Data   RW          173    .data               delay.o
    0x10000008   0x00000016   Data   RW          200    .data               i2c.o
    0x1000001e   0x0000000c   Data   RW          231    .data               uart.o
    0x1000002a   0x00000002   PAD
    0x1000002c   0x00000016   Data   RW          307    .data               ctime.o
    0x10000042   0x00000002   PAD
    0x10000044   0x00000028   Data   RW          343    .data               ctimedef.o
    0x1000006c   0x00000004   Data   RW          361    .data               pwm.o
    0x10000070   0x0000000c   Data   RW          382    .data               extint.o
    0x1000007c   0x00000490   Data   RW          425    .data               lcd.o
    0x1000050c   0x00000008   Data   RW          454    .data               pcf8563.o
    0x10000514   0x00000001   Data   RW          476    .data               key.o
    0x10000515   0x00000003   PAD
    0x10000518   0x00000046   Data   RW          523    .data               ccomhandle.o
    0x1000055e   0x00000002   PAD
    0x10000560   0x0000001b   Data   RW          576    .data               ccompara.o
    0x1000057b   0x00000001   PAD
    0x1000057c   0x00000010   Data   RW          604    .data               caddresscount.o
    0x1000058c   0x00000006   Data   RW          646    .data               ckeycounter.o
    0x10000592   0x00000002   PAD
    0x10000594   0x00000008   Data   RW          664    .data               ctaskdown.o
    0x1000059c   0x00000010   Data   RW          702    .data               ctasksure.o
    0x100005ac   0x00000010   Data   RW          741    .data               runfunction.o
    0x100005bc   0x00000001   Data   RW          799    .data               crunctrl.o
    0x100005bd   0x00000003   PAD
    0x100005c0   0x00000004   Data   RW          823    .data               csysrunflag.o
    0x100005c4   0x00000010   Data   RW          842    .data               clpansctrl.o
    0x100005d4   0x00000004   Data   RW          860    .data               clpckctrl.o
    0x100005d8   0x00000004   Data   RW          878    .data               clpscanctrl.o
    0x100005dc   0x00000021   Data   RW          897    .data               ctimectrl.o
    0x100005fd   0x00000001   Data   RW          922    .data               cnodeinfo.o
    0x100005fe   0x00000001   Data   RW         1009    .data               ccompinten.o
    0x100005ff   0x00000031   Data   RW         1113    .data               clocalset.o
    0x10000630   0x00000023   Data   RW         1181    .data               mainmenu.o
    0x10000653   0x00000021   Data   RW         1195    .data               setmenu.o
    0x10000674   0x00000570   Data   RW         1255    .data               cflashparam.o
    0x10000be4   0x00000030   Data   RW         1276    .data               cgrapparam.o
    0x10000c14   0x00000002   Data   RW         1310    .data               csetcurrent.o
    0x10000c16   0x00000002   PAD
    0x10000c18   0x000012e4   Zero   RW          230    .bss                uart.o
    0x10001efc   0x00000018   Zero   RW          475    .bss                key.o
    0x10001f14   0x00000040   Zero   RW          521    .bss                ccomhandle.o
    0x10001f54   0x00000104   Zero   RW          575    .bss                ccompara.o
    0x10002058   0x0000000f   Zero   RW          619    .bss                csendto195.o
    0x10002067   0x00000001   PAD
    0x10002068   0x00000012   Zero   RW          701    .bss                ctasksure.o
    0x1000207a   0x000000da   Zero   RW          740    .bss                runfunction.o
    0x10002154   0x0000000a   Zero   RW          841    .bss                clpansctrl.o
    0x1000215e   0x00000002   PAD
    0x10002160   0x000003fc   Zero   RW          921    .bss                cnodeinfo.o
    0x1000255c   0x000052fe   Zero   RW         1254    .bss                cflashparam.o
    0x1000785a   0x0000000a   Zero   RW         1309    .bss                csetcurrent.o
    0x10007864   0x00000060   Zero   RW         1396    .bss                c_w.l(libspace.o)
    0x100078c4   0x00000004   PAD
    0x100078c8   0x00000000   Zero   RW            2    HEAP                startup_lpc17xx.o
    0x100078c8   0x00000200   Zero   RW            1    STACK               startup_lpc17xx.o


==============================================================================

Image component sizes


      Code (inc. data)   RO Data    RW Data    ZI Data      Debug   Object Name

      1734         44          0          0          0       1757   alarmenu.o
      1706         50          0          0          0       1848   breakdown.o
       360        128          0         16          0       3260   caddresscount.o
      1016         16          0          0          0       1128   cannotate.o
      3448        772          2         70         64      15462   ccomhandle.o
      1068        116          0         27        260       7098   ccompara.o
      1212        100          0          1          0       1776   ccompinten.o
      1912        180          0          0          0       3179   ccompreg.o
       724         46          0          0          0       1334   ccompset.o
      1148         20         65          0          0       2324   ccompstat.o
      2620         44          0          0          0       1247   cdatemod.o
      5152        126          0       1392      21246      38250   cflashparam.o
       226          8          0          0          0       1042   cgetgrap.o
       224         36          0          0          0       5597   cgpioirq.o
      1184        126          0         48          0      14958   cgrapparam.o
       468         30          0          0          0        593   checkmenu.o
      2264        106          0          0          0       4321   chistorylist.o
        20          0          0          0          0        486   cintstend.o
       216         16          0          6          0       3347   ckeycounter.o
       420          8          0          0          0       2186   cled.o
      1040         50          0         49          0       2775   clocalset.o
       200         18          0         16         10       2241   clpansctrl.o
       336          6          0          4          0       4099   clpckctrl.o
       504          6          0          4          0       5052   clpscanctrl.o
       172         16          0          0          0        449   cmodelfault.o
       512          8          0          1       1020       4922   cnodeinfo.o
         0          0          0          0          0       4156   core_cm3.o
       112         10          0          0          0        757   crelay.o
       428          8          0          1          0       1916   crunctrl.o
       140          6          0          0         15       1617   csendto195.o
       312         54          0          2         10       2843   csetcurrent.o
       384         28          0          0          0        985   csyscheck.o
       120         12          0          0          0        420   csysreset.o
       416          4          0          4          0       4732   csysrunflag.o
      1654        228          0          8          0       2936   ctaskdown.o
       444         18          0          0          0       6140   ctaskreturn.o
      4970        542          0         16         18      10251   ctasksure.o
      1686        240          0          0          0       2706   ctaskup.o
       120         12          0          0          0        420   ctestself.o
       996         60          0         22          0       7495   ctime.o
       708         14          0         33          0       3699   ctimectrl.o
       368         32          0         40          0       5555   ctimedef.o
        60          6          0          4          0       8726   delay.o
       540         50          0         12          0       8613   extint.o
       464         18          0          0          0        543   gpioinit.o
      1232         98          0         22          0       9108   i2c.o
       416         14          0          1         24       2119   key.o
      2216         26     265344       1168          0       8896   lcd.o
        64         42          0          0          0      58767   main.o
      1400         64          0         35          0       2559   mainmenu.o
      1452         12          0          8          0       4576   pcf8563.o
       236         26          0          4          0       6651   pwm.o
      1908        374          0         16        218       9147   runfunction.o
       932         12          0         33          0       2079   setmenu.o
      1452         36          0          0          0       5687   ssp.o
       688         20          0          0          0       1110   startmenu.o
        64         26        204          0        512        888   startup_lpc17xx.o
       744        234          0          0          0       1877   store_addr.o
       564         70          0          4          0      59261   system_lpc17xx.o
      1204          4          0          0          0       2369   tasklist.o
       480         20          0          0          0        711   testmenu.o
      2044        236          0         12       4836      72135   uart.o

    ----------------------------------------------------------------------
     60916       4732     265650       3096      28236     453181   Object Totals
         0          0         32          0          0          0   (incl. Generated)
        12          0          3         17          3          0   (incl. Padding)

    ----------------------------------------------------------------------

      Code (inc. data)   RO Data    RW Data    ZI Data      Debug   Library Member Name

        90          0          0          0          0          0   __dczerorl2.o
         8          0          0          0          0         68   __main.o
        52          8          0          0          0          0   __scatter.o
        28          0          0          0          0          0   __scatter_zi.o
        12          0          0          0          0         72   exit.o
         6          0          0          0          0        152   heapauxi.o
         0          0          0          0          0          0   indicate_semi.o
         6          0          0          0          0          0   libinit.o
         2          0          0          0          0          0   libinit2.o
         2          0          0          0          0          0   libshutdown.o
         2          0          0          0          0          0   libshutdown2.o
         8          4          0          0         96         68   libspace.o
         8          4          0          0          0         68   rt_fp_status_addr_intlibspace.o
        68          0          0          0          0         68   rt_memclr.o
        78          0          0          0          0         80   rt_memclr_w.o
       138          0          0          0          0         68   rt_memcpy_v6.o
       100          0          0          0          0         80   rt_memcpy_w.o
         0          0          0          0          0          0   rtentry.o
        12          0          0          0          0          0   rtentry2.o
         6          0          0          0          0          0   rtentry4.o
         2          0          0          0          0          0   rtexit.o
        10          0          0          0          0          0   rtexit2.o
        12          4          0          0          0         68   sys_exit.o
        74          0          0          0          0         80   sys_stackheap_outer.o
         2          0          0          0          0         68   use_no_semi.o
        14          0          0          0          0         76   fpinit.o

    ----------------------------------------------------------------------
       746         20          0          0        100       1016   Library Totals
         6          0          0          0          4          0   (incl. Padding)

    ----------------------------------------------------------------------

      Code (inc. data)   RO Data    RW Data    ZI Data      Debug   Library Name

       726         20          0          0         96        940   c_w.l
        14          0          0          0          0         76   fz_ws.l

    ----------------------------------------------------------------------
       746         20          0          0        100       1016   Library Totals

    ----------------------------------------------------------------------

==============================================================================


      Code (inc. data)   RO Data    RW Data    ZI Data      Debug   

     61662       4752     265650       3096      28336     447229   Grand Totals
     61662       4752     265650        980      28336     447229   ELF Image Totals (compressed)
     61662       4752     265650        980          0          0   ROM Totals

==============================================================================

    Total RO  Size (Code + RO Data)               327312 ( 319.64kB)
    Total RW  Size (RW Data + ZI Data)             31432 (  30.70kB)
    Total ROM Size (Code + RO Data + RW Data)     328292 ( 320.60kB)

==============================================================================

