ARM Linker, 4.1 [Build 894] [Professional]

==============================================================================

Section Cross References

    startup_lpc17xx.o(STACK) refers (Special) to heapauxi.o(.text) for __use_two_region_memory
    startup_lpc17xx.o(HEAP) refers (Special) to heapauxi.o(.text) for __use_two_region_memory
    startup_lpc17xx.o(RESET) refers (Special) to heapauxi.o(.text) for __use_two_region_memory
    startup_lpc17xx.o(RESET) refers to startup_lpc17xx.o(STACK) for __initial_sp
    startup_lpc17xx.o(RESET) refers to startup_lpc17xx.o(.text) for Reset_Handler
    startup_lpc17xx.o(RESET) refers to delay.o(.text) for SysTick_Handler
    startup_lpc17xx.o(RESET) refers to ctime.o(.text) for TIMER0_IRQHandler
    startup_lpc17xx.o(RESET) refers to uart.o(.text) for UART0_IRQHandler
    startup_lpc17xx.o(RESET) refers to pwm.o(.text) for PWM1_IRQHandler
    startup_lpc17xx.o(RESET) refers to i2c.o(.text) for I2C0_IRQHandler
    startup_lpc17xx.o(RESET) refers to extint.o(.text) for EINT1_IRQHandler
    startup_lpc17xx.o(RESET) refers to cgpioirq.o(.text) for EINT3_IRQHandler
    startup_lpc17xx.o(.ARM.__at_0x02FC) refers (Special) to heapauxi.o(.text) for __use_two_region_memory
    startup_lpc17xx.o(.text) refers (Special) to heapauxi.o(.text) for __use_two_region_memory
    startup_lpc17xx.o(.text) refers to system_lpc17xx.o(.text) for SystemInit
    startup_lpc17xx.o(.text) refers to __main.o(!!!main) for __main
    startup_lpc17xx.o(.text) refers to startup_lpc17xx.o(HEAP) for Heap_Mem
    startup_lpc17xx.o(.text) refers to startup_lpc17xx.o(STACK) for Stack_Mem
    system_lpc17xx.o(.text) refers to system_lpc17xx.o(.data) for SystemFrequency
    main.o(.text) refers to system_lpc17xx.o(.text) for SystemClockUpdate
    main.o(.text) refers to crunctrl.o(.text) for Init_CRunCtrl
    main.o(.text) refers to uart.o(.text) for DebugOnce
    main.o(.text) refers to main.o(.constdata) for version_139
    delay.o(.text) refers to delay.o(.data) for msTicks
    i2c.o(.text) refers to i2c.o(.data) for I2C_end
    uart.o(.text) refers to ssp.o(.text) for M25P80_Read_1Byte
    uart.o(.text) refers to ccomhandle.o(.text) for SetConvertdata
    uart.o(.text) refers to ccompara.o(.text) for data_from_data0
    uart.o(.text) refers to cgrapparam.o(.text) for GetComRegFlag
    uart.o(.text) refers to ccompinten.o(.text) for CGetIntenFlag
    uart.o(.text) refers to ctasksure.o(.text) for Get_Note_Flag
    uart.o(.text) refers to uart.o(.bss) for data3
    uart.o(.text) refers to uart.o(.data) for tp
    uart.o(.text) refers to c89vsprintf.o(.text) for __c89vsprintf
    uart.o(.text) refers to system_lpc17xx.o(.data) for SystemFrequency
    ctime.o(.text) refers to extint.o(.text) for Eint_Dis
    ctime.o(.text) refers to ctimectrl.o(.text) for T0Int_CTimeCtrl
    ctime.o(.text) refers to key.o(.text) for Scan_Key
    ctime.o(.text) refers to cled.o(.text) for Led_Wireless_On
    ctime.o(.text) refers to ctime.o(.data) for vTimeTickCounter
    ctimedef.o(.text) refers to ctimedef.o(.data) for vCurTime0Def
    ctimedef.o(.text) refers to system_lpc17xx.o(.data) for SystemFrequency
    pwm.o(.text) refers to pwm.o(.data) for match_counter1
    extint.o(.text) refers to uart.o(.text) for uart_all_disable
    extint.o(.text) refers to ctime.o(.text) for timern_disable
    extint.o(.text) refers to i2c.o(.text) for i2c0_disable
    extint.o(.text) refers to pwm.o(.text) for pwm1_disable
    extint.o(.text) refers to extint.o(.data) for Extint1_flag
    cgpioirq.o(.text) refers to csetcurrent.o(.text) for State_0mA
    cgpioirq.o(.text) refers to clpckctrl.o(.text) for SetPer_CLpCkCtrl
    lcd.o(.text) refers to lcd.o(.constdata) for acHZK16F
    lcd.o(.text) refers to lcd.o(.data) for Hzk1
    pcf8563.o(.text) refers to i2c.o(.text) for I2C_WriteNByte
    pcf8563.o(.text) refers to pcf8563.o(.data) for TimeAndDate
    key.o(.text) refers to ctime.o(.text) for OnLCD
    key.o(.text) refers to ccomhandle.o(.text) for GetDisplay_alarm_flag
    key.o(.text) refers to cled.o(.text) for Led_Silence_Off
    key.o(.text) refers to pwm.o(.text) for clr_PWM1_Started
    key.o(.text) refers to ckeycounter.o(.text) for GetPasswordFlag
    key.o(.text) refers to key.o(.data) for vBackValue
    key.o(.text) refers to key.o(.bss) for vKeyCounter
    ccomhandle.o(.text) refers to clpscanctrl.o(.text) for GetSys_CLpScanCtrl
    ccomhandle.o(.text) refers to uart.o(.text) for UARTSend
    ccomhandle.o(.text) refers to cflashparam.o(.text) for get_comp_partnumber
    ccomhandle.o(.text) refers to cgrapparam.o(.text) for AddCompRegNum
    ccomhandle.o(.text) refers to rt_memclr.o(.text) for __aeabi_memclr
    ccomhandle.o(.text) refers to ctime.o(.text) for OnLCD
    ccomhandle.o(.text) refers to pcf8563.o(.text) for getcurrent_date
    ccomhandle.o(.text) refers to cintstend.o(.text) for EndInt
    ccomhandle.o(.text) refers to ccompreg.o(.text) for CompReg_menu
[...]
    ClrAddr_CLpScanCtrl                      0x0000836f   Thumb Code    14  clpscanctrl.o(.text)
    IncAddr_CLpScanCtrl                      0x0000837d   Thumb Code    42  clpscanctrl.o(.text)
    SetComm_CLpScanCtrl                      0x000083a7   Thumb Code    14  clpscanctrl.o(.text)
    GetComm_CLpScanCtrl                      0x000083b5   Thumb Code    10  clpscanctrl.o(.text)
    ClrComm_CLpScanCtrl                      0x000083bf   Thumb Code    14  clpscanctrl.o(.text)
    SetState_CLpScanCtrl                     0x000083cd   Thumb Code    18  clpscanctrl.o(.text)
    GetState_CLpScanCtrl                     0x000083df   Thumb Code    10  clpscanctrl.o(.text)
    ClrState_CLpScanCtrl                     0x000083e9   Thumb Code    14  clpscanctrl.o(.text)
    SetAnsFlag_CLpScanCtrl                   0x000083f7   Thumb Code    18  clpscanctrl.o(.text)
    GetAnsFlag_CLpScanCtrl                   0x00008409   Thumb Code    10  clpscanctrl.o(.text)
    ClrAnsFlag_CLpScanCtrl                   0x00008413   Thumb Code    14  clpscanctrl.o(.text)
    SetAnsStar_CLpScanCtrl                   0x00008421   Thumb Code    18  clpscanctrl.o(.text)
    GetAnsStar_CLpScanCtrl                   0x00008433   Thumb Code    10  clpscanctrl.o(.text)
    ClrAnsStar_CLpScanCtrl                   0x0000843d   Thumb Code    14  clpscanctrl.o(.text)
    SetAnsStep_CLpScanCtrl                   0x0000844b   Thumb Code    50  clpscanctrl.o(.text)
    GetAnsStep_CLpScanCtrl                   0x0000847d   Thumb Code    10  clpscanctrl.o(.text)
    ClrAnsStep_CLpScanCtrl                   0x00008487   Thumb Code    14  clpscanctrl.o(.text)
    SetAnsTId_CLpScanCtrl                    0x00008495   Thumb Code    18  clpscanctrl.o(.text)
    GetAnsTId_CLpScanCtrl                    0x000084a7   Thumb Code    10  clpscanctrl.o(.text)
    ClrAnsTId_CLpScanCtrl                    0x000084b1   Thumb Code    14  clpscanctrl.o(.text)
    DecAnsTId_CLpScanCtrl                    0x000084bf   Thumb Code    34  clpscanctrl.o(.text)
    SetReset_CLpScanCtrl                     0x000084e1   Thumb Code    18  clpscanctrl.o(.text)
    GetReset_CLpScanCtrl                     0x000084f3   Thumb Code    10  clpscanctrl.o(.text)
    ClrReset_CLpScanCtrl                     0x000084fd   Thumb Code    14  clpscanctrl.o(.text)
    Init_CTimeCtrl                           0x00008511   Thumb Code    20  ctimectrl.o(.text)
    IncT0Count_CTimeCtrl                     0x00008525   Thumb Code    54  ctimectrl.o(.text)
    SaveComm_CTimeCtrl                       0x0000855b   Thumb Code   122  ctimectrl.o(.text)
    SetCommT0_CTimeCtrl                      0x000085d5   Thumb Code   108  ctimectrl.o(.text)
    AnsCommT0_CTimeCtrl                      0x00008641   Thumb Code   172  ctimectrl.o(.text)
    T0Int_CTimeCtrl                          0x000086ed   Thumb Code    94  ctimectrl.o(.text)
    add_timer1_3h_counter                    0x00008799   Thumb Code    30  ctimectrl.o(.text)
    reset_timer1_3h_counter                  0x000087b7   Thumb Code    32  ctimectrl.o(.text)
    get_3h_counter                           0x000087d7   Thumb Code    18  ctimectrl.o(.text)
    clr_3h_counter                           0x000087e9   Thumb Code    18  ctimectrl.o(.text)
    clr_faultnum_3h_                         0x000087fb   Thumb Code    28  ctimectrl.o(.text)
    judge_3h_over                            0x00008817   Thumb Code    76  ctimectrl.o(.text)
    T1Int_CTimeCtrl                          0x00008863   Thumb Code   252  ctimectrl.o(.text)
    SetMax_CNodeInfo                         0x00008969   Thumb Code    18  cnodeinfo.o(.text)
    ClrMax_CNodeInfo                         0x0000897b   Thumb Code     8  cnodeinfo.o(.text)
    Init_CNodeInfo                           0x00008983   Thumb Code    24  cnodeinfo.o(.text)
    SetState_CNodeInfo                       0x0000899b   Thumb Code    18  cnodeinfo.o(.text)
    GetState_CNodeInfo                       0x000089ad   Thumb Code    14  cnodeinfo.o(.text)
    ClrState_CNodeInfo                       0x000089bb   Thumb Code    18  cnodeinfo.o(.text)
    ClrReset_CNodeInfo                       0x000089cd   Thumb Code    18  cnodeinfo.o(.text)
    SetReset_CNodeInfo                       0x000089df   Thumb Code    20  cnodeinfo.o(.text)
    GetReset_CNodeInfo                       0x000089f3   Thumb Code    14  cnodeinfo.o(.text)
    ClrAlarm_CNodeInfo                       0x00008a01   Thumb Code    18  cnodeinfo.o(.text)
    ClrReg_CNodeInfo                         0x00008a13   Thumb Code    18  cnodeinfo.o(.text)
    SetAlarm_CNodeInfo                       0x00008a25   Thumb Code    50  cnodeinfo.o(.text)
    GetAlarm_CNodeInfo                       0x00008a57   Thumb Code    14  cnodeinfo.o(.text)
    SetReg_CNodeInfo                         0x00008a65   Thumb Code    50  cnodeinfo.o(.text)
    GetReg_CNodeInfo                         0x00008a97   Thumb Code    14  cnodeinfo.o(.text)
    GetMax_CNodeInfo                         0x00008aa5   Thumb Code     6  cnodeinfo.o(.text)
    ClrCkCyc_CNodeInfo                       0x00008aab   Thumb Code    18  cnodeinfo.o(.text)
    SetCkCyc_CNodeInfo                       0x00008abd   Thumb Code    62  cnodeinfo.o(.text)
    SetComm_CNodeInfo                        0x00008afb   Thumb Code    56  cnodeinfo.o(.text)
    GetComm_CNodeInfo                        0x00008b33   Thumb Code    14  cnodeinfo.o(.text)
    ClrComm_CNodeInfo                        0x00008b41   Thumb Code    18  cnodeinfo.o(.text)
    GetCkCyc_CNodeInfo                       0x00008b53   Thumb Code    14  cnodeinfo.o(.text)
    judge_store_new                          0x00008b69   Thumb Code    50  store_addr.o(.text)
    get_storepos                             0x00008b9b   Thumb Code    30  store_addr.o(.text)
    get_comp_ciraddr_zp                      0x00008bb9   Thumb Code    50  store_addr.o(.text)
    clr_store_comp_info                      0x00008c1b   Thumb Code    34  store_addr.o(.text)
    init_store                               0x00008c3d   Thumb Code   298  store_addr.o(.text)
    Alarm_Menu                               0x00008e51   Thumb Code  1734  alarmenu.o(.text)
    Breakdown                                0x00009551   Thumb Code  1668  breakdown.o(.text)
    Annotate_Menu                            0x00009bd5   Thumb Code  1016  cannotate.o(.text)
    CompInten_Menu                           0x0000a0ed   Thumb Code   892  ccompinten.o(.text)
    CSetIntenFlag                            0x0000a469   Thumb Code     6  ccompinten.o(.text)
    CGetIntenFlag                            0x0000a46f   Thumb Code     6  ccompinten.o(.text)
    menu_compaddr                            0x0000a561   Thumb Code   114  ccompreg.o(.text)
    menu_compstatus                          0x0000a5d3   Thumb Code     2  ccompreg.o(.text)
    menu_comptype                            0x0000a5d5   Thumb Code    74  ccompreg.o(.text)
    CompReg_menu                             0x0000a9db   Thumb Code   352  ccompreg.o(.text)
    GNSelectBlack                            0x0000ab7d   Thumb Code   186  ccompset.o(.text)
    GNSelect                                 0x0000ac37   Thumb Code   186  ccompset.o(.text)
    CompSet_Menu                             0x0000acf1   Thumb Code   306  ccompset.o(.text)
    CompStat_Menu                            0x0000aefb   Thumb Code   978  ccompstat.o(.text)
    DateMod_Menu                             0x0000b2cd   Thumb Code  2616  cdatemod.o(.text)
    Check_Menu                               0x0000bd09   Thumb Code   438  checkmenu.o(.text)
    menu_nohistory                           0x0000bedd   Thumb Code   138  chistorylist.o(.text)
    menu_history_over                        0x0000bf67   Thumb Code   114  chistorylist.o(.text)
    History_Menu                             0x0000c289   Thumb Code  1324  chistorylist.o(.text)
    HZ_SHOW                                  0x0000c7b5   Thumb Code    44  clocalset.o(.text)
    Local_Menu                               0x0000c971   Thumb Code   546  clocalset.o(.text)
    menu_wirelessmod_fault                   0x0000cbc5   Thumb Code   162  cmodelfault.o(.text)
    menu_vh75_connect_fault                  0x0000cc67   Thumb Code   216  cmodelfault.o(.text)
    SysCheck_Menu                            0x0000cec9   Thumb Code    24  csyscheck.o(.text)
    Menu_complete                            0x0000cefd   Thumb Code   108  csysreset.o(.text)
    TestSelf_Menu                            0x0000cf75   Thumb Code   108  ctestself.o(.text)
    Main_Menu                                0x0000d261   Thumb Code   174  mainmenu.o(.text)
    menu_press_return_toreturn               0x0000d30f   Thumb Code   180  mainmenu.o(.text)
    menu_complete                            0x0000d3c3   Thumb Code    98  mainmenu.o(.text)
    menu_Speaker_Open_Close                  0x0000d425   Thumb Code   156  mainmenu.o(.text)
    menu_waiting                             0x0000d4c1   Thumb Code   138  mainmenu.o(.text)
    Set_Menu                                 0x0000d761   Thumb Code    78  setmenu.o(.text)
    CSaveInfo                                0x0000d7af   Thumb Code    66  setmenu.o(.text)
    Start_Menu                               0x0000da85   Thumb Code    20  startmenu.o(.text)
    Test_Menu                                0x0000daad   Thumb Code   300  testmenu.o(.text)
    SetHistFlag                              0x0000dbed   Thumb Code     6  cflashparam.o(.text)
    GetHistFlag                              0x0000dbf3   Thumb Code     6  cflashparam.o(.text)
    get_hist_attr                            0x0000dc75   Thumb Code    14  cflashparam.o(.text)
    gethistory_isfirealarm                   0x0000dc83   Thumb Code    22  cflashparam.o(.text)
    gethistory_isbatlow                      0x0000dc99   Thumb Code    22  cflashparam.o(.text)
    gethistory_isfault                       0x0000dcaf   Thumb Code    22  cflashparam.o(.text)
    AddPageConter                            0x0000dcc5   Thumb Code    12  cflashparam.o(.text)
    SetPageConter                            0x0000dcd1   Thumb Code     6  cflashparam.o(.text)
    GetPageConter                            0x0000dcd7   Thumb Code     6  cflashparam.o(.text)
    AddHistConter                            0x0000dcdd   Thumb Code    12  cflashparam.o(.text)
    GetHistConter                            0x0000dce9   Thumb Code     6  cflashparam.o(.text)
    SetHistConter                            0x0000dcef   Thumb Code     6  cflashparam.o(.text)
    setHistFullFlag                          0x0000dcf5   Thumb Code     6  cflashparam.o(.text)
    getHistFullFlag                          0x0000dcfb   Thumb Code     6  cflashparam.o(.text)
    getHistFull                              0x0000dd01   Thumb Code    16  cflashparam.o(.text)
    init_basic_info                          0x0000e05d   Thumb Code    12  cflashparam.o(.text)
    set_basic_info                           0x0000e069   Thumb Code    22  cflashparam.o(.text)
    get_basic_info                           0x0000e07f   Thumb Code    18  cflashparam.o(.text)
    save_basic_info                          0x0000e091   Thumb Code    24  cflashparam.o(.text)
    set_basic_nums                           0x0000e0a9   Thumb Code    18  cflashparam.o(.text)
    get_comp_partnumber                      0x0000e0cf   Thumb Code    14  cflashparam.o(.text)
    get_basic_nums                           0x0000e0dd   Thumb Code    30  cflashparam.o(.text)
    add_basic_nums                           0x0000e0fb   Thumb Code    26  cflashparam.o(.text)
    sub_basic_nums                           0x0000e115   Thumb Code    24  cflashparam.o(.text)
    set_basic_localaddr                      0x0000e12d   Thumb Code    14  cflashparam.o(.text)
    set_basic_zones                          0x0000e13b   Thumb Code    14  cflashparam.o(.text)
    get_basic_localaddr                      0x0000e149   Thumb Code    24  cflashparam.o(.text)
    get_basic_zones                          0x0000e161   Thumb Code    10  cflashparam.o(.text)
    init_comp_info                           0x0000e16b   Thumb Code    12  cflashparam.o(.text)
    save_comp_info                           0x0000e177   Thumb Code    12  cflashparam.o(.text)
    set_comp_inzone                          0x0000e19b   Thumb Code    18  cflashparam.o(.text)
    set_comp_partnumber                      0x0000e1ad   Thumb Code    18  cflashparam.o(.text)
    set_comp_ciraddr                         0x0000e1bf   Thumb Code    18  cflashparam.o(.text)
    set_comp_psn0                            0x0000e1d1   Thumb Code    18  cflashparam.o(.text)
    set_comp_psn1                            0x0000e1e3   Thumb Code    18  cflashparam.o(.text)
    set_comp_psn2                            0x0000e1f5   Thumb Code    18  cflashparam.o(.text)
    set_comp_psn3                            0x0000e207   Thumb Code    18  cflashparam.o(.text)
    set_comp_devtype                         0x0000e219   Thumb Code    18  cflashparam.o(.text)
    set_comp_all                             0x0000e22b   Thumb Code    74  cflashparam.o(.text)
    clr_comp_all                             0x0000e275   Thumb Code    70  cflashparam.o(.text)
    get_comp_ciraddr                         0x0000e2bb   Thumb Code    14  cflashparam.o(.text)
    clr_comp_loop_all                        0x0000e2c9   Thumb Code    38  cflashparam.o(.text)
    set_comp_all_and_save                    0x0000e2ef   Thumb Code    20  cflashparam.o(.text)
    get_comp_inzone                          0x0000e303   Thumb Code    14  cflashparam.o(.text)
    judge_same_ciraddr                       0x0000e311   Thumb Code    40  cflashparam.o(.text)
    get_comp_psn0                            0x0000e339   Thumb Code    14  cflashparam.o(.text)
    get_comp_psn1                            0x0000e347   Thumb Code    14  cflashparam.o(.text)
    get_comp_psn2                            0x0000e355   Thumb Code    14  cflashparam.o(.text)
    get_comp_psn3                            0x0000e363   Thumb Code    14  cflashparam.o(.text)
    get_comp_devtype                         0x0000e371   Thumb Code    14  cflashparam.o(.text)
    get_comp_all                             0x0000e37f   Thumb Code    72  cflashparam.o(.text)
    init_mask_info                           0x0000e3c7   Thumb Code    12  cflashparam.o(.text)
    save_mask_info                           0x0000e3d3   Thumb Code    12  cflashparam.o(.text)
    set_mask_info                            0x0000e3df   Thumb Code    22  cflashparam.o(.text)
    get_mask_info                            0x0000e3f5   Thumb Code    18  cflashparam.o(.text)
    init_alarm_info                          0x0000e407   Thumb Code    12  cflashparam.o(.text)
    save_alarm_info                          0x0000e413   Thumb Code    12  cflashparam.o(.text)
    get_alarm_attr                           0x0000e45d   Thumb Code    14  cflashparam.o(.text)
    get_alarm_alarmed                        0x0000e46b   Thumb Code    14  cflashparam.o(.text)
    judge_alarm_firealarmed                  0x0000e479   Thumb Code    30  cflashparam.o(.text)
    judge_alarm_faultalarmed                 0x0000e497   Thumb Code    30  cflashparam.o(.text)
    get_alarm_firstalarm                     0x0000e4b5   Thumb Code    18  cflashparam.o(.text)
    set_alarm_inzone                         0x0000e4c7   Thumb Code    18  cflashparam.o(.text)
    set_alarm_part                           0x0000e4d9   Thumb Code    18  cflashparam.o(.text)
    set_alarm_ciraddr                        0x0000e4eb   Thumb Code    18  cflashparam.o(.text)
    set_alarm_alarmsum                       0x0000e4fd   Thumb Code    18  cflashparam.o(.text)
    set_alarm_type                           0x0000e50f   Thumb Code    18  cflashparam.o(.text)
    set_alarm_alarmed                        0x0000e521   Thumb Code    18  cflashparam.o(.text)
    set_alarm_firstalarm                     0x0000e533   Thumb Code    18  cflashparam.o(.text)
    set_alarm_attr                           0x0000e545   Thumb Code    18  cflashparam.o(.text)
    set_alarm_f_recvmess3h                   0x0000e557   Thumb Code    18  cflashparam.o(.text)
    clr_alarm_f_recvmess3h                   0x0000e569   Thumb Code    14  cflashparam.o(.text)
    set_alarm_allinfo                        0x0000e577   Thumb Code   198  cflashparam.o(.text)
    get_alarm_ciraddr                        0x0000e63d   Thumb Code    14  cflashparam.o(.text)
    clr_firealarm                            0x0000e64b   Thumb Code    44  cflashparam.o(.text)
    clr_alarm_allinfo                        0x0000e677   Thumb Code    16  cflashparam.o(.text)
    set_alarm_allinfo_andsave                0x0000e687   Thumb Code    20  cflashparam.o(.text)
    get_alarm_part                           0x0000e69b   Thumb Code    14  cflashparam.o(.text)
    get_alarm_type                           0x0000e6a9   Thumb Code    14  cflashparam.o(.text)
    get_alarm_f_recvmess3h                   0x0000e6b7   Thumb Code    14  cflashparam.o(.text)
    get_alarm_allinfo                        0x0000e6c5   Thumb Code   200  cflashparam.o(.text)
    set_alarm_first                          0x0000e78d   Thumb Code    22  cflashparam.o(.text)
    get_alarm_first                          0x0000e7a3   Thumb Code    14  cflashparam.o(.text)
    get_alarm_firstflag                      0x0000e7b1   Thumb Code    10  cflashparam.o(.text)
    get_alarm_first_part                     0x0000e7bb   Thumb Code    12  cflashparam.o(.text)
    get_firealarm_nums                       0x0000e7c7   Thumb Code    32  cflashparam.o(.text)
    get_alarm_item_bypart                    0x0000e7e7   Thumb Code    36  cflashparam.o(.text)
    get_faultalarm_nums                      0x0000e80b   Thumb Code    32  cflashparam.o(.text)
    judge_alarm_first                        0x0000e82b   Thumb Code    16  cflashparam.o(.text)
    init_node_info                           0x0000e83b   Thumb Code    12  cflashparam.o(.text)
    save_node_info                           0x0000e847   Thumb Code    12  cflashparam.o(.text)
    set_node_info                            0x0000e853   Thumb Code    24  cflashparam.o(.text)
    set_node_all_info                        0x0000e995   Thumb Code   116  cflashparam.o(.text)
    get_node_info                            0x0000ea09   Thumb Code    20  cflashparam.o(.text)
    get_node_row                             0x0000ea1d   Thumb Code    42  cflashparam.o(.text)
    save_nodenums_info                       0x0000ea47   Thumb Code    12  cflashparam.o(.text)
    get_nodenums                             0x0000ea53   Thumb Code    16  cflashparam.o(.text)
    set_nodenums                             0x0000ea63   Thumb Code    20  cflashparam.o(.text)
    save_node_and_nodenums                   0x0000ea77   Thumb Code    26  cflashparam.o(.text)
    init_nodenums_info                       0x0000ea91   Thumb Code    26  cflashparam.o(.text)
    add_nodenums                             0x0000eaab   Thumb Code    18  cflashparam.o(.text)
    init_hist_info                           0x0000eabd   Thumb Code    12  cflashparam.o(.text)
    save_hist_info                           0x0000eac9   Thumb Code    26  cflashparam.o(.text)
    set_hist_info                            0x0000eae3   Thumb Code    30  cflashparam.o(.text)
    clr_hist_info                            0x0000eb01   Thumb Code    38  cflashparam.o(.text)
    get_hist_order                           0x0000eb27   Thumb Code    14  cflashparam.o(.text)
    get_hist_inzone                          0x0000eb35   Thumb Code    14  cflashparam.o(.text)
    get_hist_part                            0x0000eb43   Thumb Code    14  cflashparam.o(.text)
    get_hist_circleaddr                      0x0000eb51   Thumb Code    14  cflashparam.o(.text)
    get_hist_vAnnRow                         0x0000eb5f   Thumb Code    14  cflashparam.o(.text)
    get_hist_opstype                         0x0000eb6d   Thumb Code    14  cflashparam.o(.text)
    get_hist_devtype                         0x0000eb7b   Thumb Code    14  cflashparam.o(.text)
    get_hist_lastnum                         0x0000eb89   Thumb Code    14  cflashparam.o(.text)
    get_hist_datetime                        0x0000eb97   Thumb Code   100  cflashparam.o(.text)
    get_hist_allinfo                         0x0000ebfb   Thumb Code    90  cflashparam.o(.text)
    set_hist_allinfo                         0x0000ec55   Thumb Code   202  cflashparam.o(.text)
    judge_histnums_full                      0x0000ed47   Thumb Code    20  cflashparam.o(.text)
    save_histnums_info                       0x0000ed5b   Thumb Code    88  cflashparam.o(.text)
    save_hist_all                            0x0000edb3   Thumb Code    12  cflashparam.o(.text)
    set_histnum_full                         0x0000edbf   Thumb Code    12  cflashparam.o(.text)
    init_histnums_info                       0x0000edcb   Thumb Code   124  cflashparam.o(.text)
    init_hist_and_histnums                   0x0000ee47   Thumb Code    12  cflashparam.o(.text)
    init_histsufix_info                      0x0000ee53   Thumb Code    12  cflashparam.o(.text)
    init_flash_all                           0x0000ee5f   Thumb Code    36  cflashparam.o(.text)
    CheckDepComp                             0x0000ee83   Thumb Code    56  cflashparam.o(.text)
    GetNum                                   0x0000eebb   Thumb Code    82  cflashparam.o(.text)
    CAddCirCounter                           0x0000ef0d   Thumb Code    12  cflashparam.o(.text)
    CSetCirCounter                           0x0000ef19   Thumb Code     6  cflashparam.o(.text)
    CGetCirCounter                           0x0000ef1f   Thumb Code     6  cflashparam.o(.text)
    GetRow                                   0x0000ef25   Thumb Code    58  cflashparam.o(.text)
    JudgeAlarmType                           0x0000ef5f   Thumb Code    36  cflashparam.o(.text)
    JudgeCompAlarmType                       0x0000ef83   Thumb Code    72  cflashparam.o(.text)
    SetDatatoFlash                           0x0000efcb   Thumb Code    18  cflashparam.o(.text)
    GetDatatoFlash                           0x0000efdd   Thumb Code    18  cflashparam.o(.text)
    GetDatatoFlashType                       0x0000efef   Thumb Code    18  cflashparam.o(.text)
    GetDatatoFlashAlarmType                  0x0000f001   Thumb Code    18  cflashparam.o(.text)
    SetFlashData                             0x0000f013   Thumb Code     6  cflashparam.o(.text)
    SetDepCompSum                            0x0000f019   Thumb Code     6  cflashparam.o(.text)
    GetDepCompSum                            0x0000f01f   Thumb Code     8  cflashparam.o(.text)
    ReadFlashPsn                             0x0000f027   Thumb Code    12  cflashparam.o(.text)
    SetCom0Ann                               0x0000f033   Thumb Code    12  cflashparam.o(.text)
    SetBaseAddr                              0x0000f05d   Thumb Code     6  cgrapparam.o(.text)
    set_BaseAddr_default                     0x0000f063   Thumb Code    28  cgrapparam.o(.text)
    AddBaseAddr                              0x0000f07f   Thumb Code    12  cgrapparam.o(.text)
    SubBaseAddr                              0x0000f08b   Thumb Code    12  cgrapparam.o(.text)
    GetBaseAddr                              0x0000f097   Thumb Code     8  cgrapparam.o(.text)
    AddLocalParaSel                          0x0000f09f   Thumb Code    12  cgrapparam.o(.text)
    SetLocalParaSel                          0x0000f0ab   Thumb Code     6  cgrapparam.o(.text)
    GetLocalParaSel                          0x0000f0b1   Thumb Code     6  cgrapparam.o(.text)
    Set_department                           0x0000f0b7   Thumb Code     6  cgrapparam.o(.text)
    Add_department                           0x0000f0bd   Thumb Code    12  cgrapparam.o(.text)
    Sub_department                           0x0000f0c9   Thumb Code    12  cgrapparam.o(.text)
    Get_zone_bit                             0x0000f0d5   Thumb Code     8  cgrapparam.o(.text)
    Add_department_sel                       0x0000f0dd   Thumb Code    12  cgrapparam.o(.text)
    Set_department_sel                       0x0000f0e9   Thumb Code     6  cgrapparam.o(.text)
    Get_zone_bit_sel                         0x0000f0ef   Thumb Code     6  cgrapparam.o(.text)
    check_localaddr                          0x0000f0f5   Thumb Code    16  cgrapparam.o(.text)
    SetComRegFlag                            0x0000f105   Thumb Code     8  cgrapparam.o(.text)
    ClrComRegFlag                            0x0000f10d   Thumb Code     8  cgrapparam.o(.text)
    GetComRegFlag                            0x0000f115   Thumb Code     6  cgrapparam.o(.text)
    AddCompRegParaSel                        0x0000f11b   Thumb Code    12  cgrapparam.o(.text)
    SetCompRegParaSel                        0x0000f127   Thumb Code     6  cgrapparam.o(.text)
    GetCompRegParaSel                        0x0000f12d   Thumb Code     6  cgrapparam.o(.text)
    SetCompRegDep                            0x0000f133   Thumb Code     6  cgrapparam.o(.text)
    AddCompRegDep                            0x0000f139   Thumb Code    12  cgrapparam.o(.text)
    SubCompRegDep                            0x0000f145   Thumb Code    12  cgrapparam.o(.text)
    GetCompRegDep                            0x0000f151   Thumb Code     6  cgrapparam.o(.text)
    SetCompRegNum                            0x0000f157   Thumb Code     6  cgrapparam.o(.text)
    AddCompRegNum                            0x0000f15d   Thumb Code    12  cgrapparam.o(.text)
    SubCompRegNum                            0x0000f169   Thumb Code    12  cgrapparam.o(.text)
    GetCompRegNum                            0x0000f175   Thumb Code     6  cgrapparam.o(.text)
    SetCompRegAddr                           0x0000f17b   Thumb Code     6  cgrapparam.o(.text)
    AddCompRegAddr                           0x0000f181   Thumb Code    12  cgrapparam.o(.text)
    SubCompRegAddr                           0x0000f18d   Thumb Code    12  cgrapparam.o(.text)
    GetCompRegAddr                           0x0000f199   Thumb Code     6  cgrapparam.o(.text)
    AddCompSetDep                            0x0000f19f   Thumb Code    12  cgrapparam.o(.text)
    SubCompSetDep                            0x0000f1ab   Thumb Code    12  cgrapparam.o(.text)
    GetCompSetDep                            0x0000f1b7   Thumb Code     6  cgrapparam.o(.text)
    SetCompSetDep                            0x0000f1bd   Thumb Code     6  cgrapparam.o(.text)
    AddCompSetNum                            0x0000f1c3   Thumb Code    12  cgrapparam.o(.text)
    SubCompSetNum                            0x0000f1cf   Thumb Code    12  cgrapparam.o(.text)
    GetCompSetNum                            0x0000f1db   Thumb Code     6  cgrapparam.o(.text)
    SetCompSetNum                            0x0000f1e1   Thumb Code     6  cgrapparam.o(.text)
    SetComSetSelSet                          0x0000f1e7   Thumb Code     6  cgrapparam.o(.text)
    AddComSetSelSet                          0x0000f1ed   Thumb Code    12  cgrapparam.o(.text)
    SubComSetSelSet                          0x0000f1f9   Thumb Code    12  cgrapparam.o(.text)
    GetComSetSelSet                          0x0000f205   Thumb Code     6  cgrapparam.o(.text)
    AddComSet_seltab                         0x0000f20b   Thumb Code    12  cgrapparam.o(.text)
    SubComSet_seltab                         0x0000f217   Thumb Code    12  cgrapparam.o(.text)
    GetComSet_seltab                         0x0000f223   Thumb Code     6  cgrapparam.o(.text)
    SetComSet_seltab                         0x0000f229   Thumb Code     6  cgrapparam.o(.text)
    SetYear                                  0x0000f22f   Thumb Code     6  cgrapparam.o(.text)
    AddYear                                  0x0000f235   Thumb Code    12  cgrapparam.o(.text)
    SubYear                                  0x0000f241   Thumb Code    12  cgrapparam.o(.text)
    GetYear                                  0x0000f24d   Thumb Code    34  cgrapparam.o(.text)
    SetMonth                                 0x0000f26f   Thumb Code     6  cgrapparam.o(.text)
    AddMonth                                 0x0000f275   Thumb Code    12  cgrapparam.o(.text)
    SubMonth                                 0x0000f281   Thumb Code    12  cgrapparam.o(.text)
    GetMonth                                 0x0000f28d   Thumb Code     6  cgrapparam.o(.text)
    AddDay                                   0x0000f293   Thumb Code    12  cgrapparam.o(.text)
    SubDay                                   0x0000f29f   Thumb Code    12  cgrapparam.o(.text)
    GetDay                                   0x0000f2ab   Thumb Code     6  cgrapparam.o(.text)
    SetDay                                   0x0000f2b1   Thumb Code     6  cgrapparam.o(.text)
    SetHour                                  0x0000f2b7   Thumb Code     6  cgrapparam.o(.text)
    AddHour                                  0x0000f2bd   Thumb Code    12  cgrapparam.o(.text)
    SubHour                                  0x0000f2c9   Thumb Code    12  cgrapparam.o(.text)
    GetHour                                  0x0000f2d5   Thumb Code     6  cgrapparam.o(.text)
    SetMintue                                0x0000f2db   Thumb Code     6  cgrapparam.o(.text)
    AddMintue                                0x0000f2e1   Thumb Code    12  cgrapparam.o(.text)
    SubMintue                                0x0000f2ed   Thumb Code    12  cgrapparam.o(.text)
    GetMintue                                0x0000f2f9   Thumb Code     6  cgrapparam.o(.text)
    SetSecond                                0x0000f2ff   Thumb Code     6  cgrapparam.o(.text)
    AddSecond                                0x0000f305   Thumb Code    12  cgrapparam.o(.text)
    SubSecond                                0x0000f311   Thumb Code    12  cgrapparam.o(.text)
    GetSecond                                0x0000f31d   Thumb Code     6  cgrapparam.o(.text)
    SetSelTime                               0x0000f323   Thumb Code     6  cgrapparam.o(.text)
    AddSelTime                               0x0000f329   Thumb Code    12  cgrapparam.o(.text)
    GetSelTime                               0x0000f335   Thumb Code     6  cgrapparam.o(.text)
    SetAnnDep                                0x0000f33b   Thumb Code     6  cgrapparam.o(.text)
    AddAnnDep                                0x0000f341   Thumb Code    12  cgrapparam.o(.text)
    SubAnnDep                                0x0000f34d   Thumb Code    12  cgrapparam.o(.text)
    GetAnnDep                                0x0000f359   Thumb Code     6  cgrapparam.o(.text)
    SetAnnCompNum                            0x0000f35f   Thumb Code     6  cgrapparam.o(.text)
    AddAnnCompNum                            0x0000f365   Thumb Code    12  cgrapparam.o(.text)
    SubAnnCompNum                            0x0000f371   Thumb Code    12  cgrapparam.o(.text)
    GetAnnCompNum                            0x0000f37d   Thumb Code     6  cgrapparam.o(.text)
    SetAnnSel                                0x0000f383   Thumb Code     6  cgrapparam.o(.text)
    AddAnnSel                                0x0000f389   Thumb Code    12  cgrapparam.o(.text)
    GetAnnSel                                0x0000f395   Thumb Code     6  cgrapparam.o(.text)
    AddSysCheckDep                           0x0000f39b   Thumb Code    12  cgrapparam.o(.text)
    SubSysCheckDep                           0x0000f3a7   Thumb Code    12  cgrapparam.o(.text)
    SetSysCheckDep                           0x0000f3b3   Thumb Code     6  cgrapparam.o(.text)
    GetSysCheckDep                           0x0000f3b9   Thumb Code     6  cgrapparam.o(.text)
    AddStatusDep                             0x0000f3bf   Thumb Code    12  cgrapparam.o(.text)
    SubStatusDep                             0x0000f3cb   Thumb Code    12  cgrapparam.o(.text)
    SetStatusDep                             0x0000f3d7   Thumb Code     6  cgrapparam.o(.text)
    GetStatusDep                             0x0000f3dd   Thumb Code     6  cgrapparam.o(.text)
    AddStatusComp                            0x0000f3e3   Thumb Code    12  cgrapparam.o(.text)
    SubStatusComp                            0x0000f3ef   Thumb Code    12  cgrapparam.o(.text)
    SetStatusComp                            0x0000f3fb   Thumb Code     6  cgrapparam.o(.text)
    GetStatusComp                            0x0000f401   Thumb Code     6  cgrapparam.o(.text)
    AddStatusFlag                            0x0000f407   Thumb Code    12  cgrapparam.o(.text)
    SetStatusFlag                            0x0000f413   Thumb Code     6  cgrapparam.o(.text)
    GetStatusFlag                            0x0000f419   Thumb Code     6  cgrapparam.o(.text)
    AddIntenDep                              0x0000f41f   Thumb Code    12  cgrapparam.o(.text)
    SubIntenDep                              0x0000f42b   Thumb Code    12  cgrapparam.o(.text)
    SetIntenDep                              0x0000f437   Thumb Code   118  cgrapparam.o(.text)
    GetIntenDep                              0x0000f4ad   Thumb Code     6  cgrapparam.o(.text)
    AddIntenComp                             0x0000f4b3   Thumb Code    12  cgrapparam.o(.text)
    SubIntenComp                             0x0000f4bf   Thumb Code    12  cgrapparam.o(.text)
    SetIntenComp                             0x0000f4cb   Thumb Code     6  cgrapparam.o(.text)
    GetIntenComp                             0x0000f4d1   Thumb Code     6  cgrapparam.o(.text)
    AddIntenFlag                             0x0000f4d7   Thumb Code    12  cgrapparam.o(.text)
    SetIntenFlag                             0x0000f4e3   Thumb Code     6  cgrapparam.o(.text)
    GetIntenFlag                             0x0000f4e9   Thumb Code     6  cgrapparam.o(.text)
    EndInt                                   0x0000f4fd   Thumb Code    12  cintstend.o(.text)
    StartInt                                 0x0000f509   Thumb Code     8  cintstend.o(.text)
    State_0mA                                0x0000f511   Thumb Code    14  csetcurrent.o(.text)
    State_6mA                                0x0000f51f   Thumb Code    24  csetcurrent.o(.text)
    State_20mA                               0x0000f537   Thumb Code    14  csetcurrent.o(.text)
    get_loopLD_state                         0x0000f545   Thumb Code    10  csetcurrent.o(.text)
    clrbuf                                   0x0000f54f   Thumb Code    18  csetcurrent.o(.text)
    printbuf                                 0x0000f561   Thumb Code    32  csetcurrent.o(.text)
    clr_loop_LD_counter                      0x0000f581   Thumb Code    28  csetcurrent.o(.text)
    loop_LD_state                            0x0000f5af   Thumb Code    38  csetcurrent.o(.text)
    set_print                                0x0000f5d5   Thumb Code     8  csetcurrent.o(.text)
    state_loopld_printf                      0x0000f5eb   Thumb Code    40  csetcurrent.o(.text)
    __c89vsprintf                            0x0000f649   Thumb Code    32  c89vsprintf.o(.text)
    __aeabi_memcpy                           0x0000f66d   Thumb Code     0  rt_memcpy_v6.o(.text)
    __rt_memcpy                              0x0000f66d   Thumb Code   138  rt_memcpy_v6.o(.text)
    _memcpy_lastbytes                        0x0000f6d3   Thumb Code     0  rt_memcpy_v6.o(.text)
    __aeabi_memcpy4                          0x0000f6f7   Thumb Code     0  rt_memcpy_w.o(.text)
    __aeabi_memcpy8                          0x0000f6f7   Thumb Code     0  rt_memcpy_w.o(.text)
    __rt_memcpy_w                            0x0000f6f7   Thumb Code   100  rt_memcpy_w.o(.text)
    _memcpy_lastbytes_aligned                0x0000f73f   Thumb Code     0  rt_memcpy_w.o(.text)
    __aeabi_memclr                           0x0000f75b   Thumb Code     0  rt_memclr.o(.text)
    __rt_memclr                              0x0000f75b   Thumb Code    68  rt_memclr.o(.text)
    _memset                                  0x0000f75f   Thumb Code     0  rt_memclr.o(.text)
    __aeabi_memclr4                          0x0000f79f   Thumb Code     0  rt_memclr_w.o(.text)
    __aeabi_memclr8                          0x0000f79f   Thumb Code     0  rt_memclr_w.o(.text)
    __rt_memclr_w                            0x0000f79f   Thumb Code    78  rt_memclr_w.o(.text)
    _memset_w                                0x0000f7a3   Thumb Code     0  rt_memclr_w.o(.text)
    __use_two_region_memory                  0x0000f7ed   Thumb Code     2  heapauxi.o(.text)
    __rt_heap_escrow$2region                 0x0000f7ef   Thumb Code     2  heapauxi.o(.text)
    __rt_heap_expand$2region                 0x0000f7f1   Thumb Code     2  heapauxi.o(.text)
    _printf_pre_padding                      0x0000f7f3   Thumb Code    46  _printf_pad.o(.text)
    _printf_post_padding                     0x0000f821   Thumb Code    36  _printf_pad.o(.text)
    _printf_truncate_signed                  0x0000f845   Thumb Code    18  _printf_truncate.o(.text)
    _printf_truncate_unsigned                0x0000f857   Thumb Code    18  _printf_truncate.o(.text)
    _printf_str                              0x0000f869   Thumb Code    82  _printf_str.o(.text)
    _printf_int_dec                          0x0000f8bd   Thumb Code   102  _printf_dec.o(.text)
    _printf_charcount                        0x0000f935   Thumb Code    42  _printf_charcount.o(.text)
    _printf_char_common                      0x0000f96b   Thumb Code    32  _printf_char_common.o(.text)
    _sputc                                   0x0000f991   Thumb Code    10  _sputc.o(.text)
    _printf_wctomb                           0x0000f99d   Thumb Code   182  _printf_wctomb.o(.text)
    _printf_longlong_dec                     0x0000fa59   Thumb Code   104  _printf_longlong_dec.o(.text)
    _printf_longlong_oct                     0x0000fad1   Thumb Code    76  _printf_oct_int_ll.o(.text)
    _printf_int_oct                          0x0000fb1d   Thumb Code    24  _printf_oct_int_ll.o(.text)
    _printf_ll_oct                           0x0000fb35   Thumb Code    12  _printf_oct_int_ll.o(.text)
    _printf_longlong_hex                     0x0000fb49   Thumb Code    92  _printf_hex_int_ll_ptr.o(.text)
    _printf_int_hex                          0x0000fba5   Thumb Code    28  _printf_hex_int_ll_ptr.o(.text)
    _printf_ll_hex                           0x0000fbc1   Thumb Code    12  _printf_hex_int_ll_ptr.o(.text)
    _printf_hex_ptr                          0x0000fbcd   Thumb Code    18  _printf_hex_int_ll_ptr.o(.text)
    __printf                                 0x0000fbe5   Thumb Code   390  __printf_flags_ss_wp.o(.text)
    _ll_udiv10                               0x0000fd71   Thumb Code   138  lludiv10.o(.text)
    _printf_int_common                       0x0000fdfb   Thumb Code   184  _printf_intcommon.o(.text)
    __lib_sel_fp_printf                      0x0000feb3   Thumb Code     2  _printf_fp_dec.o(.text)
    _printf_fp_dec_real                      0x00010061   Thumb Code   626  _printf_fp_dec.o(.text)
    _printf_cs_common                        0x000102d3   Thumb Code    20  _printf_char.o(.text)
    _printf_char                             0x000102e7   Thumb Code    16  _printf_char.o(.text)
    _printf_string                           0x000102f7   Thumb Code     8  _printf_char.o(.text)
    _printf_lcs_common                       0x000102ff   Thumb Code    20  _printf_wchar.o(.text)
    _printf_wchar                            0x00010313   Thumb Code    16  _printf_wchar.o(.text)
    _printf_wstring                          0x00010323   Thumb Code     8  _printf_wchar.o(.text)
    _wcrtomb                                 0x0001032b   Thumb Code    64  _wcrtomb.o(.text)
    __user_setup_stackheap                   0x0001036b   Thumb Code    74  sys_stackheap_outer.o(.text)
    __rt_ctype_table                         0x000103b5   Thumb Code    16  rt_ctype_table.o(.text)
    __rt_locale                              0x000103c5   Thumb Code     8  rt_locale_intlibspace.o(.text)
    _printf_fp_infnan                        0x000103cd   Thumb Code   112  _printf_fp_infnan.o(.text)
    _btod_etento                             0x0001044d   Thumb Code   222  bigflt0.o(.text)
    exit                                     0x00010531   Thumb Code    12  exit.o(.text)
    __user_libspace                          0x0001053d   Thumb Code     8  libspace.o(.text)
    __user_perproc_libspace                  0x0001053d   Thumb Code     0  libspace.o(.text)
    __user_perthread_libspace                0x0001053d   Thumb Code     0  libspace.o(.text)
    strcmp                                   0x00010545   Thumb Code   128  strcmpv7m.o(.text)
    __rt_fp_status_addr                      0x000105c5   Thumb Code     8  rt_fp_status_addr_intlibspace.o(.text)
    _sys_exit                                0x000105cd   Thumb Code     8  sys_exit.o(.text)
    __I$use$semihosting                      0x000105d9   Thumb Code     0  use_no_semi.o(.text)
    __use_no_semihosting_swi                 0x000105d9   Thumb Code     2  use_no_semi.o(.text)
    __semihosting_library_function           0x000105db   Thumb Code     0  indicate_semi.o(.text)
    _btod_d2e                                0x000105db   Thumb Code    62  btod.o(CL$$btod_d2e)
    _d2e_denorm_low                          0x00010619   Thumb Code    70  btod.o(CL$$btod_d2e_denorm_low)
    _d2e_norm_op1                            0x0001065f   Thumb Code    96  btod.o(CL$$btod_d2e_norm_op1)
    __btod_div_common                        0x000106bf   Thumb Code   696  btod.o(CL$$btod_div_common)
    _e2e                                     0x000109f7   Thumb Code   198  btod.o(CL$$btod_e2e)
    _btod_ediv                               0x00010abd   Thumb Code    40  btod.o(CL$$btod_ediv)
    _btod_emul                               0x00010ae5   Thumb Code    40  btod.o(CL$$btod_emul)
    __btod_mult_common                       0x00010b0d   Thumb Code   580  btod.o(CL$$btod_mult_common)
    __ARM_fpclassify                         0x00010d51   Thumb Code    40  fpclassify.o(i.__ARM_fpclassify)
    _is_digit                                0x00010d79   Thumb Code    14  __printf_wp.o(i._is_digit)
    _get_lc_numeric                          0x00010d89   Thumb Code    44  lc_numeric_c.o(locale$$code)
    _get_lc_ctype                            0x00010db5   Thumb Code    44  lc_ctype_c.o(locale$$code)
    _fp_init                                 0x00010de1   Thumb Code    14  fpinit.o(x$fpl$fpinit)
    __fplib_config_pureend_doubles           0x00010ded   Thumb Code     0  fpinit.o(x$fpl$fpinit)
    _printf_fp_dec                           0x00010def   Thumb Code     4  printf1.o(x$fpl$printf1)
    __I$use$fp                               0x00010df3   Thumb Code     0  usenofp.o(x$fpl$usenofp)
    version_139                              0x00010df2   Data           9  main.o(.constdata)
    GB2312Hzk                                0x00010dfb   Data          64  lcd.o(.constdata)
    acASC8x16                                0x00010e3b   Data        3104  lcd.o(.constdata)
    acHZK16F                                 0x00011a5b   Data       262176  lcd.o(.constdata)
    hz                                       0x00051ac1   Data          33  setmenu.o(.constdata)
    Region$$Table$$Base                      0x00051d4c   Number         0  anon$$obj.o(Region$$Table)
    Region$$Table$$Limit                     0x00051d6c   Number         0  anon$$obj.o(Region$$Table)
    __ctype                                  0x00051d95   Data           0  lc_ctype_c.o(locale$$data)
    SystemFrequency                          0x10000000   Data           4  system_lpc17xx.o(.data)
    vAnnCounter                              0x10000026   Data           1  uart.o(.data)
    vTimeTickCounter                         0x10000028   Data           1  ctime.o(.data)
    vHeartTick                               0x1000002c   Data           4  ctime.o(.data)
    vSpeakerTick                             0x10000030   Data           2  ctime.o(.data)
    vLedFlag                                 0x10000034   Data           4  ctime.o(.data)
    vScreenMaskFlag                          0x10000038   Data           4  ctime.o(.data)
    vCurTime0Def                             0x10000040   Data           4  ctimedef.o(.data)
    vTimer0Counter                           0x10000044   Data           4  ctimedef.o(.data)
    vTimerRisingCounter                      0x10000048   Data           4  ctimedef.o(.data)
    vTimer0Wait2msCounter                    0x1000004c   Data           4  ctimedef.o(.data)
    vWait2msState                            0x10000050   Data           1  ctimedef.o(.data)
    vWaittoRun                               0x10000064   Data           4  ctimedef.o(.data)
    match_counter1                           0x1000006c   Data           4  pwm.o(.data)
    shu                                      0x10000078   Data         288  lcd.o(.data)
    Hzk1                                     0x10000198   Data         880  lcd.o(.data)
    TimeAndDate                              0x10000508   Data           8  pcf8563.o(.data)
    vBackValue                               0x10000510   Data           1  key.o(.data)
    Convertdata                              0x10000514   Data           6  ccomhandle.o(.data)
    Flag195                                  0x1000051a   Data           1  ccomhandle.o(.data)
    FirstAlarm_Flag                          0x1000051b   Data           1  ccomhandle.o(.data)
    AlarmSum                                 0x1000051c   Data           3  ccomhandle.o(.data)
    CheckInfoFlag                            0x1000051f   Data           3  ccomhandle.o(.data)
    com1Count                                0x10000522   Data           1  ccomhandle.o(.data)
    reset_fault_flag                         0x10000523   Data           1  ccomhandle.o(.data)
    reset_batt_flag                          0x10000524   Data           1  ccomhandle.o(.data)
    Address_Counter                          0x10000525   Data           1  ccomhandle.o(.data)
    vdisplay_alarm                           0x10000526   Data           5  ccomhandle.o(.data)
    vDispaly_alarm_flag                      0x1000052b   Data           1  ccomhandle.o(.data)
    respfire_val                             0x1000052c   Data           6  ccomhandle.o(.data)
    UartClrflag                              0x10000532   Data           1  ccomhandle.o(.data)
    UartClrLen                               0x10000533   Data           1  ccomhandle.o(.data)
    DefAddrEn                                0x10000534   Data           1  ccomhandle.o(.data)
    UartSendLen                              0x10000535   Data           1  ccomhandle.o(.data)
    pTxbuf                                   0x10000538   Data           4  ccomhandle.o(.data)
    MasterAddr                               0x1000053c   Data           1  ccomhandle.o(.data)
    valarmtime                               0x1000053e   Data           8  ccomhandle.o(.data)
    alarm_date                               0x10000546   Data           8  ccomhandle.o(.data)
    FlashInfo                                0x10000558   Data           2  ccomhandle.o(.data)
    dataHeart                                0x10000564   Data           2  ccompara.o(.data)
    dataCount                                0x10000566   Data           1  ccompara.o(.data)
    temp                                     0x10000567   Data           1  ccompara.o(.data)
    vBattLowSum                              0x10000568   Data           4  ccompara.o(.data)
    vBrokenSum                               0x1000056c   Data           4  ccompara.o(.data)
    vCom0Count                               0x10000570   Data           1  ccompara.o(.data)
    vHeartFaultFlag                          0x10000571   Data           1  ccompara.o(.data)
    vAlarmFlag                               0x10000572   Data           2  ccompara.o(.data)
    FirstAlarm_Addr                          0x10000574   Data           2  ccompara.o(.data)
    vAlarmInfoFlag                           0x10000576   Data           1  ccompara.o(.data)
    AlarmFlag                                0x10000577   Data           4  ccompara.o(.data)
    vReleaseFlag                             0x1000057b   Data           1  ccompara.o(.data)
    vFlag_195                                0x1000057c   Data           1  ccompara.o(.data)
    vCirAddrCurrent                          0x1000057d   Data           1  ccompara.o(.data)
    vFlagLed                                 0x1000057e   Data           1  ccompara.o(.data)
    vCounter                                 0x10000589   Data           3  ckeycounter.o(.data)
    vGrapCounter                             0x1000058c   Data           1  ckeycounter.o(.data)
    vSelMenu_flag                            0x1000058d   Data           1  ckeycounter.o(.data)
    vPasswordFlag                            0x1000058e   Data           1  ckeycounter.o(.data)
    vHisCountDown                            0x10000590   Data           4  ctaskdown.o(.data)
    timedate                                 0x100005a0   Data           8  ctasksure.o(.data)
    loopflag                                 0x100005a8   Data           1  runfunction.o(.data)
    loopflag_fault                           0x100005a9   Data           1  runfunction.o(.data)
    vRunLedCount                             0x100005b4   Data           1  crunctrl.o(.data)
    m_SysRunFlag                             0x100005b8   Data           4  csysrunflag.o(.data)
    m_LpCkFlag                               0x100005cc   Data           4  clpckctrl.o(.data)
    m_LpScanFlag                             0x100005d0   Data           4  clpscanctrl.o(.data)
    vPWM1Time                                0x100005d4   Data           2  ctimectrl.o(.data)
    vPWM1StopFlag                            0x100005d6   Data           1  ctimectrl.o(.data)
    vRun1s                                   0x100005e9   Data           1  ctimectrl.o(.data)
    vRunTime0                                0x100005ea   Data           2  ctimectrl.o(.data)
    vRunTime1                                0x100005ec   Data           4  ctimectrl.o(.data)
    mRunTime0                                0x100005f0   Data           2  ctimectrl.o(.data)
    vPIT0Run                                 0x100005f2   Data           1  ctimectrl.o(.data)
    vPIT1Run                                 0x100005f3   Data           1  ctimectrl.o(.data)
    vRunValue                                0x100005f4   Data           4  ctimectrl.o(.data)
    vRunToIap                                0x100005f8   Data           1  ctimectrl.o(.data)
    vCirCounter                              0x10000650   Data           1  cflashparam.o(.data)
    vHisCounter                              0x10000652   Data           2  cflashparam.o(.data)
    vHistFlag                                0x10000654   Data           1  cflashparam.o(.data)
    vPageCounter                             0x10000655   Data           1  cflashparam.o(.data)
    vLocalAddress                            0x10000a30   Data           3  cgrapparam.o(.data)
    vLocalParaSel                            0x10000a33   Data           1  cgrapparam.o(.data)
    department                               0x10000a34   Data           3  cgrapparam.o(.data)
    department_sum                           0x10000a37   Data           1  cgrapparam.o(.data)
    department_sel                           0x10000a38   Data           1  cgrapparam.o(.data)
    vComRegFlag                              0x10000a39   Data           1  cgrapparam.o(.data)
    vCompRegDep                              0x10000a3a   Data           2  cgrapparam.o(.data)
    vCompRegNum                              0x10000a3c   Data           2  cgrapparam.o(.data)
    vCompRegAddr                             0x10000a3e   Data           1  cgrapparam.o(.data)
    vCompRegParaSel                          0x10000a3f   Data           1  cgrapparam.o(.data)
    vCompSetDep                              0x10000a40   Data           2  cgrapparam.o(.data)
    vCompSetNum                              0x10000a42   Data           2  cgrapparam.o(.data)
    vComSetSelSet                            0x10000a44   Data           1  cgrapparam.o(.data)
    vComSetSel                               0x10000a45   Data           1  cgrapparam.o(.data)
    vYear                                    0x10000a46   Data           2  cgrapparam.o(.data)
    vMonth                                   0x10000a48   Data           2  cgrapparam.o(.data)
    vDay                                     0x10000a4a   Data           2  cgrapparam.o(.data)
    vHour                                    0x10000a4c   Data           2  cgrapparam.o(.data)
    vMintue                                  0x10000a4e   Data           2  cgrapparam.o(.data)
    vSecond                                  0x10000a50   Data           2  cgrapparam.o(.data)
    vSelTime                                 0x10000a52   Data           1  cgrapparam.o(.data)
    vAnnDep                                  0x10000a54   Data           2  cgrapparam.o(.data)
    vAnnCompNum                              0x10000a56   Data           2  cgrapparam.o(.data)
    vAnnSel                                  0x10000a58   Data           1  cgrapparam.o(.data)
    vSysCheckDep                             0x10000a59   Data           1  cgrapparam.o(.data)
    vStatusDep                               0x10000a5a   Data           1  cgrapparam.o(.data)
    vStatusComp                              0x10000a5b   Data           1  cgrapparam.o(.data)
    vStatusFlag                              0x10000a5c   Data           1  cgrapparam.o(.data)
    vIntenDep                                0x10000a5d   Data           1  cgrapparam.o(.data)
    vIntenComp                               0x10000a5e   Data           1  cgrapparam.o(.data)
    vIntenFlag                               0x10000a5f   Data           1  cgrapparam.o(.data)
    vKeyCounter                              0x10001d48   Data          24  key.o(.bss)
    UartRxbuf                                0x10001d60   Data           9  ccomhandle.o(.bss)
    UartTxbuf                                0x10001d69   Data           9  ccomhandle.o(.bss)
    Rxdata                                   0x10001d72   Data           9  ccomhandle.o(.bss)
    histinfo                                 0x10001d7c   Data          18  ccomhandle.o(.bss)
    data                                     0x10001da0   Data          90  ccompara.o(.bss)
    data1                                    0x10001dfa   Data          10  ccompara.o(.bss)
    vCom0Data                                0x10001e04   Data          20  ccompara.o(.bss)
    vCirAlarmData                            0x10001e18   Data          50  ccompara.o(.bss)
    m_LpAnsFlag                              0x10001f22   Data          10  clpansctrl.o(.bss)
    m_NodeInfo                               0x100020c4   Data        1020  cnodeinfo.o(.bss)
    vGetDatatoFlash                          0x100024c0   Data         663  cflashparam.o(.bss)
    vGetDepNum                               0x10002757   Data          51  cflashparam.o(.bss)
    vReadFlashData                           0x1000278a   Data          16  cflashparam.o(.bss)
    vGetPsn                                  0x1000279a   Data         408  cflashparam.o(.bss)
    FlashData                                0x10002932   Data         765  cflashparam.o(.bss)
    vGetCom0Ann                              0x10002c30   Data        1600  cflashparam.o(.bss)
    __libspace_start                         0x100077c8   Data          96  libspace.o(.bss)
    __temporary_stack_top$libspace           0x10007828   Data           0  libspace.o(.bss)



==============================================================================

Memory Map of the image

  Image Entry point : 0x000000cd

  Load Region LR_IROM1 (Base: 0x00000000, Size: 0x000528fc, Max: 0x00080000, ABSOLUTE, COMPRESSED[0x000521fc])

    Execution Region ER_IROM1 (Base: 0x00000000, Size: 0x00051e98, Max: 0x00080000, ABSOLUTE)

    Base Addr    Size         Type   Attr      Idx    E Section Name        Object

    0x00000000   0x000000cc   Data   RO            3    RESET               startup_lpc17xx.o
    0x000000cc   0x00000008   Code   RO         1384  * !!!main             c_w.l(__main.o)
    0x000000d4   0x00000034   Code   RO         1698    !!!scatter          c_w.l(__scatter.o)
    0x00000108   0x0000005a   Code   RO         1696    !!dczerorl2         c_w.l(__dczerorl2.o)
    0x00000162   0x00000002   PAD
    0x00000164   0x0000001c   Code   RO         1700    !!handler_zi        c_w.l(__scatter_zi.o)
    0x00000180   0x00000000   Code   RO         1468    .ARM.Collect$$_printf_percent$$00000000  c_w.l(_printf_percent.o)
    0x00000180   0x00000006   Code   RO         1457    .ARM.Collect$$_printf_percent$$00000001  c_w.l(_printf_n.o)
    0x00000186   0x00000006   Code   RO         1459    .ARM.Collect$$_printf_percent$$00000002  c_w.l(_printf_p.o)
    0x0000018c   0x00000006   Code   RO         1464    .ARM.Collect$$_printf_percent$$00000003  c_w.l(_printf_f.o)
    0x00000192   0x00000006   Code   RO         1465    .ARM.Collect$$_printf_percent$$00000004  c_w.l(_printf_e.o)
    0x00000198   0x00000006   Code   RO         1466    .ARM.Collect$$_printf_percent$$00000005  c_w.l(_printf_g.o)
    0x0000019e   0x00000006   Code   RO         1467    .ARM.Collect$$_printf_percent$$00000006  c_w.l(_printf_a.o)
    0x000001a4   0x0000000a   Code   RO         1472    .ARM.Collect$$_printf_percent$$00000007  c_w.l(_printf_ll.o)
    0x000001ae   0x00000006   Code   RO         1461    .ARM.Collect$$_printf_percent$$00000008  c_w.l(_printf_i.o)
    0x000001b4   0x00000006   Code   RO         1462    .ARM.Collect$$_printf_percent$$00000009  c_w.l(_printf_d.o)
    0x000001ba   0x00000006   Code   RO         1463    .ARM.Collect$$_printf_percent$$0000000A  c_w.l(_printf_u.o)
    0x000001c0   0x00000006   Code   RO         1460    .ARM.Collect$$_printf_percent$$0000000B  c_w.l(_printf_o.o)
    0x000001c6   0x00000006   Code   RO         1458    .ARM.Collect$$_printf_percent$$0000000C  c_w.l(_printf_x.o)
    0x000001cc   0x00000006   Code   RO         1469    .ARM.Collect$$_printf_percent$$0000000D  c_w.l(_printf_lli.o)
    0x000001d2   0x00000006   Code   RO         1470    .ARM.Collect$$_printf_percent$$0000000E  c_w.l(_printf_lld.o)
    0x000001d8   0x00000006   Code   RO         1471    .ARM.Collect$$_printf_percent$$0000000F  c_w.l(_printf_llu.o)
    0x000001de   0x00000006   Code   RO         1476    .ARM.Collect$$_printf_percent$$00000010  c_w.l(_printf_llo.o)
    0x000001e4   0x00000006   Code   RO         1477    .ARM.Collect$$_printf_percent$$00000011  c_w.l(_printf_llx.o)
    0x000001ea   0x0000000a   Code   RO         1473    .ARM.Collect$$_printf_percent$$00000012  c_w.l(_printf_l.o)
    0x000001f4   0x00000006   Code   RO         1455    .ARM.Collect$$_printf_percent$$00000013  c_w.l(_printf_c.o)
    0x000001fa   0x00000006   Code   RO         1456    .ARM.Collect$$_printf_percent$$00000014  c_w.l(_printf_s.o)
    0x00000200   0x00000006   Code   RO         1474    .ARM.Collect$$_printf_percent$$00000015  c_w.l(_printf_lc.o)
    0x00000206   0x00000006   Code   RO         1475    .ARM.Collect$$_printf_percent$$00000016  c_w.l(_printf_ls.o)
    0x0000020c   0x00000004   Code   RO         1507    .ARM.Collect$$_printf_percent$$00000017  c_w.l(_printf_percent_end.o)
    0x00000210   0x00000006   Code   RO         1556    .ARM.Collect$$libinit$$00000000  c_w.l(libinit.o)
    0x00000216   0x00000000   Code   RO         1574    .ARM.Collect$$libinit$$00000006  c_w.l(libinit2.o)
    0x00000216   0x00000000   Code   RO         1576    .ARM.Collect$$libinit$$00000008  c_w.l(libinit2.o)
    0x00000216   0x00000000   Code   RO         1578    .ARM.Collect$$libinit$$0000000A  c_w.l(libinit2.o)
    0x00000216   0x00000006   Code   RO         1579    .ARM.Collect$$libinit$$0000000B  c_w.l(libinit2.o)
    0x0000021c   0x00000000   Code   RO         1581    .ARM.Collect$$libinit$$0000000D  c_w.l(libinit2.o)
    0x0000021c   0x0000000c   Code   RO         1582    .ARM.Collect$$libinit$$0000000E  c_w.l(libinit2.o)
    0x00000228   0x00000000   Code   RO         1583    .ARM.Collect$$libinit$$0000000F  c_w.l(libinit2.o)
    0x00000228   0x00000000   Code   RO         1585    .ARM.Collect$$libinit$$00000011  c_w.l(libinit2.o)
    0x00000228   0x0000000a   Code   RO         1586    .ARM.Collect$$libinit$$00000012  c_w.l(libinit2.o)
    0x00000232   0x00000000   Code   RO         1587    .ARM.Collect$$libinit$$00000013  c_w.l(libinit2.o)
    0x00000232   0x00000000   Code   RO         1589    .ARM.Collect$$libinit$$00000015  c_w.l(libinit2.o)
    0x00000232   0x00000000   Code   RO         1591    .ARM.Collect$$libinit$$00000017  c_w.l(libinit2.o)
    0x00000232   0x00000000   Code   RO         1593    .ARM.Collect$$libinit$$00000019  c_w.l(libinit2.o)
    0x00000232   0x00000000   Code   RO         1595    .ARM.Collect$$libinit$$0000001B  c_w.l(libinit2.o)
    0x00000232   0x00000000   Code   RO         1597    .ARM.Collect$$libinit$$0000001D  c_w.l(libinit2.o)
    0x00000232   0x00000000   Code   RO         1599    .ARM.Collect$$libinit$$0000001F  c_w.l(libinit2.o)
    0x00000232   0x00000000   Code   RO         1601    .ARM.Collect$$libinit$$00000021  c_w.l(libinit2.o)
    0x00000232   0x00000000   Code   RO         1605    .ARM.Collect$$libinit$$00000028  c_w.l(libinit2.o)
    0x00000232   0x00000000   Code   RO         1607    .ARM.Collect$$libinit$$0000002A  c_w.l(libinit2.o)
    0x00000232   0x00000000   Code   RO         1609    .ARM.Collect$$libinit$$0000002C  c_w.l(libinit2.o)
    0x00000232   0x00000000   Code   RO         1611    .ARM.Collect$$libinit$$0000002E  c_w.l(libinit2.o)
    0x00000232   0x00000002   Code   RO         1612    .ARM.Collect$$libinit$$0000002F  c_w.l(libinit2.o)
    0x00000234   0x00000002   Code   RO         1637    .ARM.Collect$$libshutdown$$00000000  c_w.l(libshutdown.o)
    0x00000236   0x00000000   Code   RO         1651    .ARM.Collect$$libshutdown$$00000003  c_w.l(libshutdown2.o)
    0x00000236   0x00000000   Code   RO         1654    .ARM.Collect$$libshutdown$$00000006  c_w.l(libshutdown2.o)
    0x00000236   0x00000000   Code   RO         1657    .ARM.Collect$$libshutdown$$00000009  c_w.l(libshutdown2.o)
    0x00000236   0x00000000   Code   RO         1659    .ARM.Collect$$libshutdown$$0000000B  c_w.l(libshutdown2.o)
    0x00000236   0x00000000   Code   RO         1662    .ARM.Collect$$libshutdown$$0000000E  c_w.l(libshutdown2.o)
    0x00000236   0x00000002   Code   RO         1663    .ARM.Collect$$libshutdown$$0000000F  c_w.l(libshutdown2.o)
    0x00000238   0x00000000   Code   RO         1386    .ARM.Collect$$rtentry$$00000000  c_w.l(rtentry.o)
    0x00000238   0x00000000   Code   RO         1481    .ARM.Collect$$rtentry$$00000002  c_w.l(rtentry2.o)
    0x00000238   0x00000006   Code   RO         1493    .ARM.Collect$$rtentry$$00000004  c_w.l(rtentry4.o)
    0x0000023e   0x00000000   Code   RO         1483    .ARM.Collect$$rtentry$$00000009  c_w.l(rtentry2.o)
    0x0000023e   0x00000004   Code   RO         1484    .ARM.Collect$$rtentry$$0000000A  c_w.l(rtentry2.o)
    0x00000242   0x00000000   Code   RO         1486    .ARM.Collect$$rtentry$$0000000C  c_w.l(rtentry2.o)
    0x00000242   0x00000008   Code   RO         1487    .ARM.Collect$$rtentry$$0000000D  c_w.l(rtentry2.o)
    0x0000024a   0x00000002   Code   RO         1565    .ARM.Collect$$rtexit$$00000000  c_w.l(rtexit.o)
    0x0000024c   0x00000000   Code   RO         1616    .ARM.Collect$$rtexit$$00000002  c_w.l(rtexit2.o)
    0x0000024c   0x00000004   Code   RO         1617    .ARM.Collect$$rtexit$$00000003  c_w.l(rtexit2.o)
    0x00000250   0x00000006   Code   RO         1618    .ARM.Collect$$rtexit$$00000004  c_w.l(rtexit2.o)
    0x00000256   0x00000002   PAD
    0x00000258   0x0000003c   Code   RO            5    .text               startup_lpc17xx.o
    0x00000294   0x00000068   Code   RO           51    .text               main.o
    0x000002fc   0x00000004   Code   RO            4    .ARM.__at_0x02FC    startup_lpc17xx.o
    0x00000300   0x00000234   Code   RO           27    .text               system_lpc17xx.o
    0x00000534   0x0000056c   Code   RO          160    .text               ssp.o
    0x00000aa0   0x0000003c   Code   RO          175    .text               delay.o
    0x00000adc   0x000004e8   Code   RO          201    .text               i2c.o
    0x00000fc4   0x000007dc   Code   RO          230    .text               uart.o
    0x000017a0   0x000001d0   Code   RO          292    .text               gpioinit.o
    0x00001970   0x000003d8   Code   RO          307    .text               ctime.o
    0x00001d48   0x00000170   Code   RO          337    .text               ctimedef.o
    0x00001eb8   0x00000100   Code   RO          355    .text               pwm.o
    0x00001fb8   0x0000021c   Code   RO          376    .text               extint.o
    0x000021d4   0x000000e0   Code   RO          402    .text               cgpioirq.o
    0x000022b4   0x00000870   Code   RO          420    .text               lcd.o
    0x00002b24   0x000005ac   Code   RO          450    .text               pcf8563.o
    0x000030d0   0x0000019c   Code   RO          471    .text               key.o
    0x0000326c   0x000001a4   Code   RO          496    .text               cled.o
    0x00003410   0x00000070   Code   RO          508    .text               crelay.o
    0x00003480   0x00000ddc   Code   RO          520    .text               ccomhandle.o
    0x0000425c   0x00000438   Code   RO          577    .text               ccompara.o
    0x00004694   0x00000168   Code   RO          605    .text               caddresscount.o
    0x000047fc   0x0000013c   Code   RO          619    .text               csendto195.o
    0x00004938   0x000000e2   Code   RO          633    .text               cgetgrap.o
    0x00004a1a   0x00000002   PAD
    0x00004a1c   0x000000d8   Code   RO          645    .text               ckeycounter.o
    0x00004af4   0x00000676   Code   RO          663    .text               ctaskdown.o
    0x0000516a   0x00000002   PAD
    0x0000516c   0x000001b4   Code   RO          679    .text               ctaskreturn.o
    0x00005320   0x000013a6   Code   RO          697    .text               ctasksure.o
    0x000066c6   0x00000002   PAD
    0x000066c8   0x00000696   Code   RO          720    .text               ctaskup.o
    0x00006d5e   0x00000002   PAD
    0x00006d60   0x00000b0c   Code   RO          733    .text               runfunction.o
    0x0000786c   0x000004c8   Code   RO          765    .text               tasklist.o
    0x00007d34   0x0000022c   Code   RO          801    .text               crunctrl.o
    0x00007f60   0x000001a0   Code   RO          826    .text               csysrunflag.o
    0x00008100   0x000000c8   Code   RO          844    .text               clpansctrl.o
    0x000081c8   0x00000150   Code   RO          863    .text               clpckctrl.o
    0x00008318   0x000001f8   Code   RO          881    .text               clpscanctrl.o
    0x00008510   0x00000458   Code   RO          899    .text               ctimectrl.o
    0x00008968   0x00000200   Code   RO          936    .text               cnodeinfo.o
    0x00008b68   0x000002e8   Code   RO          961    .text               store_addr.o
    0x00008e50   0x000006c6   Code   RO          973    .text               alarmenu.o
    0x00009516   0x00000002   PAD
    0x00009518   0x000006bc   Code   RO          997    .text               breakdown.o
    0x00009bd4   0x000003f8   Code   RO         1009    .text               cannotate.o
    0x00009fcc   0x000004bc   Code   RO         1024    .text               ccompinten.o
    0x0000a488   0x000006f4   Code   RO         1038    .text               ccompreg.o
    0x0000ab7c   0x000002d4   Code   RO         1053    .text               ccompset.o
    0x0000ae50   0x0000047c   Code   RO         1065    .text               ccompstat.o
    0x0000b2cc   0x00000a3c   Code   RO         1078    .text               cdatemod.o
    0x0000bd08   0x000001d4   Code   RO         1094    .text               checkmenu.o
    0x0000bedc   0x000008d8   Code   RO         1106    .text               chistorylist.o
    0x0000c7b4   0x00000410   Code   RO         1127    .text               clocalset.o
    0x0000cbc4   0x000001b8   Code   RO         1141    .text               cmodelfault.o
    0x0000cd7c   0x00000180   Code   RO         1153    .text               csyscheck.o
    0x0000cefc   0x00000078   Code   RO         1171    .text               csysreset.o
    0x0000cf74   0x00000078   Code   RO         1183    .text               ctestself.o
    0x0000cfec   0x00000578   Code   RO         1195    .text               mainmenu.o
    0x0000d564   0x00000298   Code   RO         1209    .text               setmenu.o
    0x0000d7fc   0x000002b0   Code   RO         1224    .text               startmenu.o
    0x0000daac   0x00000140   Code   RO         1237    .text               testmenu.o
    0x0000dbec   0x00001470   Code   RO         1268    .text               cflashparam.o
    0x0000f05c   0x000004a0   Code   RO         1291    .text               cgrapparam.o
    0x0000f4fc   0x00000014   Code   RO         1309    .text               cintstend.o
    0x0000f510   0x00000138   Code   RO         1324    .text               csetcurrent.o
    0x0000f648   0x00000024   Code   RO         1372    .text               c_w.l(c89vsprintf.o)
    0x0000f66c   0x0000008a   Code   RO         1374    .text               c_w.l(rt_memcpy_v6.o)
    0x0000f6f6   0x00000064   Code   RO         1376    .text               c_w.l(rt_memcpy_w.o)
    0x0000f75a   0x00000044   Code   RO         1378    .text               c_w.l(rt_memclr.o)
    0x0000f79e   0x0000004e   Code   RO         1380    .text               c_w.l(rt_memclr_w.o)
    0x0000f7ec   0x00000006   Code   RO         1382    .text               c_w.l(heapauxi.o)
    0x0000f7f2   0x00000052   Code   RO         1389    .text               c_w.l(_printf_pad.o)
    0x0000f844   0x00000024   Code   RO         1391    .text               c_w.l(_printf_truncate.o)
    0x0000f868   0x00000052   Code   RO         1393    .text               c_w.l(_printf_str.o)
    0x0000f8ba   0x00000002   PAD
    0x0000f8bc   0x00000078   Code   RO         1395    .text               c_w.l(_printf_dec.o)
    0x0000f934   0x0000002a   Code   RO         1397    .text               c_w.l(_printf_charcount.o)
    0x0000f95e   0x00000002   PAD
    0x0000f960   0x00000030   Code   RO         1399    .text               c_w.l(_printf_char_common.o)
    0x0000f990   0x0000000a   Code   RO         1401    .text               c_w.l(_sputc.o)
    0x0000f99a   0x00000002   PAD
    0x0000f99c   0x000000bc   Code   RO         1403    .text               c_w.l(_printf_wctomb.o)
    0x0000fa58   0x00000078   Code   RO         1406    .text               c_w.l(_printf_longlong_dec.o)
    0x0000fad0   0x00000078   Code   RO         1412    .text               c_w.l(_printf_oct_int_ll.o)
    0x0000fb48   0x0000009c   Code   RO         1432    .text               c_w.l(_printf_hex_int_ll_ptr.o)
    0x0000fbe4   0x0000018c   Code   RO         1452    .text               c_w.l(__printf_flags_ss_wp.o)
    0x0000fd70   0x0000008a   Code   RO         1495    .text               c_w.l(lludiv10.o)
    0x0000fdfa   0x000000b8   Code   RO         1497    .text               c_w.l(_printf_intcommon.o)
    0x0000feb2   0x00000420   Code   RO         1499    .text               c_w.l(_printf_fp_dec.o)
    0x000102d2   0x0000002c   Code   RO         1503    .text               c_w.l(_printf_char.o)
    0x000102fe   0x0000002c   Code   RO         1505    .text               c_w.l(_printf_wchar.o)
    0x0001032a   0x00000040   Code   RO         1508    .text               c_w.l(_wcrtomb.o)
    0x0001036a   0x0000004a   Code   RO         1510    .text               c_w.l(sys_stackheap_outer.o)
    0x000103b4   0x00000010   Code   RO         1512    .text               c_w.l(rt_ctype_table.o)
    0x000103c4   0x00000008   Code   RO         1517    .text               c_w.l(rt_locale_intlibspace.o)
    0x000103cc   0x00000080   Code   RO         1519    .text               c_w.l(_printf_fp_infnan.o)
    0x0001044c   0x000000e4   Code   RO         1521    .text               c_w.l(bigflt0.o)
    0x00010530   0x0000000c   Code   RO         1549    .text               c_w.l(exit.o)
    0x0001053c   0x00000008   Code   RO         1562    .text               c_w.l(libspace.o)
    0x00010544   0x00000080   Code   RO         1570    .text               c_w.l(strcmpv7m.o)
    0x000105c4   0x00000008   Code   RO         1625    .text               c_w.l(rt_fp_status_addr_intlibspace.o)
    0x000105cc   0x0000000c   Code   RO         1629    .text               c_w.l(sys_exit.o)
    0x000105d8   0x00000002   Code   RO         1640    .text               c_w.l(use_no_semi.o)
    0x000105da   0x00000000   Code   RO         1642    .text               c_w.l(indicate_semi.o)
    0x000105da   0x0000003e   Code   RO         1524    CL$$btod_d2e        c_w.l(btod.o)
    0x00010618   0x00000046   Code   RO         1526    CL$$btod_d2e_denorm_low  c_w.l(btod.o)
    0x0001065e   0x00000060   Code   RO         1525    CL$$btod_d2e_norm_op1  c_w.l(btod.o)
    0x000106be   0x00000338   Code   RO         1534    CL$$btod_div_common  c_w.l(btod.o)
    0x000109f6   0x000000c6   Code   RO         1531    CL$$btod_e2e        c_w.l(btod.o)
    0x00010abc   0x00000028   Code   RO         1528    CL$$btod_ediv       c_w.l(btod.o)
    0x00010ae4   0x00000028   Code   RO         1527    CL$$btod_emul       c_w.l(btod.o)
    0x00010b0c   0x00000244   Code   RO         1533    CL$$btod_mult_common  c_w.l(btod.o)
    0x00010d50   0x00000028   Code   RO         1560    i.__ARM_fpclassify  m_ws.l(fpclassify.o)
    0x00010d78   0x0000000e   Code   RO         1445    i._is_digit         c_w.l(__printf_wp.o)
    0x00010d86   0x00000002   PAD
    0x00010d88   0x0000002c   Code   RO         1547    locale$$code        c_w.l(lc_numeric_c.o)
    0x00010db4   0x0000002c   Code   RO         1568    locale$$code        c_w.l(lc_ctype_c.o)
    0x00010de0   0x0000000e   Code   RO         1613    x$fpl$fpinit        fz_ws.l(fpinit.o)
    0x00010dee   0x00000004   Code   RO         1478    x$fpl$printf1       fz_ws.l(printf1.o)
    0x00010df2   0x00000000   Code   RO         1559    x$fpl$usenofp       fz_ws.l(usenofp.o)
    0x00010df2   0x00000009   Data   RO           52    .constdata          main.o
    0x00010dfb   0x00040c80   Data   RO          421    .constdata          lcd.o
    0x00051a7b   0x00000002   Data   RO          522    .constdata          ccomhandle.o
    0x00051a7d   0x00000003   PAD
    0x00051a80   0x00000041   Data   RO         1066    .constdata          ccompstat.o
    0x00051ac1   0x00000021   Data   RO         1210    .constdata          setmenu.o
    0x00051ae2   0x00000002   PAD
    0x00051ae4   0x00000190   Data   RO         1270    .constdata          cflashparam.o
    0x00051c74   0x00000008   Data   RO         1404    .constdata          c_w.l(_printf_wctomb.o)
    0x00051c7c   0x00000028   Data   RO         1433    .constdata          c_w.l(_printf_hex_int_ll_ptr.o)
    0x00051ca4   0x00000011   Data   RO         1453    .constdata          c_w.l(__printf_flags_ss_wp.o)
    0x00051cb5   0x00000003   PAD
    0x00051cb8   0x00000094   Data   RO         1522    .constdata          c_w.l(bigflt0.o)
    0x00051d4c   0x00000020   Data   RO         1694    Region$$Table       anon$$obj.o
    0x00051d6c   0x0000001c   Data   RO         1546    locale$$data        c_w.l(lc_numeric_c.o)
    0x00051d88   0x00000110   Data   RO         1567    locale$$data        c_w.l(lc_ctype_c.o)


    Execution Region RW_IRAM1 (Base: 0x10000000, Size: 0x00007a28, Max: 0x00008000, ABSOLUTE, COMPRESSED[0x00000364])

    Base Addr    Size         Type   Attr      Idx    E Section Name        Object

    0x10000000   0x00000004   Data   RW           28    .data               system_lpc17xx.o
    0x10000004   0x00000004   Data   RW          176    .data               delay.o
    0x10000008   0x00000016   Data   RW          202    .data               i2c.o
    0x1000001e   0x00000009   Data   RW          232    .data               uart.o
    0x10000027   0x00000001   PAD
    0x10000028   0x00000016   Data   RW          308    .data               ctime.o
    0x1000003e   0x00000002   PAD
    0x10000040   0x00000028   Data   RW          338    .data               ctimedef.o
    0x10000068   0x00000008   Data   RW          356    .data               pwm.o
    0x10000070   0x00000008   Data   RW          377    .data               extint.o
    0x10000078   0x00000490   Data   RW          422    .data               lcd.o
    0x10000508   0x00000008   Data   RW          451    .data               pcf8563.o
    0x10000510   0x00000001   Data   RW          473    .data               key.o
    0x10000511   0x00000003   PAD
    0x10000514   0x0000004e   Data   RW          523    .data               ccomhandle.o
    0x10000562   0x00000002   PAD
    0x10000564   0x0000001b   Data   RW          579    .data               ccompara.o
    0x1000057f   0x00000001   PAD
    0x10000580   0x00000009   Data   RW          606    .data               caddresscount.o
    0x10000589   0x00000006   Data   RW          646    .data               ckeycounter.o
    0x1000058f   0x00000001   PAD
    0x10000590   0x00000008   Data   RW          664    .data               ctaskdown.o
    0x10000598   0x00000010   Data   RW          699    .data               ctasksure.o
    0x100005a8   0x0000000c   Data   RW          735    .data               runfunction.o
    0x100005b4   0x00000001   Data   RW          802    .data               crunctrl.o
    0x100005b5   0x00000003   PAD
    0x100005b8   0x00000004   Data   RW          827    .data               csysrunflag.o
    0x100005bc   0x00000010   Data   RW          846    .data               clpansctrl.o
    0x100005cc   0x00000004   Data   RW          864    .data               clpckctrl.o
    0x100005d0   0x00000004   Data   RW          882    .data               clpscanctrl.o
    0x100005d4   0x00000025   Data   RW          901    .data               ctimectrl.o
    0x100005f9   0x00000001   Data   RW          938    .data               cnodeinfo.o
    0x100005fa   0x00000001   Data   RW         1025    .data               ccompinten.o
    0x100005fb   0x00000031   Data   RW         1128    .data               clocalset.o
    0x1000062c   0x00000023   Data   RW         1196    .data               mainmenu.o
    0x1000064f   0x00000001   PAD
    0x10000650   0x000003e0   Data   RW         1271    .data               cflashparam.o
    0x10000a30   0x00000030   Data   RW         1292    .data               cgrapparam.o
    0x10000a60   0x00000002   Data   RW         1326    .data               csetcurrent.o
    0x10000a62   0x00000002   PAD
    0x10000a64   0x000012e4   Zero   RW          231    .bss                uart.o
    0x10001d48   0x00000018   Zero   RW          472    .bss                key.o
    0x10001d60   0x00000040   Zero   RW          521    .bss                ccomhandle.o
    0x10001da0   0x000000aa   Zero   RW          578    .bss                ccompara.o
    0x10001e4a   0x00000018   Zero   RW          620    .bss                csendto195.o
    0x10001e62   0x00000012   Zero   RW          698    .bss                ctasksure.o
    0x10001e74   0x000000ae   Zero   RW          734    .bss                runfunction.o
    0x10001f22   0x0000000a   Zero   RW          845    .bss                clpansctrl.o
    0x10001f2c   0x00000198   Zero   RW          900    .bss                ctimectrl.o
    0x100020c4   0x000003fc   Zero   RW          937    .bss                cnodeinfo.o
    0x100024c0   0x000052fe   Zero   RW         1269    .bss                cflashparam.o
    0x100077be   0x0000000a   Zero   RW         1325    .bss                csetcurrent.o
    0x100077c8   0x00000060   Zero   RW         1563    .bss                c_w.l(libspace.o)
    0x10007828   0x00000000   Zero   RW            2    HEAP                startup_lpc17xx.o
    0x10007828   0x00000200   Zero   RW            1    STACK               startup_lpc17xx.o


==============================================================================

Image component sizes


      Code (inc. data)   RO Data    RW Data    ZI Data      Debug   Object Name

      1734         44          0          0          0       1801   alarmenu.o
      1724         48          0          0          0       1876   breakdown.o
       360        128          0          9          0       2924   caddresscount.o
      1016         16          0          0          0       1152   cannotate.o
      3548        790          2         78         64      15557   ccomhandle.o
      1080        118          0         27        170       7230   ccompara.o
      1212        100          0          1          0       1737   ccompinten.o
      1780        170          0          0          0       2859   ccompreg.o
       724         46          0          0          0       1354   ccompset.o
      1148         20         65          0          0       2316   ccompstat.o
      2620         44          0          0          0       1271   cdatemod.o
      5232        122        400        992      21246      38654   cflashparam.o
       226          8          0          0          0       1066   cgetgrap.o
       224         36          0          0          0       5645   cgpioirq.o
      1184        126          0         48          0      15026   cgrapparam.o
       468         30          0          0          0        617   checkmenu.o
      2264        106          0          0          0       4244   chistorylist.o
        20          0          0          0          0        510   cintstend.o
       216         16          0          6          0       3419   ckeycounter.o
       420          8          0          0          0       2210   cled.o
      1040         50          0         49          0       2689   clocalset.o
       200         18          0         16         10       2313   clpansctrl.o
       336          6          0          4          0       4167   clpckctrl.o
       504          6          0          4          0       5120   clpscanctrl.o
       440         62          0          0          0        737   cmodelfault.o
       512          8          0          1       1020       4994   cnodeinfo.o
         0          0          0          0          0       4156   core_cm3.o
       112         10          0          0          0        777   crelay.o
       556         40          0          1          0       2189   crunctrl.o
       316         10          0          0         24       2559   csendto195.o
       312         54          0          2         10       2766   csetcurrent.o
       384         28          0          0          0        952   csyscheck.o
       120         12          0          0          0        444   csysreset.o
       416          4          0          4          0       4804   csysrunflag.o
      1654        228          0          8          0       3428   ctaskdown.o
       436         18          0          0          0       6184   ctaskreturn.o
      5030        536          0         16         18      10499   ctasksure.o
      1686        240          0          0          0       2556   ctaskup.o
       120         12          0          0          0        444   ctestself.o
       984         60          0         22          0       5141   ctime.o
      1112         38          0         37        408       6029   ctimectrl.o
       368         32          0         40          0       5623   ctimedef.o
        60          6          0          4          0      11146   delay.o
       540         50          0          8          0      10918   extint.o
       464         18          0          0          0        563   gpioinit.o
      1256         98          0         22          0      12251   i2c.o
       412         14          0          1         24       2191   key.o
      2160         28     265344       1168          0       8423   lcd.o
       104         74          9          0          0      59445   main.o
      1400         64          0         35          0       2502   mainmenu.o
      1452         12          0          8          0       4664   pcf8563.o
       256         30          0          8          0       7342   pwm.o
      2828        636          0         12        174       7376   runfunction.o
       664         12         33          0          0       1642   setmenu.o
      1388         36          0          0          0       5414   ssp.o
       688         20          0          0          0       1119   startmenu.o
        64         26        204          0        512        936   startup_lpc17xx.o
       744        234          0          0          0       1882   store_addr.o
       564         70          0          4          0      59325   system_lpc17xx.o
      1224          4          0          0          0       2261   tasklist.o
       320         20          0          0          0        572   testmenu.o
      2012        218          0          9       4836      72423   uart.o

    ----------------------------------------------------------------------
     62448       5118     266094       2660      28516     462434   Object Totals
         0          0         32          0          0          0   (incl. Generated)
        10          0          5         16          0          0   (incl. Padding)

    ----------------------------------------------------------------------

      Code (inc. data)   RO Data    RW Data    ZI Data      Debug   Library Member Name

        90          0          0          0          0          0   __dczerorl2.o
         8          0          0          0          0         68   __main.o
       396          6         17          0          0         92   __printf_flags_ss_wp.o
        14          0          0          0          0         68   __printf_wp.o
        52          8          0          0          0          0   __scatter.o
        28          0          0          0          0          0   __scatter_zi.o
         6          0          0          0          0          0   _printf_a.o
         6          0          0          0          0          0   _printf_c.o
        44          0          0          0          0        108   _printf_char.o
        48          6          0          0          0         96   _printf_char_common.o
        42          0          0          0          0         68   _printf_charcount.o
         6          0          0          0          0          0   _printf_d.o
       120         18          0          0          0         92   _printf_dec.o
         6          0          0          0          0          0   _printf_e.o
         6          0          0          0          0          0   _printf_f.o
      1056          0          0          0          0        216   _printf_fp_dec.o
       128         16          0          0          0         84   _printf_fp_infnan.o
         6          0          0          0          0          0   _printf_g.o
       156          6         40          0          0        160   _printf_hex_int_ll_ptr.o
         6          0          0          0          0          0   _printf_i.o
       184          0          0          0          0         88   _printf_intcommon.o
        10          0          0          0          0          0   _printf_l.o
         6          0          0          0          0          0   _printf_lc.o
        10          0          0          0          0          0   _printf_ll.o
         6          0          0          0          0          0   _printf_lld.o
         6          0          0          0          0          0   _printf_lli.o
         6          0          0          0          0          0   _printf_llo.o
         6          0          0          0          0          0   _printf_llu.o
         6          0          0          0          0          0   _printf_llx.o
       120         16          0          0          0         92   _printf_longlong_dec.o
         6          0          0          0          0          0   _printf_ls.o
         6          0          0          0          0          0   _printf_n.o
         6          0          0          0          0          0   _printf_o.o
       120          8          0          0          0        124   _printf_oct_int_ll.o
         6          0          0          0          0          0   _printf_p.o
        82          0          0          0          0        108   _printf_pad.o
         0          0          0          0          0          0   _printf_percent.o
         4          0          0          0          0          0   _printf_percent_end.o
         6          0          0          0          0          0   _printf_s.o
        82          0          0          0          0         80   _printf_str.o
        36          0          0          0          0         84   _printf_truncate.o
         6          0          0          0          0          0   _printf_u.o
        44          0          0          0          0        108   _printf_wchar.o
       188          6          8          0          0         92   _printf_wctomb.o
         6          0          0          0          0          0   _printf_x.o
        10          0          0          0          0         68   _sputc.o
        64          0          0          0          0         92   _wcrtomb.o
       228          6        148          0          0         96   bigflt0.o
      1910        128          0          0          0        672   btod.o
        36          4          0          0          0         76   c89vsprintf.o
        12          0          0          0          0         72   exit.o
         6          0          0          0          0        152   heapauxi.o
         0          0          0          0          0          0   indicate_semi.o
        44         10        272          0          0         76   lc_ctype_c.o
        44         10         28          0          0         76   lc_numeric_c.o
         6          0          0          0          0          0   libinit.o
        30          0          0          0          0          0   libinit2.o
         2          0          0          0          0          0   libshutdown.o
         2          0          0          0          0          0   libshutdown2.o
         8          4          0          0         96         68   libspace.o
       138          0          0          0          0         80   lludiv10.o
        16          4          0          0          0         76   rt_ctype_table.o
         8          4          0          0          0         68   rt_fp_status_addr_intlibspace.o
         8          4          0          0          0         68   rt_locale_intlibspace.o
        68          0          0          0          0         68   rt_memclr.o
        78          0          0          0          0         80   rt_memclr_w.o
       138          0          0          0          0         68   rt_memcpy_v6.o
       100          0          0          0          0         80   rt_memcpy_w.o
         0          0          0          0          0          0   rtentry.o
        12          0          0          0          0          0   rtentry2.o
         6          0          0          0          0          0   rtentry4.o
         2          0          0          0          0          0   rtexit.o
        10          0          0          0          0          0   rtexit2.o
       128          0          0          0          0         68   strcmpv7m.o
        12          4          0          0          0         68   sys_exit.o
        74          0          0          0          0         80   sys_stackheap_outer.o
         2          0          0          0          0         68   use_no_semi.o
        14          0          0          0          0         76   fpinit.o
         4          0          0          0          0         68   printf1.o
         0          0          0          0          0          0   usenofp.o
        40          0          0          0          0         68   fpclassify.o

    ----------------------------------------------------------------------
      6454        268        516          0         96       4360   Library Totals
        12          0          3          0          0          0   (incl. Padding)

    ----------------------------------------------------------------------

      Code (inc. data)   RO Data    RW Data    ZI Data      Debug   Library Name

      6384        268        513          0         96       4148   c_w.l
        18          0          0          0          0        144   fz_ws.l
        40          0          0          0          0         68   m_ws.l

    ----------------------------------------------------------------------
      6454        268        516          0         96       4360   Library Totals

    ----------------------------------------------------------------------

==============================================================================


      Code (inc. data)   RO Data    RW Data    ZI Data      Debug   

     68902       5386     266610       2660      28612     457954   Grand Totals
     68902       5386     266610        868      28612     457954   ELF Image Totals (compressed)
     68902       5386     266610        868          0          0   ROM Totals

==============================================================================

    Total RO  Size (Code + RO Data)               335512 ( 327.65kB)
    Total RW  Size (RW Data + ZI Data)             31272 (  30.54kB)
    Total ROM Size (Code + RO Data + RW Data)     336380 ( 328.50kB)

==============================================================================

