ARM Linker, 4.1 [Build 894] [Professional]

==============================================================================

Section Cross References

    startup_lpc17xx.o(STACK) refers (Special) to heapauxi.o(.text) for __use_two_region_memory
    startup_lpc17xx.o(HEAP) refers (Special) to heapauxi.o(.text) for __use_two_region_memory
    startup_lpc17xx.o(RESET) refers (Special) to heapauxi.o(.text) for __use_two_region_memory
    startup_lpc17xx.o(RESET) refers to startup_lpc17xx.o(STACK) for __initial_sp
    startup_lpc17xx.o(RESET) refers to startup_lpc17xx.o(.text) for Reset_Handler
    startup_lpc17xx.o(RESET) refers to delay.o(.text) for SysTick_Handler
    startup_lpc17xx.o(RESET) refers to ctime.o(.text) for TIMER0_IRQHandler
    startup_lpc17xx.o(RESET) refers to uart.o(.text) for UART0_IRQHandler
    startup_lpc17xx.o(RESET) refers to pwm.o(.text) for PWM1_IRQHandler
    startup_lpc17xx.o(RESET) refers to i2c.o(.text) for I2C0_IRQHandler
    startup_lpc17xx.o(RESET) refers to extint.o(.text) for EINT1_IRQHandler
    startup_lpc17xx.o(.ARM.__at_0x02FC) refers (Special) to heapauxi.o(.text) for __use_two_region_memory
    startup_lpc17xx.o(.text) refers (Special) to heapauxi.o(.text) for __use_two_region_memory
    startup_lpc17xx.o(.text) refers to system_lpc17xx.o(.text) for SystemInit
    startup_lpc17xx.o(.text) refers to __main.o(!!!main) for __main
    startup_lpc17xx.o(.text) refers to startup_lpc17xx.o(HEAP) for Heap_Mem
    startup_lpc17xx.o(.text) refers to startup_lpc17xx.o(STACK) for Stack_Mem
    system_lpc17xx.o(.text) refers to system_lpc17xx.o(.data) for SystemFrequency
    main.o(.text) refers to initialization.o(.text) for Hardware_init
    main.o(.text) refers to runfunction.o(.text) for Run_Task
    delay.o(.text) refers to delay.o(.data) for msTicks
    i2c.o(.text) refers to i2c.o(.data) for I2C_end
    uart.o(.text) refers to ssp.o(.text) for M25P80_Read_1Byte
    uart.o(.text) refers to ccompara.o(.text) for ReadCom1Data
    uart.o(.text) refers to cgrapparam.o(.text) for GetComRegFlag
    uart.o(.text) refers to ccomhandle.o(.text) for SetConvertdata
    uart.o(.text) refers to ccompinten.o(.text) for CGetIntenFlag
    uart.o(.text) refers to ctasksure.o(.text) for GetAnnUartFlag
    uart.o(.text) refers to uart.o(.bss) for data3
    uart.o(.text) refers to uart.o(.data) for tp
    uart.o(.text) refers to system_lpc17xx.o(.data) for SystemFrequency
    extint.o(.text) refers to cflashparam.o(.text) for SetHistFlag
    extint.o(.text) refers to csetcurrent.o(.text) for State_0mA
    extint.o(.text) refers to ctimedef.o(.text) for ClrTimer0Counter
    extint.o(.text) refers to caddresscount.o(.text) for CirAddrCounter
    extint.o(.text) refers to extint.o(.data) for Extint1_flag
    ctime.o(.text) refers to cled.o(.text) for Led_Run_On
    ctime.o(.text) refers to ctimedef.o(.text) for AddTimer0Counter
    ctime.o(.text) refers to caddresscount.o(.text) for CirSendAlarmInfo
    ctime.o(.text) refers to runfunction.o(.text) for HF195
    ctime.o(.text) refers to ctasksure.o(.text) for GetZjFlag
    ctime.o(.text) refers to ccompara.o(.text) for GetAlarmFlag
    ctime.o(.text) refers to pwm.o(.text) for PWM1_Start
    ctime.o(.text) refers to key.o(.text) for Scan_Key
    ctime.o(.text) refers to system_lpc17xx.o(.data) for SystemFrequency
    ctime.o(.text) refers to ctime.o(.data) for vTimeTickCounter
    ctimedef.o(.text) refers to ctimedef.o(.data) for vCurTime0Def
    ctimedef.o(.text) refers to system_lpc17xx.o(.data) for SystemFrequency
    pwm.o(.text) refers to pwm.o(.data) for match_counter1
    lcd.o(.text) refers to lcd.o(.constdata) for acHZK16F
    lcd.o(.text) refers to lcd.o(.data) for Hzk1
    pcf8563.o(.text) refers to i2c.o(.text) for I2C_WriteNByte
    pcf8563.o(.text) refers to pcf8563.o(.data) for TimeAndDate
    key.o(.text) refers to ctime.o(.text) for disable_timer
    key.o(.text) refers to ccompara.o(.text) for SetAlarmFlag
    key.o(.text) refers to ccomhandle.o(.text) for GetDisplay_alarm_flag
    key.o(.text) refers to cled.o(.text) for Led_Silence_On
    key.o(.text) refers to pwm.o(.text) for PWM1_Stop
    key.o(.text) refers to ckeycounter.o(.text) for GetPasswordFlag
    key.o(.text) refers to key.o(.data) for vBackValue
    key.o(.text) refers to key.o(.bss) for vKeyCounter
    buffer.o(.text) refers to rt_memclr.o(.text) for __aeabi_memclr
    buffer.o(.text) refers to buffer.o(.data) for tem
    buffer.o(.data) refers to buffer.o(.bss) for Uartbuf
    cgrapparam.o(.text) refers to cgrapparam.o(.data) for vLocalAddress
    cflashparam.o(.text) refers to ssp.o(.text) for M25P80_Read_1Byte
    cflashparam.o(.text) refers to cflashparam.o(.data) for vHisCounter
    cflashparam.o(.text) refers to cflashparam.o(.bss) for vHisList
    csendtoflash.o(.text) refers to ssp.o(.text) for M25P80_Read_1Byte
    csendtoflash.o(.text) refers to cflashparam.o(.text) for GetPSNFormFlash
    csendtoflash.o(.text) refers to uart.o(.text) for GetAnnRow
[...]
    BusFault_Handler                         0x000001bb   Thumb Code     2  startup_lpc17xx.o(.text)
    UsageFault_Handler                       0x000001bd   Thumb Code     2  startup_lpc17xx.o(.text)
    SVC_Handler                              0x000001bf   Thumb Code     2  startup_lpc17xx.o(.text)
    DebugMon_Handler                         0x000001c1   Thumb Code     2  startup_lpc17xx.o(.text)
    PendSV_Handler                           0x000001c3   Thumb Code     2  startup_lpc17xx.o(.text)
    ADC_IRQHandler                           0x000001c7   Thumb Code     0  startup_lpc17xx.o(.text)
    BOD_IRQHandler                           0x000001c7   Thumb Code     0  startup_lpc17xx.o(.text)
    CANActivity_IRQHandler                   0x000001c7   Thumb Code     0  startup_lpc17xx.o(.text)
    CAN_IRQHandler                           0x000001c7   Thumb Code     0  startup_lpc17xx.o(.text)
    DMA_IRQHandler                           0x000001c7   Thumb Code     0  startup_lpc17xx.o(.text)
    EINT0_IRQHandler                         0x000001c7   Thumb Code     0  startup_lpc17xx.o(.text)
    EINT2_IRQHandler                         0x000001c7   Thumb Code     0  startup_lpc17xx.o(.text)
    ENET_IRQHandler                          0x000001c7   Thumb Code     0  startup_lpc17xx.o(.text)
    I2C1_IRQHandler                          0x000001c7   Thumb Code     0  startup_lpc17xx.o(.text)
    I2C2_IRQHandler                          0x000001c7   Thumb Code     0  startup_lpc17xx.o(.text)
    I2S_IRQHandler                           0x000001c7   Thumb Code     0  startup_lpc17xx.o(.text)
    MCPWM_IRQHandler                         0x000001c7   Thumb Code     0  startup_lpc17xx.o(.text)
    PLL0_IRQHandler                          0x000001c7   Thumb Code     0  startup_lpc17xx.o(.text)
    PLL1_IRQHandler                          0x000001c7   Thumb Code     0  startup_lpc17xx.o(.text)
    QEI_IRQHandler                           0x000001c7   Thumb Code     0  startup_lpc17xx.o(.text)
    RIT_IRQHandler                           0x000001c7   Thumb Code     0  startup_lpc17xx.o(.text)
    RTC_IRQHandler                           0x000001c7   Thumb Code     0  startup_lpc17xx.o(.text)
    SPI_IRQHandler                           0x000001c7   Thumb Code     0  startup_lpc17xx.o(.text)
    SSP0_IRQHandler                          0x000001c7   Thumb Code     0  startup_lpc17xx.o(.text)
    SSP1_IRQHandler                          0x000001c7   Thumb Code     0  startup_lpc17xx.o(.text)
    TIMER2_IRQHandler                        0x000001c7   Thumb Code     0  startup_lpc17xx.o(.text)
    TIMER3_IRQHandler                        0x000001c7   Thumb Code     0  startup_lpc17xx.o(.text)
    UART2_IRQHandler                         0x000001c7   Thumb Code     0  startup_lpc17xx.o(.text)
    UART3_IRQHandler                         0x000001c7   Thumb Code     0  startup_lpc17xx.o(.text)
    USBActivity_IRQHandler                   0x000001c7   Thumb Code     0  startup_lpc17xx.o(.text)
    USB_IRQHandler                           0x000001c7   Thumb Code     0  startup_lpc17xx.o(.text)
    WDT_IRQHandler                           0x000001c7   Thumb Code     0  startup_lpc17xx.o(.text)
    __user_initial_stackheap                 0x000001c9   Thumb Code     0  startup_lpc17xx.o(.text)
    main                                     0x000001e9   Thumb Code    16  main.o(.text)
    SysTick_Handler                          0x000001f9   Thumb Code    12  delay.o(.text)
    delay1                                   0x00000205   Thumb Code     2  delay.o(.text)
    Delay1Ms                                 0x00000207   Thumb Code    24  delay.o(.text)
    Get_CTime0Def                            0x00000225   Thumb Code     6  ctimedef.o(.text)
    Set_CTime0Def                            0x0000022b   Thumb Code    16  ctimedef.o(.text)
    Sel_CTime0Def                            0x0000023b   Thumb Code    14  ctimedef.o(.text)
    Get_Timer_100us                          0x00000249   Thumb Code    14  ctimedef.o(.text)
    Get_Timer_600us                          0x00000257   Thumb Code    20  ctimedef.o(.text)
    Get_Timer_2ms                            0x0000026b   Thumb Code    20  ctimedef.o(.text)
    Get_Timer_5ms                            0x0000027f   Thumb Code    18  ctimedef.o(.text)
    Get_Timer_8ms                            0x00000291   Thumb Code    20  ctimedef.o(.text)
    Get_Timer_10ms                           0x000002a5   Thumb Code    18  ctimedef.o(.text)
    Get_Timer_20ms                           0x000002b7   Thumb Code    18  ctimedef.o(.text)
    AddTimer0Counter                         0x000002c9   Thumb Code    12  ctimedef.o(.text)
    ClrTimer0Counter                         0x000002d5   Thumb Code     8  ctimedef.o(.text)
    GetTimer0Counter                         0x000002dd   Thumb Code     6  ctimedef.o(.text)
    __use_two_region_memory                  0x000002f5   Thumb Code     2  heapauxi.o(.text)
    __rt_heap_escrow$2region                 0x000002f7   Thumb Code     2  heapauxi.o(.text)
    __rt_heap_expand$2region                 0x000002f9   Thumb Code     2  heapauxi.o(.text)
    __I$use$semihosting                      0x000002fb   Thumb Code     0  use_no_semi.o(.text)
    __use_no_semihosting_swi                 0x000002fb   Thumb Code     2  use_no_semi.o(.text)
    SystemInit                               0x00000301   Thumb Code   184  system_lpc17xx.o(.text)
    SystemClockUpdate                        0x000003b9   Thumb Code   320  system_lpc17xx.o(.text)
    SSP_SSELToggle                           0x00000535   Thumb Code    66  ssp.o(.text)
    SSP1_Init                                0x00000577   Thumb Code   232  ssp.o(.text)
    SPI_FLASH_SendByte                       0x0000065f   Thumb Code    26  ssp.o(.text)
    M25P80_CMD1B                             0x00000679   Thumb Code    36  ssp.o(.text)
    M25P80_CMD1B_READ1B                      0x0000069d   Thumb Code    46  ssp.o(.text)
    M25P80_CMD1B_S1B                         0x000006cb   Thumb Code    44  ssp.o(.text)
    M25P80_Write_En                          0x000006f7   Thumb Code    40  ssp.o(.text)
    M25P80_WP_En                             0x0000071f   Thumb Code    40  ssp.o(.text)
    M25P80_Busy                              0x00000747   Thumb Code    58  ssp.o(.text)
    M25P80_Section_Erase                     0x00000781   Thumb Code    96  ssp.o(.text)
    M25P80_Bulk_Erase                        0x000007e1   Thumb Code    28  ssp.o(.text)
    M25P80_Write_1Byte                       0x000007fd   Thumb Code   104  ssp.o(.text)
    M25P80_Write_Bytes                       0x00000865   Thumb Code   118  ssp.o(.text)
    M25P80_Read_1Byte                        0x000008db   Thumb Code   110  ssp.o(.text)
    M25P80_Read_Bytes                        0x00000949   Thumb Code   114  ssp.o(.text)
    SSPSend                                  0x000009bb   Thumb Code   108  ssp.o(.text)
    SSPReceive                               0x00000a27   Thumb Code    78  ssp.o(.text)
    Wait_I2c_End                             0x00000aa1   Thumb Code    48  i2c.o(.text)
    I2C0_Init                                0x00000ad1   Thumb Code   110  i2c.o(.text)
    I2CIntEnd                                0x00000b3f   Thumb Code    18  i2c.o(.text)
    I2CIntStart                              0x00000b51   Thumb Code    24  i2c.o(.text)
    ISendByte                                0x00000b69   Thumb Code    48  i2c.o(.text)
    IRcvByte                                 0x00000b99   Thumb Code    50  i2c.o(.text)
    I2C_ReadNByte                            0x00000bcb   Thumb Code   126  i2c.o(.text)
    I2C_WriteNByte                           0x00000c49   Thumb Code   120  i2c.o(.text)
    I2C0_IRQHandler                          0x00000cc1   Thumb Code   576  i2c.o(.text)
    ClrData3                                 0x00000f45   Thumb Code    20  uart.o(.text)
    Com0Data_Init                            0x00000f59   Thumb Code    60  uart.o(.text)
    GetCom0Ann                               0x00000f95   Thumb Code    18  uart.o(.text)
    Cleartp                                  0x00000fa7   Thumb Code     8  uart.o(.text)
    GetAnnRow                                0x00000faf   Thumb Code    60  uart.o(.text)
    GetCom1Data                              0x00000feb   Thumb Code     8  uart.o(.text)
    ClrCom1Data                              0x00000ff3   Thumb Code    20  uart.o(.text)
    CSaveAnn                                 0x00001007   Thumb Code    88  uart.o(.text)
    AnnCounterInit                           0x0000105f   Thumb Code    28  uart.o(.text)
    UART1_IRQHandler                         0x0000107b   Thumb Code   258  uart.o(.text)
    GetAnnFlag                               0x0000117d   Thumb Code     6  uart.o(.text)
    HandleAnnFun                             0x00001183   Thumb Code   262  uart.o(.text)
    SaveAnnFun                               0x00001289   Thumb Code     2  uart.o(.text)
    Uart0SendByte                            0x0000128b   Thumb Code    18  uart.o(.text)
    UART0_IRQHandler                         0x0000129d   Thumb Code   260  uart.o(.text)
    UARTInit                                 0x000013a1   Thumb Code   282  uart.o(.text)
    UartIntEnd                               0x000014bb   Thumb Code    16  uart.o(.text)
    UartIntStart                             0x000014cb   Thumb Code    42  uart.o(.text)
    UARTSend                                 0x000014f5   Thumb Code    40  uart.o(.text)
    Uart1SendByte                            0x0000151d   Thumb Code    18  uart.o(.text)
    UART0_SendString                         0x0000152f   Thumb Code    22  uart.o(.text)
    UART1_SendString                         0x00001545   Thumb Code    22  uart.o(.text)
    uart1GetByte                             0x0000155b   Thumb Code    18  uart.o(.text)
    uart0GetByte                             0x0000156d   Thumb Code    18  uart.o(.text)
    uart1GetStr                              0x0000157f   Thumb Code    22  uart.o(.text)
    uart0GetStr                              0x00001595   Thumb Code    22  uart.o(.text)
    GPIOinit                                 0x000015f5   Thumb Code   446  gpioinit.o(.text)
    Eint1_Init                               0x000017e5   Thumb Code    60  extint.o(.text)
    Eint3_Init                               0x00001821   Thumb Code    76  extint.o(.text)
    Eint_Dis                                 0x0000186d   Thumb Code    16  extint.o(.text)
    Eint_En                                  0x0000187d   Thumb Code    32  extint.o(.text)
    SetE1_flag                               0x0000189d   Thumb Code     8  extint.o(.text)
    EINT1_IRQHandler                         0x000018a5   Thumb Code    14  extint.o(.text)
    ClrE3_flag                               0x000018b3   Thumb Code     8  extint.o(.text)
    SetE3_flag                               0x000018bb   Thumb Code     8  extint.o(.text)
    EINT3_IRQHandler                         0x000018c3   Thumb Code   130  extint.o(.text)
    ClrE1_flag                               0x00001945   Thumb Code     8  extint.o(.text)
    GetE1_flag                               0x0000194d   Thumb Code     6  extint.o(.text)
    GetE3_flag                               0x00001953   Thumb Code     6  extint.o(.text)
    cExt3IntFlow                             0x00001959   Thumb Code    10  extint.o(.text)
    cExt3IntRise                             0x00001963   Thumb Code    10  extint.o(.text)
    cExt3IntClrFlow                          0x0000196d   Thumb Code    20  extint.o(.text)
    cExt3IntClrRise                          0x00001981   Thumb Code    20  extint.o(.text)
    init_timer                               0x00001a1d   Thumb Code   262  ctime.o(.text)
    Init_CTime0                              0x00001b23   Thumb Code    96  ctime.o(.text)
    Init_CTime1                              0x00001b83   Thumb Code    98  ctime.o(.text)
    SetTimeTickCounter                       0x00001be5   Thumb Code     6  ctime.o(.text)
    GetTimeTickCounter                       0x00001beb   Thumb Code     6  ctime.o(.text)
    SetHeartTick                             0x00001bf1   Thumb Code     6  ctime.o(.text)
    GetHeartTick                             0x00001bf7   Thumb Code     6  ctime.o(.text)
    AddSpeakerTick                           0x00001bfd   Thumb Code    12  ctime.o(.text)
    SetSpeakerTick                           0x00001c09   Thumb Code     6  ctime.o(.text)
    GetSpeakerTick                           0x00001c0f   Thumb Code     6  ctime.o(.text)
    CLedShow                                 0x00001c15   Thumb Code    80  ctime.o(.text)
    TIMER0_IRQHandler                        0x00001c65   Thumb Code    82  ctime.o(.text)
    CSpeakerPWM                              0x00001cb7   Thumb Code   132  ctime.o(.text)
    TIMER1_IRQHandler                        0x00001d3b   Thumb Code    84  ctime.o(.text)
    OpenLCD                                  0x00001d8f   Thumb Code    20  ctime.o(.text)
    enable_timer                             0x00001da3   Thumb Code    48  ctime.o(.text)
    disable_timer                            0x00001dd3   Thumb Code   118  ctime.o(.text)
    reset_timer                              0x00001e49   Thumb Code    66  ctime.o(.text)
    PWM1_IRQHandler                          0x00001eb1   Thumb Code    32  pwm.o(.text)
    PWM_Init                                 0x00001ed1   Thumb Code   112  pwm.o(.text)
    PWM1_Set                                 0x00001f41   Thumb Code    24  pwm.o(.text)
    PWM1_Start                               0x00001f59   Thumb Code    14  pwm.o(.text)
    PWM1_Stop                                0x00001f67   Thumb Code    10  pwm.o(.text)
    DelayMs                                  0x00001f85   Thumb Code    24  lcd.o(.text)
    DATAout                                  0x00001f9d   Thumb Code    84  lcd.o(.text)
    CheckState                               0x00001ff1   Thumb Code    78  lcd.o(.text)
    SendCommandToLCD                         0x0000203f   Thumb Code    60  lcd.o(.text)
    SetLine                                  0x0000207b   Thumb Code    16  lcd.o(.text)
    SetStartLine                             0x0000208b   Thumb Code    16  lcd.o(.text)
    SetColumn                                0x0000209b   Thumb Code    20  lcd.o(.text)
    SetOnOff                                 0x000020af   Thumb Code    16  lcd.o(.text)
    WriteByte                                0x000020bf   Thumb Code    60  lcd.o(.text)
    WriteDoubleByte                          0x000020fb   Thumb Code    52  lcd.o(.text)
    WriteBlackByte                           0x0000212f   Thumb Code    64  lcd.o(.text)
    SelectScreen                             0x0000216f   Thumb Code    88  lcd.o(.text)
    ClearScreen                              0x000021c7   Thumb Code    54  lcd.o(.text)
    Clear16Screen                            0x000021fd   Thumb Code    54  lcd.o(.text)
    delay                                    0x00002233   Thumb Code    26  lcd.o(.text)
    delay_long                               0x0000224d   Thumb Code    30  lcd.o(.text)
    InitLCD                                  0x0000226b   Thumb Code    50  lcd.o(.text)
    WriteBytedata                            0x0000229d   Thumb Code     2  lcd.o(.text)
    DisplayJBHZKBlack                        0x0000229f   Thumb Code   442  lcd.o(.text)
    DisplayJBHZK                             0x00002459   Thumb Code   434  lcd.o(.text)
    Display                                  0x0000260b   Thumb Code   102  lcd.o(.text)
    DisplayBlack                             0x00002671   Thumb Code    72  lcd.o(.text)
    Display1                                 0x000026b9   Thumb Code   102  lcd.o(.text)
    DisplaynumberJBHZK                       0x0000271f   Thumb Code     2  lcd.o(.text)
    Displaynumber                            0x00002721   Thumb Code    96  lcd.o(.text)
    DisplaynumberBlack                       0x00002781   Thumb Code    96  lcd.o(.text)
    WriteBlue                                0x000027e1   Thumb Code    54  lcd.o(.text)
    PCF8563_Set                              0x00002829   Thumb Code   292  pcf8563.o(.text)
    PCF8563_Read                             0x0000294d   Thumb Code   282  pcf8563.o(.text)
    PCF8563_SS                               0x00002a67   Thumb Code    36  pcf8563.o(.text)
    PCF8563_Set_TD                           0x00002a8b   Thumb Code   286  pcf8563.o(.text)
    PCF8563_Get_TD                           0x00002ba9   Thumb Code   218  pcf8563.o(.text)
    PCF8563_Set_ClkOut                       0x00002c83   Thumb Code    22  pcf8563.o(.text)
    PCF8563_Set_Alarm                        0x00002c99   Thumb Code    68  pcf8563.o(.text)
    PCF8563_Set_Timer                        0x00002cdd   Thumb Code    32  pcf8563.o(.text)
    PCF8563_INT_State                        0x00002cfd   Thumb Code   130  pcf8563.o(.text)
    PCF8563_Init                             0x00002d7f   Thumb Code    68  pcf8563.o(.text)
    GetBackValue                             0x00002dc9   Thumb Code     6  key.o(.text)
    ClrBackValue                             0x00002dcf   Thumb Code     8  key.o(.text)
    Scan_Key                                 0x00002dd7   Thumb Code   308  key.o(.text)
    CGet_KeyValue                            0x00002f0b   Thumb Code   246  key.o(.text)
    Led_Fire_Off                             0x0000300d   Thumb Code    14  cled.o(.text)
    Led_Fault_Off                            0x0000301b   Thumb Code    14  cled.o(.text)
    Led_Wireless_Off                         0x00003029   Thumb Code    14  cled.o(.text)
    Led_Silence_Off                          0x00003037   Thumb Code    14  cled.o(.text)
    Led_Run_Off                              0x00003045   Thumb Code    14  cled.o(.text)
    Led_Fire_Init                            0x00003053   Thumb Code    36  cled.o(.text)
    Led_Fault_Init                           0x00003077   Thumb Code    36  cled.o(.text)
    Led_Wireless_Init                        0x0000309b   Thumb Code    36  cled.o(.text)
    Led_Silence_Init                         0x000030bf   Thumb Code    32  cled.o(.text)
    Led_Run_Init                             0x000030df   Thumb Code    36  cled.o(.text)
    Led_Init                                 0x00003103   Thumb Code    44  cled.o(.text)
    Led_Fire_On                              0x0000312f   Thumb Code    14  cled.o(.text)
    Led_Fault_On                             0x0000313d   Thumb Code    14  cled.o(.text)
    Led_Wireless_On                          0x0000314b   Thumb Code    14  cled.o(.text)
    Led_Silence_On                           0x00003159   Thumb Code    14  cled.o(.text)
    Led_Run_On                               0x00003167   Thumb Code    14  cled.o(.text)
    Led_On                                   0x00003175   Thumb Code    24  cled.o(.text)
    Led_Off                                  0x0000318d   Thumb Code    24  cled.o(.text)
    Relay_Init                               0x000031ad   Thumb Code    38  crelay.o(.text)
    Fire_Relay_On                            0x000031d3   Thumb Code    14  crelay.o(.text)
    Fire_Relay_Off                           0x000031e1   Thumb Code    14  crelay.o(.text)
    Fault_Relay_On                           0x000031ef   Thumb Code    14  crelay.o(.text)
    Fault_Relay_Off                          0x000031fd   Thumb Code    14  crelay.o(.text)
    SetLocalAddr                             0x00003215   Thumb Code     6  cgrapparam.o(.text)
    AddLocalAddr                             0x0000321b   Thumb Code    12  cgrapparam.o(.text)
    SubLocalAddr                             0x00003227   Thumb Code    12  cgrapparam.o(.text)
    GetLocalAddr                             0x00003233   Thumb Code     8  cgrapparam.o(.text)
    AddLocalParaSel                          0x0000323b   Thumb Code    12  cgrapparam.o(.text)
    SetLocalParaSel                          0x00003247   Thumb Code     6  cgrapparam.o(.text)
    GetLocalParaSel                          0x0000324d   Thumb Code     6  cgrapparam.o(.text)
    SetLocalDepSum                           0x00003253   Thumb Code     6  cgrapparam.o(.text)
    AddLocalDepSum                           0x00003259   Thumb Code    12  cgrapparam.o(.text)
    SubLocalDepSum                           0x00003265   Thumb Code    12  cgrapparam.o(.text)
    GetLocalDepSum                           0x00003271   Thumb Code     6  cgrapparam.o(.text)
    SetComRegFlag                            0x00003277   Thumb Code     6  cgrapparam.o(.text)
    GetComRegFlag                            0x0000327d   Thumb Code     6  cgrapparam.o(.text)
    AddCompRegParaSel                        0x00003283   Thumb Code    12  cgrapparam.o(.text)
    SetCompRegParaSel                        0x0000328f   Thumb Code     6  cgrapparam.o(.text)
    GetCompRegParaSel                        0x00003295   Thumb Code     6  cgrapparam.o(.text)
    SetCompRegDep                            0x0000329b   Thumb Code     6  cgrapparam.o(.text)
    AddCompRegDep                            0x000032a1   Thumb Code    12  cgrapparam.o(.text)
    SubCompRegDep                            0x000032ad   Thumb Code    12  cgrapparam.o(.text)
    GetCompRegDep                            0x000032b9   Thumb Code     6  cgrapparam.o(.text)
    SetCompRegNum                            0x000032bf   Thumb Code     6  cgrapparam.o(.text)
    AddCompRegNum                            0x000032c5   Thumb Code    12  cgrapparam.o(.text)
    SubCompRegNum                            0x000032d1   Thumb Code    12  cgrapparam.o(.text)
    GetCompRegNum                            0x000032dd   Thumb Code     6  cgrapparam.o(.text)
    SetCompRegAddr                           0x000032e3   Thumb Code     6  cgrapparam.o(.text)
    AddCompRegAddr                           0x000032e9   Thumb Code    12  cgrapparam.o(.text)
    SubCompRegAddr                           0x000032f5   Thumb Code    12  cgrapparam.o(.text)
    GetCompRegAddr                           0x00003301   Thumb Code     6  cgrapparam.o(.text)
    AddCompSetDep                            0x00003307   Thumb Code    12  cgrapparam.o(.text)
    SubCompSetDep                            0x00003313   Thumb Code    12  cgrapparam.o(.text)
    GetCompSetDep                            0x0000331f   Thumb Code     6  cgrapparam.o(.text)
    SetCompSetDep                            0x00003325   Thumb Code     6  cgrapparam.o(.text)
    AddCompSetNum                            0x0000332b   Thumb Code    12  cgrapparam.o(.text)
    SubCompSetNum                            0x00003337   Thumb Code    12  cgrapparam.o(.text)
    GetCompSetNum                            0x00003343   Thumb Code     6  cgrapparam.o(.text)
    SetCompSetNum                            0x00003349   Thumb Code     6  cgrapparam.o(.text)
    SetComSetSelSet                          0x0000334f   Thumb Code     6  cgrapparam.o(.text)
    AddComSetSelSet                          0x00003355   Thumb Code    12  cgrapparam.o(.text)
    SubComSetSelSet                          0x00003361   Thumb Code    12  cgrapparam.o(.text)
    GetComSetSelSet                          0x0000336d   Thumb Code     6  cgrapparam.o(.text)
    AddComSetSel                             0x00003373   Thumb Code    12  cgrapparam.o(.text)
    SubComSetSel                             0x0000337f   Thumb Code    12  cgrapparam.o(.text)
    GetComSetSel                             0x0000338b   Thumb Code     6  cgrapparam.o(.text)
    SetComSetSel                             0x00003391   Thumb Code     6  cgrapparam.o(.text)
    SetYear                                  0x00003397   Thumb Code     6  cgrapparam.o(.text)
    AddYear                                  0x0000339d   Thumb Code    12  cgrapparam.o(.text)
    SubYear                                  0x000033a9   Thumb Code    12  cgrapparam.o(.text)
    GetYear                                  0x000033b5   Thumb Code    12  cgrapparam.o(.text)
    SetMonth                                 0x000033c1   Thumb Code     6  cgrapparam.o(.text)
    AddMonth                                 0x000033c7   Thumb Code    12  cgrapparam.o(.text)
    SubMonth                                 0x000033d3   Thumb Code    12  cgrapparam.o(.text)
    GetMonth                                 0x000033df   Thumb Code     6  cgrapparam.o(.text)
    AddDay                                   0x000033e5   Thumb Code    12  cgrapparam.o(.text)
    SubDay                                   0x000033f1   Thumb Code    12  cgrapparam.o(.text)
    GetDay                                   0x000033fd   Thumb Code     6  cgrapparam.o(.text)
    SetDay                                   0x00003403   Thumb Code     6  cgrapparam.o(.text)
    SetHour                                  0x00003409   Thumb Code     6  cgrapparam.o(.text)
    AddHour                                  0x0000340f   Thumb Code    12  cgrapparam.o(.text)
    SubHour                                  0x0000341b   Thumb Code    12  cgrapparam.o(.text)
    GetHour                                  0x00003427   Thumb Code     6  cgrapparam.o(.text)
    SetMintue                                0x0000342d   Thumb Code     6  cgrapparam.o(.text)
    AddMintue                                0x00003433   Thumb Code    12  cgrapparam.o(.text)
    SubMintue                                0x0000343f   Thumb Code    12  cgrapparam.o(.text)
    GetMintue                                0x0000344b   Thumb Code     6  cgrapparam.o(.text)
    SetSecond                                0x00003451   Thumb Code     6  cgrapparam.o(.text)
    AddSecond                                0x00003457   Thumb Code    12  cgrapparam.o(.text)
    SubSecond                                0x00003463   Thumb Code    12  cgrapparam.o(.text)
    GetSecond                                0x0000346f   Thumb Code     6  cgrapparam.o(.text)
    SetSelTime                               0x00003475   Thumb Code     6  cgrapparam.o(.text)
    AddSelTime                               0x0000347b   Thumb Code    12  cgrapparam.o(.text)
    GetSelTime                               0x00003487   Thumb Code     6  cgrapparam.o(.text)
    SetAnnDep                                0x0000348d   Thumb Code     6  cgrapparam.o(.text)
    AddAnnDep                                0x00003493   Thumb Code    12  cgrapparam.o(.text)
    SubAnnDep                                0x0000349f   Thumb Code    12  cgrapparam.o(.text)
    GetAnnDep                                0x000034ab   Thumb Code     6  cgrapparam.o(.text)
    SetAnnCompNum                            0x000034b1   Thumb Code     6  cgrapparam.o(.text)
    AddAnnCompNum                            0x000034b7   Thumb Code    12  cgrapparam.o(.text)
    SubAnnCompNum                            0x000034c3   Thumb Code    12  cgrapparam.o(.text)
    GetAnnCompNum                            0x000034cf   Thumb Code     6  cgrapparam.o(.text)
    SetAnnSel                                0x000034d5   Thumb Code     6  cgrapparam.o(.text)
    AddAnnSel                                0x000034db   Thumb Code    12  cgrapparam.o(.text)
    GetAnnSel                                0x000034e7   Thumb Code     6  cgrapparam.o(.text)
    AddSysCheckDep                           0x000034ed   Thumb Code    12  cgrapparam.o(.text)
    SubSysCheckDep                           0x000034f9   Thumb Code    12  cgrapparam.o(.text)
    SetSysCheckDep                           0x00003505   Thumb Code     6  cgrapparam.o(.text)
    GetSysCheckDep                           0x0000350b   Thumb Code     6  cgrapparam.o(.text)
    AddStatusDep                             0x00003511   Thumb Code    12  cgrapparam.o(.text)
    SubStatusDep                             0x0000351d   Thumb Code    12  cgrapparam.o(.text)
    SetStatusDep                             0x00003529   Thumb Code     6  cgrapparam.o(.text)
    GetStatusDep                             0x0000352f   Thumb Code     6  cgrapparam.o(.text)
    AddStatusComp                            0x00003535   Thumb Code    12  cgrapparam.o(.text)
    SubStatusComp                            0x00003541   Thumb Code    12  cgrapparam.o(.text)
    SetStatusComp                            0x0000354d   Thumb Code     6  cgrapparam.o(.text)
    GetStatusComp                            0x00003553   Thumb Code     6  cgrapparam.o(.text)
    AddStatusFlag                            0x00003559   Thumb Code    12  cgrapparam.o(.text)
    SetStatusFlag                            0x00003565   Thumb Code     6  cgrapparam.o(.text)
    GetStatusFlag                            0x0000356b   Thumb Code     6  cgrapparam.o(.text)
    AddIntenDep                              0x00003571   Thumb Code    12  cgrapparam.o(.text)
    SubIntenDep                              0x0000357d   Thumb Code    12  cgrapparam.o(.text)
    SetIntenDep                              0x00003589   Thumb Code     6  cgrapparam.o(.text)
    GetIntenDep                              0x0000358f   Thumb Code     6  cgrapparam.o(.text)
    AddIntenComp                             0x00003595   Thumb Code    12  cgrapparam.o(.text)
    SubIntenComp                             0x000035a1   Thumb Code    12  cgrapparam.o(.text)
    SetIntenComp                             0x000035ad   Thumb Code     6  cgrapparam.o(.text)
    GetIntenComp                             0x000035b3   Thumb Code     6  cgrapparam.o(.text)
    AddIntenFlag                             0x000035b9   Thumb Code    12  cgrapparam.o(.text)
    SetIntenFlag                             0x000035c5   Thumb Code     6  cgrapparam.o(.text)
    GetIntenFlag                             0x000035cb   Thumb Code     6  cgrapparam.o(.text)
    State_0mA                                0x00003645   Thumb Code    14  csetcurrent.o(.text)
    State_6mA                                0x00003653   Thumb Code    24  csetcurrent.o(.text)
    State_20mA                               0x0000366b   Thumb Code    14  csetcurrent.o(.text)
    SetHistConter                            0x0000367d   Thumb Code     6  cflashparam.o(.text)
    GetHistConter                            0x00003683   Thumb Code     6  cflashparam.o(.text)
    InitHistPara                             0x00003689   Thumb Code    62  cflashparam.o(.text)
    SetHistFlag                              0x000036c7   Thumb Code     6  cflashparam.o(.text)
    GetHistFlag                              0x000036cd   Thumb Code     6  cflashparam.o(.text)
    SetHistoryList                           0x000036d3   Thumb Code    16  cflashparam.o(.text)
    ClrHistoryList                           0x000036e3   Thumb Code    42  cflashparam.o(.text)
    GetHistoryList                           0x0000370d   Thumb Code    16  cflashparam.o(.text)
    AddPageConter                            0x0000371d   Thumb Code    12  cflashparam.o(.text)
    SetPageConter                            0x00003729   Thumb Code     6  cflashparam.o(.text)
    GetPageConter                            0x0000372f   Thumb Code     6  cflashparam.o(.text)
    SendHistToFlash                          0x00003735   Thumb Code    68  cflashparam.o(.text)
    GetHistory                               0x00003779   Thumb Code    56  cflashparam.o(.text)
    AddHistConter                            0x000037b1   Thumb Code    12  cflashparam.o(.text)
    HistConterInit                           0x000037bd   Thumb Code    62  cflashparam.o(.text)
    CSendPSN                                 0x000037fb   Thumb Code   204  cflashparam.o(.text)
    CheckDepComp                             0x000038c7   Thumb Code    52  cflashparam.o(.text)
    GetCompSum                               0x000038fb   Thumb Code    44  cflashparam.o(.text)
    GetDepComp_Sum                           0x00003927   Thumb Code    34  cflashparam.o(.text)
    CAmendPSNToFlash                         0x00003949   Thumb Code    62  cflashparam.o(.text)
    CSendPSNToFlash                          0x00003987   Thumb Code    68  cflashparam.o(.text)
    CGetPSNFromFlash                         0x000039cb   Thumb Code    48  cflashparam.o(.text)
    CPSNToFlashInit                          0x000039fb   Thumb Code    36  cflashparam.o(.text)
    GetPSNFormFlash                          0x00003a1f   Thumb Code    12  cflashparam.o(.text)
    GetDatatoFlashAddr                       0x00003a2b   Thumb Code    66  cflashparam.o(.text)
    GetNum                                   0x00003a6d   Thumb Code    72  cflashparam.o(.text)
    CAddCirCounter                           0x00003ab5   Thumb Code    12  cflashparam.o(.text)
    CSetCirCounter                           0x00003ac1   Thumb Code     6  cflashparam.o(.text)
    CGetCirCounter                           0x00003ac7   Thumb Code     6  cflashparam.o(.text)
    GetRow                                   0x00003acd   Thumb Code    50  cflashparam.o(.text)
    SaveDataToFlash                          0x00003aff   Thumb Code    46  cflashparam.o(.text)
    JudgeAlarmType                           0x00003b2d   Thumb Code    40  cflashparam.o(.text)
    JudgeCompAlarmType                       0x00003b55   Thumb Code    72  cflashparam.o(.text)
    SetDatatoFlash                           0x00003b9d   Thumb Code    18  cflashparam.o(.text)
    GetDatatoFlash                           0x00003baf   Thumb Code    18  cflashparam.o(.text)
    ClrDatatoFlash                           0x00003bc1   Thumb Code    44  cflashparam.o(.text)
    GetDatatoFlashType                       0x00003bed   Thumb Code    18  cflashparam.o(.text)
    GetDatatoFlashAlarmType                  0x00003bff   Thumb Code    18  cflashparam.o(.text)
    SetFlashData                             0x00003c11   Thumb Code     6  cflashparam.o(.text)
    SetDepCompSum                            0x00003c17   Thumb Code     6  cflashparam.o(.text)
    GetDepCompSum                            0x00003c1d   Thumb Code     8  cflashparam.o(.text)
    GetFlashPsn                              0x00003c25   Thumb Code    48  cflashparam.o(.text)
    ReadFlashPsn                             0x00003c55   Thumb Code    12  cflashparam.o(.text)
    SetCom0Ann                               0x00003c61   Thumb Code    12  cflashparam.o(.text)
    SendToF_Init                             0x00003c89   Thumb Code    26  csendtoflash.o(.text)
    SendToArray                              0x00003ca3   Thumb Code     6  csendtoflash.o(.text)
    SendDataToFlash                          0x00003ca9   Thumb Code    44  csendtoflash.o(.text)
    GetSendToF                               0x00003cd5   Thumb Code     8  csendtoflash.o(.text)
    CheckFalshData                           0x00003cdd   Thumb Code    32  csendtoflash.o(.text)
    FlashFault                               0x00003cfd   Thumb Code     2  csendtoflash.o(.text)
    SaveHistoryList                          0x00003cff   Thumb Code   394  csendtoflash.o(.text)
    GetSumRegNum                             0x00003e8d   Thumb Code    80  cgetcompsum.o(.text)
    GetRegNum                                0x00003edd   Thumb Code   140  cgetcompsum.o(.text)
    CSpeaker_Init                            0x00003f69   Thumb Code    14  cspeaker.o(.text)
    CSpeaker_Alarm                           0x00003f77   Thumb Code   118  cspeaker.o(.text)
    Breeze_Controll                          0x00003fed   Thumb Code    70  cspeaker.o(.text)
    EndInt                                   0x00004039   Thumb Code    34  cintstend.o(.text)
    StartInt                                 0x0000405b   Thumb Code    36  cintstend.o(.text)
    Hardware_init                            0x00004089   Thumb Code   102  initialization.o(.text)
    Task_init                                0x000040ef   Thumb Code    56  initialization.o(.text)
    Alarm_Menu                               0x0000412d   Thumb Code  1822  alarmenu.o(.text)
    Battery_Low                              0x0000484d   Thumb Code  1724  batterylow.o(.text)
    Breakdown                                0x00004f09   Thumb Code  1720  breakdown.o(.text)
    Check_Menu                               0x000055c1   Thumb Code   432  checkmenu.o(.text)
    Main_Menu                                0x0000578d   Thumb Code   850  mainmenu.o(.text)
    Reset_OK                                 0x00005adf   Thumb Code    60  mainmenu.o(.text)
    His_Reset                                0x00005b1b   Thumb Code   174  mainmenu.o(.text)
    Speaker_Open_Close                       0x00005bc9   Thumb Code   150  mainmenu.o(.text)
    Waiting_menu                             0x00005c5f   Thumb Code   132  mainmenu.o(.text)
    Set_Menu                                 0x00005cfd   Thumb Code   730  setmenu.o(.text)
    CSaveInfo                                0x00005fd7   Thumb Code    60  setmenu.o(.text)
    Set_Menu1                                0x00006013   Thumb Code    68  setmenu.o(.text)
    Start_Menu                               0x00006085   Thumb Code   654  startmenu.o(.text)
    Test_Menu                                0x00006329   Thumb Code   294  testmenu.o(.text)
    Test_Menu1                               0x0000644f   Thumb Code   160  testmenu.o(.text)
    Local_Menu                               0x00006505   Thumb Code   940  clocalset.o(.text)
    CompReg_menu                             0x000068d1   Thumb Code  1324  ccompreg.o(.text)
    GNSelectBlack                            0x00006dfd   Thumb Code   240  ccompset.o(.text)
    GNSelect                                 0x00006eed   Thumb Code   240  ccompset.o(.text)
    CompSet_Menu                             0x00006fdd   Thumb Code   744  ccompset.o(.text)
    DateMod_Menu                             0x000072c5   Thumb Code  2690  cdatemod.o(.text)
    Annotate_Menu                            0x00007d4d   Thumb Code   992  cannotate.o(.text)
    CompStat_Menu                            0x0000813d   Thumb Code  1746  ccompstat.o(.text)
    SysCheck_Menu                            0x00008811   Thumb Code   744  csyscheck.o(.text)
    CompInten_Menu                           0x00008b11   Thumb Code  1150  ccompinten.o(.text)
    CSetIntenFlag                            0x00008f8f   Thumb Code     6  ccompinten.o(.text)
    CGetIntenFlag                            0x00008f95   Thumb Code     6  ccompinten.o(.text)
    History_Menu                             0x00008fa1   Thumb Code  2006  chistorylist.o(.text)
    TestSelf_Menu                            0x00009779   Thumb Code   108  ctestself.o(.text)
    CModFault                                0x000097f1   Thumb Code   156  cmodelfault.o(.text)
    SysReset_Menu                            0x0000989d   Thumb Code    60  csysreset.o(.text)
    SetFirstAlarm_Flag                       0x000098e1   Thumb Code     6  ccomhandle.o(.text)
    SetDisplay_alarm_flag                    0x000098e7   Thumb Code     6  ccomhandle.o(.text)
    GetDisplay_alarm_flag                    0x000098ed   Thumb Code     6  ccomhandle.o(.text)
    Setdisplay_alarm                         0x000098f3   Thumb Code     6  ccomhandle.o(.text)
    Getdisplay_alarm                         0x000098f9   Thumb Code     8  ccomhandle.o(.text)
    Getalarmtime                             0x00009901   Thumb Code    12  ccomhandle.o(.text)
    SetSum                                   0x0000990d   Thumb Code     6  ccomhandle.o(.text)
    GetSum                                   0x00009913   Thumb Code     8  ccomhandle.o(.text)
    SetBJNum                                 0x0000991b   Thumb Code    14  ccomhandle.o(.text)
    GetBJNum                                 0x00009929   Thumb Code    14  ccomhandle.o(.text)
    SetCheckInfoFlag                         0x00009937   Thumb Code     6  ccomhandle.o(.text)
    GetCheckInfoFlag                         0x0000993d   Thumb Code     8  ccomhandle.o(.text)
    SetConvertdata                           0x00009945   Thumb Code     6  ccomhandle.o(.text)
    GetConvertdata                           0x0000994b   Thumb Code     8  ccomhandle.o(.text)
    UartCom                                  0x00009953   Thumb Code   104  ccomhandle.o(.text)
    UartCheck                                0x000099bb   Thumb Code   110  ccomhandle.o(.text)
    CompareAddr                              0x00009a29   Thumb Code    90  ccomhandle.o(.text)
    CSaveDatatoFlash                         0x00009a83   Thumb Code   516  ccomhandle.o(.text)
    UartComHandle                            0x00009c87   Thumb Code  2934  ccomhandle.o(.text)
    GetHeart                                 0x0000a80d   Thumb Code     8  ccompara.o(.text)
    ReadHeart                                0x0000a815   Thumb Code    46  ccompara.o(.text)
    ReadCom0Data                             0x0000a843   Thumb Code    46  ccompara.o(.text)
    ReadCom1Data                             0x0000a871   Thumb Code    78  ccompara.o(.text)
    ClrComData                               0x0000a8bf   Thumb Code    44  ccompara.o(.text)
    GetComData                               0x0000a8eb   Thumb Code    12  ccompara.o(.text)
    AddBattLowSum                            0x0000a8f7   Thumb Code    12  ccompara.o(.text)
    GetBattLowSum                            0x0000a903   Thumb Code     6  ccompara.o(.text)
    AddBrokenSum                             0x0000a909   Thumb Code    12  ccompara.o(.text)
    GetBrokenSum                             0x0000a915   Thumb Code     6  ccompara.o(.text)
    AddAlarmSum                              0x0000a91b   Thumb Code    12  ccompara.o(.text)
    GetAlarmSum                              0x0000a927   Thumb Code     6  ccompara.o(.text)
    MergeData                                0x0000a92d   Thumb Code    88  ccompara.o(.text)
    Com0DataUnzip                            0x0000a985   Thumb Code   284  ccompara.o(.text)
    Com0Handle                               0x0000aaa1   Thumb Code    12  ccompara.o(.text)
    AddHeartFaultFlag                        0x0000aaad   Thumb Code    12  ccompara.o(.text)
    SetHeartFaultFlag                        0x0000aab9   Thumb Code     6  ccompara.o(.text)
    GetHeartFaultFlag                        0x0000aabf   Thumb Code     6  ccompara.o(.text)
    SetAlarmFlag                             0x0000aac5   Thumb Code     6  ccompara.o(.text)
    GetAlarmFlag                             0x0000aacb   Thumb Code     8  ccompara.o(.text)
    SetFirstAlarm_Addr                       0x0000aad3   Thumb Code     6  ccompara.o(.text)
    GetFirstAlarm_Addr                       0x0000aad9   Thumb Code     8  ccompara.o(.text)
    AlarmInfoInit                            0x0000aae1   Thumb Code    44  ccompara.o(.text)
    GetAlarmInfo                             0x0000ab0d   Thumb Code    18  ccompara.o(.text)
    SetAlarmInfo                             0x0000ab1f   Thumb Code    18  ccompara.o(.text)
    AddAlarmInfoFlag                         0x0000ab31   Thumb Code    12  ccompara.o(.text)
    SubAlarmInfoFlag                         0x0000ab3d   Thumb Code    12  ccompara.o(.text)
    SetAlarmInfoFlag                         0x0000ab49   Thumb Code     6  ccompara.o(.text)
    GetAlarmInfoFlag                         0x0000ab4f   Thumb Code     6  ccompara.o(.text)
    CSetAlarmFlag                            0x0000ab55   Thumb Code     6  ccompara.o(.text)
    CGetAlarmFlag                            0x0000ab5b   Thumb Code     8  ccompara.o(.text)
    SetReleaseFlag                           0x0000ab63   Thumb Code     6  ccompara.o(.text)
    GetReleaseFlag                           0x0000ab69   Thumb Code     6  ccompara.o(.text)
    SetFlag_195                              0x0000ab6f   Thumb Code     6  ccompara.o(.text)
    GetFlag_195                              0x0000ab75   Thumb Code     6  ccompara.o(.text)
    SetCirAddrCurrent                        0x0000ab7b   Thumb Code     6  ccompara.o(.text)
    GetCirAddrCurrent                        0x0000ab81   Thumb Code     6  ccompara.o(.text)
    CompareCirAddr                           0x0000ab87   Thumb Code    58  ccompara.o(.text)
    ClrCirAlarmData                          0x0000abc1   Thumb Code   136  ccompara.o(.text)
    SetCirAlarmData                          0x0000ac49   Thumb Code     6  ccompara.o(.text)
    GetCirAlarmData                          0x0000ac4f   Thumb Code     8  ccompara.o(.text)
    CirAlarmDataInit                         0x0000ac57   Thumb Code    20  ccompara.o(.text)
    SetFlagLed                               0x0000ac6b   Thumb Code     6  ccompara.o(.text)
    GetFlagLed                               0x0000ac71   Thumb Code     6  ccompara.o(.text)
    SetAlarm_Circuit_Flag                    0x0000ac81   Thumb Code     6  caddresscount.o(.text)
    AddCirCounter                            0x0000ac87   Thumb Code    12  caddresscount.o(.text)
    GetCirCounter                            0x0000ac93   Thumb Code     6  caddresscount.o(.text)
    Compare_Address                          0x0000ac99   Thumb Code    58  caddresscount.o(.text)
    Sel_Addr_fire                            0x0000acd3   Thumb Code    60  caddresscount.o(.text)
    Check_Addr                               0x0000ad0f   Thumb Code   138  caddresscount.o(.text)
    CirAddrCounter                           0x0000ad99   Thumb Code   222  caddresscount.o(.text)
    Reset_Alarm                              0x0000ae77   Thumb Code   102  caddresscount.o(.text)
    Clr_Alarm                                0x0000aedd   Thumb Code   192  caddresscount.o(.text)
    CirSendAlarmInfo                         0x0000af9d   Thumb Code    28  caddresscount.o(.text)
    CirSendFireInfo                          0x0000afb9   Thumb Code   114  caddresscount.o(.text)
    SaveData195                              0x0000b04d   Thumb Code     6  csendto195.o(.text)
    GetData195                               0x0000b053   Thumb Code     8  csendto195.o(.text)
    Uart0Com                                 0x0000b05b   Thumb Code   120  csendto195.o(.text)
    CS0Setup                                 0x0000b0d9   Thumb Code    42  runfunction.o(.text)
    SendHeart                                0x0000b103   Thumb Code   366  runfunction.o(.text)
    Systemp_Task                             0x0000b271   Thumb Code    76  runfunction.o(.text)
    DisplayKeyMenu                           0x0000b2bd   Thumb Code   684  runfunction.o(.text)
    Run_Task                                 0x0000b569   Thumb Code    24  runfunction.o(.text)
    CSaveHist                                0x0000b581   Thumb Code    66  runfunction.o(.text)
    BreezeAlarm                              0x0000b5c3   Thumb Code    52  runfunction.o(.text)
    HF195                                    0x0000b5f7   Thumb Code   118  runfunction.o(.text)
    DisplayAlarmInfo                         0x0000b66d   Thumb Code   598  runfunction.o(.text)
    Back_Task                                0x0000b8d1   Thumb Code   610  tasklist.o(.text)
    Up_Task                                  0x0000bb33   Thumb Code    70  tasklist.o(.text)
    Down_Task                                0x0000bb79   Thumb Code    78  tasklist.o(.text)
    Sure_Task                                0x0000bbc7   Thumb Code   164  tasklist.o(.text)
    Return_Task                              0x0000bc6b   Thumb Code   148  tasklist.o(.text)
    Silence_Task                             0x0000bcff   Thumb Code    14  tasklist.o(.text)
    SetZjFlag                                0x0000bd11   Thumb Code     6  ctasksure.o(.text)
    GetZjFlag                                0x0000bd17   Thumb Code     6  ctasksure.o(.text)
    SetAnnUartFlag                           0x0000bd1d   Thumb Code     6  ctasksure.o(.text)
    GetAnnUartFlag                           0x0000bd23   Thumb Code     6  ctasksure.o(.text)
    MaskPSNInit                              0x0000bd29   Thumb Code    28  ctasksure.o(.text)
    GetMaskPSN                               0x0000bd45   Thumb Code    28  ctasksure.o(.text)
    SaveMaskPSN                              0x0000bd61   Thumb Code    36  ctasksure.o(.text)
    CGetMaskPSN                              0x0000bd85   Thumb Code     8  ctasksure.o(.text)
    CLevel27_Sure                            0x0000bd8d   Thumb Code    62  ctasksure.o(.text)
    CLevel1_Sure                             0x0000bdcb   Thumb Code   614  ctasksure.o(.text)
    CLevel21_Sure                            0x0000c031   Thumb Code   628  ctasksure.o(.text)
    CLevel22_Sure                            0x0000c2a5   Thumb Code   402  ctasksure.o(.text)
    CLevel23_Sure                            0x0000c437   Thumb Code    76  ctasksure.o(.text)
    SetSpeaker_Counter                       0x0000c483   Thumb Code     6  ctasksure.o(.text)
    GetSpeaker_Counter                       0x0000c489   Thumb Code     6  ctasksure.o(.text)
    CLevel3_Sure                             0x0000c48f   Thumb Code  1450  ctasksure.o(.text)
    CLevel4_Sure                             0x0000ca39   Thumb Code    32  ctasksure.o(.text)
    GetMainGrap                              0x0000ca6d   Thumb Code   124  cgetgrap.o(.text)
    GetSetGrap                               0x0000cae9   Thumb Code   110  cgetgrap.o(.text)
    GetCheckGrap                             0x0000cb57   Thumb Code    66  cgetgrap.o(.text)
    GetTestGrap                              0x0000cb99   Thumb Code    48  cgetgrap.o(.text)
    CLevel1_Return                           0x0000cbcd   Thumb Code   192  ctaskreturn.o(.text)
    CLevel21_Return                          0x0000cc8d   Thumb Code   132  ctaskreturn.o(.text)
    CLevel22_Return                          0x0000cd11   Thumb Code    82  ctaskreturn.o(.text)
    CLevel23_Return                          0x0000cd63   Thumb Code    92  ctaskreturn.o(.text)
    CLevel3_Return                           0x0000cdbf   Thumb Code    44  ctaskreturn.o(.text)
    CLevel4_Return                           0x0000cdeb   Thumb Code     2  ctaskreturn.o(.text)
    SetCounter1                              0x0000cdf9   Thumb Code     6  ckeycounter.o(.text)
    AddCounter1                              0x0000cdff   Thumb Code    12  ckeycounter.o(.text)
    SubCounter1                              0x0000ce0b   Thumb Code    12  ckeycounter.o(.text)
    GetCounter1                              0x0000ce17   Thumb Code     6  ckeycounter.o(.text)
    SetCounter2                              0x0000ce1d   Thumb Code     6  ckeycounter.o(.text)
    AddCounter2                              0x0000ce23   Thumb Code    12  ckeycounter.o(.text)
    SubCounter2                              0x0000ce2f   Thumb Code    12  ckeycounter.o(.text)
    GetCounter2                              0x0000ce3b   Thumb Code     6  ckeycounter.o(.text)
    SetCounter3                              0x0000ce41   Thumb Code     6  ckeycounter.o(.text)
    AddCounter3                              0x0000ce47   Thumb Code    12  ckeycounter.o(.text)
    SubCounter3                              0x0000ce53   Thumb Code    12  ckeycounter.o(.text)
    GetCounter3                              0x0000ce5f   Thumb Code     6  ckeycounter.o(.text)
    SetGrapCount                             0x0000ce65   Thumb Code     6  ckeycounter.o(.text)
    AddGrapCount                             0x0000ce6b   Thumb Code    12  ckeycounter.o(.text)
    SubGrapCount                             0x0000ce77   Thumb Code    12  ckeycounter.o(.text)
    ClrGrapCount                             0x0000ce83   Thumb Code     8  ckeycounter.o(.text)
    GetGrapCount                             0x0000ce8b   Thumb Code     6  ckeycounter.o(.text)
    AddMenuFlag                              0x0000ce91   Thumb Code    12  ckeycounter.o(.text)
    SubMenuFlag                              0x0000ce9d   Thumb Code    12  ckeycounter.o(.text)
    GetMenuFlag                              0x0000cea9   Thumb Code     6  ckeycounter.o(.text)
    SetMenuFlag                              0x0000ceaf   Thumb Code     6  ckeycounter.o(.text)
    SetPasswordFlag                          0x0000ceb5   Thumb Code     6  ckeycounter.o(.text)
    GetPasswordFlag                          0x0000cebb   Thumb Code     6  ckeycounter.o(.text)
    ClrHisCountDown                          0x0000ced1   Thumb Code     8  ctaskdown.o(.text)
    ClrHistCount                             0x0000ced9   Thumb Code     8  ctaskdown.o(.text)
    Level2_Down                              0x0000cee1   Thumb Code   132  ctaskdown.o(.text)
    Level33_Down                             0x0000cf65   Thumb Code    94  ctaskdown.o(.text)
    Level32_Down                             0x0000cfc3   Thumb Code   820  ctaskdown.o(.text)
    Level31_Down                             0x0000d2f7   Thumb Code   882  ctaskdown.o(.text)
    Level3_Down                              0x0000d669   Thumb Code    50  ctaskdown.o(.text)
    Level4_Down                              0x0000d69b   Thumb Code    42  ctaskdown.o(.text)
    Level2_Up                                0x0000d6c5   Thumb Code   138  ctaskup.o(.text)
    Level33_Up                               0x0000d74f   Thumb Code   138  ctaskup.o(.text)
    Level32_Up                               0x0000d7d9   Thumb Code   236  ctaskup.o(.text)
    Level31_Up                               0x0000d8c5   Thumb Code   858  ctaskup.o(.text)
    Level3_Up                                0x0000dc1f   Thumb Code    44  ctaskup.o(.text)
    Level4_Up                                0x0000dc4b   Thumb Code    38  ctaskup.o(.text)
    __aeabi_memcpy4                          0x0000dc75   Thumb Code     0  rt_memcpy_w.o(.text)
    __aeabi_memcpy8                          0x0000dc75   Thumb Code     0  rt_memcpy_w.o(.text)
    __rt_memcpy_w                            0x0000dc75   Thumb Code   100  rt_memcpy_w.o(.text)
    _memcpy_lastbytes_aligned                0x0000dcbd   Thumb Code     0  rt_memcpy_w.o(.text)
    __user_setup_stackheap                   0x0000dcd9   Thumb Code    74  sys_stackheap_outer.o(.text)
    exit                                     0x0000dd23   Thumb Code    12  exit.o(.text)
    __user_libspace                          0x0000dd31   Thumb Code     8  libspace.o(.text)
    __user_perproc_libspace                  0x0000dd31   Thumb Code     0  libspace.o(.text)
    __user_perthread_libspace                0x0000dd31   Thumb Code     0  libspace.o(.text)
    __rt_fp_status_addr                      0x0000dd39   Thumb Code     8  rt_fp_status_addr_intlibspace.o(.text)
    _sys_exit                                0x0000dd41   Thumb Code     8  sys_exit.o(.text)
    __semihosting_library_function           0x0000dd4d   Thumb Code     0  indicate_semi.o(.text)
    _fp_init                                 0x0000dd4d   Thumb Code    14  fpinit.o(x$fpl$fpinit)
    __fplib_config_pureend_doubles           0x0000dd59   Thumb Code     0  fpinit.o(x$fpl$fpinit)
    GB2312Hzk                                0x0000dd5a   Data          64  lcd.o(.constdata)
    acASC8x16                                0x0000dd9a   Data        3104  lcd.o(.constdata)
    acHZK16F                                 0x0000e9ba   Data       262176  lcd.o(.constdata)
    Region$$Table$$Base                      0x0004ea20   Number         0  anon$$obj.o(Region$$Table)
    Region$$Table$$Limit                     0x0004ea40   Number         0  anon$$obj.o(Region$$Table)
    SystemFrequency                          0x10000000   Data           4  system_lpc17xx.o(.data)
    msTicks                                  0x10000004   Data           4  delay.o(.data)
    I2C_sla                                  0x10000008   Data           1  i2c.o(.data)
    I2C_suba                                 0x1000000c   Data           4  i2c.o(.data)
    I2C_suba_num                             0x10000010   Data           1  i2c.o(.data)
    I2C_buf                                  0x10000014   Data           4  i2c.o(.data)
    I2C_num                                  0x10000018   Data           4  i2c.o(.data)
    I2C_end                                  0x1000001c   Data           1  i2c.o(.data)
    I2C_suba_en                              0x1000001d   Data           1  i2c.o(.data)
    tp                                       0x1000001e   Data           1  uart.o(.data)
    tp1                                      0x1000001f   Data           1  uart.o(.data)
    tp2                                      0x10000020   Data           1  uart.o(.data)
    vAnnCounter                              0x10000021   Data           1  uart.o(.data)
    tp3                                      0x10000022   Data           2  uart.o(.data)
    tp4                                      0x10000024   Data           2  uart.o(.data)
    Save_Ann_flag                            0x10000026   Data           1  uart.o(.data)
    hanzi                                    0x10000028   Data           2  uart.o(.data)
    Extint1_flag                             0x1000002c   Data           1  extint.o(.data)
    Extint3_flag                             0x1000002d   Data           1  extint.o(.data)
    vExt3Ctrl                                0x10000030   Data           4  extint.o(.data)
    vTimeTickCounter                         0x10000034   Data           1  ctime.o(.data)
    vHeartTick                               0x10000038   Data           4  ctime.o(.data)
    vSpeakerTick                             0x1000003c   Data           2  ctime.o(.data)
    vLedFlag                                 0x10000040   Data           4  ctime.o(.data)
    vPWMFlag                                 0x10000044   Data           4  ctime.o(.data)
    vScreenMaskFlag                          0x10000048   Data           4  ctime.o(.data)
    vCurTime0Def                             0x1000004c   Data           4  ctimedef.o(.data)
    vTimer0Counter                           0x10000050   Data           4  ctimedef.o(.data)
    match_counter0                           0x10000064   Data           4  pwm.o(.data)
    match_counter1                           0x10000068   Data           4  pwm.o(.data)
    shu1                                     0x1000006c   Data         208  lcd.o(.data)
    shu                                      0x1000013c   Data         288  lcd.o(.data)
    Hzk1                                     0x1000025c   Data         880  lcd.o(.data)
    TimeAndDate                              0x100005cc   Data           8  pcf8563.o(.data)
    vBackValue                               0x100005d4   Data           1  key.o(.data)
    vKeyValue                                0x100005d8   Data           4  key.o(.data)
    vLocalAddress                            0x100005dc   Data           3  cgrapparam.o(.data)
    vLocalDepSum                             0x100005df   Data           1  cgrapparam.o(.data)
    vLocalParaSel                            0x100005e0   Data           1  cgrapparam.o(.data)
    vComRegFlag                              0x100005e1   Data           1  cgrapparam.o(.data)
    vCompRegDep                              0x100005e2   Data           2  cgrapparam.o(.data)
    vCompRegNum                              0x100005e4   Data           2  cgrapparam.o(.data)
    vCompRegAddr                             0x100005e6   Data           1  cgrapparam.o(.data)
    vCompRegParaSel                          0x100005e7   Data           1  cgrapparam.o(.data)
    vCompSetDep                              0x100005e8   Data           2  cgrapparam.o(.data)
    vCompSetNum                              0x100005ea   Data           2  cgrapparam.o(.data)
    vComSetSelSet                            0x100005ec   Data           1  cgrapparam.o(.data)
    vComSetSel                               0x100005ed   Data           1  cgrapparam.o(.data)
    vYear                                    0x100005ee   Data           2  cgrapparam.o(.data)
    vMonth                                   0x100005f0   Data           2  cgrapparam.o(.data)
    vDay                                     0x100005f2   Data           2  cgrapparam.o(.data)
    vHour                                    0x100005f4   Data           2  cgrapparam.o(.data)
    vMintue                                  0x100005f6   Data           2  cgrapparam.o(.data)
    vSecond                                  0x100005f8   Data           2  cgrapparam.o(.data)
    vSelTime                                 0x100005fa   Data           1  cgrapparam.o(.data)
    vAnnDep                                  0x100005fc   Data           2  cgrapparam.o(.data)
    vAnnCompNum                              0x100005fe   Data           2  cgrapparam.o(.data)
    vAnnSel                                  0x10000600   Data           1  cgrapparam.o(.data)
    vSysCheckDep                             0x10000601   Data           1  cgrapparam.o(.data)
    vStatusDep                               0x10000602   Data           1  cgrapparam.o(.data)
    vStatusComp                              0x10000603   Data           1  cgrapparam.o(.data)
    vStatusFlag                              0x10000604   Data           1  cgrapparam.o(.data)
    vIntenDep                                0x10000605   Data           1  cgrapparam.o(.data)
    vIntenComp                               0x10000606   Data           1  cgrapparam.o(.data)
    vIntenFlag                               0x10000607   Data           1  cgrapparam.o(.data)
    vCirCounter                              0x10000608   Data           1  cflashparam.o(.data)
    vHisCounter                              0x1000060a   Data           2  cflashparam.o(.data)
    vHistFlag                                0x1000060c   Data           1  cflashparam.o(.data)
    vPageCounter                             0x1000060d   Data           1  cflashparam.o(.data)
    vInten_Flag                              0x1000060e   Data           1  ccompinten.o(.data)
    Convertdata                              0x10000610   Data           6  ccomhandle.o(.data)
    Flag195                                  0x10000616   Data           1  ccomhandle.o(.data)
    FirstAlarm_Flag                          0x10000617   Data           1  ccomhandle.o(.data)
    AlarmSum                                 0x10000618   Data           3  ccomhandle.o(.data)
    CheckInfoFlag                            0x1000061b   Data           3  ccomhandle.o(.data)
    com1Count                                0x1000061e   Data           1  ccomhandle.o(.data)
    reset_fault_flag                         0x1000061f   Data           1  ccomhandle.o(.data)
    reset_batt_flag                          0x10000620   Data           1  ccomhandle.o(.data)
    Address_Counter                          0x10000621   Data           1  ccomhandle.o(.data)
    vdisplay_alarm                           0x10000622   Data           5  ccomhandle.o(.data)
    vDispaly_alarm_flag                      0x10000627   Data           1  ccomhandle.o(.data)
    UartClrflag                              0x10000628   Data           1  ccomhandle.o(.data)
    UartClrLen                               0x10000629   Data           1  ccomhandle.o(.data)
    DefAddrEn                                0x1000062a   Data           1  ccomhandle.o(.data)
    UartSendLen                              0x1000062b   Data           1  ccomhandle.o(.data)
    pTxbuf                                   0x1000062c   Data           4  ccomhandle.o(.data)
    MasterAddr                               0x10000630   Data           1  ccomhandle.o(.data)
    valarmtime                               0x10000632   Data           8  ccomhandle.o(.data)
    pdUartSend                               0x1000063c   Data           4  ccomhandle.o(.data)
    pdUartRcv                                0x10000640   Data           4  ccomhandle.o(.data)
    FlashInfo                                0x10000644   Data           2  ccomhandle.o(.data)
    dataHeart                                0x10000648   Data           2  ccompara.o(.data)
    dataCount                                0x1000064a   Data           1  ccompara.o(.data)
    temp                                     0x1000064b   Data           1  ccompara.o(.data)
    vBattLowSum                              0x1000064c   Data           4  ccompara.o(.data)
    vBrokenSum                               0x10000650   Data           4  ccompara.o(.data)
    vAlarmSum                                0x10000654   Data           4  ccompara.o(.data)
    vCom0Count                               0x10000658   Data           1  ccompara.o(.data)
    vHeartFaultFlag                          0x10000659   Data           1  ccompara.o(.data)
    vAlarmFlag                               0x1000065a   Data           2  ccompara.o(.data)
    FirstAlarm_Addr                          0x1000065c   Data           2  ccompara.o(.data)
    vAlarmInfoFlag                           0x1000065e   Data           1  ccompara.o(.data)
    AlarmFlag                                0x1000065f   Data           4  ccompara.o(.data)
    vReleaseFlag                             0x10000663   Data           1  ccompara.o(.data)
    vFlag_195                                0x10000664   Data           1  ccompara.o(.data)
    vCirAddrCurrent                          0x10000665   Data           1  ccompara.o(.data)
    vFlagLed                                 0x10000666   Data           1  ccompara.o(.data)
    syn_flag                                 0x10000667   Data           1  caddresscount.o(.data)
    circuit_counter                          0x10000668   Data           1  caddresscount.o(.data)
    fireflag                                 0x10000669   Data           2  caddresscount.o(.data)
    alarm_circuit_flag                       0x1000066b   Data           1  caddresscount.o(.data)
    vCounterLed                              0x1000066c   Data           1  runfunction.o(.data)
    HeartTaskFlag                            0x1000066d   Data           1  runfunction.o(.data)
    csflag                                   0x1000066e   Data           1  runfunction.o(.data)
    faultTick                                0x10000670   Data           4  runfunction.o(.data)
    TickCounter                              0x10000674   Data           1  runfunction.o(.data)
    ShuaFlag                                 0x10000675   Data           1  runfunction.o(.data)
    vHeartLostFlag                           0x10000676   Data           1  runfunction.o(.data)
    vMaskScreen                              0x10000677   Data           1  runfunction.o(.data)
    alarm_display_counter                    0x10000678   Data           1  runfunction.o(.data)
    vMaskCount                               0x1000067a   Data           1  ctasksure.o(.data)
    vmaskflag                                0x1000067b   Data           1  ctasksure.o(.data)
    vAnnUartFlag                             0x1000067c   Data           1  ctasksure.o(.data)
    vZjFlag                                  0x1000067d   Data           1  ctasksure.o(.data)
    vSpeaker_Counter                         0x1000067e   Data           1  ctasksure.o(.data)
    timedate                                 0x10000680   Data           8  ctasksure.o(.data)
    vCounter                                 0x10000688   Data           3  ckeycounter.o(.data)
    vGrapCounter                             0x1000068b   Data           1  ckeycounter.o(.data)
    vSelMenu_flag                            0x1000068c   Data           1  ckeycounter.o(.data)
    vPasswordFlag                            0x1000068d   Data           1  ckeycounter.o(.data)
    vHisCountDown                            0x10000690   Data           4  ctaskdown.o(.data)
    vHistCount                               0x10000694   Data           4  ctaskdown.o(.data)
    data0                                    0x10000698   Data           9  uart.o(.bss)
    data2                                    0x100006a1   Data        5500  uart.o(.bss)
    data3                                    0x10001c1d   Data          12  uart.o(.bss)
    testann                                  0x10001c29   Data        2000  uart.o(.bss)
    testann1                                 0x100023f9   Data          10  uart.o(.bss)
    vKeyCounter                              0x10002404   Data          24  key.o(.bss)
    vGetDatatoFlash                          0x1000241c   Data        1300  cflashparam.o(.bss)
    vGetDepNum                               0x10002930   Data          50  cflashparam.o(.bss)
    vReadFlashData                           0x10002962   Data          16  cflashparam.o(.bss)
    vGetPsn                                  0x10002972   Data         800  cflashparam.o(.bss)
    vSendPSNToFlash                          0x10002c92   Data         800  cflashparam.o(.bss)
    vHisList                                 0x10002fb2   Data       12000  cflashparam.o(.bss)
    FlashData                                0x10005e92   Data         750  cflashparam.o(.bss)
    vGetCom0Ann                              0x10006180   Data        1600  cflashparam.o(.bss)
    SendToF                                  0x100067c0   Data         100  csendtoflash.o(.bss)
    BJNum                                    0x10006824   Data         150  ccomhandle.o(.bss)
    UartRxbuf                                0x100068ba   Data           9  ccomhandle.o(.bss)
    UartTxbuf                                0x100068c3   Data           9  ccomhandle.o(.bss)
    Rxdata                                   0x100068cc   Data           9  ccomhandle.o(.bss)
    data                                     0x100068d5   Data         180  ccompara.o(.bss)
    data1                                    0x10006989   Data          10  ccompara.o(.bss)
    vCom0Data                                0x10006993   Data          20  ccompara.o(.bss)
    vCirAlarmData                            0x100069a7   Data         100  ccompara.o(.bss)
    AlarmInfo                                0x10006a0b   Data         260  ccompara.o(.bss)
    Reset_Flag                               0x10006b0f   Data          50  caddresscount.o(.bss)
    Reset_Flag1                              0x10006b41   Data          50  caddresscount.o(.bss)
    Reset_Counter                            0x10006b73   Data          50  caddresscount.o(.bss)
    Send195                                  0x10006ba5   Data          15  csendto195.o(.bss)
    vMaskPSN                                 0x10006bb4   Data         100  ctasksure.o(.bss)
    __libspace_start                         0x10006c18   Data          96  libspace.o(.bss)
    __temporary_stack_top$libspace           0x10006c78   Data           0  libspace.o(.bss)



==============================================================================

Memory Map of the image

  Image Entry point : 0x000000cd

  Load Region LR_IROM1 (Base: 0x00000000, Size: 0x0004f0d8, Max: 0x00080000, ABSOLUTE, COMPRESSED[0x0004ed08])

    Execution Region ER_IROM1 (Base: 0x00000000, Size: 0x0004ea40, Max: 0x00080000, ABSOLUTE)

    Base Addr    Size         Type   Attr      Idx    E Section Name        Object

    0x00000000   0x000000cc   Data   RO            3    RESET               startup_lpc17xx.o
    0x000000cc   0x00000008   Code   RO         1079  * !!!main             c_w.l(__main.o)
    0x000000d4   0x00000034   Code   RO         1240    !!!scatter          c_w.l(__scatter.o)
    0x00000108   0x0000005a   Code   RO         1238    !!dczerorl2         c_w.l(__dczerorl2.o)
    0x00000162   0x00000002   PAD
    0x00000164   0x0000001c   Code   RO         1242    !!handler_zi        c_w.l(__scatter_zi.o)
    0x00000180   0x00000006   Code   RO         1108    .ARM.Collect$$libinit$$00000000  c_w.l(libinit.o)
    0x00000186   0x00000000   Code   RO         1116    .ARM.Collect$$libinit$$00000006  c_w.l(libinit2.o)
    0x00000186   0x00000000   Code   RO         1118    .ARM.Collect$$libinit$$00000008  c_w.l(libinit2.o)
    0x00000186   0x00000000   Code   RO         1120    .ARM.Collect$$libinit$$0000000A  c_w.l(libinit2.o)
    0x00000186   0x00000000   Code   RO         1123    .ARM.Collect$$libinit$$0000000D  c_w.l(libinit2.o)
    0x00000186   0x00000000   Code   RO         1125    .ARM.Collect$$libinit$$0000000F  c_w.l(libinit2.o)
    0x00000186   0x00000000   Code   RO         1127    .ARM.Collect$$libinit$$00000011  c_w.l(libinit2.o)
    0x00000186   0x00000000   Code   RO         1129    .ARM.Collect$$libinit$$00000013  c_w.l(libinit2.o)
    0x00000186   0x00000000   Code   RO         1131    .ARM.Collect$$libinit$$00000015  c_w.l(libinit2.o)
    0x00000186   0x00000000   Code   RO         1133    .ARM.Collect$$libinit$$00000017  c_w.l(libinit2.o)
    0x00000186   0x00000000   Code   RO         1135    .ARM.Collect$$libinit$$00000019  c_w.l(libinit2.o)
    0x00000186   0x00000000   Code   RO         1137    .ARM.Collect$$libinit$$0000001B  c_w.l(libinit2.o)
    0x00000186   0x00000000   Code   RO         1139    .ARM.Collect$$libinit$$0000001D  c_w.l(libinit2.o)
    0x00000186   0x00000000   Code   RO         1141    .ARM.Collect$$libinit$$0000001F  c_w.l(libinit2.o)
    0x00000186   0x00000000   Code   RO         1143    .ARM.Collect$$libinit$$00000021  c_w.l(libinit2.o)
    0x00000186   0x00000000   Code   RO         1147    .ARM.Collect$$libinit$$00000028  c_w.l(libinit2.o)
    0x00000186   0x00000000   Code   RO         1149    .ARM.Collect$$libinit$$0000002A  c_w.l(libinit2.o)
    0x00000186   0x00000000   Code   RO         1151    .ARM.Collect$$libinit$$0000002C  c_w.l(libinit2.o)
    0x00000186   0x00000000   Code   RO         1153    .ARM.Collect$$libinit$$0000002E  c_w.l(libinit2.o)
    0x00000186   0x00000002   Code   RO         1154    .ARM.Collect$$libinit$$0000002F  c_w.l(libinit2.o)
    0x00000188   0x00000002   Code   RO         1179    .ARM.Collect$$libshutdown$$00000000  c_w.l(libshutdown.o)
    0x0000018a   0x00000000   Code   RO         1193    .ARM.Collect$$libshutdown$$00000003  c_w.l(libshutdown2.o)
    0x0000018a   0x00000000   Code   RO         1196    .ARM.Collect$$libshutdown$$00000006  c_w.l(libshutdown2.o)
    0x0000018a   0x00000000   Code   RO         1199    .ARM.Collect$$libshutdown$$00000009  c_w.l(libshutdown2.o)
    0x0000018a   0x00000000   Code   RO         1201    .ARM.Collect$$libshutdown$$0000000B  c_w.l(libshutdown2.o)
    0x0000018a   0x00000000   Code   RO         1204    .ARM.Collect$$libshutdown$$0000000E  c_w.l(libshutdown2.o)
    0x0000018a   0x00000002   Code   RO         1205    .ARM.Collect$$libshutdown$$0000000F  c_w.l(libshutdown2.o)
    0x0000018c   0x00000000   Code   RO         1081    .ARM.Collect$$rtentry$$00000000  c_w.l(rtentry.o)
    0x0000018c   0x00000000   Code   RO         1085    .ARM.Collect$$rtentry$$00000002  c_w.l(rtentry2.o)
    0x0000018c   0x00000006   Code   RO         1097    .ARM.Collect$$rtentry$$00000004  c_w.l(rtentry4.o)
    0x00000192   0x00000000   Code   RO         1087    .ARM.Collect$$rtentry$$00000009  c_w.l(rtentry2.o)
    0x00000192   0x00000004   Code   RO         1088    .ARM.Collect$$rtentry$$0000000A  c_w.l(rtentry2.o)
    0x00000196   0x00000000   Code   RO         1090    .ARM.Collect$$rtentry$$0000000C  c_w.l(rtentry2.o)
    0x00000196   0x00000008   Code   RO         1091    .ARM.Collect$$rtentry$$0000000D  c_w.l(rtentry2.o)
    0x0000019e   0x00000002   Code   RO         1112    .ARM.Collect$$rtexit$$00000000  c_w.l(rtexit.o)
    0x000001a0   0x00000000   Code   RO         1158    .ARM.Collect$$rtexit$$00000002  c_w.l(rtexit2.o)
    0x000001a0   0x00000004   Code   RO         1159    .ARM.Collect$$rtexit$$00000003  c_w.l(rtexit2.o)
    0x000001a4   0x00000006   Code   RO         1160    .ARM.Collect$$rtexit$$00000004  c_w.l(rtexit2.o)
    0x000001aa   0x00000002   PAD
    0x000001ac   0x0000003c   Code   RO            5    .text               startup_lpc17xx.o
    0x000001e8   0x00000010   Code   RO           51    .text               main.o
    0x000001f8   0x0000002c   Code   RO          151    .text               delay.o
    0x00000224   0x000000d0   Code   RO          299    .text               ctimedef.o
    0x000002f4   0x00000006   Code   RO         1077    .text               c_w.l(heapauxi.o)
    0x000002fa   0x00000002   Code   RO         1182    .text               c_w.l(use_no_semi.o)
    0x000002fc   0x00000004   Code   RO            4    .ARM.__at_0x02FC    startup_lpc17xx.o
    0x00000300   0x00000234   Code   RO           27    .text               system_lpc17xx.o
    0x00000534   0x0000054c   Code   RO          136    .text               ssp.o
    0x00000a80   0x000004a4   Code   RO          172    .text               i2c.o
    0x00000f24   0x000006d0   Code   RO          196    .text               uart.o
    0x000015f4   0x000001d0   Code   RO          236    .text               gpioinit.o
    0x000017c4   0x00000238   Code   RO          251    .text               extint.o
    0x000019fc   0x000004b4   Code   RO          275    .text               ctime.o
    0x00001eb0   0x000000d4   Code   RO          317    .text               pwm.o
    0x00001f84   0x000008a4   Code   RO          338    .text               lcd.o
    0x00002828   0x000005a0   Code   RO          368    .text               pcf8563.o
    0x00002dc8   0x00000244   Code   RO          386    .text               key.o
    0x0000300c   0x000001a0   Code   RO          408    .text               cled.o
    0x000031ac   0x00000068   Code   RO          420    .text               crelay.o
    0x00003214   0x00000430   Code   RO          451    .text               cgrapparam.o
    0x00003644   0x00000038   Code   RO          469    .text               csetcurrent.o
    0x0000367c   0x0000060c   Code   RO          481    .text               cflashparam.o
    0x00003c88   0x00000204   Code   RO          500    .text               csendtoflash.o
    0x00003e8c   0x000000dc   Code   RO          518    .text               cgetcompsum.o
    0x00003f68   0x000000d0   Code   RO          552    .text               cspeaker.o
    0x00004038   0x00000050   Code   RO          564    .text               cintstend.o
    0x00004088   0x000000a4   Code   RO          576    .text               initialization.o
    0x0000412c   0x0000071e   Code   RO          588    .text               alarmenu.o
    0x0000484a   0x00000002   PAD
    0x0000484c   0x000006bc   Code   RO          600    .text               batterylow.o
    0x00004f08   0x000006b8   Code   RO          612    .text               breakdown.o
    0x000055c0   0x000001cc   Code   RO          624    .text               checkmenu.o
    0x0000578c   0x00000570   Code   RO          639    .text               mainmenu.o
    0x00005cfc   0x00000388   Code   RO          651    .text               setmenu.o
    0x00006084   0x000002a4   Code   RO          663    .text               startmenu.o
    0x00006328   0x000001dc   Code   RO          676    .text               testmenu.o
    0x00006504   0x000003cc   Code   RO          688    .text               clocalset.o
    0x000068d0   0x0000052c   Code   RO          700    .text               ccompreg.o
    0x00006dfc   0x000004c8   Code   RO          712    .text               ccompset.o
    0x000072c4   0x00000a88   Code   RO          724    .text               cdatemod.o
    0x00007d4c   0x000003f0   Code   RO          737    .text               cannotate.o
    0x0000813c   0x000006d2   Code   RO          749    .text               ccompstat.o
    0x0000880e   0x00000002   PAD
    0x00008810   0x00000300   Code   RO          762    .text               csyscheck.o
    0x00008b10   0x00000490   Code   RO          774    .text               ccompinten.o
    0x00008fa0   0x000007d6   Code   RO          789    .text               chistorylist.o
    0x00009776   0x00000002   PAD
    0x00009778   0x00000078   Code   RO          804    .text               ctestself.o
    0x000097f0   0x000000ac   Code   RO          816    .text               cmodelfault.o
    0x0000989c   0x00000044   Code   RO          828    .text               csysreset.o
    0x000098e0   0x00000f2c   Code   RO          840    .text               ccomhandle.o
    0x0000a80c   0x00000474   Code   RO          878    .text               ccompara.o
    0x0000ac80   0x000003cc   Code   RO          903    .text               caddresscount.o
    0x0000b04c   0x0000008c   Code   RO          919    .text               csendto195.o
    0x0000b0d8   0x000007f8   Code   RO          934    .text               runfunction.o
    0x0000b8d0   0x00000440   Code   RO          953    .text               tasklist.o
    0x0000bd10   0x00000d5c   Code   RO          971    .text               ctasksure.o
    0x0000ca6c   0x00000160   Code   RO          997    .text               cgetgrap.o
    0x0000cbcc   0x0000022c   Code   RO         1009    .text               ctaskreturn.o
    0x0000cdf8   0x000000d8   Code   RO         1024    .text               ckeycounter.o
    0x0000ced0   0x000007f4   Code   RO         1042    .text               ctaskdown.o
    0x0000d6c4   0x000005b0   Code   RO         1058    .text               ctaskup.o
    0x0000dc74   0x00000064   Code   RO         1073    .text               c_w.l(rt_memcpy_w.o)
    0x0000dcd8   0x0000004a   Code   RO         1099    .text               c_w.l(sys_stackheap_outer.o)
    0x0000dd22   0x0000000c   Code   RO         1101    .text               c_w.l(exit.o)
    0x0000dd2e   0x00000002   PAD
    0x0000dd30   0x00000008   Code   RO         1109    .text               c_w.l(libspace.o)
    0x0000dd38   0x00000008   Code   RO         1167    .text               c_w.l(rt_fp_status_addr_intlibspace.o)
    0x0000dd40   0x0000000c   Code   RO         1171    .text               c_w.l(sys_exit.o)
    0x0000dd4c   0x00000000   Code   RO         1184    .text               c_w.l(indicate_semi.o)
    0x0000dd4c   0x0000000e   Code   RO         1155    x$fpl$fpinit        fz_ws.l(fpinit.o)
    0x0000dd5a   0x00040c80   Data   RO          339    .constdata          lcd.o
    0x0004e9da   0x00000002   PAD
    0x0004e9dc   0x00000041   Data   RO          750    .constdata          ccompstat.o
    0x0004ea1d   0x00000003   PAD
    0x0004ea20   0x00000020   Data   RO         1236    Region$$Table       anon$$obj.o


    Execution Region RW_IRAM1 (Base: 0x10000000, Size: 0x00006e78, Max: 0x00010000, ABSOLUTE, COMPRESSED[0x000002c8])

    Base Addr    Size         Type   Attr      Idx    E Section Name        Object

    0x10000000   0x00000004   Data   RW           28    .data               system_lpc17xx.o
    0x10000004   0x00000004   Data   RW          152    .data               delay.o
    0x10000008   0x00000016   Data   RW          173    .data               i2c.o
    0x1000001e   0x0000000c   Data   RW          198    .data               uart.o
    0x1000002a   0x00000002   PAD
    0x1000002c   0x00000008   Data   RW          252    .data               extint.o
    0x10000034   0x00000018   Data   RW          276    .data               ctime.o
    0x1000004c   0x00000018   Data   RW          300    .data               ctimedef.o
    0x10000064   0x00000008   Data   RW          318    .data               pwm.o
    0x1000006c   0x00000560   Data   RW          340    .data               lcd.o
    0x100005cc   0x00000008   Data   RW          369    .data               pcf8563.o
    0x100005d4   0x00000008   Data   RW          388    .data               key.o
    0x100005dc   0x0000002c   Data   RW          452    .data               cgrapparam.o
    0x10000608   0x00000006   Data   RW          483    .data               cflashparam.o
    0x1000060e   0x00000001   Data   RW          775    .data               ccompinten.o
    0x1000060f   0x00000001   PAD
    0x10000610   0x00000036   Data   RW          842    .data               ccomhandle.o
    0x10000646   0x00000002   PAD
    0x10000648   0x0000001f   Data   RW          880    .data               ccompara.o
    0x10000667   0x00000005   Data   RW          905    .data               caddresscount.o
    0x1000066c   0x0000000d   Data   RW          935    .data               runfunction.o
    0x10000679   0x00000001   PAD
    0x1000067a   0x0000000e   Data   RW          973    .data               ctasksure.o
    0x10000688   0x00000006   Data   RW         1025    .data               ckeycounter.o
    0x1000068e   0x00000002   PAD
    0x10000690   0x00000008   Data   RW         1043    .data               ctaskdown.o
    0x10000698   0x00001d6b   Zero   RW          197    .bss                uart.o
    0x10002403   0x00000001   PAD
    0x10002404   0x00000018   Zero   RW          387    .bss                key.o
    0x1000241c   0x000043a4   Zero   RW          482    .bss                cflashparam.o
    0x100067c0   0x00000064   Zero   RW          501    .bss                csendtoflash.o
    0x10006824   0x000000b1   Zero   RW          841    .bss                ccomhandle.o
    0x100068d5   0x0000023a   Zero   RW          879    .bss                ccompara.o
    0x10006b0f   0x00000096   Zero   RW          904    .bss                caddresscount.o
    0x10006ba5   0x0000000f   Zero   RW          920    .bss                csendto195.o
    0x10006bb4   0x00000064   Zero   RW          972    .bss                ctasksure.o
    0x10006c18   0x00000060   Zero   RW         1110    .bss                c_w.l(libspace.o)
    0x10006c78   0x00000000   Zero   RW            2    HEAP                startup_lpc17xx.o
    0x10006c78   0x00000200   Zero   RW            1    STACK               startup_lpc17xx.o


    Execution Region RW_IRAM2 (Base: 0x2007c000, Size: 0x00000000, Max: 0x00008000, ABSOLUTE)

    **** No section assigned to this execution region ****


==============================================================================

Image component sizes


      Code (inc. data)   RO Data    RW Data    ZI Data      Debug   Object Name

      1822         44          0          0          0       1425   alarmenu.o
      1724         46          0          0          0       1366   batterylow.o
      1720         42          0          0          0       1360   breakdown.o
       972         34          0          5        150       3523   caddresscount.o
      1008         16          0          0          0       1132   cannotate.o
      3884        184          0         54        177      11189   ccomhandle.o
      1140         92          0         31        570       8716   ccompara.o
      1168         58          0          1          0       1479   ccompinten.o
      1324         30          0          0          0        987   ccompreg.o
      1224         48          0          0          0       1390   ccompset.o
      1746          4         65          0          0       1468   ccompstat.o
      2696         48          0          0          0       1271   cdatemod.o
      1548         48          0          6      17316      10183   cflashparam.o
       220         12          0          0          0        841   cgetcompsum.o
       352         18          0          0          0       1222   cgetgrap.o
      1072        116          0         44          0      13930   cgrapparam.o
       460         28          0          0          0        609   checkmenu.o
      2006         72          0          0          0       2339   chistorylist.o
        80         10          0          0          0        526   cintstend.o
       216         16          0          6          0       3383   ckeycounter.o
       416          8          0          0          0       2190   cled.o
       972         32          0          0          0        901   clocalset.o
       172         16          0          0          0        444   cmodelfault.o
         0          0          0          0          0       4156   core_cm3.o
       104         10          0          0          0        765   crelay.o
       140          6          0          0         15       1592   csendto195.o
       516          4          0          0        100       2126   csendtoflash.o
        56          4          0          0          0        549   csetcurrent.o
       208          6          0          0          0        951   cspeaker.o
       768         24          0          0          0        780   csyscheck.o
        68          8          0          0          0        432   csysreset.o
      2036         18          0          8          0       2665   ctaskdown.o
       556         26          0          0          0       6371   ctaskreturn.o
      3420        102          0         14        100      10671   ctasksure.o
      1456          4          0          0          0       1761   ctaskup.o
       120         12          0          0          0        440   ctestself.o
      1204         84          0         24          0       8955   ctime.o
       208         18          0         24          0       2845   ctimedef.o
        44          6          0          4          0       2656   delay.o
       568         62          0          8          0       8197   extint.o
       464         18          0          0          0        547   gpioinit.o
      1188         92          0         22          0       8859   i2c.o
       164          6          0          0          0        634   initialization.o
       580         12          0          8         24       1962   key.o
      2212         26     265344       1376          0       8993   lcd.o
        16          0          0          0          0      57075   main.o
      1392         92          0          0          0       1431   mainmenu.o
      1440         12          0          8          0       4444   pcf8563.o
       212         20          0          8          0       6409   pwm.o
      2040         70          0         13          0       2854   runfunction.o
       904         46          0          0          0        951   setmenu.o
      1356         34          0          0          0       5397   ssp.o
       676         22          0          0          0        525   startmenu.o
        64         26        204          0        512        908   startup_lpc17xx.o
       564         60          0          4          0      57589   system_lpc17xx.o
      1088          4          0          0          0       1593   tasklist.o
       476         22          0          0          0        727   testmenu.o
      1744         92          0         12       7531      69221   uart.o

    ----------------------------------------------------------------------
     56000       2070     265650       1688      26496     357905   Object Totals
         0          0         32          0          0          0   (incl. Generated)
         6          0          5          8          1          0   (incl. Padding)

    ----------------------------------------------------------------------

      Code (inc. data)   RO Data    RW Data    ZI Data      Debug   Library Member Name

        90          0          0          0          0          0   __dczerorl2.o
         8          0          0          0          0         68   __main.o
        52          8          0          0          0          0   __scatter.o
        28          0          0          0          0          0   __scatter_zi.o
        12          0          0          0          0         72   exit.o
         6          0          0          0          0        152   heapauxi.o
         0          0          0          0          0          0   indicate_semi.o
         6          0          0          0          0          0   libinit.o
         2          0          0          0          0          0   libinit2.o
         2          0          0          0          0          0   libshutdown.o
         2          0          0          0          0          0   libshutdown2.o
         8          4          0          0         96         68   libspace.o
         8          4          0          0          0         68   rt_fp_status_addr_intlibspace.o
       100          0          0          0          0         80   rt_memcpy_w.o
         0          0          0          0          0          0   rtentry.o
        12          0          0          0          0          0   rtentry2.o
         6          0          0          0          0          0   rtentry4.o
         2          0          0          0          0          0   rtexit.o
        10          0          0          0          0          0   rtexit2.o
        12          4          0          0          0         68   sys_exit.o
        74          0          0          0          0         80   sys_stackheap_outer.o
         2          0          0          0          0         68   use_no_semi.o
        14          0          0          0          0         76   fpinit.o

    ----------------------------------------------------------------------
       462         20          0          0         96        800   Library Totals
         6          0          0          0          0          0   (incl. Padding)

    ----------------------------------------------------------------------

      Code (inc. data)   RO Data    RW Data    ZI Data      Debug   Library Name

       442         20          0          0         96        724   c_w.l
        14          0          0          0          0         76   fz_ws.l

    ----------------------------------------------------------------------
       462         20          0          0         96        800   Library Totals

    ----------------------------------------------------------------------

==============================================================================


      Code (inc. data)   RO Data    RW Data    ZI Data      Debug   

     56462       2090     265650       1688      26592     352829   Grand Totals
     56462       2090     265650        712      26592     352829   ELF Image Totals (compressed)
     56462       2090     265650        712          0          0   ROM Totals

==============================================================================

    Total RO  Size (Code + RO Data)               322112 ( 314.56kB)
    Total RW  Size (RW Data + ZI Data)             28280 (  27.62kB)
    Total ROM Size (Code + RO Data + RW Data)     322824 ( 315.26kB)

==============================================================================

