<!doctype html public "-//w3c//dtd html 4.0 transitional//en">
<html><head>
<title>Static Call Graph - [.\output\139W.axf]</title></head>
<body><HR>
<H1>Static Call Graph for image .\output\139W.axf</H1><HR>
<BR><P>#&#060CALLGRAPH&#062# ARM Linker, 4.1 [Build 894]: Last Updated: Thu Apr 24 09:25:24 2014
<BR><P>
<H3>Maximum Stack Usage =        352 bytes + Unknown(Functions without stacksize, Cycles, Untraceable Function Pointers)</H3><H3>
Call chain for Maximum Stack Depth:</H3>
__rt_entry_main &rArr; main &rArr; do_CRunCtrl &rArr; DisplayKeyMenu &rArr; Systemp_Task &rArr; Down_Task &rArr; Level3_Down &rArr; Level32_Down &rArr; query_compstatus_ok &rArr; CompStat_Menu &rArr; menu_comp_noreg &rArr; DisplayJBHZK &rArr; SetColumn &rArr; SendCommandToLCD &rArr; CheckState &rArr; DATAout
<P>
<H3>
Functions with no stack information
</H3><UL>
 <LI><a href="#[356]">__user_initial_stackheap</a>
</UL>
</UL>
<P>
<H3>
Mutually Recursive functions
</H3> <LI><a href="#[3]">NMI_Handler</a>&nbsp;&nbsp;&nbsp;&rArr;&nbsp;&nbsp;&nbsp;<a href="#[3]">NMI_Handler</a><BR>
 <LI><a href="#[4]">HardFault_Handler</a>&nbsp;&nbsp;&nbsp;&rArr;&nbsp;&nbsp;&nbsp;<a href="#[4]">HardFault_Handler</a><BR>
 <LI><a href="#[5]">MemManage_Handler</a>&nbsp;&nbsp;&nbsp;&rArr;&nbsp;&nbsp;&nbsp;<a href="#[5]">MemManage_Handler</a><BR>
 <LI><a href="#[6]">BusFault_Handler</a>&nbsp;&nbsp;&nbsp;&rArr;&nbsp;&nbsp;&nbsp;<a href="#[6]">BusFault_Handler</a><BR>
 <LI><a href="#[7]">UsageFault_Handler</a>&nbsp;&nbsp;&nbsp;&rArr;&nbsp;&nbsp;&nbsp;<a href="#[7]">UsageFault_Handler</a><BR>
 <LI><a href="#[8]">SVC_Handler</a>&nbsp;&nbsp;&nbsp;&rArr;&nbsp;&nbsp;&nbsp;<a href="#[8]">SVC_Handler</a><BR>
 <LI><a href="#[9]">DebugMon_Handler</a>&nbsp;&nbsp;&nbsp;&rArr;&nbsp;&nbsp;&nbsp;<a href="#[9]">DebugMon_Handler</a><BR>
 <LI><a href="#[a]">PendSV_Handler</a>&nbsp;&nbsp;&nbsp;&rArr;&nbsp;&nbsp;&nbsp;<a href="#[a]">PendSV_Handler</a><BR>
 <LI><a href="#[22]">ADC_IRQHandler</a>&nbsp;&nbsp;&nbsp;&rArr;&nbsp;&nbsp;&nbsp;<a href="#[22]">ADC_IRQHandler</a><BR>
</UL>
<P>
<H3>
Function Pointers
</H3><UL>
 <LI><a href="#[22]">ADC_IRQHandler</a> from startup_lpc17xx.o(.text) referenced from startup_lpc17xx.o(RESET)
 <LI><a href="#[23]">BOD_IRQHandler</a> from startup_lpc17xx.o(.text) referenced from startup_lpc17xx.o(RESET)
 <LI><a href="#[6]">BusFault_Handler</a> from startup_lpc17xx.o(.text) referenced from startup_lpc17xx.o(RESET)
 <LI><a href="#[2e]">CANActivity_IRQHandler</a> from startup_lpc17xx.o(.text) referenced from startup_lpc17xx.o(RESET)
 <LI><a href="#[25]">CAN_IRQHandler</a> from startup_lpc17xx.o(.text) referenced from startup_lpc17xx.o(RESET)
 <LI><a href="#[26]">DMA_IRQHandler</a> from startup_lpc17xx.o(.text) referenced from startup_lpc17xx.o(RESET)
 <LI><a href="#[9]">DebugMon_Handler</a> from startup_lpc17xx.o(.text) referenced from startup_lpc17xx.o(RESET)
 <LI><a href="#[1e]">EINT0_IRQHandler</a> from startup_lpc17xx.o(.text) referenced from startup_lpc17xx.o(RESET)
 <LI><a href="#[1f]">EINT1_IRQHandler</a> from extint.o(.text) referenced from startup_lpc17xx.o(RESET)
 <LI><a href="#[20]">EINT2_IRQHandler</a> from startup_lpc17xx.o(.text) referenced from startup_lpc17xx.o(RESET)
 <LI><a href="#[21]">EINT3_IRQHandler</a> from cgpioirq.o(.text) referenced from startup_lpc17xx.o(RESET)
 <LI><a href="#[28]">ENET_IRQHandler</a> from startup_lpc17xx.o(.text) referenced from startup_lpc17xx.o(RESET)
 <LI><a href="#[4]">HardFault_Handler</a> from startup_lpc17xx.o(.text) referenced from startup_lpc17xx.o(RESET)
 <LI><a href="#[16]">I2C0_IRQHandler</a> from i2c.o(.text) referenced from startup_lpc17xx.o(RESET)
 <LI><a href="#[17]">I2C1_IRQHandler</a> from startup_lpc17xx.o(.text) referenced from startup_lpc17xx.o(RESET)
 <LI><a href="#[18]">I2C2_IRQHandler</a> from startup_lpc17xx.o(.text) referenced from startup_lpc17xx.o(RESET)
 <LI><a href="#[27]">I2S_IRQHandler</a> from startup_lpc17xx.o(.text) referenced from startup_lpc17xx.o(RESET)
 <LI><a href="#[2a]">MCPWM_IRQHandler</a> from startup_lpc17xx.o(.text) referenced from startup_lpc17xx.o(RESET)
 <LI><a href="#[5]">MemManage_Handler</a> from startup_lpc17xx.o(.text) referenced from startup_lpc17xx.o(RESET)
 <LI><a href="#[3]">NMI_Handler</a> from startup_lpc17xx.o(.text) referenced from startup_lpc17xx.o(RESET)
 <LI><a href="#[1c]">PLL0_IRQHandler</a> from startup_lpc17xx.o(.text) referenced from startup_lpc17xx.o(RESET)
 <LI><a href="#[2c]">PLL1_IRQHandler</a> from startup_lpc17xx.o(.text) referenced from startup_lpc17xx.o(RESET)
 <LI><a href="#[15]">PWM1_IRQHandler</a> from pwm.o(.text) referenced from startup_lpc17xx.o(RESET)
 <LI><a href="#[a]">PendSV_Handler</a> from startup_lpc17xx.o(.text) referenced from startup_lpc17xx.o(RESET)
 <LI><a href="#[2b]">QEI_IRQHandler</a> from startup_lpc17xx.o(.text) referenced from startup_lpc17xx.o(RESET)
 <LI><a href="#[29]">RIT_IRQHandler</a> from startup_lpc17xx.o(.text) referenced from startup_lpc17xx.o(RESET)
 <LI><a href="#[1d]">RTC_IRQHandler</a> from startup_lpc17xx.o(.text) referenced from startup_lpc17xx.o(RESET)
 <LI><a href="#[2]">Reset_Handler</a> from startup_lpc17xx.o(.text) referenced from startup_lpc17xx.o(RESET)
 <LI><a href="#[19]">SPI_IRQHandler</a> from startup_lpc17xx.o(.text) referenced from startup_lpc17xx.o(RESET)
 <LI><a href="#[1a]">SSP0_IRQHandler</a> from startup_lpc17xx.o(.text) referenced from startup_lpc17xx.o(RESET)
 <LI><a href="#[1b]">SSP1_IRQHandler</a> from startup_lpc17xx.o(.text) referenced from startup_lpc17xx.o(RESET)
 <LI><a href="#[8]">SVC_Handler</a> from startup_lpc17xx.o(.text) referenced from startup_lpc17xx.o(RESET)
 <LI><a href="#[b]">SysTick_Handler</a> from delay.o(.text) referenced from startup_lpc17xx.o(RESET)
 <LI><a href="#[2f]">SystemInit</a> from system_lpc17xx.o(.text) referenced from startup_lpc17xx.o(.text)
 <LI><a href="#[d]">TIMER0_IRQHandler</a> from ctime.o(.text) referenced from startup_lpc17xx.o(RESET)
 <LI><a href="#[e]">TIMER1_IRQHandler</a> from ctime.o(.text) referenced from startup_lpc17xx.o(RESET)
 <LI><a href="#[f]">TIMER2_IRQHandler</a> from ctime.o(.text) referenced from startup_lpc17xx.o(RESET)
 <LI><a href="#[10]">TIMER3_IRQHandler</a> from startup_lpc17xx.o(.text) referenced from startup_lpc17xx.o(RESET)
 <LI><a href="#[11]">UART0_IRQHandler</a> from uart.o(.text) referenced from startup_lpc17xx.o(RESET)
 <LI><a href="#[12]">UART1_IRQHandler</a> from uart.o(.text) referenced from startup_lpc17xx.o(RESET)
 <LI><a href="#[13]">UART2_IRQHandler</a> from startup_lpc17xx.o(.text) referenced from startup_lpc17xx.o(RESET)
 <LI><a href="#[14]">UART3_IRQHandler</a> from startup_lpc17xx.o(.text) referenced from startup_lpc17xx.o(RESET)
 <LI><a href="#[2d]">USBActivity_IRQHandler</a> from startup_lpc17xx.o(.text) referenced from startup_lpc17xx.o(RESET)
 <LI><a href="#[24]">USB_IRQHandler</a> from startup_lpc17xx.o(.text) referenced from startup_lpc17xx.o(RESET)
 <LI><a href="#[7]">UsageFault_Handler</a> from startup_lpc17xx.o(.text) referenced from startup_lpc17xx.o(RESET)
 <LI><a href="#[c]">WDT_IRQHandler</a> from startup_lpc17xx.o(.text) referenced from startup_lpc17xx.o(RESET)
 <LI><a href="#[31]">__main</a> from __main.o(!!!main) referenced from startup_lpc17xx.o(.text)
</UL>
<P>
<H3>
Global Symbols
</H3>
<P><STRONG><a name="[31]"></a>__main</STRONG> (Thumb, 8 bytes, Stack size 0 bytes, __main.o(!!!main))
<BR><BR>[Calls]<UL><LI><a href="#[32]">&gt;&gt;</a>&nbsp;&nbsp;&nbsp;__scatterload
<LI><a href="#[33]">&gt;&gt;</a>&nbsp;&nbsp;&nbsp;__rt_entry
</UL>

<P><STRONG><a name="[32]"></a>__scatterload</STRONG> (Thumb, 0 bytes, Stack size unknown bytes, __scatter.o(!!!scatter))
<BR><BR>[Called By]<UL><LI><a href="#[31]">&gt;&gt;</a>&nbsp;&nbsp;&nbsp;__main
</UL>

<P><STRONG><a name="[34]"></a>__scatterload_rt2</STRONG> (Thumb, 44 bytes, Stack size unknown bytes, __scatter.o(!!!scatter), UNUSED)
<BR><BR>[Calls]<UL><LI><a href="#[33]">&gt;&gt;</a>&nbsp;&nbsp;&nbsp;__rt_entry
</UL>

<P><STRONG><a name="[358]"></a>__scatterload_rt2_thumb_only</STRONG> (Thumb, 0 bytes, Stack size unknown bytes, __scatter.o(!!!scatter), UNUSED)

<P><STRONG><a name="[359]"></a>__scatterload_null</STRONG> (Thumb, 0 bytes, Stack size unknown bytes, __scatter.o(!!!scatter), UNUSED)

<P><STRONG><a name="[35a]"></a>__decompress</STRONG> (Thumb, 90 bytes, Stack size unknown bytes, __dczerorl2.o(!!dczerorl2), UNUSED)

<P><STRONG><a name="[35b]"></a>__decompress1</STRONG> (Thumb, 0 bytes, Stack size unknown bytes, __dczerorl2.o(!!dczerorl2), UNUSED)

<P><STRONG><a name="[35c]"></a>__scatterload_zeroinit</STRONG> (Thumb, 28 bytes, Stack size unknown bytes, __scatter_zi.o(!!handler_zi), UNUSED)

<P><STRONG><a name="[35]"></a>__rt_lib_init</STRONG> (Thumb, 0 bytes, Stack size unknown bytes, libinit.o(.ARM.Collect$$libinit$$00000000))
<BR><BR>[Stack]<UL><LI>Max Depth = 8 + Unknown Stack Size
<LI>Call Chain = __rt_lib_init &rArr; _fp_init
</UL>
<BR>[Calls]<UL><LI><a href="#[36]">&gt;&gt;</a>&nbsp;&nbsp;&nbsp;_fp_init
</UL>
<BR>[Called By]<UL><LI><a href="#[39]">&gt;&gt;</a>&nbsp;&nbsp;&nbsp;__rt_entry_li
</UL>

<P><STRONG><a name="[35d]"></a>__rt_lib_init_alloca_1</STRONG> (Thumb, 0 bytes, Stack size unknown bytes, libinit2.o(.ARM.Collect$$libinit$$0000002A))

<P><STRONG><a name="[35e]"></a>__rt_lib_init_argv_1</STRONG> (Thumb, 0 bytes, Stack size unknown bytes, libinit2.o(.ARM.Collect$$libinit$$00000028))

<P><STRONG><a name="[35f]"></a>__rt_lib_init_atexit_1</STRONG> (Thumb, 0 bytes, Stack size unknown bytes, libinit2.o(.ARM.Collect$$libinit$$00000017))

<P><STRONG><a name="[360]"></a>__rt_lib_init_clock_1</STRONG> (Thumb, 0 bytes, Stack size unknown bytes, libinit2.o(.ARM.Collect$$libinit$$0000001D))

<P><STRONG><a name="[361]"></a>__rt_lib_init_cpp_1</STRONG> (Thumb, 0 bytes, Stack size unknown bytes, libinit2.o(.ARM.Collect$$libinit$$0000002E))

<P><STRONG><a name="[362]"></a>__rt_lib_init_exceptions_1</STRONG> (Thumb, 0 bytes, Stack size unknown bytes, libinit2.o(.ARM.Collect$$libinit$$0000002C))

<P><STRONG><a name="[363]"></a>__rt_lib_init_fp_trap_1</STRONG> (Thumb, 0 bytes, Stack size unknown bytes, libinit2.o(.ARM.Collect$$libinit$$0000001B))

<P><STRONG><a name="[364]"></a>__rt_lib_init_getenv_1</STRONG> (Thumb, 0 bytes, Stack size unknown bytes, libinit2.o(.ARM.Collect$$libinit$$0000001F))

<P><STRONG><a name="[365]"></a>__rt_lib_init_heap_1</STRONG> (Thumb, 0 bytes, Stack size unknown bytes, libinit2.o(.ARM.Collect$$libinit$$00000006))

<P><STRONG><a name="[366]"></a>__rt_lib_init_lc_collate_1</STRONG> (Thumb, 0 bytes, Stack size unknown bytes, libinit2.o(.ARM.Collect$$libinit$$0000000D))

<P><STRONG><a name="[367]"></a>__rt_lib_init_lc_ctype_1</STRONG> (Thumb, 0 bytes, Stack size unknown bytes, libinit2.o(.ARM.Collect$$libinit$$0000000F))

<P><STRONG><a name="[368]"></a>__rt_lib_init_lc_monetary_1</STRONG> (Thumb, 0 bytes, Stack size unknown bytes, libinit2.o(.ARM.Collect$$libinit$$00000011))

<P><STRONG><a name="[369]"></a>__rt_lib_init_lc_numeric_1</STRONG> (Thumb, 0 bytes, Stack size unknown bytes, libinit2.o(.ARM.Collect$$libinit$$00000013))

<P><STRONG><a name="[36a]"></a>__rt_lib_init_lc_time_1</STRONG> (Thumb, 0 bytes, Stack size unknown bytes, libinit2.o(.ARM.Collect$$libinit$$00000015))

<P><STRONG><a name="[36b]"></a>__rt_lib_init_rand_1</STRONG> (Thumb, 0 bytes, Stack size unknown bytes, libinit2.o(.ARM.Collect$$libinit$$0000000A))

<P><STRONG><a name="[36c]"></a>__rt_lib_init_return</STRONG> (Thumb, 0 bytes, Stack size unknown bytes, libinit2.o(.ARM.Collect$$libinit$$0000002F))

<P><STRONG><a name="[36d]"></a>__rt_lib_init_signal_1</STRONG> (Thumb, 0 bytes, Stack size unknown bytes, libinit2.o(.ARM.Collect$$libinit$$00000019))

<P><STRONG><a name="[36e]"></a>__rt_lib_init_stdio_1</STRONG> (Thumb, 0 bytes, Stack size unknown bytes, libinit2.o(.ARM.Collect$$libinit$$00000021))

<P><STRONG><a name="[36f]"></a>__rt_lib_init_user_alloc_1</STRONG> (Thumb, 0 bytes, Stack size unknown bytes, libinit2.o(.ARM.Collect$$libinit$$00000008))

<P><STRONG><a name="[3e]"></a>__rt_lib_shutdown</STRONG> (Thumb, 0 bytes, Stack size unknown bytes, libshutdown.o(.ARM.Collect$$libshutdown$$00000000))
<BR><BR>[Called By]<UL><LI><a href="#[3d]">&gt;&gt;</a>&nbsp;&nbsp;&nbsp;__rt_exit_ls
</UL>

<P><STRONG><a name="[370]"></a>__rt_lib_shutdown_fp_trap_1</STRONG> (Thumb, 0 bytes, Stack size unknown bytes, libshutdown2.o(.ARM.Collect$$libshutdown$$00000006))

<P><STRONG><a name="[371]"></a>__rt_lib_shutdown_heap_1</STRONG> (Thumb, 0 bytes, Stack size unknown bytes, libshutdown2.o(.ARM.Collect$$libshutdown$$0000000E))

<P><STRONG><a name="[372]"></a>__rt_lib_shutdown_return</STRONG> (Thumb, 0 bytes, Stack size unknown bytes, libshutdown2.o(.ARM.Collect$$libshutdown$$0000000F))

<P><STRONG><a name="[373]"></a>__rt_lib_shutdown_signal_1</STRONG> (Thumb, 0 bytes, Stack size unknown bytes, libshutdown2.o(.ARM.Collect$$libshutdown$$00000009))

<P><STRONG><a name="[374]"></a>__rt_lib_shutdown_stdio_1</STRONG> (Thumb, 0 bytes, Stack size unknown bytes, libshutdown2.o(.ARM.Collect$$libshutdown$$00000003))

<P><STRONG><a name="[375]"></a>__rt_lib_shutdown_user_alloc_1</STRONG> (Thumb, 0 bytes, Stack size unknown bytes, libshutdown2.o(.ARM.Collect$$libshutdown$$0000000B))

<P><STRONG><a name="[33]"></a>__rt_entry</STRONG> (Thumb, 0 bytes, Stack size unknown bytes, rtentry.o(.ARM.Collect$$rtentry$$00000000))
<BR><BR>[Called By]<UL><LI><a href="#[34]">&gt;&gt;</a>&nbsp;&nbsp;&nbsp;__scatterload_rt2
<LI><a href="#[31]">&gt;&gt;</a>&nbsp;&nbsp;&nbsp;__main
</UL>

<P><STRONG><a name="[376]"></a>__rt_entry_presh_1</STRONG> (Thumb, 0 bytes, Stack size unknown bytes, rtentry2.o(.ARM.Collect$$rtentry$$00000002))

<P><STRONG><a name="[37]"></a>__rt_entry_sh</STRONG> (Thumb, 0 bytes, Stack size unknown bytes, rtentry4.o(.ARM.Collect$$rtentry$$00000004))
<BR><BR>[Stack]<UL><LI>Max Depth = 8 + Unknown Stack Size
<LI>Call Chain = __rt_entry_sh &rArr; __user_setup_stackheap
</UL>
<BR>[Calls]<UL><LI><a href="#[38]">&gt;&gt;</a>&nbsp;&nbsp;&nbsp;__user_setup_stackheap
</UL>

<P><STRONG><a name="[39]"></a>__rt_entry_li</STRONG> (Thumb, 0 bytes, Stack size unknown bytes, rtentry2.o(.ARM.Collect$$rtentry$$0000000A))
<BR><BR>[Stack]<UL><LI>Max Depth = 8 + Unknown Stack Size
<LI>Call Chain = __rt_entry_li &rArr; __rt_lib_init &rArr; _fp_init
</UL>
<BR>[Calls]<UL><LI><a href="#[35]">&gt;&gt;</a>&nbsp;&nbsp;&nbsp;__rt_lib_init
</UL>

<P><STRONG><a name="[377]"></a>__rt_entry_postsh_1</STRONG> (Thumb, 0 bytes, Stack size unknown bytes, rtentry2.o(.ARM.Collect$$rtentry$$00000009))

<P><STRONG><a name="[3a]"></a>__rt_entry_main</STRONG> (Thumb, 0 bytes, Stack size unknown bytes, rtentry2.o(.ARM.Collect$$rtentry$$0000000D))
<BR><BR>[Stack]<UL><LI>Max Depth = 352 + Unknown Stack Size
<LI>Call Chain = __rt_entry_main &rArr; main &rArr; do_CRunCtrl &rArr; DisplayKeyMenu &rArr; Systemp_Task &rArr; Down_Task &rArr; Level3_Down &rArr; Level32_Down &rArr; query_compstatus_ok &rArr; CompStat_Menu &rArr; menu_comp_noreg &rArr; DisplayJBHZK &rArr; SetColumn &rArr; SendCommandToLCD &rArr; CheckState &rArr; DATAout
</UL>
<BR>[Calls]<UL><LI><a href="#[3b]">&gt;&gt;</a>&nbsp;&nbsp;&nbsp;main
<LI><a href="#[3c]">&gt;&gt;</a>&nbsp;&nbsp;&nbsp;exit
</UL>

<P><STRONG><a name="[378]"></a>__rt_entry_postli_1</STRONG> (Thumb, 0 bytes, Stack size unknown bytes, rtentry2.o(.ARM.Collect$$rtentry$$0000000C))

<P><STRONG><a name="[4c]"></a>__rt_exit</STRONG> (Thumb, 0 bytes, Stack size unknown bytes, rtexit.o(.ARM.Collect$$rtexit$$00000000))
<BR><BR>[Called By]<UL><LI><a href="#[3c]">&gt;&gt;</a>&nbsp;&nbsp;&nbsp;exit
</UL>

<P><STRONG><a name="[3d]"></a>__rt_exit_ls</STRONG> (Thumb, 0 bytes, Stack size unknown bytes, rtexit2.o(.ARM.Collect$$rtexit$$00000003))
<BR><BR>[Calls]<UL><LI><a href="#[3e]">&gt;&gt;</a>&nbsp;&nbsp;&nbsp;__rt_lib_shutdown
</UL>

<P><STRONG><a name="[379]"></a>__rt_exit_prels_1</STRONG> (Thumb, 0 bytes, Stack size unknown bytes, rtexit2.o(.ARM.Collect$$rtexit$$00000002))

<P><STRONG><a name="[3f]"></a>__rt_exit_exit</STRONG> (Thumb, 0 bytes, Stack size unknown bytes, rtexit2.o(.ARM.Collect$$rtexit$$00000004))
<BR><BR>[Calls]<UL><LI><a href="#[40]">&gt;&gt;</a>&nbsp;&nbsp;&nbsp;_sys_exit
</UL>

<P><STRONG><a name="[2]"></a>Reset_Handler</STRONG> (Thumb, 8 bytes, Stack size 0 bytes, startup_lpc17xx.o(.text))
<BR>[Address Reference Count : 1]<UL><LI> startup_lpc17xx.o(RESET)
</UL>
<P><STRONG><a name="[3]"></a>NMI_Handler</STRONG> (Thumb, 2 bytes, Stack size 0 bytes, startup_lpc17xx.o(.text))
<BR><BR>[Calls]<UL><LI><a href="#[3]">&gt;&gt;</a>&nbsp;&nbsp;&nbsp;NMI_Handler
</UL>
<BR>[Called By]<UL><LI><a href="#[3]">&gt;&gt;</a>&nbsp;&nbsp;&nbsp;NMI_Handler
</UL>
<BR>[Address Reference Count : 1]<UL><LI> startup_lpc17xx.o(RESET)
</UL>
<P><STRONG><a name="[4]"></a>HardFault_Handler</STRONG> (Thumb, 2 bytes, Stack size 0 bytes, startup_lpc17xx.o(.text))
<BR><BR>[Calls]<UL><LI><a href="#[4]">&gt;&gt;</a>&nbsp;&nbsp;&nbsp;HardFault_Handler
</UL>
<BR>[Called By]<UL><LI><a href="#[4]">&gt;&gt;</a>&nbsp;&nbsp;&nbsp;HardFault_Handler
</UL>
<BR>[Address Reference Count : 1]<UL><LI> startup_lpc17xx.o(RESET)
</UL>
<P><STRONG><a name="[5]"></a>MemManage_Handler</STRONG> (Thumb, 2 bytes, Stack size 0 bytes, startup_lpc17xx.o(.text))
<BR><BR>[Calls]<UL><LI><a href="#[5]">&gt;&gt;</a>&nbsp;&nbsp;&nbsp;MemManage_Handler
</UL>
<BR>[Called By]<UL><LI><a href="#[5]">&gt;&gt;</a>&nbsp;&nbsp;&nbsp;MemManage_Handler
</UL>
<BR>[Address Reference Count : 1]<UL><LI> startup_lpc17xx.o(RESET)
</UL>
<P><STRONG><a name="[6]"></a>BusFault_Handler</STRONG> (Thumb, 2 bytes, Stack size 0 bytes, startup_lpc17xx.o(.text))
<BR><BR>[Calls]<UL><LI><a href="#[6]">&gt;&gt;</a>&nbsp;&nbsp;&nbsp;BusFault_Handler
</UL>
<BR>[Called By]<UL><LI><a href="#[6]">&gt;&gt;</a>&nbsp;&nbsp;&nbsp;BusFault_Handler
</UL>
<BR>[Address Reference Count : 1]<UL><LI> startup_lpc17xx.o(RESET)
</UL>
<P><STRONG><a name="[7]"></a>UsageFault_Handler</STRONG> (Thumb, 2 bytes, Stack size 0 bytes, startup_lpc17xx.o(.text))
<BR><BR>[Calls]<UL><LI><a href="#[7]">&gt;&gt;</a>&nbsp;&nbsp;&nbsp;UsageFault_Handler
</UL>
<BR>[Called By]<UL><LI><a href="#[7]">&gt;&gt;</a>&nbsp;&nbsp;&nbsp;UsageFault_Handler
</UL>
<BR>[Address Reference Count : 1]<UL><LI> startup_lpc17xx.o(RESET)
</UL>
<P><STRONG><a name="[8]"></a>SVC_Handler</STRONG> (Thumb, 2 bytes, Stack size 0 bytes, startup_lpc17xx.o(.text))
<BR><BR>[Calls]<UL><LI><a href="#[8]">&gt;&gt;</a>&nbsp;&nbsp;&nbsp;SVC_Handler
</UL>
<BR>[Called By]<UL><LI><a href="#[8]">&gt;&gt;</a>&nbsp;&nbsp;&nbsp;SVC_Handler
</UL>
<BR>[Address Reference Count : 1]<UL><LI> startup_lpc17xx.o(RESET)
</UL>
<P><STRONG><a name="[9]"></a>DebugMon_Handler</STRONG> (Thumb, 2 bytes, Stack size 0 bytes, startup_lpc17xx.o(.text))
<BR><BR>[Calls]<UL><LI><a href="#[9]">&gt;&gt;</a>&nbsp;&nbsp;&nbsp;DebugMon_Handler
</UL>
<BR>[Called By]<UL><LI><a href="#[9]">&gt;&gt;</a>&nbsp;&nbsp;&nbsp;DebugMon_Handler
</UL>
<BR>[Address Reference Count : 1]<UL><LI> startup_lpc17xx.o(RESET)
</UL>
<P><STRONG><a name="[a]"></a>PendSV_Handler</STRONG> (Thumb, 2 bytes, Stack size 0 bytes, startup_lpc17xx.o(.text))
<BR><BR>[Calls]<UL><LI><a href="#[a]">&gt;&gt;</a>&nbsp;&nbsp;&nbsp;PendSV_Handler
</UL>
<BR>[Called By]<UL><LI><a href="#[a]">&gt;&gt;</a>&nbsp;&nbsp;&nbsp;PendSV_Handler
</UL>
<BR>[Address Reference Count : 1]<UL><LI> startup_lpc17xx.o(RESET)
</UL>
<P><STRONG><a name="[22]"></a>ADC_IRQHandler</STRONG> (Thumb, 0 bytes, Stack size 0 bytes, startup_lpc17xx.o(.text))
<BR><BR>[Calls]<UL><LI><a href="#[22]">&gt;&gt;</a>&nbsp;&nbsp;&nbsp;ADC_IRQHandler
</UL>
<BR>[Called By]<UL><LI><a href="#[22]">&gt;&gt;</a>&nbsp;&nbsp;&nbsp;ADC_IRQHandler
</UL>
<BR>[Address Reference Count : 1]<UL><LI> startup_lpc17xx.o(RESET)
</UL>
<P><STRONG><a name="[23]"></a>BOD_IRQHandler</STRONG> (Thumb, 0 bytes, Stack size 0 bytes, startup_lpc17xx.o(.text))
<BR>[Address Reference Count : 1]<UL><LI> startup_lpc17xx.o(RESET)
</UL>
<P><STRONG><a name="[2e]"></a>CANActivity_IRQHandler</STRONG> (Thumb, 0 bytes, Stack size 0 bytes, startup_lpc17xx.o(.text))
<BR>[Address Reference Count : 1]<UL><LI> startup_lpc17xx.o(RESET)
</UL>
<P><STRONG><a name="[25]"></a>CAN_IRQHandler</STRONG> (Thumb, 0 bytes, Stack size 0 bytes, startup_lpc17xx.o(.text))
<BR>[Address Reference Count : 1]<UL><LI> startup_lpc17xx.o(RESET)
</UL>
<P><STRONG><a name="[26]"></a>DMA_IRQHandler</STRONG> (Thumb, 0 bytes, Stack size 0 bytes, startup_lpc17xx.o(.text))
<BR>[Address Reference Count : 1]<UL><LI> startup_lpc17xx.o(RESET)
</UL>
<P><STRONG><a name="[1e]"></a>EINT0_IRQHandler</STRONG> (Thumb, 0 bytes, Stack size 0 bytes, startup_lpc17xx.o(.text))
<BR>[Address Reference Count : 1]<UL><LI> startup_lpc17xx.o(RESET)
</UL>
<P><STRONG><a name="[20]"></a>EINT2_IRQHandler</STRONG> (Thumb, 0 bytes, Stack size 0 bytes, startup_lpc17xx.o(.text))
<BR>[Address Reference Count : 1]<UL><LI> startup_lpc17xx.o(RESET)
</UL>
<P><STRONG><a name="[28]"></a>ENET_IRQHandler</STRONG> (Thumb, 0 bytes, Stack size 0 bytes, startup_lpc17xx.o(.text))
<BR>[Address Reference Count : 1]<UL><LI> startup_lpc17xx.o(RESET)
</UL>
<P><STRONG><a name="[17]"></a>I2C1_IRQHandler</STRONG> (Thumb, 0 bytes, Stack size 0 bytes, startup_lpc17xx.o(.text))
<BR>[Address Reference Count : 1]<UL><LI> startup_lpc17xx.o(RESET)
</UL>
<P><STRONG><a name="[18]"></a>I2C2_IRQHandler</STRONG> (Thumb, 0 bytes, Stack size 0 bytes, startup_lpc17xx.o(.text))
<BR>[Address Reference Count : 1]<UL><LI> startup_lpc17xx.o(RESET)
</UL>
<P><STRONG><a name="[27]"></a>I2S_IRQHandler</STRONG> (Thumb, 0 bytes, Stack size 0 bytes, startup_lpc17xx.o(.text))
<BR>[Address Reference Count : 1]<UL><LI> startup_lpc17xx.o(RESET)
</UL>
<P><STRONG><a name="[2a]"></a>MCPWM_IRQHandler</STRONG> (Thumb, 0 bytes, Stack size 0 bytes, startup_lpc17xx.o(.text))
<BR>[Address Reference Count : 1]<UL><LI> startup_lpc17xx.o(RESET)
</UL>
<P><STRONG><a name="[1c]"></a>PLL0_IRQHandler</STRONG> (Thumb, 0 bytes, Stack size 0 bytes, startup_lpc17xx.o(.text))
<BR>[Address Reference Count : 1]<UL><LI> startup_lpc17xx.o(RESET)
</UL>
<P><STRONG><a name="[2c]"></a>PLL1_IRQHandler</STRONG> (Thumb, 0 bytes, Stack size 0 bytes, startup_lpc17xx.o(.text))
<BR>[Address Reference Count : 1]<UL><LI> startup_lpc17xx.o(RESET)
</UL>
<P><STRONG><a name="[2b]"></a>QEI_IRQHandler</STRONG> (Thumb, 0 bytes, Stack size 0 bytes, startup_lpc17xx.o(.text))
<BR>[Address Reference Count : 1]<UL><LI> startup_lpc17xx.o(RESET)
</UL>
<P><STRONG><a name="[29]"></a>RIT_IRQHandler</STRONG> (Thumb, 0 bytes, Stack size 0 bytes, startup_lpc17xx.o(.text))
<BR>[Address Reference Count : 1]<UL><LI> startup_lpc17xx.o(RESET)
</UL>
<P><STRONG><a name="[1d]"></a>RTC_IRQHandler</STRONG> (Thumb, 0 bytes, Stack size 0 bytes, startup_lpc17xx.o(.text))
<BR>[Address Reference Count : 1]<UL><LI> startup_lpc17xx.o(RESET)
</UL>
<P><STRONG><a name="[19]"></a>SPI_IRQHandler</STRONG> (Thumb, 0 bytes, Stack size 0 bytes, startup_lpc17xx.o(.text))
<BR>[Address Reference Count : 1]<UL><LI> startup_lpc17xx.o(RESET)
</UL>
<P><STRONG><a name="[1a]"></a>SSP0_IRQHandler</STRONG> (Thumb, 0 bytes, Stack size 0 bytes, startup_lpc17xx.o(.text))
<BR>[Address Reference Count : 1]<UL><LI> startup_lpc17xx.o(RESET)
</UL>
<P><STRONG><a name="[1b]"></a>SSP1_IRQHandler</STRONG> (Thumb, 0 bytes, Stack size 0 bytes, startup_lpc17xx.o(.text))
<BR>[Address Reference Count : 1]<UL><LI> startup_lpc17xx.o(RESET)
</UL>
<P><STRONG><a name="[10]"></a>TIMER3_IRQHandler</STRONG> (Thumb, 0 bytes, Stack size 0 bytes, startup_lpc17xx.o(.text))
<BR>[Address Reference Count : 1]<UL><LI> startup_lpc17xx.o(RESET)
</UL>
<P><STRONG><a name="[13]"></a>UART2_IRQHandler</STRONG> (Thumb, 0 bytes, Stack size 0 bytes, startup_lpc17xx.o(.text))
<BR>[Address Reference Count : 1]<UL><LI> startup_lpc17xx.o(RESET)
</UL>
<P><STRONG><a name="[14]"></a>UART3_IRQHandler</STRONG> (Thumb, 0 bytes, Stack size 0 bytes, startup_lpc17xx.o(.text))
<BR>[Address Reference Count : 1]<UL><LI> startup_lpc17xx.o(RESET)
</UL>
<P><STRONG><a name="[2d]"></a>USBActivity_IRQHandler</STRONG> (Thumb, 0 bytes, Stack size 0 bytes, startup_lpc17xx.o(.text))
<BR>[Address Reference Count : 1]<UL><LI> startup_lpc17xx.o(RESET)
</UL>
<P><STRONG><a name="[24]"></a>USB_IRQHandler</STRONG> (Thumb, 0 bytes, Stack size 0 bytes, startup_lpc17xx.o(.text))
<BR>[Address Reference Count : 1]<UL><LI> startup_lpc17xx.o(RESET)
</UL>
<P><STRONG><a name="[c]"></a>WDT_IRQHandler</STRONG> (Thumb, 0 bytes, Stack size 0 bytes, startup_lpc17xx.o(.text))
<BR>[Address Reference Count : 1]<UL><LI> startup_lpc17xx.o(RESET)
</UL>
<P><STRONG><a name="[356]"></a>__user_initial_stackheap</STRONG> (Thumb, 0 bytes, Stack size unknown bytes, startup_lpc17xx.o(.text))
<BR><BR>[Called By]<UL><LI><a href="#[38]">&gt;&gt;</a>&nbsp;&nbsp;&nbsp;__user_setup_stackheap
</UL>

<P><STRONG><a name="[3b]"></a>main</STRONG> (Thumb, 22 bytes, Stack size 0 bytes, main.o(.text))
<BR><BR>[Stack]<UL><LI>Max Depth = 352<LI>Call Chain = main &rArr; do_CRunCtrl &rArr; DisplayKeyMenu &rArr; Systemp_Task &rArr; Down_Task &rArr; Level3_Down &rArr; Level32_Down &rArr; query_compstatus_ok &rArr; CompStat_Menu &rArr; menu_comp_noreg &rArr; DisplayJBHZK &rArr; SetColumn &rArr; SendCommandToLCD &rArr; CheckState &rArr; DATAout
</UL>
<BR>[Calls]<UL><LI><a href="#[43]">&gt;&gt;</a>&nbsp;&nbsp;&nbsp;lcd_printf
<LI><a href="#[44]">&gt;&gt;</a>&nbsp;&nbsp;&nbsp;do_CRunCtrl
<LI><a href="#[42]">&gt;&gt;</a>&nbsp;&nbsp;&nbsp;Init_CRunCtrl
<LI><a href="#[41]">&gt;&gt;</a>&nbsp;&nbsp;&nbsp;SystemClockUpdate
</UL>
<BR>[Called By]<UL><LI><a href="#[3a]">&gt;&gt;</a>&nbsp;&nbsp;&nbsp;__rt_entry_main
</UL>

<P><STRONG><a name="[b]"></a>SysTick_Handler</STRONG> (Thumb, 12 bytes, Stack size 0 bytes, delay.o(.text))
<BR>[Address Reference Count : 1]<UL><LI> startup_lpc17xx.o(RESET)
</UL>
<P><STRONG><a name="[37a]"></a>delay1</STRONG> (Thumb, 2 bytes, Stack size 0 bytes, delay.o(.text), UNUSED)

<P><STRONG><a name="[46]"></a>DelayUs2x</STRONG> (Thumb, 12 bytes, Stack size 0 bytes, delay.o(.text), UNUSED)
<BR><BR>[Called By]<UL><LI><a href="#[45]">&gt;&gt;</a>&nbsp;&nbsp;&nbsp;Delay1Ms
</UL>

<P><STRONG><a name="[45]"></a>Delay1Ms</STRONG> (Thumb, 28 bytes, Stack size 4 bytes, delay.o(.text), UNUSED)
<BR><BR>[Calls]<UL><LI><a href="#[46]">&gt;&gt;</a>&nbsp;&nbsp;&nbsp;DelayUs2x
</UL>

<P><STRONG><a name="[259]"></a>Relay_Init</STRONG> (Thumb, 46 bytes, Stack size 0 bytes, crelay.o(.text))
<BR><BR>[Called By]<UL><LI><a href="#[251]">&gt;&gt;</a>&nbsp;&nbsp;&nbsp;hardware_init
</UL>

<P><STRONG><a name="[10b]"></a>Fire_Relay_On</STRONG> (Thumb, 14 bytes, Stack size 0 bytes, crelay.o(.text))
<BR><BR>[Called By]<UL><LI><a href="#[10a]">&gt;&gt;</a>&nbsp;&nbsp;&nbsp;led_relay_deal
</UL>

<P><STRONG><a name="[1a2]"></a>Fire_Relay_Off</STRONG> (Thumb, 14 bytes, Stack size 0 bytes, crelay.o(.text))
<BR><BR>[Called By]<UL><LI><a href="#[7a]">&gt;&gt;</a>&nbsp;&nbsp;&nbsp;reset_ok
</UL>

<P><STRONG><a name="[119]"></a>Fault_Relay_On</STRONG> (Thumb, 14 bytes, Stack size 0 bytes, crelay.o(.text))
<BR><BR>[Called By]<UL><LI><a href="#[118]">&gt;&gt;</a>&nbsp;&nbsp;&nbsp;menu_fault_deal
</UL>

<P><STRONG><a name="[11e]"></a>Fault_Relay_Off</STRONG> (Thumb, 14 bytes, Stack size 0 bytes, crelay.o(.text))
<BR><BR>[Called By]<UL><LI><a href="#[7a]">&gt;&gt;</a>&nbsp;&nbsp;&nbsp;reset_ok
<LI><a href="#[11c]">&gt;&gt;</a>&nbsp;&nbsp;&nbsp;normal_deal
</UL>

<P><STRONG><a name="[47]"></a>EndInt</STRONG> (Thumb, 12 bytes, Stack size 8 bytes, cintstend.o(.text))
<BR><BR>[Stack]<UL><LI>Max Depth = 24<LI>Call Chain = EndInt &rArr; Eint_Dis &rArr; extint3_disable
</UL>
<BR>[Calls]<UL><LI><a href="#[48]">&gt;&gt;</a>&nbsp;&nbsp;&nbsp;Eint_Dis
<LI><a href="#[49]">&gt;&gt;</a>&nbsp;&nbsp;&nbsp;ClrSys_CLpScanCtrl
</UL>
<BR>[Called By]<UL><LI><a href="#[1ab]">&gt;&gt;</a>&nbsp;&nbsp;&nbsp;factory_ok
<LI><a href="#[f6]">&gt;&gt;</a>&nbsp;&nbsp;&nbsp;comp_reg_deal
</UL>

<P><STRONG><a name="[4a]"></a>StartInt</STRONG> (Thumb, 8 bytes, Stack size 8 bytes, cintstend.o(.text))
<BR><BR>[Stack]<UL><LI>Max Depth = 32<LI>Call Chain = StartInt &rArr; Eint_En &rArr; extint3_enable &rArr; NVIC_SetPriority
</UL>
<BR>[Calls]<UL><LI><a href="#[4b]">&gt;&gt;</a>&nbsp;&nbsp;&nbsp;Eint_En
</UL>
<BR>[Called By]<UL><LI><a href="#[1ab]">&gt;&gt;</a>&nbsp;&nbsp;&nbsp;factory_ok
<LI><a href="#[f6]">&gt;&gt;</a>&nbsp;&nbsp;&nbsp;comp_reg_deal
</UL>

<P><STRONG><a name="[37b]"></a>__use_two_region_memory</STRONG> (Thumb, 2 bytes, Stack size 0 bytes, heapauxi.o(.text), UNUSED)

<P><STRONG><a name="[37c]"></a>__rt_heap_escrow$2region</STRONG> (Thumb, 2 bytes, Stack size 0 bytes, heapauxi.o(.text), UNUSED)

<P><STRONG><a name="[37d]"></a>__rt_heap_expand$2region</STRONG> (Thumb, 2 bytes, Stack size 0 bytes, heapauxi.o(.text), UNUSED)

<P><STRONG><a name="[3c]"></a>exit</STRONG> (Thumb, 12 bytes, Stack size 0 bytes, exit.o(.text))
<BR><BR>[Calls]<UL><LI><a href="#[4c]">&gt;&gt;</a>&nbsp;&nbsp;&nbsp;__rt_exit
</UL>
<BR>[Called By]<UL><LI><a href="#[3a]">&gt;&gt;</a>&nbsp;&nbsp;&nbsp;__rt_entry_main
</UL>

<P><STRONG><a name="[37e]"></a>__I$use$semihosting</STRONG> (Thumb, 0 bytes, Stack size 0 bytes, use_no_semi.o(.text), UNUSED)

<P><STRONG><a name="[37f]"></a>__use_no_semihosting_swi</STRONG> (Thumb, 2 bytes, Stack size 0 bytes, use_no_semi.o(.text), UNUSED)

<P><STRONG><a name="[2f]"></a>SystemInit</STRONG> (Thumb, 174 bytes, Stack size 0 bytes, system_lpc17xx.o(.text))
<BR>[Address Reference Count : 1]<UL><LI> startup_lpc17xx.o(.text)
</UL>
<P><STRONG><a name="[41]"></a>SystemClockUpdate</STRONG> (Thumb, 320 bytes, Stack size 0 bytes, system_lpc17xx.o(.text))
<BR><BR>[Called By]<UL><LI><a href="#[3b]">&gt;&gt;</a>&nbsp;&nbsp;&nbsp;main
</UL>

<P><STRONG><a name="[380]"></a>SSP_SSELToggle</STRONG> (Thumb, 66 bytes, Stack size 0 bytes, ssp.o(.text), UNUSED)

<P><STRONG><a name="[258]"></a>SSP1_Init</STRONG> (Thumb, 232 bytes, Stack size 0 bytes, ssp.o(.text))
<BR><BR>[Called By]<UL><LI><a href="#[251]">&gt;&gt;</a>&nbsp;&nbsp;&nbsp;hardware_init
</UL>

<P><STRONG><a name="[4e]"></a>SPI_FLASH_SendByte</STRONG> (Thumb, 26 bytes, Stack size 0 bytes, ssp.o(.text))
<BR><BR>[Called By]<UL><LI><a href="#[5a]">&gt;&gt;</a>&nbsp;&nbsp;&nbsp;M25P80_ReadFast_1Byte
<LI><a href="#[59]">&gt;&gt;</a>&nbsp;&nbsp;&nbsp;M25P80_Read_Bytes
<LI><a href="#[58]">&gt;&gt;</a>&nbsp;&nbsp;&nbsp;M25P80_Read_1Byte
<LI><a href="#[57]">&gt;&gt;</a>&nbsp;&nbsp;&nbsp;M25P80_Write_Bytes
<LI><a href="#[56]">&gt;&gt;</a>&nbsp;&nbsp;&nbsp;M25P80_Write_1Byte
<LI><a href="#[54]">&gt;&gt;</a>&nbsp;&nbsp;&nbsp;M25P80_Section_Erase
<LI><a href="#[53]">&gt;&gt;</a>&nbsp;&nbsp;&nbsp;M25P80_Busy
<LI><a href="#[50]">&gt;&gt;</a>&nbsp;&nbsp;&nbsp;M25P80_CMD1B_S1B
<LI><a href="#[4f]">&gt;&gt;</a>&nbsp;&nbsp;&nbsp;M25P80_CMD1B_READ1B
<LI><a href="#[4d]">&gt;&gt;</a>&nbsp;&nbsp;&nbsp;M25P80_CMD1B
</UL>

<P><STRONG><a name="[4d]"></a>M25P80_CMD1B</STRONG> (Thumb, 36 bytes, Stack size 4 bytes, ssp.o(.text))
<BR><BR>[Stack]<UL><LI>Max Depth = 4<LI>Call Chain = M25P80_CMD1B
</UL>
<BR>[Calls]<UL><LI><a href="#[4e]">&gt;&gt;</a>&nbsp;&nbsp;&nbsp;SPI_FLASH_SendByte
</UL>
<BR>[Called By]<UL><LI><a href="#[55]">&gt;&gt;</a>&nbsp;&nbsp;&nbsp;M25P80_Bulk_Erase
<LI><a href="#[52]">&gt;&gt;</a>&nbsp;&nbsp;&nbsp;M25P80_WP_En
<LI><a href="#[51]">&gt;&gt;</a>&nbsp;&nbsp;&nbsp;M25P80_Write_En
</UL>

<P><STRONG><a name="[4f]"></a>M25P80_CMD1B_READ1B</STRONG> (Thumb, 46 bytes, Stack size 4 bytes, ssp.o(.text))
<BR><BR>[Stack]<UL><LI>Max Depth = 4<LI>Call Chain = M25P80_CMD1B_READ1B
</UL>
<BR>[Calls]<UL><LI><a href="#[4e]">&gt;&gt;</a>&nbsp;&nbsp;&nbsp;SPI_FLASH_SendByte
</UL>
<BR>[Called By]<UL><LI><a href="#[52]">&gt;&gt;</a>&nbsp;&nbsp;&nbsp;M25P80_WP_En
<LI><a href="#[51]">&gt;&gt;</a>&nbsp;&nbsp;&nbsp;M25P80_Write_En
</UL>

<P><STRONG><a name="[50]"></a>M25P80_CMD1B_S1B</STRONG> (Thumb, 44 bytes, Stack size 4 bytes, ssp.o(.text))
<BR><BR>[Stack]<UL><LI>Max Depth = 4<LI>Call Chain = M25P80_CMD1B_S1B
</UL>
<BR>[Calls]<UL><LI><a href="#[4e]">&gt;&gt;</a>&nbsp;&nbsp;&nbsp;SPI_FLASH_SendByte
</UL>
<BR>[Called By]<UL><LI><a href="#[52]">&gt;&gt;</a>&nbsp;&nbsp;&nbsp;M25P80_WP_En
<LI><a href="#[51]">&gt;&gt;</a>&nbsp;&nbsp;&nbsp;M25P80_Write_En
</UL>

<P><STRONG><a name="[51]"></a>M25P80_Write_En</STRONG> (Thumb, 40 bytes, Stack size 8 bytes, ssp.o(.text))
<BR><BR>[Stack]<UL><LI>Max Depth = 12<LI>Call Chain = M25P80_Write_En &rArr; M25P80_CMD1B_S1B
</UL>
<BR>[Calls]<UL><LI><a href="#[50]">&gt;&gt;</a>&nbsp;&nbsp;&nbsp;M25P80_CMD1B_S1B
<LI><a href="#[4f]">&gt;&gt;</a>&nbsp;&nbsp;&nbsp;M25P80_CMD1B_READ1B
<LI><a href="#[4d]">&gt;&gt;</a>&nbsp;&nbsp;&nbsp;M25P80_CMD1B
</UL>
<BR>[Called By]<UL><LI><a href="#[57]">&gt;&gt;</a>&nbsp;&nbsp;&nbsp;M25P80_Write_Bytes
<LI><a href="#[56]">&gt;&gt;</a>&nbsp;&nbsp;&nbsp;M25P80_Write_1Byte
<LI><a href="#[55]">&gt;&gt;</a>&nbsp;&nbsp;&nbsp;M25P80_Bulk_Erase
<LI><a href="#[54]">&gt;&gt;</a>&nbsp;&nbsp;&nbsp;M25P80_Section_Erase
</UL>

<P><STRONG><a name="[52]"></a>M25P80_WP_En</STRONG> (Thumb, 40 bytes, Stack size 8 bytes, ssp.o(.text))
<BR><BR>[Stack]<UL><LI>Max Depth = 12<LI>Call Chain = M25P80_WP_En &rArr; M25P80_CMD1B_S1B
</UL>
<BR>[Calls]<UL><LI><a href="#[50]">&gt;&gt;</a>&nbsp;&nbsp;&nbsp;M25P80_CMD1B_S1B
<LI><a href="#[4f]">&gt;&gt;</a>&nbsp;&nbsp;&nbsp;M25P80_CMD1B_READ1B
<LI><a href="#[4d]">&gt;&gt;</a>&nbsp;&nbsp;&nbsp;M25P80_CMD1B
</UL>
<BR>[Called By]<UL><LI><a href="#[57]">&gt;&gt;</a>&nbsp;&nbsp;&nbsp;M25P80_Write_Bytes
<LI><a href="#[56]">&gt;&gt;</a>&nbsp;&nbsp;&nbsp;M25P80_Write_1Byte
<LI><a href="#[55]">&gt;&gt;</a>&nbsp;&nbsp;&nbsp;M25P80_Bulk_Erase
<LI><a href="#[54]">&gt;&gt;</a>&nbsp;&nbsp;&nbsp;M25P80_Section_Erase
</UL>

<P><STRONG><a name="[53]"></a>M25P80_Busy</STRONG> (Thumb, 58 bytes, Stack size 4 bytes, ssp.o(.text))
<BR><BR>[Stack]<UL><LI>Max Depth = 4<LI>Call Chain = M25P80_Busy
</UL>
<BR>[Calls]<UL><LI><a href="#[4e]">&gt;&gt;</a>&nbsp;&nbsp;&nbsp;SPI_FLASH_SendByte
</UL>
<BR>[Called By]<UL><LI><a href="#[59]">&gt;&gt;</a>&nbsp;&nbsp;&nbsp;M25P80_Read_Bytes
<LI><a href="#[57]">&gt;&gt;</a>&nbsp;&nbsp;&nbsp;M25P80_Write_Bytes
<LI><a href="#[56]">&gt;&gt;</a>&nbsp;&nbsp;&nbsp;M25P80_Write_1Byte
<LI><a href="#[55]">&gt;&gt;</a>&nbsp;&nbsp;&nbsp;M25P80_Bulk_Erase
<LI><a href="#[54]">&gt;&gt;</a>&nbsp;&nbsp;&nbsp;M25P80_Section_Erase
</UL>

<P><STRONG><a name="[54]"></a>M25P80_Section_Erase</STRONG> (Thumb, 96 bytes, Stack size 12 bytes, ssp.o(.text))
<BR><BR>[Stack]<UL><LI>Max Depth = 24<LI>Call Chain = M25P80_Section_Erase &rArr; M25P80_WP_En &rArr; M25P80_CMD1B_S1B
</UL>
<BR>[Calls]<UL><LI><a href="#[53]">&gt;&gt;</a>&nbsp;&nbsp;&nbsp;M25P80_Busy
<LI><a href="#[52]">&gt;&gt;</a>&nbsp;&nbsp;&nbsp;M25P80_WP_En
<LI><a href="#[51]">&gt;&gt;</a>&nbsp;&nbsp;&nbsp;M25P80_Write_En
<LI><a href="#[4e]">&gt;&gt;</a>&nbsp;&nbsp;&nbsp;SPI_FLASH_SendByte
</UL>
<BR>[Called By]<UL><LI><a href="#[78]">&gt;&gt;</a>&nbsp;&nbsp;&nbsp;CSaveAnn
<LI><a href="#[1ab]">&gt;&gt;</a>&nbsp;&nbsp;&nbsp;factory_ok
<LI><a href="#[2f0]">&gt;&gt;</a>&nbsp;&nbsp;&nbsp;save_record
</UL>

<P><STRONG><a name="[55]"></a>M25P80_Bulk_Erase</STRONG> (Thumb, 28 bytes, Stack size 4 bytes, ssp.o(.text), UNUSED)
<BR><BR>[Calls]<UL><LI><a href="#[53]">&gt;&gt;</a>&nbsp;&nbsp;&nbsp;M25P80_Busy
<LI><a href="#[52]">&gt;&gt;</a>&nbsp;&nbsp;&nbsp;M25P80_WP_En
<LI><a href="#[51]">&gt;&gt;</a>&nbsp;&nbsp;&nbsp;M25P80_Write_En
<LI><a href="#[4d]">&gt;&gt;</a>&nbsp;&nbsp;&nbsp;M25P80_CMD1B
</UL>

<P><STRONG><a name="[56]"></a>M25P80_Write_1Byte</STRONG> (Thumb, 104 bytes, Stack size 16 bytes, ssp.o(.text))
<BR><BR>[Stack]<UL><LI>Max Depth = 28<LI>Call Chain = M25P80_Write_1Byte &rArr; M25P80_WP_En &rArr; M25P80_CMD1B_S1B
</UL>
<BR>[Calls]<UL><LI><a href="#[53]">&gt;&gt;</a>&nbsp;&nbsp;&nbsp;M25P80_Busy
<LI><a href="#[52]">&gt;&gt;</a>&nbsp;&nbsp;&nbsp;M25P80_WP_En
<LI><a href="#[51]">&gt;&gt;</a>&nbsp;&nbsp;&nbsp;M25P80_Write_En
<LI><a href="#[4e]">&gt;&gt;</a>&nbsp;&nbsp;&nbsp;SPI_FLASH_SendByte
</UL>
<BR>[Called By]<UL><LI><a href="#[78]">&gt;&gt;</a>&nbsp;&nbsp;&nbsp;CSaveAnn
<LI><a href="#[2f0]">&gt;&gt;</a>&nbsp;&nbsp;&nbsp;save_record
</UL>

<P><STRONG><a name="[57]"></a>M25P80_Write_Bytes</STRONG> (Thumb, 118 bytes, Stack size 24 bytes, ssp.o(.text), UNUSED)
<BR><BR>[Calls]<UL><LI><a href="#[53]">&gt;&gt;</a>&nbsp;&nbsp;&nbsp;M25P80_Busy
<LI><a href="#[52]">&gt;&gt;</a>&nbsp;&nbsp;&nbsp;M25P80_WP_En
<LI><a href="#[51]">&gt;&gt;</a>&nbsp;&nbsp;&nbsp;M25P80_Write_En
<LI><a href="#[4e]">&gt;&gt;</a>&nbsp;&nbsp;&nbsp;SPI_FLASH_SendByte
</UL>

<P><STRONG><a name="[58]"></a>M25P80_Read_1Byte</STRONG> (Thumb, 110 bytes, Stack size 8 bytes, ssp.o(.text))
<BR><BR>[Stack]<UL><LI>Max Depth = 8<LI>Call Chain = M25P80_Read_1Byte
</UL>
<BR>[Calls]<UL><LI><a href="#[4e]">&gt;&gt;</a>&nbsp;&nbsp;&nbsp;SPI_FLASH_SendByte
</UL>
<BR>[Called By]<UL><LI><a href="#[69]">&gt;&gt;</a>&nbsp;&nbsp;&nbsp;NoteData_Init
<LI><a href="#[68]">&gt;&gt;</a>&nbsp;&nbsp;&nbsp;AnnCounterInit
<LI><a href="#[2ef]">&gt;&gt;</a>&nbsp;&nbsp;&nbsp;init_record
</UL>

<P><STRONG><a name="[59]"></a>M25P80_Read_Bytes</STRONG> (Thumb, 114 bytes, Stack size 24 bytes, ssp.o(.text), UNUSED)
<BR><BR>[Calls]<UL><LI><a href="#[53]">&gt;&gt;</a>&nbsp;&nbsp;&nbsp;M25P80_Busy
<LI><a href="#[4e]">&gt;&gt;</a>&nbsp;&nbsp;&nbsp;SPI_FLASH_SendByte
</UL>

<P><STRONG><a name="[381]"></a>SSPSend</STRONG> (Thumb, 108 bytes, Stack size 16 bytes, ssp.o(.text), UNUSED)

<P><STRONG><a name="[382]"></a>SSPReceive</STRONG> (Thumb, 78 bytes, Stack size 12 bytes, ssp.o(.text), UNUSED)

<P><STRONG><a name="[5a]"></a>M25P80_ReadFast_1Byte</STRONG> (Thumb, 94 bytes, Stack size 8 bytes, ssp.o(.text), UNUSED)
<BR><BR>[Calls]<UL><LI><a href="#[4e]">&gt;&gt;</a>&nbsp;&nbsp;&nbsp;SPI_FLASH_SendByte
</UL>

<P><STRONG><a name="[64]"></a>Wait_I2c_End</STRONG> (Thumb, 48 bytes, Stack size 0 bytes, i2c.o(.text))
<BR><BR>[Called By]<UL><LI><a href="#[67]">&gt;&gt;</a>&nbsp;&nbsp;&nbsp;I2C_WriteNByte
<LI><a href="#[66]">&gt;&gt;</a>&nbsp;&nbsp;&nbsp;I2C_ReadNByte
<LI><a href="#[65]">&gt;&gt;</a>&nbsp;&nbsp;&nbsp;IRcvByte
<LI><a href="#[63]">&gt;&gt;</a>&nbsp;&nbsp;&nbsp;ISendByte
</UL>

<P><STRONG><a name="[5b]"></a>I2C0_Init</STRONG> (Thumb, 110 bytes, Stack size 8 bytes, i2c.o(.text))
<BR><BR>[Stack]<UL><LI>Max Depth = 16<LI>Call Chain = I2C0_Init &rArr; NVIC_SetPriority
</UL>
<BR>[Calls]<UL><LI><a href="#[5c]">&gt;&gt;</a>&nbsp;&nbsp;&nbsp;NVIC_EnableIRQ
<LI><a href="#[5d]">&gt;&gt;</a>&nbsp;&nbsp;&nbsp;NVIC_SetPriority
</UL>
<BR>[Called By]<UL><LI><a href="#[251]">&gt;&gt;</a>&nbsp;&nbsp;&nbsp;hardware_init
</UL>

<P><STRONG><a name="[5e]"></a>i2c0_enable</STRONG> (Thumb, 18 bytes, Stack size 8 bytes, i2c.o(.text))
<BR><BR>[Stack]<UL><LI>Max Depth = 16<LI>Call Chain = i2c0_enable &rArr; NVIC_SetPriority
</UL>
<BR>[Calls]<UL><LI><a href="#[5c]">&gt;&gt;</a>&nbsp;&nbsp;&nbsp;NVIC_EnableIRQ
<LI><a href="#[5d]">&gt;&gt;</a>&nbsp;&nbsp;&nbsp;NVIC_SetPriority
</UL>
<BR>[Called By]<UL><LI><a href="#[a7]">&gt;&gt;</a>&nbsp;&nbsp;&nbsp;Eint_EnAll_Exuart
<LI><a href="#[4b]">&gt;&gt;</a>&nbsp;&nbsp;&nbsp;Eint_En
</UL>

<P><STRONG><a name="[5f]"></a>i2c0_disable</STRONG> (Thumb, 10 bytes, Stack size 8 bytes, i2c.o(.text))
<BR><BR>[Stack]<UL><LI>Max Depth = 8<LI>Call Chain = i2c0_disable
</UL>
<BR>[Calls]<UL><LI><a href="#[60]">&gt;&gt;</a>&nbsp;&nbsp;&nbsp;NVIC_DisableIRQ
</UL>
<BR>[Called By]<UL><LI><a href="#[a6]">&gt;&gt;</a>&nbsp;&nbsp;&nbsp;Eint_DisAll_Exuart
<LI><a href="#[48]">&gt;&gt;</a>&nbsp;&nbsp;&nbsp;Eint_Dis
</UL>

<P><STRONG><a name="[61]"></a>I2CIntEnd</STRONG> (Thumb, 10 bytes, Stack size 8 bytes, i2c.o(.text), UNUSED)
<BR><BR>[Calls]<UL><LI><a href="#[60]">&gt;&gt;</a>&nbsp;&nbsp;&nbsp;NVIC_DisableIRQ
</UL>

<P><STRONG><a name="[62]"></a>I2CIntStart</STRONG> (Thumb, 24 bytes, Stack size 8 bytes, i2c.o(.text), UNUSED)
<BR><BR>[Calls]<UL><LI><a href="#[5c]">&gt;&gt;</a>&nbsp;&nbsp;&nbsp;NVIC_EnableIRQ
<LI><a href="#[5d]">&gt;&gt;</a>&nbsp;&nbsp;&nbsp;NVIC_SetPriority
</UL>

<P><STRONG><a name="[63]"></a>ISendByte</STRONG> (Thumb, 48 bytes, Stack size 12 bytes, i2c.o(.text), UNUSED)
<BR><BR>[Calls]<UL><LI><a href="#[64]">&gt;&gt;</a>&nbsp;&nbsp;&nbsp;Wait_I2c_End
</UL>

<P><STRONG><a name="[65]"></a>IRcvByte</STRONG> (Thumb, 50 bytes, Stack size 8 bytes, i2c.o(.text), UNUSED)
<BR><BR>[Calls]<UL><LI><a href="#[64]">&gt;&gt;</a>&nbsp;&nbsp;&nbsp;Wait_I2c_End
</UL>

<P><STRONG><a name="[66]"></a>I2C_ReadNByte</STRONG> (Thumb, 126 bytes, Stack size 20 bytes, i2c.o(.text))
<BR><BR>[Stack]<UL><LI>Max Depth = 20<LI>Call Chain = I2C_ReadNByte
</UL>
<BR>[Calls]<UL><LI><a href="#[64]">&gt;&gt;</a>&nbsp;&nbsp;&nbsp;Wait_I2c_End
</UL>
<BR>[Called By]<UL><LI><a href="#[cd]">&gt;&gt;</a>&nbsp;&nbsp;&nbsp;PCF8563_INT_State
<LI><a href="#[c9]">&gt;&gt;</a>&nbsp;&nbsp;&nbsp;PCF8563_Get_TD
<LI><a href="#[c8]">&gt;&gt;</a>&nbsp;&nbsp;&nbsp;PCF8563_Set_TD
<LI><a href="#[c5]">&gt;&gt;</a>&nbsp;&nbsp;&nbsp;PCF8563_Read
</UL>

<P><STRONG><a name="[67]"></a>I2C_WriteNByte</STRONG> (Thumb, 120 bytes, Stack size 20 bytes, i2c.o(.text))
<BR><BR>[Stack]<UL><LI>Max Depth = 20<LI>Call Chain = I2C_WriteNByte
</UL>
<BR>[Calls]<UL><LI><a href="#[64]">&gt;&gt;</a>&nbsp;&nbsp;&nbsp;Wait_I2c_End
</UL>
<BR>[Called By]<UL><LI><a href="#[cd]">&gt;&gt;</a>&nbsp;&nbsp;&nbsp;PCF8563_INT_State
<LI><a href="#[cc]">&gt;&gt;</a>&nbsp;&nbsp;&nbsp;PCF8563_Set_Timer
<LI><a href="#[cb]">&gt;&gt;</a>&nbsp;&nbsp;&nbsp;PCF8563_Set_Alarm
<LI><a href="#[ca]">&gt;&gt;</a>&nbsp;&nbsp;&nbsp;PCF8563_Set_ClkOut
<LI><a href="#[c8]">&gt;&gt;</a>&nbsp;&nbsp;&nbsp;PCF8563_Set_TD
<LI><a href="#[c7]">&gt;&gt;</a>&nbsp;&nbsp;&nbsp;PCF8563_SS
<LI><a href="#[c4]">&gt;&gt;</a>&nbsp;&nbsp;&nbsp;PCF8563_Set
</UL>

<P><STRONG><a name="[16]"></a>I2C0_IRQHandler</STRONG> (Thumb, 572 bytes, Stack size 0 bytes, i2c.o(.text))
<BR>[Address Reference Count : 1]<UL><LI> startup_lpc17xx.o(RESET)
</UL>
<P><STRONG><a name="[77]"></a>ClrData3</STRONG> (Thumb, 20 bytes, Stack size 0 bytes, uart.o(.text))
<BR><BR>[Called By]<UL><LI><a href="#[11]">&gt;&gt;</a>&nbsp;&nbsp;&nbsp;UART0_IRQHandler
</UL>

<P><STRONG><a name="[125]"></a>clr_tp</STRONG> (Thumb, 8 bytes, Stack size 0 bytes, uart.o(.text))
<BR><BR>[Called By]<UL><LI><a href="#[121]">&gt;&gt;</a>&nbsp;&nbsp;&nbsp;HandleInfo_Uart1
</UL>

<P><STRONG><a name="[133]"></a>GetCom1Data0</STRONG> (Thumb, 8 bytes, Stack size 0 bytes, uart.o(.text))
<BR><BR>[Called By]<UL><LI><a href="#[6c]">&gt;&gt;</a>&nbsp;&nbsp;&nbsp;data_from_data0
<LI><a href="#[132]">&gt;&gt;</a>&nbsp;&nbsp;&nbsp;ReadHeart
</UL>

<P><STRONG><a name="[124]"></a>ClrCom1Data0</STRONG> (Thumb, 20 bytes, Stack size 0 bytes, uart.o(.text))
<BR><BR>[Called By]<UL><LI><a href="#[121]">&gt;&gt;</a>&nbsp;&nbsp;&nbsp;HandleInfo_Uart1
</UL>

<P><STRONG><a name="[43]"></a>lcd_printf</STRONG> (Thumb, 2 bytes, Stack size 0 bytes, uart.o(.text))
<BR><BR>[Called By]<UL><LI><a href="#[7c]">&gt;&gt;</a>&nbsp;&nbsp;&nbsp;UARTInit
<LI><a href="#[72]">&gt;&gt;</a>&nbsp;&nbsp;&nbsp;GetAnnRow
<LI><a href="#[69]">&gt;&gt;</a>&nbsp;&nbsp;&nbsp;NoteData_Init
<LI><a href="#[68]">&gt;&gt;</a>&nbsp;&nbsp;&nbsp;AnnCounterInit
<LI><a href="#[3b]">&gt;&gt;</a>&nbsp;&nbsp;&nbsp;main
<LI><a href="#[26e]">&gt;&gt;</a>&nbsp;&nbsp;&nbsp;state_loopld_printf
<LI><a href="#[25d]">&gt;&gt;</a>&nbsp;&nbsp;&nbsp;init_store
<LI><a href="#[231]">&gt;&gt;</a>&nbsp;&nbsp;&nbsp;SendHeart
<LI><a href="#[22e]">&gt;&gt;</a>&nbsp;&nbsp;&nbsp;DisplayKeyMenu
<LI><a href="#[219]">&gt;&gt;</a>&nbsp;&nbsp;&nbsp;menu_alarm_fire
<LI><a href="#[213]">&gt;&gt;</a>&nbsp;&nbsp;&nbsp;add_alarmnums
<LI><a href="#[211]">&gt;&gt;</a>&nbsp;&nbsp;&nbsp;gethistory_show_pos
<LI><a href="#[1f8]">&gt;&gt;</a>&nbsp;&nbsp;&nbsp;query_hist_up
<LI><a href="#[1ef]">&gt;&gt;</a>&nbsp;&nbsp;&nbsp;Level2_Up
<LI><a href="#[1aa]">&gt;&gt;</a>&nbsp;&nbsp;&nbsp;HZ_SHOW
<LI><a href="#[1e5]">&gt;&gt;</a>&nbsp;&nbsp;&nbsp;setup_menu_deal
<LI><a href="#[1cd]">&gt;&gt;</a>&nbsp;&nbsp;&nbsp;query_historyrecord_ok
<LI><a href="#[19e]">&gt;&gt;</a>&nbsp;&nbsp;&nbsp;Set_Note_Flag
<LI><a href="#[158]">&gt;&gt;</a>&nbsp;&nbsp;&nbsp;Level32_Down
<LI><a href="#[14b]">&gt;&gt;</a>&nbsp;&nbsp;&nbsp;Level2_Down
<LI><a href="#[144]">&gt;&gt;</a>&nbsp;&nbsp;&nbsp;Main_Menu
<LI><a href="#[13f]">&gt;&gt;</a>&nbsp;&nbsp;&nbsp;Clr_Alarm
<LI><a href="#[13b]">&gt;&gt;</a>&nbsp;&nbsp;&nbsp;Init_CirAddrInfo
<LI><a href="#[116]">&gt;&gt;</a>&nbsp;&nbsp;&nbsp;set_menu_alarm_info
<LI><a href="#[106]">&gt;&gt;</a>&nbsp;&nbsp;&nbsp;CompInten_Menu
<LI><a href="#[121]">&gt;&gt;</a>&nbsp;&nbsp;&nbsp;HandleInfo_Uart1
<LI><a href="#[11c]">&gt;&gt;</a>&nbsp;&nbsp;&nbsp;normal_deal
<LI><a href="#[118]">&gt;&gt;</a>&nbsp;&nbsp;&nbsp;menu_fault_deal
<LI><a href="#[112]">&gt;&gt;</a>&nbsp;&nbsp;&nbsp;menu_firealarm_face
<LI><a href="#[110]">&gt;&gt;</a>&nbsp;&nbsp;&nbsp;set_normalalarm_ciraddr
<LI><a href="#[105]">&gt;&gt;</a>&nbsp;&nbsp;&nbsp;inquiry_signal_strength
<LI><a href="#[f6]">&gt;&gt;</a>&nbsp;&nbsp;&nbsp;comp_reg_deal
<LI><a href="#[ec]">&gt;&gt;</a>&nbsp;&nbsp;&nbsp;printf_zone_comp_info
<LI><a href="#[34b]">&gt;&gt;</a>&nbsp;&nbsp;&nbsp;printbuf
<LI><a href="#[317]">&gt;&gt;</a>&nbsp;&nbsp;&nbsp;clr_firealarm
</UL>

<P><STRONG><a name="[68]"></a>AnnCounterInit</STRONG> (Thumb, 38 bytes, Stack size 8 bytes, uart.o(.text))
<BR><BR>[Stack]<UL><LI>Max Depth = 16<LI>Call Chain = AnnCounterInit &rArr; M25P80_Read_1Byte
</UL>
<BR>[Calls]<UL><LI><a href="#[58]">&gt;&gt;</a>&nbsp;&nbsp;&nbsp;M25P80_Read_1Byte
<LI><a href="#[43]">&gt;&gt;</a>&nbsp;&nbsp;&nbsp;lcd_printf
</UL>
<BR>[Called By]<UL><LI><a href="#[1af]">&gt;&gt;</a>&nbsp;&nbsp;&nbsp;init_flash_all
</UL>

<P><STRONG><a name="[69]"></a>NoteData_Init</STRONG> (Thumb, 108 bytes, Stack size 16 bytes, uart.o(.text))
<BR><BR>[Stack]<UL><LI>Max Depth = 24<LI>Call Chain = NoteData_Init &rArr; M25P80_Read_1Byte
</UL>
<BR>[Calls]<UL><LI><a href="#[58]">&gt;&gt;</a>&nbsp;&nbsp;&nbsp;M25P80_Read_1Byte
<LI><a href="#[43]">&gt;&gt;</a>&nbsp;&nbsp;&nbsp;lcd_printf
</UL>
<BR>[Called By]<UL><LI><a href="#[1af]">&gt;&gt;</a>&nbsp;&nbsp;&nbsp;init_flash_all
</UL>

<P><STRONG><a name="[2b3]"></a>GetCom0Ann</STRONG> (Thumb, 18 bytes, Stack size 0 bytes, uart.o(.text))
<BR><BR>[Called By]<UL><LI><a href="#[248]">&gt;&gt;</a>&nbsp;&nbsp;&nbsp;Annotate_Menu
<LI><a href="#[226]">&gt;&gt;</a>&nbsp;&nbsp;&nbsp;Breakdown
<LI><a href="#[21d]">&gt;&gt;</a>&nbsp;&nbsp;&nbsp;Alarm_Menu
<LI><a href="#[1cc]">&gt;&gt;</a>&nbsp;&nbsp;&nbsp;CompStat_Menu
<LI><a href="#[160]">&gt;&gt;</a>&nbsp;&nbsp;&nbsp;History_Menu
</UL>

<P><STRONG><a name="[6a]"></a>SetConvertdataAll</STRONG> (Thumb, 64 bytes, Stack size 8 bytes, uart.o(.text))
<BR><BR>[Stack]<UL><LI>Max Depth = 8<LI>Call Chain = SetConvertdataAll
</UL>
<BR>[Calls]<UL><LI><a href="#[6b]">&gt;&gt;</a>&nbsp;&nbsp;&nbsp;SetConvertdata
</UL>
<BR>[Called By]<UL><LI><a href="#[12]">&gt;&gt;</a>&nbsp;&nbsp;&nbsp;UART1_IRQHandler
</UL>

<P><STRONG><a name="[12]"></a>UART1_IRQHandler</STRONG> (Thumb, 148 bytes, Stack size 16 bytes, uart.o(.text))
<BR><BR>[Stack]<UL><LI>Max Depth = 88<LI>Call Chain = UART1_IRQHandler &rArr; CompareAddr &rArr; get_comp_psn3 &rArr; get_comp_info &rArr; get_array
</UL>
<BR>[Calls]<UL><LI><a href="#[6c]">&gt;&gt;</a>&nbsp;&nbsp;&nbsp;data_from_data0
<LI><a href="#[6f]">&gt;&gt;</a>&nbsp;&nbsp;&nbsp;UartBindSend
<LI><a href="#[6e]">&gt;&gt;</a>&nbsp;&nbsp;&nbsp;GetComRegFlag
<LI><a href="#[71]">&gt;&gt;</a>&nbsp;&nbsp;&nbsp;CompareAddr
<LI><a href="#[6d]">&gt;&gt;</a>&nbsp;&nbsp;&nbsp;ClrHeartFaultFlag
<LI><a href="#[70]">&gt;&gt;</a>&nbsp;&nbsp;&nbsp;CGetIntenFlag
<LI><a href="#[6a]">&gt;&gt;</a>&nbsp;&nbsp;&nbsp;SetConvertdataAll
</UL>
<BR>[Address Reference Count : 1]<UL><LI> startup_lpc17xx.o(RESET)
</UL>
<P><STRONG><a name="[383]"></a>GetAnnFlag</STRONG> (Thumb, 6 bytes, Stack size 0 bytes, uart.o(.text), UNUSED)

<P><STRONG><a name="[72]"></a>GetAnnRow</STRONG> (Thumb, 54 bytes, Stack size 16 bytes, uart.o(.text))
<BR><BR>[Stack]<UL><LI>Max Depth = 16<LI>Call Chain = GetAnnRow
</UL>
<BR>[Calls]<UL><LI><a href="#[43]">&gt;&gt;</a>&nbsp;&nbsp;&nbsp;lcd_printf
</UL>
<BR>[Called By]<UL><LI><a href="#[248]">&gt;&gt;</a>&nbsp;&nbsp;&nbsp;Annotate_Menu
<LI><a href="#[226]">&gt;&gt;</a>&nbsp;&nbsp;&nbsp;Breakdown
<LI><a href="#[21d]">&gt;&gt;</a>&nbsp;&nbsp;&nbsp;Alarm_Menu
<LI><a href="#[1cc]">&gt;&gt;</a>&nbsp;&nbsp;&nbsp;CompStat_Menu
<LI><a href="#[160]">&gt;&gt;</a>&nbsp;&nbsp;&nbsp;History_Menu
<LI><a href="#[121]">&gt;&gt;</a>&nbsp;&nbsp;&nbsp;HandleInfo_Uart1
</UL>

<P><STRONG><a name="[73]"></a>recv_note_info</STRONG> (Thumb, 130 bytes, Stack size 8 bytes, uart.o(.text))
<BR><BR>[Stack]<UL><LI>Max Depth = 8<LI>Call Chain = recv_note_info
</UL>
<BR>[Calls]<UL><LI><a href="#[74]">&gt;&gt;</a>&nbsp;&nbsp;&nbsp;Uart0SendByte
</UL>
<BR>[Called By]<UL><LI><a href="#[11]">&gt;&gt;</a>&nbsp;&nbsp;&nbsp;UART0_IRQHandler
</UL>

<P><STRONG><a name="[11]"></a>UART0_IRQHandler</STRONG> (Thumb, 78 bytes, Stack size 8 bytes, uart.o(.text))
<BR><BR>[Stack]<UL><LI>Max Depth = 16<LI>Call Chain = UART0_IRQHandler &rArr; recv_note_info
</UL>
<BR>[Calls]<UL><LI><a href="#[76]">&gt;&gt;</a>&nbsp;&nbsp;&nbsp;SetFlag_195
<LI><a href="#[75]">&gt;&gt;</a>&nbsp;&nbsp;&nbsp;Get_Note_Flag
<LI><a href="#[73]">&gt;&gt;</a>&nbsp;&nbsp;&nbsp;recv_note_info
<LI><a href="#[77]">&gt;&gt;</a>&nbsp;&nbsp;&nbsp;ClrData3
</UL>
<BR>[Address Reference Count : 1]<UL><LI> startup_lpc17xx.o(RESET)
</UL>
<P><STRONG><a name="[78]"></a>CSaveAnn</STRONG> (Thumb, 68 bytes, Stack size 16 bytes, uart.o(.text))
<BR><BR>[Stack]<UL><LI>Max Depth = 44<LI>Call Chain = CSaveAnn &rArr; M25P80_Write_1Byte &rArr; M25P80_WP_En &rArr; M25P80_CMD1B_S1B
</UL>
<BR>[Calls]<UL><LI><a href="#[56]">&gt;&gt;</a>&nbsp;&nbsp;&nbsp;M25P80_Write_1Byte
<LI><a href="#[54]">&gt;&gt;</a>&nbsp;&nbsp;&nbsp;M25P80_Section_Erase
</UL>
<BR>[Called By]<UL><LI><a href="#[79]">&gt;&gt;</a>&nbsp;&nbsp;&nbsp;HandleNote
</UL>

<P><STRONG><a name="[79]"></a>HandleNote</STRONG> (Thumb, 378 bytes, Stack size 24 bytes, uart.o(.text))
<BR><BR>[Stack]<UL><LI>Max Depth = 144<LI>Call Chain = HandleNote &rArr; reset_ok &rArr; Menu_complete &rArr; DisplayJBHZK &rArr; SetColumn &rArr; SendCommandToLCD &rArr; CheckState &rArr; DATAout
</UL>
<BR>[Calls]<UL><LI><a href="#[7a]">&gt;&gt;</a>&nbsp;&nbsp;&nbsp;reset_ok
<LI><a href="#[7b]">&gt;&gt;</a>&nbsp;&nbsp;&nbsp;Clr_Note_Flag
<LI><a href="#[78]">&gt;&gt;</a>&nbsp;&nbsp;&nbsp;CSaveAnn
</UL>
<BR>[Called By]<UL><LI><a href="#[44]">&gt;&gt;</a>&nbsp;&nbsp;&nbsp;do_CRunCtrl
</UL>

<P><STRONG><a name="[7c]"></a>UARTInit</STRONG> (Thumb, 330 bytes, Stack size 24 bytes, uart.o(.text))
<BR><BR>[Stack]<UL><LI>Max Depth = 32<LI>Call Chain = UARTInit &rArr; NVIC_SetPriority
</UL>
<BR>[Calls]<UL><LI><a href="#[7d]">&gt;&gt;</a>&nbsp;&nbsp;&nbsp;NVIC_EnableIRQ
<LI><a href="#[7e]">&gt;&gt;</a>&nbsp;&nbsp;&nbsp;NVIC_SetPriority
<LI><a href="#[43]">&gt;&gt;</a>&nbsp;&nbsp;&nbsp;lcd_printf
</UL>
<BR>[Called By]<UL><LI><a href="#[251]">&gt;&gt;</a>&nbsp;&nbsp;&nbsp;hardware_init
</UL>

<P><STRONG><a name="[7f]"></a>UartIntEnd</STRONG> (Thumb, 16 bytes, Stack size 8 bytes, uart.o(.text), UNUSED)
<BR><BR>[Calls]<UL><LI><a href="#[80]">&gt;&gt;</a>&nbsp;&nbsp;&nbsp;NVIC_DisableIRQ
</UL>

<P><STRONG><a name="[81]"></a>UartIntStart</STRONG> (Thumb, 42 bytes, Stack size 8 bytes, uart.o(.text), UNUSED)
<BR><BR>[Calls]<UL><LI><a href="#[7d]">&gt;&gt;</a>&nbsp;&nbsp;&nbsp;NVIC_EnableIRQ
<LI><a href="#[7e]">&gt;&gt;</a>&nbsp;&nbsp;&nbsp;NVIC_SetPriority
</UL>

<P><STRONG><a name="[82]"></a>uart_all_disable</STRONG> (Thumb, 16 bytes, Stack size 8 bytes, uart.o(.text))
<BR><BR>[Stack]<UL><LI>Max Depth = 8<LI>Call Chain = uart_all_disable
</UL>
<BR>[Calls]<UL><LI><a href="#[80]">&gt;&gt;</a>&nbsp;&nbsp;&nbsp;NVIC_DisableIRQ
</UL>
<BR>[Called By]<UL><LI><a href="#[48]">&gt;&gt;</a>&nbsp;&nbsp;&nbsp;Eint_Dis
</UL>

<P><STRONG><a name="[83]"></a>uart_all_enable</STRONG> (Thumb, 42 bytes, Stack size 8 bytes, uart.o(.text))
<BR><BR>[Stack]<UL><LI>Max Depth = 16<LI>Call Chain = uart_all_enable &rArr; NVIC_SetPriority
</UL>
<BR>[Calls]<UL><LI><a href="#[7d]">&gt;&gt;</a>&nbsp;&nbsp;&nbsp;NVIC_EnableIRQ
<LI><a href="#[7e]">&gt;&gt;</a>&nbsp;&nbsp;&nbsp;NVIC_SetPriority
</UL>
<BR>[Called By]<UL><LI><a href="#[4b]">&gt;&gt;</a>&nbsp;&nbsp;&nbsp;Eint_En
</UL>

<P><STRONG><a name="[e9]"></a>UARTSend</STRONG> (Thumb, 40 bytes, Stack size 8 bytes, uart.o(.text))
<BR><BR>[Stack]<UL><LI>Max Depth = 8<LI>Call Chain = UARTSend
</UL>
<BR>[Called By]<UL><LI><a href="#[6f]">&gt;&gt;</a>&nbsp;&nbsp;&nbsp;UartBindSend
<LI><a href="#[11d]">&gt;&gt;</a>&nbsp;&nbsp;&nbsp;Query_ByUart0
</UL>

<P><STRONG><a name="[86]"></a>Uart1SendByte</STRONG> (Thumb, 18 bytes, Stack size 0 bytes, uart.o(.text), UNUSED)
<BR><BR>[Called By]<UL><LI><a href="#[85]">&gt;&gt;</a>&nbsp;&nbsp;&nbsp;UART1_SendString
</UL>

<P><STRONG><a name="[84]"></a>UART0_SendString</STRONG> (Thumb, 24 bytes, Stack size 8 bytes, uart.o(.text), UNUSED)
<BR><BR>[Calls]<UL><LI><a href="#[74]">&gt;&gt;</a>&nbsp;&nbsp;&nbsp;Uart0SendByte
</UL>

<P><STRONG><a name="[85]"></a>UART1_SendString</STRONG> (Thumb, 22 bytes, Stack size 4 bytes, uart.o(.text), UNUSED)
<BR><BR>[Calls]<UL><LI><a href="#[86]">&gt;&gt;</a>&nbsp;&nbsp;&nbsp;Uart1SendByte
</UL>

<P><STRONG><a name="[88]"></a>uart1GetByte</STRONG> (Thumb, 18 bytes, Stack size 0 bytes, uart.o(.text), UNUSED)
<BR><BR>[Called By]<UL><LI><a href="#[87]">&gt;&gt;</a>&nbsp;&nbsp;&nbsp;uart1GetStr
</UL>

<P><STRONG><a name="[8a]"></a>uart0GetByte</STRONG> (Thumb, 18 bytes, Stack size 0 bytes, uart.o(.text), UNUSED)
<BR><BR>[Called By]<UL><LI><a href="#[89]">&gt;&gt;</a>&nbsp;&nbsp;&nbsp;uart0GetStr
</UL>

<P><STRONG><a name="[87]"></a>uart1GetStr</STRONG> (Thumb, 22 bytes, Stack size 4 bytes, uart.o(.text), UNUSED)
<BR><BR>[Calls]<UL><LI><a href="#[88]">&gt;&gt;</a>&nbsp;&nbsp;&nbsp;uart1GetByte
</UL>

<P><STRONG><a name="[89]"></a>uart0GetStr</STRONG> (Thumb, 22 bytes, Stack size 4 bytes, uart.o(.text), UNUSED)
<BR><BR>[Calls]<UL><LI><a href="#[8a]">&gt;&gt;</a>&nbsp;&nbsp;&nbsp;uart0GetByte
</UL>

<P><STRONG><a name="[8b]"></a>puts__</STRONG> (Thumb, 24 bytes, Stack size 8 bytes, uart.o(.text), UNUSED)
<BR><BR>[Calls]<UL><LI><a href="#[74]">&gt;&gt;</a>&nbsp;&nbsp;&nbsp;Uart0SendByte
</UL>

<P><STRONG><a name="[252]"></a>GPIOinit</STRONG> (Thumb, 446 bytes, Stack size 0 bytes, gpioinit.o(.text))
<BR><BR>[Called By]<UL><LI><a href="#[251]">&gt;&gt;</a>&nbsp;&nbsp;&nbsp;hardware_init
</UL>

<P><STRONG><a name="[8c]"></a>timern_enable</STRONG> (Thumb, 90 bytes, Stack size 8 bytes, ctime.o(.text))
<BR><BR>[Stack]<UL><LI>Max Depth = 16<LI>Call Chain = timern_enable &rArr; NVIC_SetPriority
</UL>
<BR>[Calls]<UL><LI><a href="#[8d]">&gt;&gt;</a>&nbsp;&nbsp;&nbsp;NVIC_EnableIRQ
<LI><a href="#[8e]">&gt;&gt;</a>&nbsp;&nbsp;&nbsp;NVIC_SetPriority
</UL>
<BR>[Called By]<UL><LI><a href="#[a7]">&gt;&gt;</a>&nbsp;&nbsp;&nbsp;Eint_EnAll_Exuart
<LI><a href="#[4b]">&gt;&gt;</a>&nbsp;&nbsp;&nbsp;Eint_En
<LI><a href="#[91]">&gt;&gt;</a>&nbsp;&nbsp;&nbsp;init_timer
</UL>

<P><STRONG><a name="[8f]"></a>timern_disable</STRONG> (Thumb, 58 bytes, Stack size 8 bytes, ctime.o(.text))
<BR><BR>[Stack]<UL><LI>Max Depth = 8<LI>Call Chain = timern_disable
</UL>
<BR>[Calls]<UL><LI><a href="#[90]">&gt;&gt;</a>&nbsp;&nbsp;&nbsp;NVIC_DisableIRQ
</UL>
<BR>[Called By]<UL><LI><a href="#[a6]">&gt;&gt;</a>&nbsp;&nbsp;&nbsp;Eint_DisAll_Exuart
<LI><a href="#[48]">&gt;&gt;</a>&nbsp;&nbsp;&nbsp;Eint_Dis
</UL>

<P><STRONG><a name="[91]"></a>init_timer</STRONG> (Thumb, 282 bytes, Stack size 16 bytes, ctime.o(.text))
<BR><BR>[Stack]<UL><LI>Max Depth = 32<LI>Call Chain = init_timer &rArr; timern_enable &rArr; NVIC_SetPriority
</UL>
<BR>[Calls]<UL><LI><a href="#[8c]">&gt;&gt;</a>&nbsp;&nbsp;&nbsp;timern_enable
</UL>
<BR>[Called By]<UL><LI><a href="#[251]">&gt;&gt;</a>&nbsp;&nbsp;&nbsp;hardware_init
</UL>

<P><STRONG><a name="[384]"></a>SetTimeTickCounter</STRONG> (Thumb, 6 bytes, Stack size 0 bytes, ctime.o(.text), UNUSED)

<P><STRONG><a name="[385]"></a>AddTimeTickCounter</STRONG> (Thumb, 12 bytes, Stack size 0 bytes, ctime.o(.text), UNUSED)

<P><STRONG><a name="[386]"></a>GetTimeTickCounter</STRONG> (Thumb, 6 bytes, Stack size 0 bytes, ctime.o(.text), UNUSED)

<P><STRONG><a name="[387]"></a>SetHeartTick</STRONG> (Thumb, 6 bytes, Stack size 0 bytes, ctime.o(.text), UNUSED)

<P><STRONG><a name="[388]"></a>AddHeartTick</STRONG> (Thumb, 12 bytes, Stack size 0 bytes, ctime.o(.text), UNUSED)

<P><STRONG><a name="[389]"></a>GetHeartTick</STRONG> (Thumb, 6 bytes, Stack size 0 bytes, ctime.o(.text), UNUSED)

<P><STRONG><a name="[38a]"></a>AddSpeakerTick</STRONG> (Thumb, 12 bytes, Stack size 0 bytes, ctime.o(.text), UNUSED)

<P><STRONG><a name="[38b]"></a>SetSpeakerTick</STRONG> (Thumb, 6 bytes, Stack size 0 bytes, ctime.o(.text), UNUSED)

<P><STRONG><a name="[38c]"></a>GetSpeakerTick</STRONG> (Thumb, 6 bytes, Stack size 0 bytes, ctime.o(.text), UNUSED)

<P><STRONG><a name="[d]"></a>TIMER0_IRQHandler</STRONG> (Thumb, 24 bytes, Stack size 8 bytes, ctime.o(.text))
<BR><BR>[Stack]<UL><LI>Max Depth = 60<LI>Call Chain = TIMER0_IRQHandler &rArr; T0Int_CTimeCtrl &rArr; SetCommT0_CTimeCtrl &rArr; SaveComm_CTimeCtrl &rArr; SetData_CLpAnsCtrl
</UL>
<BR>[Calls]<UL><LI><a href="#[92]">&gt;&gt;</a>&nbsp;&nbsp;&nbsp;T0Int_CTimeCtrl
<LI><a href="#[4b]">&gt;&gt;</a>&nbsp;&nbsp;&nbsp;Eint_En
<LI><a href="#[48]">&gt;&gt;</a>&nbsp;&nbsp;&nbsp;Eint_Dis
</UL>
<BR>[Address Reference Count : 1]<UL><LI> startup_lpc17xx.o(RESET)
</UL>
<P><STRONG><a name="[e]"></a>TIMER1_IRQHandler</STRONG> (Thumb, 22 bytes, Stack size 8 bytes, ctime.o(.text))
<BR><BR>[Stack]<UL><LI>Max Depth = 32<LI>Call Chain = TIMER1_IRQHandler &rArr; T1Int_CTimeCtrl &rArr; set_speark_ss_time
</UL>
<BR>[Calls]<UL><LI><a href="#[93]">&gt;&gt;</a>&nbsp;&nbsp;&nbsp;T1Int_CTimeCtrl
<LI><a href="#[4b]">&gt;&gt;</a>&nbsp;&nbsp;&nbsp;Eint_En
<LI><a href="#[48]">&gt;&gt;</a>&nbsp;&nbsp;&nbsp;Eint_Dis
</UL>
<BR>[Address Reference Count : 1]<UL><LI> startup_lpc17xx.o(RESET)
</UL>
<P><STRONG><a name="[f]"></a>TIMER2_IRQHandler</STRONG> (Thumb, 14 bytes, Stack size 8 bytes, ctime.o(.text))
<BR><BR>[Stack]<UL><LI>Max Depth = 16<LI>Call Chain = TIMER2_IRQHandler &rArr; Scan_Key
</UL>
<BR>[Calls]<UL><LI><a href="#[94]">&gt;&gt;</a>&nbsp;&nbsp;&nbsp;Scan_Key
</UL>
<BR>[Address Reference Count : 1]<UL><LI> startup_lpc17xx.o(RESET)
</UL>
<P><STRONG><a name="[38d]"></a>vAddLedFlag</STRONG> (Thumb, 12 bytes, Stack size 0 bytes, ctime.o(.text), UNUSED)

<P><STRONG><a name="[9b]"></a>vClrLedFlag</STRONG> (Thumb, 8 bytes, Stack size 0 bytes, ctime.o(.text), UNUSED)
<BR><BR>[Called By]<UL><LI><a href="#[97]">&gt;&gt;</a>&nbsp;&nbsp;&nbsp;CLedShow
</UL>

<P><STRONG><a name="[98]"></a>vGetLedFlag</STRONG> (Thumb, 6 bytes, Stack size 0 bytes, ctime.o(.text), UNUSED)
<BR><BR>[Called By]<UL><LI><a href="#[97]">&gt;&gt;</a>&nbsp;&nbsp;&nbsp;CLedShow
</UL>

<P><STRONG><a name="[2a4]"></a>vAddScreenMask</STRONG> (Thumb, 12 bytes, Stack size 0 bytes, ctime.o(.text))
<BR><BR>[Called By]<UL><LI><a href="#[93]">&gt;&gt;</a>&nbsp;&nbsp;&nbsp;T1Int_CTimeCtrl
</UL>

<P><STRONG><a name="[260]"></a>vGetScreenMask</STRONG> (Thumb, 6 bytes, Stack size 0 bytes, ctime.o(.text))
<BR><BR>[Called By]<UL><LI><a href="#[25f]">&gt;&gt;</a>&nbsp;&nbsp;&nbsp;deal_lcd
</UL>

<P><STRONG><a name="[96]"></a>vClrScreenMask</STRONG> (Thumb, 8 bytes, Stack size 0 bytes, ctime.o(.text))
<BR><BR>[Called By]<UL><LI><a href="#[95]">&gt;&gt;</a>&nbsp;&nbsp;&nbsp;OffLcd
</UL>

<P><STRONG><a name="[95]"></a>OffLcd</STRONG> (Thumb, 30 bytes, Stack size 4 bytes, ctime.o(.text))
<BR><BR>[Stack]<UL><LI>Max Depth = 4<LI>Call Chain = OffLcd
</UL>
<BR>[Calls]<UL><LI><a href="#[96]">&gt;&gt;</a>&nbsp;&nbsp;&nbsp;vClrScreenMask
</UL>
<BR>[Called By]<UL><LI><a href="#[25f]">&gt;&gt;</a>&nbsp;&nbsp;&nbsp;deal_lcd
</UL>

<P><STRONG><a name="[cf]"></a>OnLCD</STRONG> (Thumb, 20 bytes, Stack size 0 bytes, ctime.o(.text))
<BR><BR>[Called By]<UL><LI><a href="#[94]">&gt;&gt;</a>&nbsp;&nbsp;&nbsp;Scan_Key
<LI><a href="#[231]">&gt;&gt;</a>&nbsp;&nbsp;&nbsp;SendHeart
<LI><a href="#[121]">&gt;&gt;</a>&nbsp;&nbsp;&nbsp;HandleInfo_Uart1
<LI><a href="#[105]">&gt;&gt;</a>&nbsp;&nbsp;&nbsp;inquiry_signal_strength
<LI><a href="#[f6]">&gt;&gt;</a>&nbsp;&nbsp;&nbsp;comp_reg_deal
</UL>

<P><STRONG><a name="[38e]"></a>enable_timer</STRONG> (Thumb, 48 bytes, Stack size 0 bytes, ctime.o(.text), UNUSED)

<P><STRONG><a name="[38f]"></a>disable_timer</STRONG> (Thumb, 48 bytes, Stack size 0 bytes, ctime.o(.text), UNUSED)

<P><STRONG><a name="[390]"></a>reset_timer</STRONG> (Thumb, 66 bytes, Stack size 0 bytes, ctime.o(.text), UNUSED)

<P><STRONG><a name="[97]"></a>CLedShow</STRONG> (Thumb, 34 bytes, Stack size 8 bytes, ctime.o(.text), UNUSED)
<BR><BR>[Calls]<UL><LI><a href="#[99]">&gt;&gt;</a>&nbsp;&nbsp;&nbsp;Led_Wireless_On
<LI><a href="#[9a]">&gt;&gt;</a>&nbsp;&nbsp;&nbsp;Led_Wireless_Off
<LI><a href="#[98]">&gt;&gt;</a>&nbsp;&nbsp;&nbsp;vGetLedFlag
<LI><a href="#[9b]">&gt;&gt;</a>&nbsp;&nbsp;&nbsp;vClrLedFlag
</UL>

<P><STRONG><a name="[262]"></a>CSpeakerPWM</STRONG> (Thumb, 2 bytes, Stack size 0 bytes, ctime.o(.text))
<BR><BR>[Called By]<UL><LI><a href="#[261]">&gt;&gt;</a>&nbsp;&nbsp;&nbsp;deal_speaker
</UL>

<P><STRONG><a name="[391]"></a>Get_CTime0Def</STRONG> (Thumb, 6 bytes, Stack size 0 bytes, ctimedef.o(.text), UNUSED)

<P><STRONG><a name="[392]"></a>Set_CTime0Def</STRONG> (Thumb, 16 bytes, Stack size 0 bytes, ctimedef.o(.text), UNUSED)

<P><STRONG><a name="[393]"></a>Sel_CTime0Def</STRONG> (Thumb, 14 bytes, Stack size 0 bytes, ctimedef.o(.text), UNUSED)

<P><STRONG><a name="[256]"></a>Get_Timer_100us</STRONG> (Thumb, 14 bytes, Stack size 0 bytes, ctimedef.o(.text))
<BR><BR>[Called By]<UL><LI><a href="#[251]">&gt;&gt;</a>&nbsp;&nbsp;&nbsp;hardware_init
</UL>

<P><STRONG><a name="[394]"></a>Get_Timer_200us</STRONG> (Thumb, 16 bytes, Stack size 0 bytes, ctimedef.o(.text), UNUSED)

<P><STRONG><a name="[395]"></a>Get_Timer_600us</STRONG> (Thumb, 20 bytes, Stack size 0 bytes, ctimedef.o(.text), UNUSED)

<P><STRONG><a name="[396]"></a>Get_Timer_2ms</STRONG> (Thumb, 20 bytes, Stack size 0 bytes, ctimedef.o(.text), UNUSED)

<P><STRONG><a name="[397]"></a>Get_Timer_5ms</STRONG> (Thumb, 18 bytes, Stack size 0 bytes, ctimedef.o(.text), UNUSED)

<P><STRONG><a name="[398]"></a>Get_Timer_8ms</STRONG> (Thumb, 20 bytes, Stack size 0 bytes, ctimedef.o(.text), UNUSED)

<P><STRONG><a name="[399]"></a>Get_Timer_10ms</STRONG> (Thumb, 18 bytes, Stack size 0 bytes, ctimedef.o(.text), UNUSED)

<P><STRONG><a name="[257]"></a>Get_Timer_20ms</STRONG> (Thumb, 18 bytes, Stack size 0 bytes, ctimedef.o(.text))
<BR><BR>[Called By]<UL><LI><a href="#[251]">&gt;&gt;</a>&nbsp;&nbsp;&nbsp;hardware_init
</UL>

<P><STRONG><a name="[39a]"></a>AddTwoFallEdgeCounter</STRONG> (Thumb, 12 bytes, Stack size 0 bytes, ctimedef.o(.text), UNUSED)

<P><STRONG><a name="[39b]"></a>ClrTwoFallEdgeCounter</STRONG> (Thumb, 8 bytes, Stack size 0 bytes, ctimedef.o(.text), UNUSED)

<P><STRONG><a name="[39c]"></a>GetTwoFallEdgeCounter</STRONG> (Thumb, 6 bytes, Stack size 0 bytes, ctimedef.o(.text), UNUSED)

<P><STRONG><a name="[39d]"></a>AddRisedgeCounter</STRONG> (Thumb, 12 bytes, Stack size 0 bytes, ctimedef.o(.text), UNUSED)

<P><STRONG><a name="[39e]"></a>ClrRisedgeCounter</STRONG> (Thumb, 8 bytes, Stack size 0 bytes, ctimedef.o(.text), UNUSED)

<P><STRONG><a name="[39f]"></a>GetRisedgeCounter</STRONG> (Thumb, 6 bytes, Stack size 0 bytes, ctimedef.o(.text), UNUSED)

<P><STRONG><a name="[3a0]"></a>AddWait2msCounter</STRONG> (Thumb, 12 bytes, Stack size 0 bytes, ctimedef.o(.text), UNUSED)

<P><STRONG><a name="[3a1]"></a>ClrWait2msCounter</STRONG> (Thumb, 8 bytes, Stack size 0 bytes, ctimedef.o(.text), UNUSED)

<P><STRONG><a name="[3a2]"></a>GetWait2msCounter</STRONG> (Thumb, 6 bytes, Stack size 0 bytes, ctimedef.o(.text), UNUSED)

<P><STRONG><a name="[3a3]"></a>Is2msArrived</STRONG> (Thumb, 16 bytes, Stack size 0 bytes, ctimedef.o(.text), UNUSED)

<P><STRONG><a name="[3a4]"></a>Enable2ms</STRONG> (Thumb, 8 bytes, Stack size 0 bytes, ctimedef.o(.text), UNUSED)

<P><STRONG><a name="[3a5]"></a>Disable2ms</STRONG> (Thumb, 8 bytes, Stack size 0 bytes, ctimedef.o(.text), UNUSED)

<P><STRONG><a name="[3a6]"></a>Get2msState</STRONG> (Thumb, 6 bytes, Stack size 0 bytes, ctimedef.o(.text), UNUSED)

<P><STRONG><a name="[3a7]"></a>Set2msArrived</STRONG> (Thumb, 16 bytes, Stack size 0 bytes, ctimedef.o(.text), UNUSED)

<P><STRONG><a name="[3a8]"></a>Get2msArrived</STRONG> (Thumb, 10 bytes, Stack size 0 bytes, ctimedef.o(.text), UNUSED)

<P><STRONG><a name="[3a9]"></a>Clr2msArrived</STRONG> (Thumb, 14 bytes, Stack size 0 bytes, ctimedef.o(.text), UNUSED)

<P><STRONG><a name="[3aa]"></a>beepReverse</STRONG> (Thumb, 46 bytes, Stack size 0 bytes, pwm.o(.text), UNUSED)

<P><STRONG><a name="[15]"></a>PWM1_IRQHandler</STRONG> (Thumb, 32 bytes, Stack size 0 bytes, pwm.o(.text))
<BR>[Address Reference Count : 1]<UL><LI> startup_lpc17xx.o(RESET)
</UL>
<P><STRONG><a name="[9c]"></a>PWM_Init</STRONG> (Thumb, 78 bytes, Stack size 8 bytes, pwm.o(.text))
<BR><BR>[Stack]<UL><LI>Max Depth = 8<LI>Call Chain = PWM_Init
</UL>
<BR>[Calls]<UL><LI><a href="#[9d]">&gt;&gt;</a>&nbsp;&nbsp;&nbsp;NVIC_EnableIRQ
</UL>
<BR>[Called By]<UL><LI><a href="#[251]">&gt;&gt;</a>&nbsp;&nbsp;&nbsp;hardware_init
</UL>

<P><STRONG><a name="[9e]"></a>pwm1_enable</STRONG> (Thumb, 10 bytes, Stack size 8 bytes, pwm.o(.text))
<BR><BR>[Stack]<UL><LI>Max Depth = 8<LI>Call Chain = pwm1_enable
</UL>
<BR>[Calls]<UL><LI><a href="#[9d]">&gt;&gt;</a>&nbsp;&nbsp;&nbsp;NVIC_EnableIRQ
</UL>
<BR>[Called By]<UL><LI><a href="#[a7]">&gt;&gt;</a>&nbsp;&nbsp;&nbsp;Eint_EnAll_Exuart
<LI><a href="#[4b]">&gt;&gt;</a>&nbsp;&nbsp;&nbsp;Eint_En
</UL>

<P><STRONG><a name="[a5]"></a>pwm1_disable</STRONG> (Thumb, 18 bytes, Stack size 0 bytes, pwm.o(.text))
<BR><BR>[Called By]<UL><LI><a href="#[a6]">&gt;&gt;</a>&nbsp;&nbsp;&nbsp;Eint_DisAll_Exuart
<LI><a href="#[48]">&gt;&gt;</a>&nbsp;&nbsp;&nbsp;Eint_Dis
</UL>

<P><STRONG><a name="[25a]"></a>PWM1_Set</STRONG> (Thumb, 18 bytes, Stack size 0 bytes, pwm.o(.text))
<BR><BR>[Called By]<UL><LI><a href="#[251]">&gt;&gt;</a>&nbsp;&nbsp;&nbsp;hardware_init
</UL>

<P><STRONG><a name="[1d1]"></a>PWM1_Start</STRONG> (Thumb, 14 bytes, Stack size 0 bytes, pwm.o(.text))
<BR><BR>[Called By]<UL><LI><a href="#[265]">&gt;&gt;</a>&nbsp;&nbsp;&nbsp;pwm1_test_start_stop
<LI><a href="#[219]">&gt;&gt;</a>&nbsp;&nbsp;&nbsp;menu_alarm_fire
<LI><a href="#[1d0]">&gt;&gt;</a>&nbsp;&nbsp;&nbsp;selftest_ok
<LI><a href="#[29c]">&gt;&gt;</a>&nbsp;&nbsp;&nbsp;set_speark_ss_time
</UL>

<P><STRONG><a name="[2a5]"></a>get_PWM1_Started</STRONG> (Thumb, 6 bytes, Stack size 0 bytes, pwm.o(.text))
<BR><BR>[Called By]<UL><LI><a href="#[93]">&gt;&gt;</a>&nbsp;&nbsp;&nbsp;T1Int_CTimeCtrl
</UL>

<P><STRONG><a name="[1d2]"></a>set_PWM1_Started</STRONG> (Thumb, 8 bytes, Stack size 0 bytes, pwm.o(.text))
<BR><BR>[Called By]<UL><LI><a href="#[265]">&gt;&gt;</a>&nbsp;&nbsp;&nbsp;pwm1_test_start_stop
<LI><a href="#[219]">&gt;&gt;</a>&nbsp;&nbsp;&nbsp;menu_alarm_fire
<LI><a href="#[1d0]">&gt;&gt;</a>&nbsp;&nbsp;&nbsp;selftest_ok
</UL>

<P><STRONG><a name="[d4]"></a>clr_PWM1_Started</STRONG> (Thumb, 8 bytes, Stack size 0 bytes, pwm.o(.text))
<BR><BR>[Called By]<UL><LI><a href="#[d2]">&gt;&gt;</a>&nbsp;&nbsp;&nbsp;Get_KeyValue
<LI><a href="#[19a]">&gt;&gt;</a>&nbsp;&nbsp;&nbsp;CLevel23_Return
</UL>

<P><STRONG><a name="[d3]"></a>PWM1_Stop</STRONG> (Thumb, 10 bytes, Stack size 0 bytes, pwm.o(.text))
<BR><BR>[Called By]<UL><LI><a href="#[d2]">&gt;&gt;</a>&nbsp;&nbsp;&nbsp;Get_KeyValue
<LI><a href="#[7a]">&gt;&gt;</a>&nbsp;&nbsp;&nbsp;reset_ok
<LI><a href="#[22e]">&gt;&gt;</a>&nbsp;&nbsp;&nbsp;DisplayKeyMenu
<LI><a href="#[19a]">&gt;&gt;</a>&nbsp;&nbsp;&nbsp;CLevel23_Return
<LI><a href="#[29c]">&gt;&gt;</a>&nbsp;&nbsp;&nbsp;set_speark_ss_time
</UL>

<P><STRONG><a name="[9f]"></a>extint3_enable</STRONG> (Thumb, 18 bytes, Stack size 8 bytes, extint.o(.text))
<BR><BR>[Stack]<UL><LI>Max Depth = 16<LI>Call Chain = extint3_enable &rArr; NVIC_SetPriority
</UL>
<BR>[Calls]<UL><LI><a href="#[a0]">&gt;&gt;</a>&nbsp;&nbsp;&nbsp;NVIC_EnableIRQ
<LI><a href="#[a1]">&gt;&gt;</a>&nbsp;&nbsp;&nbsp;NVIC_SetPriority
</UL>
<BR>[Called By]<UL><LI><a href="#[a7]">&gt;&gt;</a>&nbsp;&nbsp;&nbsp;Eint_EnAll_Exuart
<LI><a href="#[a4]">&gt;&gt;</a>&nbsp;&nbsp;&nbsp;Eint3_Init
<LI><a href="#[4b]">&gt;&gt;</a>&nbsp;&nbsp;&nbsp;Eint_En
</UL>

<P><STRONG><a name="[a2]"></a>extint3_disable</STRONG> (Thumb, 10 bytes, Stack size 8 bytes, extint.o(.text))
<BR><BR>[Stack]<UL><LI>Max Depth = 8<LI>Call Chain = extint3_disable
</UL>
<BR>[Calls]<UL><LI><a href="#[a3]">&gt;&gt;</a>&nbsp;&nbsp;&nbsp;NVIC_DisableIRQ
</UL>
<BR>[Called By]<UL><LI><a href="#[a6]">&gt;&gt;</a>&nbsp;&nbsp;&nbsp;Eint_DisAll_Exuart
<LI><a href="#[48]">&gt;&gt;</a>&nbsp;&nbsp;&nbsp;Eint_Dis
</UL>

<P><STRONG><a name="[a4]"></a>Eint3_Init</STRONG> (Thumb, 46 bytes, Stack size 8 bytes, extint.o(.text), UNUSED)
<BR><BR>[Calls]<UL><LI><a href="#[9f]">&gt;&gt;</a>&nbsp;&nbsp;&nbsp;extint3_enable
</UL>

<P><STRONG><a name="[48]"></a>Eint_Dis</STRONG> (Thumb, 46 bytes, Stack size 8 bytes, extint.o(.text))
<BR><BR>[Stack]<UL><LI>Max Depth = 16<LI>Call Chain = Eint_Dis &rArr; extint3_disable
</UL>
<BR>[Calls]<UL><LI><a href="#[a2]">&gt;&gt;</a>&nbsp;&nbsp;&nbsp;extint3_disable
<LI><a href="#[a5]">&gt;&gt;</a>&nbsp;&nbsp;&nbsp;pwm1_disable
<LI><a href="#[8f]">&gt;&gt;</a>&nbsp;&nbsp;&nbsp;timern_disable
<LI><a href="#[82]">&gt;&gt;</a>&nbsp;&nbsp;&nbsp;uart_all_disable
<LI><a href="#[5f]">&gt;&gt;</a>&nbsp;&nbsp;&nbsp;i2c0_disable
</UL>
<BR>[Called By]<UL><LI><a href="#[1f]">&gt;&gt;</a>&nbsp;&nbsp;&nbsp;EINT1_IRQHandler
<LI><a href="#[e]">&gt;&gt;</a>&nbsp;&nbsp;&nbsp;TIMER1_IRQHandler
<LI><a href="#[d]">&gt;&gt;</a>&nbsp;&nbsp;&nbsp;TIMER0_IRQHandler
<LI><a href="#[7a]">&gt;&gt;</a>&nbsp;&nbsp;&nbsp;reset_ok
<LI><a href="#[1d9]">&gt;&gt;</a>&nbsp;&nbsp;&nbsp;save_basic_info
<LI><a href="#[47]">&gt;&gt;</a>&nbsp;&nbsp;&nbsp;EndInt
</UL>

<P><STRONG><a name="[4b]"></a>Eint_En</STRONG> (Thumb, 52 bytes, Stack size 8 bytes, extint.o(.text))
<BR><BR>[Stack]<UL><LI>Max Depth = 24<LI>Call Chain = Eint_En &rArr; extint3_enable &rArr; NVIC_SetPriority
</UL>
<BR>[Calls]<UL><LI><a href="#[9f]">&gt;&gt;</a>&nbsp;&nbsp;&nbsp;extint3_enable
<LI><a href="#[9e]">&gt;&gt;</a>&nbsp;&nbsp;&nbsp;pwm1_enable
<LI><a href="#[8c]">&gt;&gt;</a>&nbsp;&nbsp;&nbsp;timern_enable
<LI><a href="#[83]">&gt;&gt;</a>&nbsp;&nbsp;&nbsp;uart_all_enable
<LI><a href="#[5e]">&gt;&gt;</a>&nbsp;&nbsp;&nbsp;i2c0_enable
</UL>
<BR>[Called By]<UL><LI><a href="#[1f]">&gt;&gt;</a>&nbsp;&nbsp;&nbsp;EINT1_IRQHandler
<LI><a href="#[e]">&gt;&gt;</a>&nbsp;&nbsp;&nbsp;TIMER1_IRQHandler
<LI><a href="#[d]">&gt;&gt;</a>&nbsp;&nbsp;&nbsp;TIMER0_IRQHandler
<LI><a href="#[7a]">&gt;&gt;</a>&nbsp;&nbsp;&nbsp;reset_ok
<LI><a href="#[1d9]">&gt;&gt;</a>&nbsp;&nbsp;&nbsp;save_basic_info
<LI><a href="#[4a]">&gt;&gt;</a>&nbsp;&nbsp;&nbsp;StartInt
</UL>

<P><STRONG><a name="[a6]"></a>Eint_DisAll_Exuart</STRONG> (Thumb, 42 bytes, Stack size 8 bytes, extint.o(.text), UNUSED)
<BR><BR>[Calls]<UL><LI><a href="#[a2]">&gt;&gt;</a>&nbsp;&nbsp;&nbsp;extint3_disable
<LI><a href="#[a5]">&gt;&gt;</a>&nbsp;&nbsp;&nbsp;pwm1_disable
<LI><a href="#[8f]">&gt;&gt;</a>&nbsp;&nbsp;&nbsp;timern_disable
<LI><a href="#[5f]">&gt;&gt;</a>&nbsp;&nbsp;&nbsp;i2c0_disable
</UL>

<P><STRONG><a name="[a7]"></a>Eint_EnAll_Exuart</STRONG> (Thumb, 48 bytes, Stack size 8 bytes, extint.o(.text))
<BR><BR>[Stack]<UL><LI>Max Depth = 24<LI>Call Chain = Eint_EnAll_Exuart &rArr; extint3_enable &rArr; NVIC_SetPriority
</UL>
<BR>[Calls]<UL><LI><a href="#[9f]">&gt;&gt;</a>&nbsp;&nbsp;&nbsp;extint3_enable
<LI><a href="#[9e]">&gt;&gt;</a>&nbsp;&nbsp;&nbsp;pwm1_enable
<LI><a href="#[8c]">&gt;&gt;</a>&nbsp;&nbsp;&nbsp;timern_enable
<LI><a href="#[5e]">&gt;&gt;</a>&nbsp;&nbsp;&nbsp;i2c0_enable
</UL>
<BR>[Called By]<UL><LI><a href="#[f6]">&gt;&gt;</a>&nbsp;&nbsp;&nbsp;comp_reg_deal
</UL>

<P><STRONG><a name="[aa]"></a>SetE1_flag</STRONG> (Thumb, 8 bytes, Stack size 0 bytes, extint.o(.text))
<BR><BR>[Called By]<UL><LI><a href="#[1f]">&gt;&gt;</a>&nbsp;&nbsp;&nbsp;EINT1_IRQHandler
</UL>

<P><STRONG><a name="[20f]"></a>ClrE1_flag</STRONG> (Thumb, 8 bytes, Stack size 0 bytes, extint.o(.text))
<BR><BR>[Called By]<UL><LI><a href="#[20d]">&gt;&gt;</a>&nbsp;&nbsp;&nbsp;show_head_menu
</UL>

<P><STRONG><a name="[3ab]"></a>GetE1_flag</STRONG> (Thumb, 6 bytes, Stack size 0 bytes, extint.o(.text), UNUSED)

<P><STRONG><a name="[3ac]"></a>SetE3_flag</STRONG> (Thumb, 8 bytes, Stack size 0 bytes, extint.o(.text), UNUSED)

<P><STRONG><a name="[3ad]"></a>ClrE3_flag</STRONG> (Thumb, 8 bytes, Stack size 0 bytes, extint.o(.text), UNUSED)

<P><STRONG><a name="[3ae]"></a>GetE3_flag</STRONG> (Thumb, 6 bytes, Stack size 0 bytes, extint.o(.text), UNUSED)

<P><STRONG><a name="[3af]"></a>cExt3IntFlow</STRONG> (Thumb, 10 bytes, Stack size 0 bytes, extint.o(.text), UNUSED)

<P><STRONG><a name="[3b0]"></a>cExt3IntRise</STRONG> (Thumb, 10 bytes, Stack size 0 bytes, extint.o(.text), UNUSED)

<P><STRONG><a name="[3b1]"></a>cExt3IntClrFlow</STRONG> (Thumb, 20 bytes, Stack size 0 bytes, extint.o(.text), UNUSED)

<P><STRONG><a name="[3b2]"></a>cExt3IntClrRise</STRONG> (Thumb, 20 bytes, Stack size 0 bytes, extint.o(.text), UNUSED)

<P><STRONG><a name="[a8]"></a>extint1_enable</STRONG> (Thumb, 18 bytes, Stack size 8 bytes, extint.o(.text), UNUSED)
<BR><BR>[Calls]<UL><LI><a href="#[a0]">&gt;&gt;</a>&nbsp;&nbsp;&nbsp;NVIC_EnableIRQ
<LI><a href="#[a1]">&gt;&gt;</a>&nbsp;&nbsp;&nbsp;NVIC_SetPriority
</UL>

<P><STRONG><a name="[a9]"></a>extint1_disable</STRONG> (Thumb, 10 bytes, Stack size 8 bytes, extint.o(.text), UNUSED)
<BR><BR>[Calls]<UL><LI><a href="#[a3]">&gt;&gt;</a>&nbsp;&nbsp;&nbsp;NVIC_DisableIRQ
</UL>

<P><STRONG><a name="[1f]"></a>EINT1_IRQHandler</STRONG> (Thumb, 22 bytes, Stack size 8 bytes, extint.o(.text))
<BR><BR>[Stack]<UL><LI>Max Depth = 32<LI>Call Chain = EINT1_IRQHandler &rArr; Eint_En &rArr; extint3_enable &rArr; NVIC_SetPriority
</UL>
<BR>[Calls]<UL><LI><a href="#[aa]">&gt;&gt;</a>&nbsp;&nbsp;&nbsp;SetE1_flag
<LI><a href="#[4b]">&gt;&gt;</a>&nbsp;&nbsp;&nbsp;Eint_En
<LI><a href="#[48]">&gt;&gt;</a>&nbsp;&nbsp;&nbsp;Eint_Dis
</UL>
<BR>[Address Reference Count : 1]<UL><LI> startup_lpc17xx.o(RESET)
</UL>
<P><STRONG><a name="[255]"></a>Init_CGpioIrq</STRONG> (Thumb, 120 bytes, Stack size 8 bytes, cgpioirq.o(.text))
<BR><BR>[Stack]<UL><LI>Max Depth = 8<LI>Call Chain = Init_CGpioIrq
</UL>
<BR>[Called By]<UL><LI><a href="#[251]">&gt;&gt;</a>&nbsp;&nbsp;&nbsp;hardware_init
</UL>

<P><STRONG><a name="[21]"></a>EINT3_IRQHandler</STRONG> (Thumb, 68 bytes, Stack size 8 bytes, cgpioirq.o(.text))
<BR><BR>[Stack]<UL><LI>Max Depth = 8<LI>Call Chain = EINT3_IRQHandler
</UL>
<BR>[Calls]<UL><LI><a href="#[ab]">&gt;&gt;</a>&nbsp;&nbsp;&nbsp;State_0mA
<LI><a href="#[ac]">&gt;&gt;</a>&nbsp;&nbsp;&nbsp;SetPer_CLpCkCtrl
<LI><a href="#[ad]">&gt;&gt;</a>&nbsp;&nbsp;&nbsp;SetExtint_CLpCkCtrl
</UL>
<BR>[Address Reference Count : 1]<UL><LI> startup_lpc17xx.o(RESET)
</UL>
<P><STRONG><a name="[1a8]"></a>DelayMs</STRONG> (Thumb, 24 bytes, Stack size 0 bytes, lcd.o(.text))
<BR><BR>[Called By]<UL><LI><a href="#[7a]">&gt;&gt;</a>&nbsp;&nbsp;&nbsp;reset_ok
<LI><a href="#[1d0]">&gt;&gt;</a>&nbsp;&nbsp;&nbsp;selftest_ok
<LI><a href="#[1ab]">&gt;&gt;</a>&nbsp;&nbsp;&nbsp;factory_ok
</UL>

<P><STRONG><a name="[af]"></a>DATAout</STRONG> (Thumb, 84 bytes, Stack size 8 bytes, lcd.o(.text))
<BR><BR>[Stack]<UL><LI>Max Depth = 8<LI>Call Chain = DATAout
</UL>
<BR>[Called By]<UL><LI><a href="#[b7]">&gt;&gt;</a>&nbsp;&nbsp;&nbsp;WriteBlackByte
<LI><a href="#[b5]">&gt;&gt;</a>&nbsp;&nbsp;&nbsp;WriteByte
<LI><a href="#[b0]">&gt;&gt;</a>&nbsp;&nbsp;&nbsp;SendCommandToLCD
<LI><a href="#[ae]">&gt;&gt;</a>&nbsp;&nbsp;&nbsp;CheckState
</UL>

<P><STRONG><a name="[ae]"></a>CheckState</STRONG> (Thumb, 78 bytes, Stack size 8 bytes, lcd.o(.text))
<BR><BR>[Stack]<UL><LI>Max Depth = 16<LI>Call Chain = CheckState &rArr; DATAout
</UL>
<BR>[Calls]<UL><LI><a href="#[af]">&gt;&gt;</a>&nbsp;&nbsp;&nbsp;DATAout
</UL>
<BR>[Called By]<UL><LI><a href="#[bb]">&gt;&gt;</a>&nbsp;&nbsp;&nbsp;InitLCD
<LI><a href="#[b7]">&gt;&gt;</a>&nbsp;&nbsp;&nbsp;WriteBlackByte
<LI><a href="#[b6]">&gt;&gt;</a>&nbsp;&nbsp;&nbsp;WriteDoubleByte
<LI><a href="#[b5]">&gt;&gt;</a>&nbsp;&nbsp;&nbsp;WriteByte
<LI><a href="#[b0]">&gt;&gt;</a>&nbsp;&nbsp;&nbsp;SendCommandToLCD
</UL>

<P><STRONG><a name="[b0]"></a>SendCommandToLCD</STRONG> (Thumb, 60 bytes, Stack size 8 bytes, lcd.o(.text))
<BR><BR>[Stack]<UL><LI>Max Depth = 24<LI>Call Chain = SendCommandToLCD &rArr; CheckState &rArr; DATAout
</UL>
<BR>[Calls]<UL><LI><a href="#[ae]">&gt;&gt;</a>&nbsp;&nbsp;&nbsp;CheckState
<LI><a href="#[af]">&gt;&gt;</a>&nbsp;&nbsp;&nbsp;DATAout
</UL>
<BR>[Called By]<UL><LI><a href="#[b4]">&gt;&gt;</a>&nbsp;&nbsp;&nbsp;SetOnOff
<LI><a href="#[b3]">&gt;&gt;</a>&nbsp;&nbsp;&nbsp;SetColumn
<LI><a href="#[b2]">&gt;&gt;</a>&nbsp;&nbsp;&nbsp;SetStartLine
<LI><a href="#[b1]">&gt;&gt;</a>&nbsp;&nbsp;&nbsp;SetLine
</UL>

<P><STRONG><a name="[b1]"></a>SetLine</STRONG> (Thumb, 16 bytes, Stack size 8 bytes, lcd.o(.text))
<BR><BR>[Stack]<UL><LI>Max Depth = 32<LI>Call Chain = SetLine &rArr; SendCommandToLCD &rArr; CheckState &rArr; DATAout
</UL>
<BR>[Calls]<UL><LI><a href="#[b0]">&gt;&gt;</a>&nbsp;&nbsp;&nbsp;SendCommandToLCD
</UL>
<BR>[Called By]<UL><LI><a href="#[c3]">&gt;&gt;</a>&nbsp;&nbsp;&nbsp;WriteBlue
<LI><a href="#[c2]">&gt;&gt;</a>&nbsp;&nbsp;&nbsp;DisplaynumberBlack
<LI><a href="#[c1]">&gt;&gt;</a>&nbsp;&nbsp;&nbsp;Displaynumber
<LI><a href="#[c0]">&gt;&gt;</a>&nbsp;&nbsp;&nbsp;Display1
<LI><a href="#[bf]">&gt;&gt;</a>&nbsp;&nbsp;&nbsp;DisplayBlack
<LI><a href="#[be]">&gt;&gt;</a>&nbsp;&nbsp;&nbsp;Display
<LI><a href="#[bd]">&gt;&gt;</a>&nbsp;&nbsp;&nbsp;DisplayJBHZK
<LI><a href="#[bc]">&gt;&gt;</a>&nbsp;&nbsp;&nbsp;DisplayJBHZKBlack
<LI><a href="#[ba]">&gt;&gt;</a>&nbsp;&nbsp;&nbsp;Clear16Screen
<LI><a href="#[b8]">&gt;&gt;</a>&nbsp;&nbsp;&nbsp;ClearScreen
</UL>

<P><STRONG><a name="[b2]"></a>SetStartLine</STRONG> (Thumb, 16 bytes, Stack size 8 bytes, lcd.o(.text))
<BR><BR>[Stack]<UL><LI>Max Depth = 32<LI>Call Chain = SetStartLine &rArr; SendCommandToLCD &rArr; CheckState &rArr; DATAout
</UL>
<BR>[Calls]<UL><LI><a href="#[b0]">&gt;&gt;</a>&nbsp;&nbsp;&nbsp;SendCommandToLCD
</UL>
<BR>[Called By]<UL><LI><a href="#[bb]">&gt;&gt;</a>&nbsp;&nbsp;&nbsp;InitLCD
</UL>

<P><STRONG><a name="[b3]"></a>SetColumn</STRONG> (Thumb, 20 bytes, Stack size 8 bytes, lcd.o(.text))
<BR><BR>[Stack]<UL><LI>Max Depth = 32<LI>Call Chain = SetColumn &rArr; SendCommandToLCD &rArr; CheckState &rArr; DATAout
</UL>
<BR>[Calls]<UL><LI><a href="#[b0]">&gt;&gt;</a>&nbsp;&nbsp;&nbsp;SendCommandToLCD
</UL>
<BR>[Called By]<UL><LI><a href="#[c3]">&gt;&gt;</a>&nbsp;&nbsp;&nbsp;WriteBlue
<LI><a href="#[c2]">&gt;&gt;</a>&nbsp;&nbsp;&nbsp;DisplaynumberBlack
<LI><a href="#[c1]">&gt;&gt;</a>&nbsp;&nbsp;&nbsp;Displaynumber
<LI><a href="#[c0]">&gt;&gt;</a>&nbsp;&nbsp;&nbsp;Display1
<LI><a href="#[bf]">&gt;&gt;</a>&nbsp;&nbsp;&nbsp;DisplayBlack
<LI><a href="#[be]">&gt;&gt;</a>&nbsp;&nbsp;&nbsp;Display
<LI><a href="#[bd]">&gt;&gt;</a>&nbsp;&nbsp;&nbsp;DisplayJBHZK
<LI><a href="#[bc]">&gt;&gt;</a>&nbsp;&nbsp;&nbsp;DisplayJBHZKBlack
<LI><a href="#[ba]">&gt;&gt;</a>&nbsp;&nbsp;&nbsp;Clear16Screen
<LI><a href="#[b8]">&gt;&gt;</a>&nbsp;&nbsp;&nbsp;ClearScreen
</UL>

<P><STRONG><a name="[b4]"></a>SetOnOff</STRONG> (Thumb, 16 bytes, Stack size 8 bytes, lcd.o(.text))
<BR><BR>[Stack]<UL><LI>Max Depth = 32<LI>Call Chain = SetOnOff &rArr; SendCommandToLCD &rArr; CheckState &rArr; DATAout
</UL>
<BR>[Calls]<UL><LI><a href="#[b0]">&gt;&gt;</a>&nbsp;&nbsp;&nbsp;SendCommandToLCD
</UL>
<BR>[Called By]<UL><LI><a href="#[bb]">&gt;&gt;</a>&nbsp;&nbsp;&nbsp;InitLCD
</UL>

<P><STRONG><a name="[b5]"></a>WriteByte</STRONG> (Thumb, 60 bytes, Stack size 8 bytes, lcd.o(.text))
<BR><BR>[Stack]<UL><LI>Max Depth = 24<LI>Call Chain = WriteByte &rArr; CheckState &rArr; DATAout
</UL>
<BR>[Calls]<UL><LI><a href="#[ae]">&gt;&gt;</a>&nbsp;&nbsp;&nbsp;CheckState
<LI><a href="#[af]">&gt;&gt;</a>&nbsp;&nbsp;&nbsp;DATAout
</UL>
<BR>[Called By]<UL><LI><a href="#[c3]">&gt;&gt;</a>&nbsp;&nbsp;&nbsp;WriteBlue
<LI><a href="#[c1]">&gt;&gt;</a>&nbsp;&nbsp;&nbsp;Displaynumber
[...]
<LI><a href="#[34d]">&gt;&gt;</a>&nbsp;&nbsp;&nbsp;get_loop_LD_counter
<LI><a href="#[34f]">&gt;&gt;</a>&nbsp;&nbsp;&nbsp;clr_loop_LD_counter
<LI><a href="#[28c]">&gt;&gt;</a>&nbsp;&nbsp;&nbsp;get_loopLD_state
</UL>

<P><STRONG><a name="[43d]"></a>set_print</STRONG> (Thumb, 8 bytes, Stack size 0 bytes, csetcurrent.o(.text), UNUSED)

<P><STRONG><a name="[350]"></a>get_print</STRONG> (Thumb, 6 bytes, Stack size 0 bytes, csetcurrent.o(.text))
<BR><BR>[Called By]<UL><LI><a href="#[26e]">&gt;&gt;</a>&nbsp;&nbsp;&nbsp;state_loopld_printf
</UL>

<P><STRONG><a name="[351]"></a>clr_print</STRONG> (Thumb, 8 bytes, Stack size 0 bytes, csetcurrent.o(.text))
<BR><BR>[Called By]<UL><LI><a href="#[26e]">&gt;&gt;</a>&nbsp;&nbsp;&nbsp;state_loopld_printf
</UL>

<P><STRONG><a name="[26e]"></a>state_loopld_printf</STRONG> (Thumb, 40 bytes, Stack size 8 bytes, csetcurrent.o(.text))
<BR><BR>[Stack]<UL><LI>Max Depth = 8<LI>Call Chain = state_loopld_printf
</UL>
<BR>[Calls]<UL><LI><a href="#[43]">&gt;&gt;</a>&nbsp;&nbsp;&nbsp;lcd_printf
<LI><a href="#[351]">&gt;&gt;</a>&nbsp;&nbsp;&nbsp;clr_print
<LI><a href="#[350]">&gt;&gt;</a>&nbsp;&nbsp;&nbsp;get_print
</UL>
<BR>[Called By]<UL><LI><a href="#[44]">&gt;&gt;</a>&nbsp;&nbsp;&nbsp;do_CRunCtrl
</UL>

<P><STRONG><a name="[115]"></a>__aeabi_memcpy</STRONG> (Thumb, 0 bytes, Stack size 0 bytes, rt_memcpy_v6.o(.text))
<BR><BR>[Called By]<UL><LI><a href="#[116]">&gt;&gt;</a>&nbsp;&nbsp;&nbsp;set_menu_alarm_info
<LI><a href="#[118]">&gt;&gt;</a>&nbsp;&nbsp;&nbsp;menu_fault_deal
<LI><a href="#[112]">&gt;&gt;</a>&nbsp;&nbsp;&nbsp;menu_firealarm_face
</UL>

<P><STRONG><a name="[352]"></a>__rt_memcpy</STRONG> (Thumb, 138 bytes, Stack size 0 bytes, rt_memcpy_v6.o(.text), UNUSED)
<BR><BR>[Calls]<UL><LI><a href="#[2b2]">&gt;&gt;</a>&nbsp;&nbsp;&nbsp;__aeabi_memcpy4
</UL>

<P><STRONG><a name="[43e]"></a>_memcpy_lastbytes</STRONG> (Thumb, 0 bytes, Stack size unknown bytes, rt_memcpy_v6.o(.text), UNUSED)

<P><STRONG><a name="[2b2]"></a>__aeabi_memcpy4</STRONG> (Thumb, 0 bytes, Stack size 8 bytes, rt_memcpy_w.o(.text))
<BR><BR>[Stack]<UL><LI>Max Depth = 8<LI>Call Chain = __aeabi_memcpy4
</UL>
<BR>[Called By]<UL><LI><a href="#[226]">&gt;&gt;</a>&nbsp;&nbsp;&nbsp;Breakdown
<LI><a href="#[21d]">&gt;&gt;</a>&nbsp;&nbsp;&nbsp;Alarm_Menu
<LI><a href="#[1cc]">&gt;&gt;</a>&nbsp;&nbsp;&nbsp;CompStat_Menu
<LI><a href="#[174]">&gt;&gt;</a>&nbsp;&nbsp;&nbsp;DateMod_Menu
<LI><a href="#[17e]">&gt;&gt;</a>&nbsp;&nbsp;&nbsp;CompSet_Menu
<LI><a href="#[14a]">&gt;&gt;</a>&nbsp;&nbsp;&nbsp;Test_Menu
<LI><a href="#[148]">&gt;&gt;</a>&nbsp;&nbsp;&nbsp;Check_Menu
<LI><a href="#[fc]">&gt;&gt;</a>&nbsp;&nbsp;&nbsp;CompReg_menu
<LI><a href="#[106]">&gt;&gt;</a>&nbsp;&nbsp;&nbsp;CompInten_Menu
<LI><a href="#[352]">&gt;&gt;</a>&nbsp;&nbsp;&nbsp;__rt_memcpy
<LI><a href="#[2c3]">&gt;&gt;</a>&nbsp;&nbsp;&nbsp;GNSelect
<LI><a href="#[2c2]">&gt;&gt;</a>&nbsp;&nbsp;&nbsp;GNSelectBlack
</UL>

<P><STRONG><a name="[43f]"></a>__aeabi_memcpy8</STRONG> (Thumb, 0 bytes, Stack size 8 bytes, rt_memcpy_w.o(.text), UNUSED)

<P><STRONG><a name="[440]"></a>__rt_memcpy_w</STRONG> (Thumb, 100 bytes, Stack size 8 bytes, rt_memcpy_w.o(.text), UNUSED)

<P><STRONG><a name="[441]"></a>_memcpy_lastbytes_aligned</STRONG> (Thumb, 0 bytes, Stack size unknown bytes, rt_memcpy_w.o(.text), UNUSED)

<P><STRONG><a name="[f7]"></a>__aeabi_memclr</STRONG> (Thumb, 0 bytes, Stack size 0 bytes, rt_memclr.o(.text))
<BR><BR>[Called By]<UL><LI><a href="#[118]">&gt;&gt;</a>&nbsp;&nbsp;&nbsp;menu_fault_deal
<LI><a href="#[112]">&gt;&gt;</a>&nbsp;&nbsp;&nbsp;menu_firealarm_face
<LI><a href="#[f6]">&gt;&gt;</a>&nbsp;&nbsp;&nbsp;comp_reg_deal
</UL>

<P><STRONG><a name="[353]"></a>__rt_memclr</STRONG> (Thumb, 68 bytes, Stack size 0 bytes, rt_memclr.o(.text), UNUSED)
<BR><BR>[Calls]<UL><LI><a href="#[354]">&gt;&gt;</a>&nbsp;&nbsp;&nbsp;_memset_w
</UL>

<P><STRONG><a name="[442]"></a>_memset</STRONG> (Thumb, 0 bytes, Stack size unknown bytes, rt_memclr.o(.text), UNUSED)

<P><STRONG><a name="[2a6]"></a>__aeabi_memclr4</STRONG> (Thumb, 0 bytes, Stack size 4 bytes, rt_memclr_w.o(.text))
<BR><BR>[Stack]<UL><LI>Max Depth = 4<LI>Call Chain = __aeabi_memclr4
</UL>
<BR>[Called By]<UL><LI><a href="#[279]">&gt;&gt;</a>&nbsp;&nbsp;&nbsp;Init_CNodeInfo
</UL>

<P><STRONG><a name="[443]"></a>__aeabi_memclr8</STRONG> (Thumb, 0 bytes, Stack size 4 bytes, rt_memclr_w.o(.text), UNUSED)

<P><STRONG><a name="[444]"></a>__rt_memclr_w</STRONG> (Thumb, 78 bytes, Stack size 4 bytes, rt_memclr_w.o(.text), UNUSED)

<P><STRONG><a name="[354]"></a>_memset_w</STRONG> (Thumb, 0 bytes, Stack size unknown bytes, rt_memclr_w.o(.text), UNUSED)
<BR><BR>[Called By]<UL><LI><a href="#[353]">&gt;&gt;</a>&nbsp;&nbsp;&nbsp;__rt_memclr
</UL>

<P><STRONG><a name="[38]"></a>__user_setup_stackheap</STRONG> (Thumb, 74 bytes, Stack size 8 bytes, sys_stackheap_outer.o(.text))
<BR><BR>[Stack]<UL><LI>Max Depth = 8 + Unknown Stack Size
<LI>Call Chain = __user_setup_stackheap
</UL>
<BR>[Calls]<UL><LI><a href="#[356]">&gt;&gt;</a>&nbsp;&nbsp;&nbsp;__user_initial_stackheap
<LI><a href="#[355]">&gt;&gt;</a>&nbsp;&nbsp;&nbsp;__user_perproc_libspace
</UL>
<BR>[Called By]<UL><LI><a href="#[37]">&gt;&gt;</a>&nbsp;&nbsp;&nbsp;__rt_entry_sh
</UL>

<P><STRONG><a name="[445]"></a>__user_libspace</STRONG> (Thumb, 8 bytes, Stack size 0 bytes, libspace.o(.text), UNUSED)

<P><STRONG><a name="[355]"></a>__user_perproc_libspace</STRONG> (Thumb, 0 bytes, Stack size 0 bytes, libspace.o(.text))
<BR><BR>[Called By]<UL><LI><a href="#[38]">&gt;&gt;</a>&nbsp;&nbsp;&nbsp;__user_setup_stackheap
</UL>

<P><STRONG><a name="[446]"></a>__user_perthread_libspace</STRONG> (Thumb, 0 bytes, Stack size 0 bytes, libspace.o(.text), UNUSED)

<P><STRONG><a name="[357]"></a>__rt_fp_status_addr</STRONG> (Thumb, 8 bytes, Stack size 0 bytes, rt_fp_status_addr_intlibspace.o(.text))
<BR><BR>[Called By]<UL><LI><a href="#[36]">&gt;&gt;</a>&nbsp;&nbsp;&nbsp;_fp_init
</UL>

<P><STRONG><a name="[40]"></a>_sys_exit</STRONG> (Thumb, 8 bytes, Stack size 0 bytes, sys_exit.o(.text))
<BR><BR>[Called By]<UL><LI><a href="#[3f]">&gt;&gt;</a>&nbsp;&nbsp;&nbsp;__rt_exit_exit
</UL>

<P><STRONG><a name="[447]"></a>__semihosting_library_function</STRONG> (Thumb, 0 bytes, Stack size 8 bytes, indicate_semi.o(.text), UNUSED)

<P><STRONG><a name="[36]"></a>_fp_init</STRONG> (Thumb, 14 bytes, Stack size 8 bytes, fpinit.o(x$fpl$fpinit))
<BR><BR>[Stack]<UL><LI>Max Depth = 8<LI>Call Chain = _fp_init
</UL>
<BR>[Calls]<UL><LI><a href="#[357]">&gt;&gt;</a>&nbsp;&nbsp;&nbsp;__rt_fp_status_addr
</UL>
<BR>[Called By]<UL><LI><a href="#[35]">&gt;&gt;</a>&nbsp;&nbsp;&nbsp;__rt_lib_init
</UL>

<P><STRONG><a name="[448]"></a>__fplib_config_pureend_doubles</STRONG> (Thumb, 0 bytes, Stack size unknown bytes, fpinit.o(x$fpl$fpinit), UNUSED)
<P>
<H3>
Local Symbols
</H3>
<P><STRONG><a name="[5d]"></a>NVIC_SetPriority</STRONG> (Thumb, 32 bytes, Stack size 8 bytes, i2c.o(.text))
<BR><BR>[Stack]<UL><LI>Max Depth = 8<LI>Call Chain = NVIC_SetPriority
</UL>
<BR>[Called By]<UL><LI><a href="#[62]">&gt;&gt;</a>&nbsp;&nbsp;&nbsp;I2CIntStart
<LI><a href="#[5e]">&gt;&gt;</a>&nbsp;&nbsp;&nbsp;i2c0_enable
<LI><a href="#[5b]">&gt;&gt;</a>&nbsp;&nbsp;&nbsp;I2C0_Init
</UL>

<P><STRONG><a name="[5c]"></a>NVIC_EnableIRQ</STRONG> (Thumb, 24 bytes, Stack size 0 bytes, i2c.o(.text))
<BR><BR>[Called By]<UL><LI><a href="#[62]">&gt;&gt;</a>&nbsp;&nbsp;&nbsp;I2CIntStart
<LI><a href="#[5e]">&gt;&gt;</a>&nbsp;&nbsp;&nbsp;i2c0_enable
<LI><a href="#[5b]">&gt;&gt;</a>&nbsp;&nbsp;&nbsp;I2C0_Init
</UL>

<P><STRONG><a name="[60]"></a>NVIC_DisableIRQ</STRONG> (Thumb, 18 bytes, Stack size 0 bytes, i2c.o(.text))
<BR><BR>[Called By]<UL><LI><a href="#[61]">&gt;&gt;</a>&nbsp;&nbsp;&nbsp;I2CIntEnd
<LI><a href="#[5f]">&gt;&gt;</a>&nbsp;&nbsp;&nbsp;i2c0_disable
</UL>

<P><STRONG><a name="[7e]"></a>NVIC_SetPriority</STRONG> (Thumb, 32 bytes, Stack size 8 bytes, uart.o(.text))
<BR><BR>[Stack]<UL><LI>Max Depth = 8<LI>Call Chain = NVIC_SetPriority
</UL>
<BR>[Called By]<UL><LI><a href="#[83]">&gt;&gt;</a>&nbsp;&nbsp;&nbsp;uart_all_enable
<LI><a href="#[81]">&gt;&gt;</a>&nbsp;&nbsp;&nbsp;UartIntStart
<LI><a href="#[7c]">&gt;&gt;</a>&nbsp;&nbsp;&nbsp;UARTInit
</UL>

<P><STRONG><a name="[74]"></a>Uart0SendByte</STRONG> (Thumb, 48 bytes, Stack size 0 bytes, uart.o(.text))
<BR><BR>[Called By]<UL><LI><a href="#[8b]">&gt;&gt;</a>&nbsp;&nbsp;&nbsp;puts__
<LI><a href="#[84]">&gt;&gt;</a>&nbsp;&nbsp;&nbsp;UART0_SendString
<LI><a href="#[73]">&gt;&gt;</a>&nbsp;&nbsp;&nbsp;recv_note_info
</UL>

<P><STRONG><a name="[7d]"></a>NVIC_EnableIRQ</STRONG> (Thumb, 24 bytes, Stack size 0 bytes, uart.o(.text))
<BR><BR>[Called By]<UL><LI><a href="#[83]">&gt;&gt;</a>&nbsp;&nbsp;&nbsp;uart_all_enable
<LI><a href="#[81]">&gt;&gt;</a>&nbsp;&nbsp;&nbsp;UartIntStart
<LI><a href="#[7c]">&gt;&gt;</a>&nbsp;&nbsp;&nbsp;UARTInit
</UL>

<P><STRONG><a name="[80]"></a>NVIC_DisableIRQ</STRONG> (Thumb, 18 bytes, Stack size 0 bytes, uart.o(.text))
<BR><BR>[Called By]<UL><LI><a href="#[82]">&gt;&gt;</a>&nbsp;&nbsp;&nbsp;uart_all_disable
<LI><a href="#[7f]">&gt;&gt;</a>&nbsp;&nbsp;&nbsp;UartIntEnd
</UL>

<P><STRONG><a name="[8e]"></a>NVIC_SetPriority</STRONG> (Thumb, 32 bytes, Stack size 8 bytes, ctime.o(.text))
<BR><BR>[Stack]<UL><LI>Max Depth = 8<LI>Call Chain = NVIC_SetPriority
</UL>
<BR>[Called By]<UL><LI><a href="#[8c]">&gt;&gt;</a>&nbsp;&nbsp;&nbsp;timern_enable
</UL>

<P><STRONG><a name="[8d]"></a>NVIC_EnableIRQ</STRONG> (Thumb, 24 bytes, Stack size 0 bytes, ctime.o(.text))
<BR><BR>[Called By]<UL><LI><a href="#[8c]">&gt;&gt;</a>&nbsp;&nbsp;&nbsp;timern_enable
</UL>

<P><STRONG><a name="[90]"></a>NVIC_DisableIRQ</STRONG> (Thumb, 18 bytes, Stack size 0 bytes, ctime.o(.text))
<BR><BR>[Called By]<UL><LI><a href="#[8f]">&gt;&gt;</a>&nbsp;&nbsp;&nbsp;timern_disable
</UL>

<P><STRONG><a name="[9d]"></a>NVIC_EnableIRQ</STRONG> (Thumb, 24 bytes, Stack size 0 bytes, pwm.o(.text))
<BR><BR>[Called By]<UL><LI><a href="#[9e]">&gt;&gt;</a>&nbsp;&nbsp;&nbsp;pwm1_enable
<LI><a href="#[9c]">&gt;&gt;</a>&nbsp;&nbsp;&nbsp;PWM_Init
</UL>

<P><STRONG><a name="[a1]"></a>NVIC_SetPriority</STRONG> (Thumb, 32 bytes, Stack size 8 bytes, extint.o(.text))
<BR><BR>[Stack]<UL><LI>Max Depth = 8<LI>Call Chain = NVIC_SetPriority
</UL>
<BR>[Called By]<UL><LI><a href="#[a8]">&gt;&gt;</a>&nbsp;&nbsp;&nbsp;extint1_enable
<LI><a href="#[9f]">&gt;&gt;</a>&nbsp;&nbsp;&nbsp;extint3_enable
</UL>

<P><STRONG><a name="[a0]"></a>NVIC_EnableIRQ</STRONG> (Thumb, 24 bytes, Stack size 0 bytes, extint.o(.text))
<BR><BR>[Called By]<UL><LI><a href="#[a8]">&gt;&gt;</a>&nbsp;&nbsp;&nbsp;extint1_enable
<LI><a href="#[9f]">&gt;&gt;</a>&nbsp;&nbsp;&nbsp;extint3_enable
</UL>

<P><STRONG><a name="[a3]"></a>NVIC_DisableIRQ</STRONG> (Thumb, 18 bytes, Stack size 0 bytes, extint.o(.text))
<BR><BR>[Called By]<UL><LI><a href="#[a9]">&gt;&gt;</a>&nbsp;&nbsp;&nbsp;extint1_disable
<LI><a href="#[a2]">&gt;&gt;</a>&nbsp;&nbsp;&nbsp;extint3_disable
</UL>

<P><STRONG><a name="[2e9]"></a>get_array</STRONG> (Thumb, 94 bytes, Stack size 16 bytes, cflashparam.o(.text))
<BR><BR>[Stack]<UL><LI>Max Depth = 16<LI>Call Chain = get_array
</UL>
<BR>[Called By]<UL><LI><a href="#[127]">&gt;&gt;</a>&nbsp;&nbsp;&nbsp;get_mask_info
<LI><a href="#[30d]">&gt;&gt;</a>&nbsp;&nbsp;&nbsp;get_alarm_firstalarm
<LI><a href="#[2f4]">&gt;&gt;</a>&nbsp;&nbsp;&nbsp;get_basic_info
<LI><a href="#[343]">&gt;&gt;</a>&nbsp;&nbsp;&nbsp;get_histnum_info
<LI><a href="#[30a]">&gt;&gt;</a>&nbsp;&nbsp;&nbsp;get_alarm_info
<LI><a href="#[2f6]">&gt;&gt;</a>&nbsp;&nbsp;&nbsp;get_comp_info
<LI><a href="#[2e8]">&gt;&gt;</a>&nbsp;&nbsp;&nbsp;get_hist_info
<LI><a href="#[2b0]">&gt;&gt;</a>&nbsp;&nbsp;&nbsp;get_nodenums
<LI><a href="#[2b1]">&gt;&gt;</a>&nbsp;&nbsp;&nbsp;get_node_info
</UL>

<P><STRONG><a name="[2e8]"></a>get_hist_info</STRONG> (Thumb, 30 bytes, Stack size 16 bytes, cflashparam.o(.text))
<BR><BR>[Stack]<UL><LI>Max Depth = 32<LI>Call Chain = get_hist_info &rArr; get_array
</UL>
<BR>[Calls]<UL><LI><a href="#[2e9]">&gt;&gt;</a>&nbsp;&nbsp;&nbsp;get_array
</UL>
<BR>[Called By]<UL><LI><a href="#[341]">&gt;&gt;</a>&nbsp;&nbsp;&nbsp;get_hist_datetime
<LI><a href="#[340]">&gt;&gt;</a>&nbsp;&nbsp;&nbsp;get_hist_lastnum
<LI><a href="#[33f]">&gt;&gt;</a>&nbsp;&nbsp;&nbsp;get_hist_devtype
<LI><a href="#[33e]">&gt;&gt;</a>&nbsp;&nbsp;&nbsp;get_hist_opstype
<LI><a href="#[33d]">&gt;&gt;</a>&nbsp;&nbsp;&nbsp;get_hist_vAnnRow
<LI><a href="#[33c]">&gt;&gt;</a>&nbsp;&nbsp;&nbsp;get_hist_circleaddr
<LI><a href="#[33b]">&gt;&gt;</a>&nbsp;&nbsp;&nbsp;get_hist_part
<LI><a href="#[33a]">&gt;&gt;</a>&nbsp;&nbsp;&nbsp;get_hist_inzone
<LI><a href="#[339]">&gt;&gt;</a>&nbsp;&nbsp;&nbsp;get_hist_order
<LI><a href="#[2ea]">&gt;&gt;</a>&nbsp;&nbsp;&nbsp;get_hist_attr
</UL>

<P><STRONG><a name="[2ef]"></a>init_record</STRONG> (Thumb, 342 bytes, Stack size 24 bytes, cflashparam.o(.text))
<BR><BR>[Stack]<UL><LI>Max Depth = 32<LI>Call Chain = init_record &rArr; M25P80_Read_1Byte
</UL>
<BR>[Calls]<UL><LI><a href="#[58]">&gt;&gt;</a>&nbsp;&nbsp;&nbsp;M25P80_Read_1Byte
</UL>
<BR>[Called By]<UL><LI><a href="#[349]">&gt;&gt;</a>&nbsp;&nbsp;&nbsp;init_histsufix_info
<LI><a href="#[347]">&gt;&gt;</a>&nbsp;&nbsp;&nbsp;init_histnums_info
<LI><a href="#[334]">&gt;&gt;</a>&nbsp;&nbsp;&nbsp;init_hist_info
<LI><a href="#[332]">&gt;&gt;</a>&nbsp;&nbsp;&nbsp;init_nodenums_info
<LI><a href="#[31d]">&gt;&gt;</a>&nbsp;&nbsp;&nbsp;init_node_info
<LI><a href="#[307]">&gt;&gt;</a>&nbsp;&nbsp;&nbsp;init_alarm_info
<LI><a href="#[306]">&gt;&gt;</a>&nbsp;&nbsp;&nbsp;init_mask_info
<LI><a href="#[2fa]">&gt;&gt;</a>&nbsp;&nbsp;&nbsp;init_comp_info
<LI><a href="#[2f1]">&gt;&gt;</a>&nbsp;&nbsp;&nbsp;init_basic_info
</UL>

<P><STRONG><a name="[2f0]"></a>save_record</STRONG> (Thumb, 324 bytes, Stack size 24 bytes, cflashparam.o(.text))
<BR><BR>[Stack]<UL><LI>Max Depth = 52<LI>Call Chain = save_record &rArr; M25P80_Write_1Byte &rArr; M25P80_WP_En &rArr; M25P80_CMD1B_S1B
</UL>
<BR>[Calls]<UL><LI><a href="#[56]">&gt;&gt;</a>&nbsp;&nbsp;&nbsp;M25P80_Write_1Byte
<LI><a href="#[54]">&gt;&gt;</a>&nbsp;&nbsp;&nbsp;M25P80_Section_Erase
<LI><a href="#[e7]">&gt;&gt;</a>&nbsp;&nbsp;&nbsp;check_lp_running
</UL>
<BR>[Called By]<UL><LI><a href="#[1d9]">&gt;&gt;</a>&nbsp;&nbsp;&nbsp;save_basic_info
<LI><a href="#[103]">&gt;&gt;</a>&nbsp;&nbsp;&nbsp;save_mask_info
<LI><a href="#[102]">&gt;&gt;</a>&nbsp;&nbsp;&nbsp;save_comp_info
<LI><a href="#[345]">&gt;&gt;</a>&nbsp;&nbsp;&nbsp;save_histnums_info
<LI><a href="#[335]">&gt;&gt;</a>&nbsp;&nbsp;&nbsp;save_hist_info
<LI><a href="#[32f]">&gt;&gt;</a>&nbsp;&nbsp;&nbsp;save_nodenums_info
<LI><a href="#[31e]">&gt;&gt;</a>&nbsp;&nbsp;&nbsp;save_node_info
<LI><a href="#[308]">&gt;&gt;</a>&nbsp;&nbsp;&nbsp;save_alarm_info
</UL>

<P><STRONG><a name="[318]"></a>clr_record</STRONG> (Thumb, 90 bytes, Stack size 16 bytes, cflashparam.o(.text))
<BR><BR>[Stack]<UL><LI>Max Depth = 16<LI>Call Chain = clr_record
</UL>
<BR>[Called By]<UL><LI><a href="#[1a4]">&gt;&gt;</a>&nbsp;&nbsp;&nbsp;clr_alarm_allinfo
</UL>

<P><STRONG><a name="[2f3]"></a>set_array</STRONG> (Thumb, 88 bytes, Stack size 20 bytes, cflashparam.o(.text))
<BR><BR>[Stack]<UL><LI>Max Depth = 20<LI>Call Chain = set_array
</UL>
<BR>[Called By]<UL><LI><a href="#[ff]">&gt;&gt;</a>&nbsp;&nbsp;&nbsp;set_mask_info
<LI><a href="#[337]">&gt;&gt;</a>&nbsp;&nbsp;&nbsp;set_hist_info
<LI><a href="#[330]">&gt;&gt;</a>&nbsp;&nbsp;&nbsp;set_nodenums
<LI><a href="#[31f]">&gt;&gt;</a>&nbsp;&nbsp;&nbsp;set_node_info
<LI><a href="#[2f2]">&gt;&gt;</a>&nbsp;&nbsp;&nbsp;set_basic_info
<LI><a href="#[342]">&gt;&gt;</a>&nbsp;&nbsp;&nbsp;set_histnum_info
<LI><a href="#[309]">&gt;&gt;</a>&nbsp;&nbsp;&nbsp;set_alarm
<LI><a href="#[2fb]">&gt;&gt;</a>&nbsp;&nbsp;&nbsp;set_comp_info
</UL>

<P><STRONG><a name="[2f6]"></a>get_comp_info</STRONG> (Thumb, 20 bytes, Stack size 16 bytes, cflashparam.o(.text))
<BR><BR>[Stack]<UL><LI>Max Depth = 32<LI>Call Chain = get_comp_info &rArr; get_array
</UL>
<BR>[Calls]<UL><LI><a href="#[2e9]">&gt;&gt;</a>&nbsp;&nbsp;&nbsp;get_array
</UL>
<BR>[Called By]<UL><LI><a href="#[f5]">&gt;&gt;</a>&nbsp;&nbsp;&nbsp;get_comp_psn3
<LI><a href="#[f4]">&gt;&gt;</a>&nbsp;&nbsp;&nbsp;get_comp_psn2
<LI><a href="#[f3]">&gt;&gt;</a>&nbsp;&nbsp;&nbsp;get_comp_psn1
<LI><a href="#[f2]">&gt;&gt;</a>&nbsp;&nbsp;&nbsp;get_comp_psn0
<LI><a href="#[eb]">&gt;&gt;</a>&nbsp;&nbsp;&nbsp;get_comp_partnumber
<LI><a href="#[ed]">&gt;&gt;</a>&nbsp;&nbsp;&nbsp;get_comp_inzone
<LI><a href="#[129]">&gt;&gt;</a>&nbsp;&nbsp;&nbsp;get_comp_devtype
<LI><a href="#[128]">&gt;&gt;</a>&nbsp;&nbsp;&nbsp;get_comp_ciraddr
</UL>

<P><STRONG><a name="[2fb]"></a>set_comp_info</STRONG> (Thumb, 24 bytes, Stack size 16 bytes, cflashparam.o(.text))
<BR><BR>[Stack]<UL><LI>Max Depth = 36<LI>Call Chain = set_comp_info &rArr; set_array
</UL>
<BR>[Calls]<UL><LI><a href="#[2f3]">&gt;&gt;</a>&nbsp;&nbsp;&nbsp;set_array
</UL>
<BR>[Called By]<UL><LI><a href="#[303]">&gt;&gt;</a>&nbsp;&nbsp;&nbsp;set_comp_devtype
<LI><a href="#[302]">&gt;&gt;</a>&nbsp;&nbsp;&nbsp;set_comp_psn3
<LI><a href="#[301]">&gt;&gt;</a>&nbsp;&nbsp;&nbsp;set_comp_psn2
<LI><a href="#[300]">&gt;&gt;</a>&nbsp;&nbsp;&nbsp;set_comp_psn1
<LI><a href="#[2ff]">&gt;&gt;</a>&nbsp;&nbsp;&nbsp;set_comp_psn0
<LI><a href="#[2fe]">&gt;&gt;</a>&nbsp;&nbsp;&nbsp;set_comp_ciraddr
<LI><a href="#[2fd]">&gt;&gt;</a>&nbsp;&nbsp;&nbsp;set_comp_partnumber
<LI><a href="#[2fc]">&gt;&gt;</a>&nbsp;&nbsp;&nbsp;set_comp_inzone
</UL>

<P><STRONG><a name="[309]"></a>set_alarm</STRONG> (Thumb, 24 bytes, Stack size 16 bytes, cflashparam.o(.text))
<BR><BR>[Stack]<UL><LI>Max Depth = 36<LI>Call Chain = set_alarm &rArr; set_array
</UL>
<BR>[Calls]<UL><LI><a href="#[2f3]">&gt;&gt;</a>&nbsp;&nbsp;&nbsp;set_array
</UL>
<BR>[Called By]<UL><LI><a href="#[315]">&gt;&gt;</a>&nbsp;&nbsp;&nbsp;set_alarm_allinfo
<LI><a href="#[314]">&gt;&gt;</a>&nbsp;&nbsp;&nbsp;set_alarm_firstalarm
<LI><a href="#[313]">&gt;&gt;</a>&nbsp;&nbsp;&nbsp;set_alarm_alarmed
<LI><a href="#[312]">&gt;&gt;</a>&nbsp;&nbsp;&nbsp;set_alarm_type
<LI><a href="#[311]">&gt;&gt;</a>&nbsp;&nbsp;&nbsp;set_alarm_alarmsum
<LI><a href="#[310]">&gt;&gt;</a>&nbsp;&nbsp;&nbsp;set_alarm_ciraddr
<LI><a href="#[30f]">&gt;&gt;</a>&nbsp;&nbsp;&nbsp;set_alarm_part
<LI><a href="#[30e]">&gt;&gt;</a>&nbsp;&nbsp;&nbsp;set_alarm_inzone
</UL>

<P><STRONG><a name="[30a]"></a>get_alarm_info</STRONG> (Thumb, 38 bytes, Stack size 16 bytes, cflashparam.o(.text))
<BR><BR>[Stack]<UL><LI>Max Depth = 32<LI>Call Chain = get_alarm_info &rArr; get_array
</UL>
<BR>[Calls]<UL><LI><a href="#[2e9]">&gt;&gt;</a>&nbsp;&nbsp;&nbsp;get_array
</UL>
<BR>[Called By]<UL><LI><a href="#[21c]">&gt;&gt;</a>&nbsp;&nbsp;&nbsp;get_alarm_first_part
<LI><a href="#[223]">&gt;&gt;</a>&nbsp;&nbsp;&nbsp;get_alarm_allinfo
<LI><a href="#[31a]">&gt;&gt;</a>&nbsp;&nbsp;&nbsp;get_alarm_type
<LI><a href="#[319]">&gt;&gt;</a>&nbsp;&nbsp;&nbsp;get_alarm_part
<LI><a href="#[316]">&gt;&gt;</a>&nbsp;&nbsp;&nbsp;get_alarm_ciraddr
<LI><a href="#[30c]">&gt;&gt;</a>&nbsp;&nbsp;&nbsp;get_alarm_alarmed
<LI><a href="#[30b]">&gt;&gt;</a>&nbsp;&nbsp;&nbsp;get_alarm_attr
</UL>

<P><STRONG><a name="[342]"></a>set_histnum_info</STRONG> (Thumb, 22 bytes, Stack size 16 bytes, cflashparam.o(.text))
<BR><BR>[Stack]<UL><LI>Max Depth = 36<LI>Call Chain = set_histnum_info &rArr; set_array
</UL>
<BR>[Calls]<UL><LI><a href="#[2f3]">&gt;&gt;</a>&nbsp;&nbsp;&nbsp;set_array
</UL>
<BR>[Called By]<UL><LI><a href="#[346]">&gt;&gt;</a>&nbsp;&nbsp;&nbsp;set_histnum_full
<LI><a href="#[345]">&gt;&gt;</a>&nbsp;&nbsp;&nbsp;save_histnums_info
</UL>

<P><STRONG><a name="[343]"></a>get_histnum_info</STRONG> (Thumb, 18 bytes, Stack size 8 bytes, cflashparam.o(.text))
<BR><BR>[Stack]<UL><LI>Max Depth = 24<LI>Call Chain = get_histnum_info &rArr; get_array
</UL>
<BR>[Calls]<UL><LI><a href="#[2e9]">&gt;&gt;</a>&nbsp;&nbsp;&nbsp;get_array
</UL>
<BR>[Called By]<UL><LI><a href="#[347]">&gt;&gt;</a>&nbsp;&nbsp;&nbsp;init_histnums_info
<LI><a href="#[344]">&gt;&gt;</a>&nbsp;&nbsp;&nbsp;judge_histnums_full
</UL>
<P>
<H3>
Undefined Global Symbols
</H3><HR></body></html>
