<html>
<body>
<pre>
<h1>µVision Build Log</h1>
<h2>Project:</h2>
E:\139\gasproject_LPC1768_V1.7\Project\usb_disk_test.uvproj
Project File Date:  04/15/2014

<h2>Output:</h2>
Build target 'usb_disk_test'
creating preprocessor file for CTime.c...
compiling CTime.c...
creating preprocessor file for CRunCtrl.c...
compiling CRunCtrl.c...
creating preprocessor file for CTimeCtrl.c...
compiling CTimeCtrl.c...
linking...
Program Size: Code=61834 RO-data=265650 RW-data=3104 ZI-data=28336  
FromELF: creating hex file...
".\output\139W.axf" - 0 Error(s), 0 Warning(s).
Load "E:\\139\\gasproject_LPC1768_V1.7\\Project\\output\\139W.AXF" 
* JLink Info: Device "LPC1768" selected (512 KB flash, 32 KB RAM).
Set JLink Project File to "E:\139\gasproject_LPC1768_V1.7\Project\JLinkSettings.ini"
 
JLink info:
------------
DLL: V4.74a, compiled Jul 23 2013 08:47:58
Firmware: J-Link ARM V8 compiled Jul 17 2013 11:24:15
Hardware: V8.00
S/N : 99999994 
Feature(s) : RDI,FlashDL,FlashBP,JFlash,GDBFULL 
 
* JLink Info: TotalIRLen = 4, IRPrint = 0x01
* JLink Info: Found Cortex-M3 r2p0, Little endian.
* JLink Info: TPIU fitted.
* JLink Info: ETM fitted.
* JLink Info: FPUnit: 6 code (BP) slots and 2 literal slots
ROMTableAddr = 0xE00FF003
* JLink Info: Found Cortex-M3 r2p0, Little endian.
* JLink Info: TPIU fitted.
* JLink Info: ETM fitted.
* JLink Info: FPUnit: 6 code (BP) slots and 2 literal slots
 
Target info:
------------
Device: LPC1768
VTarget = 3.306V
State of Pins: 
TCK: 1, TDI: 0, TDO: 1, TMS: 0, TRES: 1, TRST: 1
Hardware-Breakpoints: 6
Software-Breakpoints: 8192
Watchpoints:          4
JTAG speed: 2000 kHz
 
Erase Done.
Programming Done.
Verify OK.
* JLink Info: Found Cortex-M3 r2p0, Little endian.
* JLink Info: TPIU fitted.
* JLink Info: ETM fitted.
* JLink Info: FPUnit: 6 code (BP) slots and 2 literal slots
Application running ...
Build target 'usb_disk_test'
creating preprocessor file for CTaskSure.c...
compiling CTaskSure.c...
linking...
Program Size: Code=61834 RO-data=265650 RW-data=3104 ZI-data=28336  
FromELF: creating hex file...
".\output\139W.axf" - 0 Error(s), 0 Warning(s).
Load "E:\\139\\gasproject_LPC1768_V1.7\\Project\\output\\139W.AXF" 
* JLink Info: Device "LPC1768" selected (512 KB flash, 32 KB RAM).
Set JLink Project File to "E:\139\gasproject_LPC1768_V1.7\Project\JLinkSettings.ini"
 
JLink info:
------------
DLL: V4.74a, compiled Jul 23 2013 08:47:58
Firmware: J-Link ARM V8 compiled Jul 17 2013 11:24:15
Hardware: V8.00
S/N : 99999994 
Feature(s) : RDI,FlashDL,FlashBP,JFlash,GDBFULL 
 
* JLink Info: TotalIRLen = 4, IRPrint = 0x01
* JLink Info: Found Cortex-M3 r2p0, Little endian.
* JLink Info: TPIU fitted.
* JLink Info: ETM fitted.
* JLink Info: FPUnit: 6 code (BP) slots and 2 literal slots
ROMTableAddr = 0xE00FF003
* JLink Info: Found Cortex-M3 r2p0, Little endian.
* JLink Info: TPIU fitted.
* JLink Info: ETM fitted.
* JLink Info: FPUnit: 6 code (BP) slots and 2 literal slots
 
Target info:
------------
Device: LPC1768
VTarget = 3.306V
State of Pins: 
TCK: 1, TDI: 0, TDO: 1, TMS: 0, TRES: 1, TRST: 1
Hardware-Breakpoints: 6
Software-Breakpoints: 8192
Watchpoints:          4
JTAG speed: 2000 kHz
 
Erase Done.
Programming Done.
Verify OK.
* JLink Info: Found Cortex-M3 r2p0, Little endian.
* JLink Info: TPIU fitted.
* JLink Info: ETM fitted.
* JLink Info: FPUnit: 6 code (BP) slots and 2 literal slots
Application running ...
Build target 'usb_disk_test'
creating preprocessor file for CTimeCtrl.c...
compiling CTimeCtrl.c...
linking...
Program Size: Code=61834 RO-data=265650 RW-data=3104 ZI-data=28336  
FromELF: creating hex file...
".\output\139W.axf" - 0 Error(s), 0 Warning(s).
Load "E:\\139\\gasproject_LPC1768_V1.7\\Project\\output\\139W.AXF" 
* JLink Info: Device "LPC1768" selected (512 KB flash, 32 KB RAM).
Set JLink Project File to "E:\139\gasproject_LPC1768_V1.7\Project\JLinkSettings.ini"
 
JLink info:
------------
DLL: V4.74a, compiled Jul 23 2013 08:47:58
Firmware: J-Link ARM V8 compiled Jul 17 2013 11:24:15
Hardware: V8.00
S/N : 99999994 
Feature(s) : RDI,FlashDL,FlashBP,JFlash,GDBFULL 
 
* JLink Info: TotalIRLen = 4, IRPrint = 0x01
* JLink Info: Found Cortex-M3 r2p0, Little endian.
* JLink Info: TPIU fitted.
* JLink Info: ETM fitted.
* JLink Info: FPUnit: 6 code (BP) slots and 2 literal slots
ROMTableAddr = 0xE00FF003
* JLink Info: Found Cortex-M3 r2p0, Little endian.
* JLink Info: TPIU fitted.
* JLink Info: ETM fitted.
* JLink Info: FPUnit: 6 code (BP) slots and 2 literal slots
 
Target info:
------------
Device: LPC1768
VTarget = 3.306V
State of Pins: 
TCK: 1, TDI: 0, TDO: 1, TMS: 0, TRES: 1, TRST: 1
Hardware-Breakpoints: 6
Software-Breakpoints: 8192
Watchpoints:          4
JTAG speed: 2000 kHz
 
Erase Done.
Programming Done.
Verify OK.
* JLink Info: Found Cortex-M3 r2p0, Little endian.
* JLink Info: TPIU fitted.
* JLink Info: ETM fitted.
* JLink Info: FPUnit: 6 code (BP) slots and 2 literal slots
Application running ...
Build target 'usb_disk_test'
creating preprocessor file for CTimeCtrl.c...
compiling CTimeCtrl.c...
linking...
Program Size: Code=61834 RO-data=265650 RW-data=3104 ZI-data=28336  
FromELF: creating hex file...
".\output\139W.axf" - 0 Error(s), 0 Warning(s).
Load "E:\\139\\gasproject_LPC1768_V1.7\\Project\\output\\139W.AXF" 
* JLink Info: Device "LPC1768" selected (512 KB flash, 32 KB RAM).
Set JLink Project File to "E:\139\gasproject_LPC1768_V1.7\Project\JLinkSettings.ini"
 
JLink info:
------------
DLL: V4.74a, compiled Jul 23 2013 08:47:58
Firmware: J-Link ARM V8 compiled Jul 17 2013 11:24:15
Hardware: V8.00
S/N : 99999994 
Feature(s) : RDI,FlashDL,FlashBP,JFlash,GDBFULL 
 
* JLink Info: TotalIRLen = 4, IRPrint = 0x01
* JLink Info: Found Cortex-M3 r2p0, Little endian.
* JLink Info: TPIU fitted.
* JLink Info: ETM fitted.
* JLink Info: FPUnit: 6 code (BP) slots and 2 literal slots
ROMTableAddr = 0xE00FF003
* JLink Info: Found Cortex-M3 r2p0, Little endian.
* JLink Info: TPIU fitted.
* JLink Info: ETM fitted.
* JLink Info: FPUnit: 6 code (BP) slots and 2 literal slots
 
Target info:
------------
Device: LPC1768
VTarget = 3.306V
State of Pins: 
TCK: 1, TDI: 0, TDO: 1, TMS: 0, TRES: 1, TRST: 1
Hardware-Breakpoints: 6
Software-Breakpoints: 8192
Watchpoints:          4
JTAG speed: 2000 kHz
 
Erase Done.
Programming Done.
Verify OK.
* JLink Info: Found Cortex-M3 r2p0, Little endian.
* JLink Info: TPIU fitted.
* JLink Info: ETM fitted.
* JLink Info: FPUnit: 6 code (BP) slots and 2 literal slots
Application running ...
Build target 'usb_disk_test'
creating preprocessor file for CTime.c...
compiling CTime.c...
creating preprocessor file for CRunCtrl.c...
compiling CRunCtrl.c...
creating preprocessor file for CTimeCtrl.c...
compiling CTimeCtrl.c...
linking...
Program Size: Code=61834 RO-data=265650 RW-data=3104 ZI-data=28336  
FromELF: creating hex file...
".\output\139W.axf" - 0 Error(s), 0 Warning(s).
Build target 'usb_disk_test'
linking...
Program Size: Code=61834 RO-data=265650 RW-data=3104 ZI-data=28336  
FromELF: creating hex file...
".\output\139W.axf" - 0 Error(s), 0 Warning(s).
Load "E:\\139\\gasproject_LPC1768_V1.7\\Project\\output\\139W.AXF" 
* JLink Info: Device "LPC1768" selected (512 KB flash, 32 KB RAM).
Set JLink Project File to "E:\139\gasproject_LPC1768_V1.7\Project\JLinkSettings.ini"
 
JLink info:
------------
DLL: V4.74a, compiled Jul 23 2013 08:47:58
Firmware: J-Link ARM V8 compiled Jul 17 2013 11:24:15
Hardware: V8.00
S/N : 99999994 
Feature(s) : RDI,FlashDL,FlashBP,JFlash,GDBFULL 
 
* JLink Info: TotalIRLen = 4, IRPrint = 0x01
* JLink Info: Found Cortex-M3 r2p0, Little endian.
* JLink Info: TPIU fitted.
* JLink Info: ETM fitted.
* JLink Info: FPUnit: 6 code (BP) slots and 2 literal slots
ROMTableAddr = 0xE00FF003
* JLink Info: Found Cortex-M3 r2p0, Little endian.
* JLink Info: TPIU fitted.
* JLink Info: ETM fitted.
* JLink Info: FPUnit: 6 code (BP) slots and 2 literal slots
 
Target info:
------------
Device: LPC1768
VTarget = 3.306V
State of Pins: 
TCK: 1, TDI: 0, TDO: 1, TMS: 0, TRES: 1, TRST: 1
Hardware-Breakpoints: 6
Software-Breakpoints: 8192
Watchpoints:          4
JTAG speed: 2000 kHz
 
Erase Done.
Programming Done.
Verify OK.
* JLink Info: Found Cortex-M3 r2p0, Little endian.
* JLink Info: TPIU fitted.
* JLink Info: ETM fitted.
* JLink Info: FPUnit: 6 code (BP) slots and 2 literal slots
Application running ...
Build target 'usb_disk_test'
creating preprocessor file for CTime.c...
compiling CTime.c...
creating preprocessor file for CRunCtrl.c...
compiling CRunCtrl.c...
creating preprocessor file for CTimeCtrl.c...
compiling CTimeCtrl.c...
linking...
Program Size: Code=61834 RO-data=265650 RW-data=3104 ZI-data=28336  
FromELF: creating hex file...
".\output\139W.axf" - 0 Error(s), 0 Warning(s).
Load "E:\\139\\gasproject_LPC1768_V1.7\\Project\\output\\139W.AXF" 
* JLink Info: Device "LPC1768" selected (512 KB flash, 32 KB RAM).
Set JLink Project File to "E:\139\gasproject_LPC1768_V1.7\Project\JLinkSettings.ini"
 
JLink info:
------------
DLL: V4.74a, compiled Jul 23 2013 08:47:58
Firmware: J-Link ARM V8 compiled Jul 17 2013 11:24:15
Hardware: V8.00
S/N : 99999994 
Feature(s) : RDI,FlashDL,FlashBP,JFlash,GDBFULL 
 
* JLink Info: TotalIRLen = 4, IRPrint = 0x01
* JLink Info: Found Cortex-M3 r2p0, Little endian.
* JLink Info: TPIU fitted.
* JLink Info: ETM fitted.
* JLink Info: FPUnit: 6 code (BP) slots and 2 literal slots
ROMTableAddr = 0xE00FF003
* JLink Info: Found Cortex-M3 r2p0, Little endian.
* JLink Info: TPIU fitted.
* JLink Info: ETM fitted.
* JLink Info: FPUnit: 6 code (BP) slots and 2 literal slots
 
Target info:
------------
Device: LPC1768
VTarget = 3.306V
State of Pins: 
TCK: 1, TDI: 0, TDO: 1, TMS: 0, TRES: 1, TRST: 1
Hardware-Breakpoints: 6
Software-Breakpoints: 8192
Watchpoints:          4
JTAG speed: 2000 kHz
 
Erase Done.
Programming Done.
Verify OK.
* JLink Info: Found Cortex-M3 r2p0, Little endian.
* JLink Info: TPIU fitted.
* JLink Info: ETM fitted.
* JLink Info: FPUnit: 6 code (BP) slots and 2 literal slots
Application running ...
Build target 'usb_disk_test'
creating preprocessor file for CTimeCtrl.c...
compiling CTimeCtrl.c...
linking...
Program Size: Code=61834 RO-data=265650 RW-data=3104 ZI-data=28336  
FromELF: creating hex file...
".\output\139W.axf" - 0 Error(s), 0 Warning(s).
Load "E:\\139\\gasproject_LPC1768_V1.7\\Project\\output\\139W.AXF" 
* JLink Info: Device "LPC1768" selected (512 KB flash, 32 KB RAM).
Set JLink Project File to "E:\139\gasproject_LPC1768_V1.7\Project\JLinkSettings.ini"
 
JLink info:
------------
DLL: V4.74a, compiled Jul 23 2013 08:47:58
Firmware: J-Link ARM V8 compiled Jul 17 2013 11:24:15
Hardware: V8.00
S/N : 99999994 
Feature(s) : RDI,FlashDL,FlashBP,JFlash,GDBFULL 
 
* JLink Info: TotalIRLen = 4, IRPrint = 0x01
* JLink Info: Found Cortex-M3 r2p0, Little endian.
* JLink Info: TPIU fitted.
* JLink Info: ETM fitted.
* JLink Info: FPUnit: 6 code (BP) slots and 2 literal slots
ROMTableAddr = 0xE00FF003
* JLink Info: Found Cortex-M3 r2p0, Little endian.
* JLink Info: TPIU fitted.
* JLink Info: ETM fitted.
* JLink Info: FPUnit: 6 code (BP) slots and 2 literal slots
 
Target info:
------------
Device: LPC1768
VTarget = 3.306V
State of Pins: 
TCK: 1, TDI: 0, TDO: 1, TMS: 0, TRES: 1, TRST: 1
Hardware-Breakpoints: 6
Software-Breakpoints: 8192
Watchpoints:          4
JTAG speed: 2000 kHz
 
Erase Done.
Programming Done.
Verify OK.
* JLink Info: Found Cortex-M3 r2p0, Little endian.
* JLink Info: TPIU fitted.
* JLink Info: ETM fitted.
* JLink Info: FPUnit: 6 code (BP) slots and 2 literal slots
Application running ...
Build target 'usb_disk_test'
creating preprocessor file for CTime.c...
compiling CTime.c...
creating preprocessor file for CRunCtrl.c...
compiling CRunCtrl.c...
creating preprocessor file for CTimeCtrl.c...
compiling CTimeCtrl.c...
linking...
Program Size: Code=61834 RO-data=265650 RW-data=3104 ZI-data=28336  
FromELF: creating hex file...
".\output\139W.axf" - 0 Error(s), 0 Warning(s).
Build target 'usb_disk_test'
linking...
Program Size: Code=61834 RO-data=265650 RW-data=3104 ZI-data=28336  
FromELF: creating hex file...
".\output\139W.axf" - 0 Error(s), 0 Warning(s).
Load "E:\\139\\gasproject_LPC1768_V1.7\\Project\\output\\139W.AXF" 
* JLink Info: Device "LPC1768" selected (512 KB flash, 32 KB RAM).
Set JLink Project File to "E:\139\gasproject_LPC1768_V1.7\Project\JLinkSettings.ini"
 
JLink info:
------------
DLL: V4.74a, compiled Jul 23 2013 08:47:58
Firmware: J-Link ARM V8 compiled Jul 17 2013 11:24:15
Hardware: V8.00
S/N : 99999994 
Feature(s) : RDI,FlashDL,FlashBP,JFlash,GDBFULL 
 
* JLink Info: TotalIRLen = 4, IRPrint = 0x01
* JLink Info: Found Cortex-M3 r2p0, Little endian.
* JLink Info: TPIU fitted.
* JLink Info: ETM fitted.
* JLink Info: FPUnit: 6 code (BP) slots and 2 literal slots
ROMTableAddr = 0xE00FF003
* JLink Info: Found Cortex-M3 r2p0, Little endian.
* JLink Info: TPIU fitted.
* JLink Info: ETM fitted.
* JLink Info: FPUnit: 6 code (BP) slots and 2 literal slots
 
Target info:
------------
Device: LPC1768
VTarget = 3.306V
State of Pins: 
TCK: 1, TDI: 0, TDO: 1, TMS: 0, TRES: 1, TRST: 1
Hardware-Breakpoints: 6
Software-Breakpoints: 8192
Watchpoints:          4
JTAG speed: 2000 kHz
 
Erase Done.
Programming Done.
Verify OK.
* JLink Info: Found Cortex-M3 r2p0, Little endian.
* JLink Info: TPIU fitted.
* JLink Info: ETM fitted.
* JLink Info: FPUnit: 6 code (BP) slots and 2 literal slots
Application running ...
Build target 'usb_disk_test'
creating preprocessor file for CTaskSure.c...
compiling CTaskSure.c...
linking...
Program Size: Code=61834 RO-data=265650 RW-data=3104 ZI-data=28336  
FromELF: creating hex file...
".\output\139W.axf" - 0 Error(s), 0 Warning(s).
Load "E:\\139\\gasproject_LPC1768_V1.7\\Project\\output\\139W.AXF" 
* JLink Info: Device "LPC1768" selected (512 KB flash, 32 KB RAM).
Set JLink Project File to "E:\139\gasproject_LPC1768_V1.7\Project\JLinkSettings.ini"
 
JLink info:
------------
DLL: V4.74a, compiled Jul 23 2013 08:47:58
Firmware: J-Link ARM V8 compiled Jul 17 2013 11:24:15
Hardware: V8.00
S/N : 99999994 
Feature(s) : RDI,FlashDL,FlashBP,JFlash,GDBFULL 
 
* JLink Info: TotalIRLen = 4, IRPrint = 0x01
* JLink Info: Found Cortex-M3 r2p0, Little endian.
* JLink Info: TPIU fitted.
* JLink Info: ETM fitted.
* JLink Info: FPUnit: 6 code (BP) slots and 2 literal slots
ROMTableAddr = 0xE00FF003
* JLink Info: Found Cortex-M3 r2p0, Little endian.
* JLink Info: TPIU fitted.
* JLink Info: ETM fitted.
* JLink Info: FPUnit: 6 code (BP) slots and 2 literal slots
 
Target info:
------------
Device: LPC1768
VTarget = 3.306V
State of Pins: 
TCK: 1, TDI: 0, TDO: 1, TMS: 0, TRES: 1, TRST: 1
Hardware-Breakpoints: 6
Software-Breakpoints: 8192
Watchpoints:          4
JTAG speed: 2000 kHz
 
Erase Done.
Programming Done.
Verify OK.
* JLink Info: Found Cortex-M3 r2p0, Little endian.
* JLink Info: TPIU fitted.
* JLink Info: ETM fitted.
* JLink Info: FPUnit: 6 code (BP) slots and 2 literal slots
Application running ...
Build target 'usb_disk_test'
creating preprocessor file for CTimeCtrl.c...
compiling CTimeCtrl.c...
linking...
Program Size: Code=61834 RO-data=265650 RW-data=3104 ZI-data=28336  
FromELF: creating hex file...
".\output\139W.axf" - 0 Error(s), 0 Warning(s).
Load "E:\\139\\gasproject_LPC1768_V1.7\\Project\\output\\139W.AXF" 
* JLink Info: Device "LPC1768" selected (512 KB flash, 32 KB RAM).
Set JLink Project File to "E:\139\gasproject_LPC1768_V1.7\Project\JLinkSettings.ini"
 
JLink info:
------------
DLL: V4.74a, compiled Jul 23 2013 08:47:58
Firmware: J-Link ARM V8 compiled Jul 17 2013 11:24:15
Hardware: V8.00
S/N : 99999994 
Feature(s) : RDI,FlashDL,FlashBP,JFlash,GDBFULL 
 
* JLink Info: TotalIRLen = 4, IRPrint = 0x01
* JLink Info: Found Cortex-M3 r2p0, Little endian.
* JLink Info: TPIU fitted.
* JLink Info: ETM fitted.
* JLink Info: FPUnit: 6 code (BP) slots and 2 literal slots
ROMTableAddr = 0xE00FF003
* JLink Info: Found Cortex-M3 r2p0, Little endian.
* JLink Info: TPIU fitted.
* JLink Info: ETM fitted.
* JLink Info: FPUnit: 6 code (BP) slots and 2 literal slots
 
Target info:
------------
Device: LPC1768
VTarget = 3.306V
State of Pins: 
TCK: 1, TDI: 0, TDO: 1, TMS: 0, TRES: 1, TRST: 1
Hardware-Breakpoints: 6
Software-Breakpoints: 8192
Watchpoints:          4
JTAG speed: 2000 kHz
 
Erase Done.
Programming Done.
Verify OK.
* JLink Info: Found Cortex-M3 r2p0, Little endian.
* JLink Info: TPIU fitted.
* JLink Info: ETM fitted.
* JLink Info: FPUnit: 6 code (BP) slots and 2 literal slots
Application running ...
Build target 'usb_disk_test'
creating preprocessor file for CTimeCtrl.c...
compiling CTimeCtrl.c...
linking...
Program Size: Code=61834 RO-data=265650 RW-data=3104 ZI-data=28336  
FromELF: creating hex file...
".\output\139W.axf" - 0 Error(s), 0 Warning(s).
Load "E:\\139\\gasproject_LPC1768_V1.7\\Project\\output\\139W.AXF" 
* JLink Info: Device "LPC1768" selected (512 KB flash, 32 KB RAM).
Set JLink Project File to "E:\139\gasproject_LPC1768_V1.7\Project\JLinkSettings.ini"
 
JLink info:
------------
DLL: V4.74a, compiled Jul 23 2013 08:47:58
Firmware: J-Link ARM V8 compiled Jul 17 2013 11:24:15
Hardware: V8.00
S/N : 99999994 
Feature(s) : RDI,FlashDL,FlashBP,JFlash,GDBFULL 
 
* JLink Info: TotalIRLen = 4, IRPrint = 0x01
* JLink Info: Found Cortex-M3 r2p0, Little endian.
* JLink Info: TPIU fitted.
* JLink Info: ETM fitted.
* JLink Info: FPUnit: 6 code (BP) slots and 2 literal slots
ROMTableAddr = 0xE00FF003
* JLink Info: Found Cortex-M3 r2p0, Little endian.
* JLink Info: TPIU fitted.
* JLink Info: ETM fitted.
* JLink Info: FPUnit: 6 code (BP) slots and 2 literal slots
 
Target info:
------------
Device: LPC1768
VTarget = 3.306V
State of Pins: 
TCK: 1, TDI: 0, TDO: 1, TMS: 0, TRES: 1, TRST: 1
Hardware-Breakpoints: 6
Software-Breakpoints: 8192
Watchpoints:          4
JTAG speed: 2000 kHz
 
Erase Done.
Programming Done.
Verify OK.
* JLink Info: Found Cortex-M3 r2p0, Little endian.
* JLink Info: TPIU fitted.
* JLink Info: ETM fitted.
* JLink Info: FPUnit: 6 code (BP) slots and 2 literal slots
Application running ...
Build target 'usb_disk_test'
creating preprocessor file for CRunCtrl.c...
compiling CRunCtrl.c...
creating preprocessor file for CTimeCtrl.c...
compiling CTimeCtrl.c...
linking...
Program Size: Code=61866 RO-data=265650 RW-data=3104 ZI-data=28336  
FromELF: creating hex file...
".\output\139W.axf" - 0 Error(s), 0 Warning(s).
Load "E:\\139\\gasproject_LPC1768_V1.7\\Project\\output\\139W.AXF" 
* JLink Info: Device "LPC1768" selected (512 KB flash, 32 KB RAM).
Set JLink Project File to "E:\139\gasproject_LPC1768_V1.7\Project\JLinkSettings.ini"
 
JLink info:
------------
DLL: V4.74a, compiled Jul 23 2013 08:47:58
Firmware: J-Link ARM V8 compiled Jul 17 2013 11:24:15
Hardware: V8.00
S/N : 99999994 
Feature(s) : RDI,FlashDL,FlashBP,JFlash,GDBFULL 
 
* JLink Info: TotalIRLen = 4, IRPrint = 0x01
* JLink Info: Found Cortex-M3 r2p0, Little endian.
* JLink Info: TPIU fitted.
* JLink Info: ETM fitted.
* JLink Info: FPUnit: 6 code (BP) slots and 2 literal slots
ROMTableAddr = 0xE00FF003
* JLink Info: Found Cortex-M3 r2p0, Little endian.
* JLink Info: TPIU fitted.
* JLink Info: ETM fitted.
* JLink Info: FPUnit: 6 code (BP) slots and 2 literal slots
 
Target info:
------------
Device: LPC1768
VTarget = 3.306V
State of Pins: 
TCK: 1, TDI: 0, TDO: 1, TMS: 0, TRES: 1, TRST: 1
Hardware-Breakpoints: 6
Software-Breakpoints: 8192
Watchpoints:          4
JTAG speed: 2000 kHz
 
Erase Done.
Programming Done.
Verify OK.
* JLink Info: Found Cortex-M3 r2p0, Little endian.
* JLink Info: TPIU fitted.
* JLink Info: ETM fitted.
* JLink Info: FPUnit: 6 code (BP) slots and 2 literal slots
Application running ...
Build target 'usb_disk_test'
creating preprocessor file for CRunCtrl.c...
compiling CRunCtrl.c...
linking...
Program Size: Code=61862 RO-data=265650 RW-data=3104 ZI-data=28336  
FromELF: creating hex file...
".\output\139W.axf" - 0 Error(s), 0 Warning(s).
Load "E:\\139\\gasproject_LPC1768_V1.7\\Project\\output\\139W.AXF" 
* JLink Info: Device "LPC1768" selected (512 KB flash, 32 KB RAM).
Set JLink Project File to "E:\139\gasproject_LPC1768_V1.7\Project\JLinkSettings.ini"
 
JLink info:
------------
DLL: V4.74a, compiled Jul 23 2013 08:47:58
Firmware: J-Link ARM V8 compiled Jul 17 2013 11:24:15
Hardware: V8.00
S/N : 99999994 
Feature(s) : RDI,FlashDL,FlashBP,JFlash,GDBFULL 
 
* JLink Info: TotalIRLen = 4, IRPrint = 0x01
* JLink Info: Found Cortex-M3 r2p0, Little endian.
* JLink Info: TPIU fitted.
* JLink Info: ETM fitted.
* JLink Info: FPUnit: 6 code (BP) slots and 2 literal slots
ROMTableAddr = 0xE00FF003
* JLink Info: Found Cortex-M3 r2p0, Little endian.
* JLink Info: TPIU fitted.
* JLink Info: ETM fitted.
* JLink Info: FPUnit: 6 code (BP) slots and 2 literal slots
 
Target info:
------------
Device: LPC1768
VTarget = 3.306V
State of Pins: 
TCK: 1, TDI: 0, TDO: 1, TMS: 0, TRES: 1, TRST: 1
Hardware-Breakpoints: 6
Software-Breakpoints: 8192
Watchpoints:          4
JTAG speed: 2000 kHz
 
Erase Done.
Programming Done.
Verify OK.
* JLink Info: Found Cortex-M3 r2p0, Little endian.
* JLink Info: TPIU fitted.
* JLink Info: ETM fitted.
* JLink Info: FPUnit: 6 code (BP) slots and 2 literal slots
Application running ...
