<!doctype html public "-//w3c//dtd html 4.0 transitional//en">
<html><head>
<title>Static Call Graph - [.\output\139W.axf]</title></head>
<body><HR>
<H1>Static Call Graph for image .\output\139W.axf</H1><HR>
<BR><P>#&#060CALLGRAPH&#062# ARM Linker, 4.1 [Build 894]: Last Updated: Tue Apr 29 16:52:47 2014
<BR><P>
<H3>Maximum Stack Usage =        352 bytes + Unknown(Functions without stacksize, Cycles, Untraceable Function Pointers)</H3><H3>
Call chain for Maximum Stack Depth:</H3>
__rt_entry_main &rArr; main &rArr; do_CRunCtrl &rArr; DisplayKeyMenu &rArr; Systemp_Task &rArr; Down_Task &rArr; Level3_Down &rArr; Level32_Down &rArr; query_compstatus_ok &rArr; CompStat_Menu &rArr; menu_comp_noreg &rArr; DisplayJBHZK &rArr; SetColumn &rArr; SendCommandToLCD &rArr; CheckState &rArr; DATAout
<P>
<H3>
Functions with no stack information
</H3><UL>
 <LI><a href="#[3a7]">__user_initial_stackheap</a>
</UL>
</UL>
<P>
<H3>
Mutually Recursive functions
</H3> <LI><a href="#[4]">NMI_Handler</a>&nbsp;&nbsp;&nbsp;&rArr;&nbsp;&nbsp;&nbsp;<a href="#[4]">NMI_Handler</a><BR>
 <LI><a href="#[5]">HardFault_Handler</a>&nbsp;&nbsp;&nbsp;&rArr;&nbsp;&nbsp;&nbsp;<a href="#[5]">HardFault_Handler</a><BR>
 <LI><a href="#[6]">MemManage_Handler</a>&nbsp;&nbsp;&nbsp;&rArr;&nbsp;&nbsp;&nbsp;<a href="#[6]">MemManage_Handler</a><BR>
 <LI><a href="#[7]">BusFault_Handler</a>&nbsp;&nbsp;&nbsp;&rArr;&nbsp;&nbsp;&nbsp;<a href="#[7]">BusFault_Handler</a><BR>
 <LI><a href="#[8]">UsageFault_Handler</a>&nbsp;&nbsp;&nbsp;&rArr;&nbsp;&nbsp;&nbsp;<a href="#[8]">UsageFault_Handler</a><BR>
 <LI><a href="#[9]">SVC_Handler</a>&nbsp;&nbsp;&nbsp;&rArr;&nbsp;&nbsp;&nbsp;<a href="#[9]">SVC_Handler</a><BR>
 <LI><a href="#[a]">DebugMon_Handler</a>&nbsp;&nbsp;&nbsp;&rArr;&nbsp;&nbsp;&nbsp;<a href="#[a]">DebugMon_Handler</a><BR>
 <LI><a href="#[b]">PendSV_Handler</a>&nbsp;&nbsp;&nbsp;&rArr;&nbsp;&nbsp;&nbsp;<a href="#[b]">PendSV_Handler</a><BR>
 <LI><a href="#[23]">ADC_IRQHandler</a>&nbsp;&nbsp;&nbsp;&rArr;&nbsp;&nbsp;&nbsp;<a href="#[23]">ADC_IRQHandler</a><BR>
</UL>
<P>
<H3>
Function Pointers
</H3><UL>
 <LI><a href="#[23]">ADC_IRQHandler</a> from startup_lpc17xx.o(.text) referenced from startup_lpc17xx.o(RESET)
 <LI><a href="#[24]">BOD_IRQHandler</a> from startup_lpc17xx.o(.text) referenced from startup_lpc17xx.o(RESET)
 <LI><a href="#[7]">BusFault_Handler</a> from startup_lpc17xx.o(.text) referenced from startup_lpc17xx.o(RESET)
 <LI><a href="#[2f]">CANActivity_IRQHandler</a> from startup_lpc17xx.o(.text) referenced from startup_lpc17xx.o(RESET)
 <LI><a href="#[26]">CAN_IRQHandler</a> from startup_lpc17xx.o(.text) referenced from startup_lpc17xx.o(RESET)
 <LI><a href="#[27]">DMA_IRQHandler</a> from startup_lpc17xx.o(.text) referenced from startup_lpc17xx.o(RESET)
 <LI><a href="#[a]">DebugMon_Handler</a> from startup_lpc17xx.o(.text) referenced from startup_lpc17xx.o(RESET)
 <LI><a href="#[1f]">EINT0_IRQHandler</a> from startup_lpc17xx.o(.text) referenced from startup_lpc17xx.o(RESET)
 <LI><a href="#[20]">EINT1_IRQHandler</a> from extint.o(.text) referenced from startup_lpc17xx.o(RESET)
 <LI><a href="#[21]">EINT2_IRQHandler</a> from startup_lpc17xx.o(.text) referenced from startup_lpc17xx.o(RESET)
 <LI><a href="#[22]">EINT3_IRQHandler</a> from cgpioirq.o(.text) referenced from startup_lpc17xx.o(RESET)
 <LI><a href="#[29]">ENET_IRQHandler</a> from startup_lpc17xx.o(.text) referenced from startup_lpc17xx.o(RESET)
 <LI><a href="#[5]">HardFault_Handler</a> from startup_lpc17xx.o(.text) referenced from startup_lpc17xx.o(RESET)
 <LI><a href="#[17]">I2C0_IRQHandler</a> from i2c.o(.text) referenced from startup_lpc17xx.o(RESET)
 <LI><a href="#[18]">I2C1_IRQHandler</a> from startup_lpc17xx.o(.text) referenced from startup_lpc17xx.o(RESET)
 <LI><a href="#[19]">I2C2_IRQHandler</a> from startup_lpc17xx.o(.text) referenced from startup_lpc17xx.o(RESET)
 <LI><a href="#[28]">I2S_IRQHandler</a> from startup_lpc17xx.o(.text) referenced from startup_lpc17xx.o(RESET)
 <LI><a href="#[2b]">MCPWM_IRQHandler</a> from startup_lpc17xx.o(.text) referenced from startup_lpc17xx.o(RESET)
 <LI><a href="#[6]">MemManage_Handler</a> from startup_lpc17xx.o(.text) referenced from startup_lpc17xx.o(RESET)
 <LI><a href="#[4]">NMI_Handler</a> from startup_lpc17xx.o(.text) referenced from startup_lpc17xx.o(RESET)
 <LI><a href="#[1d]">PLL0_IRQHandler</a> from startup_lpc17xx.o(.text) referenced from startup_lpc17xx.o(RESET)
 <LI><a href="#[2d]">PLL1_IRQHandler</a> from startup_lpc17xx.o(.text) referenced from startup_lpc17xx.o(RESET)
 <LI><a href="#[16]">PWM1_IRQHandler</a> from pwm.o(.text) referenced from startup_lpc17xx.o(RESET)
 <LI><a href="#[b]">PendSV_Handler</a> from startup_lpc17xx.o(.text) referenced from startup_lpc17xx.o(RESET)
 <LI><a href="#[2c]">QEI_IRQHandler</a> from startup_lpc17xx.o(.text) referenced from startup_lpc17xx.o(RESET)
 <LI><a href="#[2a]">RIT_IRQHandler</a> from startup_lpc17xx.o(.text) referenced from startup_lpc17xx.o(RESET)
 <LI><a href="#[1e]">RTC_IRQHandler</a> from startup_lpc17xx.o(.text) referenced from startup_lpc17xx.o(RESET)
 <LI><a href="#[3]">Reset_Handler</a> from startup_lpc17xx.o(.text) referenced from startup_lpc17xx.o(RESET)
 <LI><a href="#[1a]">SPI_IRQHandler</a> from startup_lpc17xx.o(.text) referenced from startup_lpc17xx.o(RESET)
 <LI><a href="#[1b]">SSP0_IRQHandler</a> from startup_lpc17xx.o(.text) referenced from startup_lpc17xx.o(RESET)
 <LI><a href="#[1c]">SSP1_IRQHandler</a> from startup_lpc17xx.o(.text) referenced from startup_lpc17xx.o(RESET)
 <LI><a href="#[9]">SVC_Handler</a> from startup_lpc17xx.o(.text) referenced from startup_lpc17xx.o(RESET)
 <LI><a href="#[c]">SysTick_Handler</a> from delay.o(.text) referenced from startup_lpc17xx.o(RESET)
 <LI><a href="#[30]">SystemInit</a> from system_lpc17xx.o(.text) referenced from startup_lpc17xx.o(.text)
 <LI><a href="#[e]">TIMER0_IRQHandler</a> from ctime.o(.text) referenced from startup_lpc17xx.o(RESET)
 <LI><a href="#[f]">TIMER1_IRQHandler</a> from ctime.o(.text) referenced from startup_lpc17xx.o(RESET)
 <LI><a href="#[10]">TIMER2_IRQHandler</a> from ctime.o(.text) referenced from startup_lpc17xx.o(RESET)
 <LI><a href="#[11]">TIMER3_IRQHandler</a> from startup_lpc17xx.o(.text) referenced from startup_lpc17xx.o(RESET)
 <LI><a href="#[12]">UART0_IRQHandler</a> from uart.o(.text) referenced from startup_lpc17xx.o(RESET)
 <LI><a href="#[13]">UART1_IRQHandler</a> from uart.o(.text) referenced from startup_lpc17xx.o(RESET)
 <LI><a href="#[14]">UART2_IRQHandler</a> from startup_lpc17xx.o(.text) referenced from startup_lpc17xx.o(RESET)
 <LI><a href="#[15]">UART3_IRQHandler</a> from startup_lpc17xx.o(.text) referenced from startup_lpc17xx.o(RESET)
 <LI><a href="#[2e]">USBActivity_IRQHandler</a> from startup_lpc17xx.o(.text) referenced from startup_lpc17xx.o(RESET)
 <LI><a href="#[25]">USB_IRQHandler</a> from startup_lpc17xx.o(.text) referenced from startup_lpc17xx.o(RESET)
 <LI><a href="#[8]">UsageFault_Handler</a> from startup_lpc17xx.o(.text) referenced from startup_lpc17xx.o(RESET)
 <LI><a href="#[d]">WDT_IRQHandler</a> from startup_lpc17xx.o(.text) referenced from startup_lpc17xx.o(RESET)
 <LI><a href="#[35]">__main</a> from __main.o(!!!main) referenced from startup_lpc17xx.o(.text)
 <LI><a href="#[34]">_get_lc_ctype</a> from lc_ctype_c.o(locale$$code) referenced from rt_ctype_table.o(.text)
 <LI><a href="#[33]">_printf_input_char</a> from _printf_char_common.o(.text) referenced from _printf_char_common.o(.text)
 <LI><a href="#[32]">_sputc</a> from _sputc.o(.text) referenced from c89vsprintf.o(.text)
</UL>
<P>
<H3>
Global Symbols
</H3>
<P><STRONG><a name="[35]"></a>__main</STRONG> (Thumb, 8 bytes, Stack size 0 bytes, __main.o(!!!main))
<BR><BR>[Calls]<UL><LI><a href="#[36]">&gt;&gt;</a>&nbsp;&nbsp;&nbsp;__scatterload
<LI><a href="#[37]">&gt;&gt;</a>&nbsp;&nbsp;&nbsp;__rt_entry
</UL>

<P><STRONG><a name="[36]"></a>__scatterload</STRONG> (Thumb, 0 bytes, Stack size unknown bytes, __scatter.o(!!!scatter))
<BR><BR>[Called By]<UL><LI><a href="#[35]">&gt;&gt;</a>&nbsp;&nbsp;&nbsp;__main
</UL>

<P><STRONG><a name="[38]"></a>__scatterload_rt2</STRONG> (Thumb, 44 bytes, Stack size unknown bytes, __scatter.o(!!!scatter), UNUSED)
<BR><BR>[Calls]<UL><LI><a href="#[37]">&gt;&gt;</a>&nbsp;&nbsp;&nbsp;__rt_entry
</UL>

<P><STRONG><a name="[3b0]"></a>__scatterload_rt2_thumb_only</STRONG> (Thumb, 0 bytes, Stack size unknown bytes, __scatter.o(!!!scatter), UNUSED)

<P><STRONG><a name="[3b1]"></a>__scatterload_null</STRONG> (Thumb, 0 bytes, Stack size unknown bytes, __scatter.o(!!!scatter), UNUSED)

<P><STRONG><a name="[3b2]"></a>__decompress</STRONG> (Thumb, 90 bytes, Stack size unknown bytes, __dczerorl2.o(!!dczerorl2), UNUSED)

<P><STRONG><a name="[3b3]"></a>__decompress1</STRONG> (Thumb, 0 bytes, Stack size unknown bytes, __dczerorl2.o(!!dczerorl2), UNUSED)

<P><STRONG><a name="[3b4]"></a>__scatterload_zeroinit</STRONG> (Thumb, 28 bytes, Stack size unknown bytes, __scatter_zi.o(!!handler_zi), UNUSED)

<P><STRONG><a name="[39]"></a>_printf_n</STRONG> (Thumb, 0 bytes, Stack size unknown bytes, _printf_n.o(.ARM.Collect$$_printf_percent$$00000001))
<BR><BR>[Calls]<UL><LI><a href="#[3a]">&gt;&gt;</a>&nbsp;&nbsp;&nbsp;_printf_charcount
</UL>

<P><STRONG><a name="[39a]"></a>_printf_percent</STRONG> (Thumb, 0 bytes, Stack size unknown bytes, _printf_percent.o(.ARM.Collect$$_printf_percent$$00000000))
<BR><BR>[Called By]<UL><LI><a href="#[393]">&gt;&gt;</a>&nbsp;&nbsp;&nbsp;__printf
</UL>

<P><STRONG><a name="[3b]"></a>_printf_p</STRONG> (Thumb, 0 bytes, Stack size unknown bytes, _printf_p.o(.ARM.Collect$$_printf_percent$$00000002))
<BR><BR>[Stack]<UL><LI>Max Depth = 64 + Unknown Stack Size
<LI>Call Chain = _printf_p &rArr; _printf_hex_ptr &rArr; _printf_longlong_hex &rArr; _printf_int_common &rArr; _printf_post_padding
</UL>
<BR>[Calls]<UL><LI><a href="#[3c]">&gt;&gt;</a>&nbsp;&nbsp;&nbsp;_printf_hex_ptr
</UL>

<P><STRONG><a name="[3d]"></a>_printf_f</STRONG> (Thumb, 0 bytes, Stack size unknown bytes, _printf_f.o(.ARM.Collect$$_printf_percent$$00000003))
<BR><BR>[Stack]<UL><LI>Max Depth = 320 + Unknown Stack Size
<LI>Call Chain = _printf_f &rArr; _printf_fp_dec &rArr; _printf_fp_dec_real &rArr; _fp_digits &rArr; _btod_etento &rArr; _btod_emul &rArr; _e2e
</UL>
<BR>[Calls]<UL><LI><a href="#[3e]">&gt;&gt;</a>&nbsp;&nbsp;&nbsp;_printf_fp_dec
</UL>

<P><STRONG><a name="[3f]"></a>_printf_e</STRONG> (Thumb, 0 bytes, Stack size unknown bytes, _printf_e.o(.ARM.Collect$$_printf_percent$$00000004))
<BR><BR>[Stack]<UL><LI>Max Depth = 320 + Unknown Stack Size
<LI>Call Chain = _printf_e &rArr; _printf_fp_dec &rArr; _printf_fp_dec_real &rArr; _fp_digits &rArr; _btod_etento &rArr; _btod_emul &rArr; _e2e
</UL>
<BR>[Calls]<UL><LI><a href="#[3e]">&gt;&gt;</a>&nbsp;&nbsp;&nbsp;_printf_fp_dec
</UL>

<P><STRONG><a name="[40]"></a>_printf_g</STRONG> (Thumb, 0 bytes, Stack size unknown bytes, _printf_g.o(.ARM.Collect$$_printf_percent$$00000005))
<BR><BR>[Stack]<UL><LI>Max Depth = 320 + Unknown Stack Size
<LI>Call Chain = _printf_g &rArr; _printf_fp_dec &rArr; _printf_fp_dec_real &rArr; _fp_digits &rArr; _btod_etento &rArr; _btod_emul &rArr; _e2e
</UL>
<BR>[Calls]<UL><LI><a href="#[3e]">&gt;&gt;</a>&nbsp;&nbsp;&nbsp;_printf_fp_dec
</UL>

<P><STRONG><a name="[3b5]"></a>_printf_a</STRONG> (Thumb, 0 bytes, Stack size unknown bytes, _printf_a.o(.ARM.Collect$$_printf_percent$$00000006))

<P><STRONG><a name="[3b6]"></a>_printf_ll</STRONG> (Thumb, 0 bytes, Stack size unknown bytes, _printf_ll.o(.ARM.Collect$$_printf_percent$$00000007))

<P><STRONG><a name="[41]"></a>_printf_i</STRONG> (Thumb, 0 bytes, Stack size unknown bytes, _printf_i.o(.ARM.Collect$$_printf_percent$$00000008))
<BR><BR>[Stack]<UL><LI>Max Depth = 72 + Unknown Stack Size
<LI>Call Chain = _printf_i &rArr; _printf_int_dec &rArr; _printf_int_common &rArr; _printf_post_padding
</UL>
<BR>[Calls]<UL><LI><a href="#[42]">&gt;&gt;</a>&nbsp;&nbsp;&nbsp;_printf_int_dec
</UL>

<P><STRONG><a name="[43]"></a>_printf_d</STRONG> (Thumb, 0 bytes, Stack size unknown bytes, _printf_d.o(.ARM.Collect$$_printf_percent$$00000009))
<BR><BR>[Stack]<UL><LI>Max Depth = 72 + Unknown Stack Size
<LI>Call Chain = _printf_d &rArr; _printf_int_dec &rArr; _printf_int_common &rArr; _printf_post_padding
</UL>
<BR>[Calls]<UL><LI><a href="#[42]">&gt;&gt;</a>&nbsp;&nbsp;&nbsp;_printf_int_dec
</UL>

<P><STRONG><a name="[44]"></a>_printf_u</STRONG> (Thumb, 0 bytes, Stack size unknown bytes, _printf_u.o(.ARM.Collect$$_printf_percent$$0000000A))
<BR><BR>[Stack]<UL><LI>Max Depth = 72 + Unknown Stack Size
<LI>Call Chain = _printf_u &rArr; _printf_int_dec &rArr; _printf_int_common &rArr; _printf_post_padding
</UL>
<BR>[Calls]<UL><LI><a href="#[42]">&gt;&gt;</a>&nbsp;&nbsp;&nbsp;_printf_int_dec
</UL>

<P><STRONG><a name="[45]"></a>_printf_o</STRONG> (Thumb, 0 bytes, Stack size unknown bytes, _printf_o.o(.ARM.Collect$$_printf_percent$$0000000B))
<BR><BR>[Stack]<UL><LI>Max Depth = 64 + Unknown Stack Size
<LI>Call Chain = _printf_o &rArr; _printf_int_oct &rArr; _printf_longlong_oct &rArr; _printf_int_common &rArr; _printf_post_padding
</UL>
<BR>[Calls]<UL><LI><a href="#[46]">&gt;&gt;</a>&nbsp;&nbsp;&nbsp;_printf_int_oct
</UL>

<P><STRONG><a name="[47]"></a>_printf_x</STRONG> (Thumb, 0 bytes, Stack size unknown bytes, _printf_x.o(.ARM.Collect$$_printf_percent$$0000000C))
<BR><BR>[Stack]<UL><LI>Max Depth = 80 + Unknown Stack Size
<LI>Call Chain = _printf_x &rArr; _printf_int_hex &rArr; _printf_longlong_hex &rArr; _printf_int_common &rArr; _printf_post_padding
</UL>
<BR>[Calls]<UL><LI><a href="#[48]">&gt;&gt;</a>&nbsp;&nbsp;&nbsp;_printf_int_hex
</UL>

<P><STRONG><a name="[49]"></a>_printf_lli</STRONG> (Thumb, 0 bytes, Stack size unknown bytes, _printf_lli.o(.ARM.Collect$$_printf_percent$$0000000D))
<BR><BR>[Stack]<UL><LI>Max Depth = 72 + Unknown Stack Size
<LI>Call Chain = _printf_lli &rArr; _printf_longlong_dec &rArr; _printf_int_common &rArr; _printf_post_padding
</UL>
<BR>[Calls]<UL><LI><a href="#[4a]">&gt;&gt;</a>&nbsp;&nbsp;&nbsp;_printf_longlong_dec
</UL>

<P><STRONG><a name="[4b]"></a>_printf_lld</STRONG> (Thumb, 0 bytes, Stack size unknown bytes, _printf_lld.o(.ARM.Collect$$_printf_percent$$0000000E))
<BR><BR>[Stack]<UL><LI>Max Depth = 72 + Unknown Stack Size
<LI>Call Chain = _printf_lld &rArr; _printf_longlong_dec &rArr; _printf_int_common &rArr; _printf_post_padding
</UL>
<BR>[Calls]<UL><LI><a href="#[4a]">&gt;&gt;</a>&nbsp;&nbsp;&nbsp;_printf_longlong_dec
</UL>

<P><STRONG><a name="[4c]"></a>_printf_llu</STRONG> (Thumb, 0 bytes, Stack size unknown bytes, _printf_llu.o(.ARM.Collect$$_printf_percent$$0000000F))
<BR><BR>[Stack]<UL><LI>Max Depth = 72 + Unknown Stack Size
<LI>Call Chain = _printf_llu &rArr; _printf_longlong_dec &rArr; _printf_int_common &rArr; _printf_post_padding
</UL>
<BR>[Calls]<UL><LI><a href="#[4a]">&gt;&gt;</a>&nbsp;&nbsp;&nbsp;_printf_longlong_dec
</UL>

<P><STRONG><a name="[4d]"></a>_printf_llo</STRONG> (Thumb, 0 bytes, Stack size unknown bytes, _printf_llo.o(.ARM.Collect$$_printf_percent$$00000010))
<BR><BR>[Stack]<UL><LI>Max Depth = 56 + Unknown Stack Size
<LI>Call Chain = _printf_llo &rArr; _printf_ll_oct &rArr; _printf_longlong_oct &rArr; _printf_int_common &rArr; _printf_post_padding
</UL>
<BR>[Calls]<UL><LI><a href="#[4e]">&gt;&gt;</a>&nbsp;&nbsp;&nbsp;_printf_ll_oct
</UL>

<P><STRONG><a name="[4f]"></a>_printf_llx</STRONG> (Thumb, 0 bytes, Stack size unknown bytes, _printf_llx.o(.ARM.Collect$$_printf_percent$$00000011))
<BR><BR>[Stack]<UL><LI>Max Depth = 64 + Unknown Stack Size
<LI>Call Chain = _printf_llx &rArr; _printf_ll_hex &rArr; _printf_longlong_hex &rArr; _printf_int_common &rArr; _printf_post_padding
</UL>
<BR>[Calls]<UL><LI><a href="#[50]">&gt;&gt;</a>&nbsp;&nbsp;&nbsp;_printf_ll_hex
</UL>

<P><STRONG><a name="[3b7]"></a>_printf_l</STRONG> (Thumb, 0 bytes, Stack size unknown bytes, _printf_l.o(.ARM.Collect$$_printf_percent$$00000012))

<P><STRONG><a name="[51]"></a>_printf_c</STRONG> (Thumb, 0 bytes, Stack size unknown bytes, _printf_c.o(.ARM.Collect$$_printf_percent$$00000013))
<BR><BR>[Stack]<UL><LI>Max Depth = 40 + Unknown Stack Size
<LI>Call Chain = _printf_c &rArr; _printf_char &rArr; _printf_cs_common &rArr; _printf_str &rArr; _printf_post_padding
</UL>
<BR>[Calls]<UL><LI><a href="#[52]">&gt;&gt;</a>&nbsp;&nbsp;&nbsp;_printf_char
</UL>

<P><STRONG><a name="[53]"></a>_printf_s</STRONG> (Thumb, 0 bytes, Stack size unknown bytes, _printf_s.o(.ARM.Collect$$_printf_percent$$00000014))
<BR><BR>[Stack]<UL><LI>Max Depth = 40 + Unknown Stack Size
<LI>Call Chain = _printf_s &rArr; _printf_string &rArr; _printf_cs_common &rArr; _printf_str &rArr; _printf_post_padding
</UL>
<BR>[Calls]<UL><LI><a href="#[54]">&gt;&gt;</a>&nbsp;&nbsp;&nbsp;_printf_string
</UL>

<P><STRONG><a name="[55]"></a>_printf_lc</STRONG> (Thumb, 0 bytes, Stack size unknown bytes, _printf_lc.o(.ARM.Collect$$_printf_percent$$00000015))
<BR><BR>[Stack]<UL><LI>Max Depth = 88 + Unknown Stack Size
<LI>Call Chain = _printf_lc &rArr; _printf_wchar &rArr; _printf_lcs_common &rArr; _printf_wctomb &rArr; _wcrtomb &rArr; __rt_ctype_table
</UL>
<BR>[Calls]<UL><LI><a href="#[56]">&gt;&gt;</a>&nbsp;&nbsp;&nbsp;_printf_wchar
</UL>

<P><STRONG><a name="[57]"></a>_printf_ls</STRONG> (Thumb, 0 bytes, Stack size unknown bytes, _printf_ls.o(.ARM.Collect$$_printf_percent$$00000016))
<BR><BR>[Stack]<UL><LI>Max Depth = 88 + Unknown Stack Size
<LI>Call Chain = _printf_ls &rArr; _printf_wstring &rArr; _printf_lcs_common &rArr; _printf_wctomb &rArr; _wcrtomb &rArr; __rt_ctype_table
</UL>
<BR>[Calls]<UL><LI><a href="#[58]">&gt;&gt;</a>&nbsp;&nbsp;&nbsp;_printf_wstring
</UL>

<P><STRONG><a name="[3b8]"></a>_printf_percent_end</STRONG> (Thumb, 0 bytes, Stack size unknown bytes, _printf_percent_end.o(.ARM.Collect$$_printf_percent$$00000017))

<P><STRONG><a name="[59]"></a>__rt_lib_init</STRONG> (Thumb, 0 bytes, Stack size unknown bytes, libinit.o(.ARM.Collect$$libinit$$00000000))
<BR><BR>[Stack]<UL><LI>Max Depth = 8 + Unknown Stack Size
<LI>Call Chain = __rt_lib_init &rArr; _fp_init
</UL>
<BR>[Calls]<UL><LI><a href="#[5a]">&gt;&gt;</a>&nbsp;&nbsp;&nbsp;_fp_init
</UL>
<BR>[Called By]<UL><LI><a href="#[62]">&gt;&gt;</a>&nbsp;&nbsp;&nbsp;__rt_entry_li
</UL>

<P><STRONG><a name="[3b9]"></a>__rt_lib_init_heap_1</STRONG> (Thumb, 0 bytes, Stack size unknown bytes, libinit2.o(.ARM.Collect$$libinit$$00000006))

<P><STRONG><a name="[5b]"></a>__rt_lib_init_lc_common</STRONG> (Thumb, 0 bytes, Stack size unknown bytes, libinit2.o(.ARM.Collect$$libinit$$0000000B))
<BR><BR>[Calls]<UL><LI><a href="#[5c]">&gt;&gt;</a>&nbsp;&nbsp;&nbsp;__rt_locale
</UL>

<P><STRONG><a name="[3ba]"></a>__rt_lib_init_rand_1</STRONG> (Thumb, 0 bytes, Stack size unknown bytes, libinit2.o(.ARM.Collect$$libinit$$0000000A))

<P><STRONG><a name="[3bb]"></a>__rt_lib_init_user_alloc_1</STRONG> (Thumb, 0 bytes, Stack size unknown bytes, libinit2.o(.ARM.Collect$$libinit$$00000008))

<P><STRONG><a name="[3bc]"></a>__rt_lib_init_lc_collate_1</STRONG> (Thumb, 0 bytes, Stack size unknown bytes, libinit2.o(.ARM.Collect$$libinit$$0000000D))

<P><STRONG><a name="[5d]"></a>__rt_lib_init_lc_ctype_2</STRONG> (Thumb, 0 bytes, Stack size unknown bytes, libinit2.o(.ARM.Collect$$libinit$$0000000E))
<BR><BR>[Stack]<UL><LI>Max Depth = 8 + Unknown Stack Size
<LI>Call Chain = __rt_lib_init_lc_ctype_2 &rArr; _get_lc_ctype
</UL>
<BR>[Calls]<UL><LI><a href="#[34]">&gt;&gt;</a>&nbsp;&nbsp;&nbsp;_get_lc_ctype
</UL>

<P><STRONG><a name="[3bd]"></a>__rt_lib_init_lc_ctype_1</STRONG> (Thumb, 0 bytes, Stack size unknown bytes, libinit2.o(.ARM.Collect$$libinit$$0000000F))

<P><STRONG><a name="[3be]"></a>__rt_lib_init_lc_monetary_1</STRONG> (Thumb, 0 bytes, Stack size unknown bytes, libinit2.o(.ARM.Collect$$libinit$$00000011))

<P><STRONG><a name="[5e]"></a>__rt_lib_init_lc_numeric_2</STRONG> (Thumb, 0 bytes, Stack size unknown bytes, libinit2.o(.ARM.Collect$$libinit$$00000012))
<BR><BR>[Stack]<UL><LI>Max Depth = 8 + Unknown Stack Size
<LI>Call Chain = __rt_lib_init_lc_numeric_2 &rArr; _get_lc_numeric
</UL>
<BR>[Calls]<UL><LI><a href="#[5f]">&gt;&gt;</a>&nbsp;&nbsp;&nbsp;_get_lc_numeric
</UL>

<P><STRONG><a name="[3bf]"></a>__rt_lib_init_alloca_1</STRONG> (Thumb, 0 bytes, Stack size unknown bytes, libinit2.o(.ARM.Collect$$libinit$$0000002A))

<P><STRONG><a name="[3c0]"></a>__rt_lib_init_argv_1</STRONG> (Thumb, 0 bytes, Stack size unknown bytes, libinit2.o(.ARM.Collect$$libinit$$00000028))

<P><STRONG><a name="[3c1]"></a>__rt_lib_init_atexit_1</STRONG> (Thumb, 0 bytes, Stack size unknown bytes, libinit2.o(.ARM.Collect$$libinit$$00000017))

<P><STRONG><a name="[3c2]"></a>__rt_lib_init_clock_1</STRONG> (Thumb, 0 bytes, Stack size unknown bytes, libinit2.o(.ARM.Collect$$libinit$$0000001D))

<P><STRONG><a name="[3c3]"></a>__rt_lib_init_cpp_1</STRONG> (Thumb, 0 bytes, Stack size unknown bytes, libinit2.o(.ARM.Collect$$libinit$$0000002E))

<P><STRONG><a name="[3c4]"></a>__rt_lib_init_exceptions_1</STRONG> (Thumb, 0 bytes, Stack size unknown bytes, libinit2.o(.ARM.Collect$$libinit$$0000002C))

<P><STRONG><a name="[3c5]"></a>__rt_lib_init_fp_trap_1</STRONG> (Thumb, 0 bytes, Stack size unknown bytes, libinit2.o(.ARM.Collect$$libinit$$0000001B))

<P><STRONG><a name="[3c6]"></a>__rt_lib_init_getenv_1</STRONG> (Thumb, 0 bytes, Stack size unknown bytes, libinit2.o(.ARM.Collect$$libinit$$0000001F))

<P><STRONG><a name="[3c7]"></a>__rt_lib_init_lc_numeric_1</STRONG> (Thumb, 0 bytes, Stack size unknown bytes, libinit2.o(.ARM.Collect$$libinit$$00000013))

<P><STRONG><a name="[3c8]"></a>__rt_lib_init_lc_time_1</STRONG> (Thumb, 0 bytes, Stack size unknown bytes, libinit2.o(.ARM.Collect$$libinit$$00000015))

<P><STRONG><a name="[3c9]"></a>__rt_lib_init_return</STRONG> (Thumb, 0 bytes, Stack size unknown bytes, libinit2.o(.ARM.Collect$$libinit$$0000002F))

<P><STRONG><a name="[3ca]"></a>__rt_lib_init_signal_1</STRONG> (Thumb, 0 bytes, Stack size unknown bytes, libinit2.o(.ARM.Collect$$libinit$$00000019))

<P><STRONG><a name="[3cb]"></a>__rt_lib_init_stdio_1</STRONG> (Thumb, 0 bytes, Stack size unknown bytes, libinit2.o(.ARM.Collect$$libinit$$00000021))

<P><STRONG><a name="[67]"></a>__rt_lib_shutdown</STRONG> (Thumb, 0 bytes, Stack size unknown bytes, libshutdown.o(.ARM.Collect$$libshutdown$$00000000))
<BR><BR>[Called By]<UL><LI><a href="#[66]">&gt;&gt;</a>&nbsp;&nbsp;&nbsp;__rt_exit_ls
</UL>

<P><STRONG><a name="[3cc]"></a>__rt_lib_shutdown_fp_trap_1</STRONG> (Thumb, 0 bytes, Stack size unknown bytes, libshutdown2.o(.ARM.Collect$$libshutdown$$00000006))

<P><STRONG><a name="[3cd]"></a>__rt_lib_shutdown_heap_1</STRONG> (Thumb, 0 bytes, Stack size unknown bytes, libshutdown2.o(.ARM.Collect$$libshutdown$$0000000E))

<P><STRONG><a name="[3ce]"></a>__rt_lib_shutdown_return</STRONG> (Thumb, 0 bytes, Stack size unknown bytes, libshutdown2.o(.ARM.Collect$$libshutdown$$0000000F))

<P><STRONG><a name="[3cf]"></a>__rt_lib_shutdown_signal_1</STRONG> (Thumb, 0 bytes, Stack size unknown bytes, libshutdown2.o(.ARM.Collect$$libshutdown$$00000009))

<P><STRONG><a name="[3d0]"></a>__rt_lib_shutdown_stdio_1</STRONG> (Thumb, 0 bytes, Stack size unknown bytes, libshutdown2.o(.ARM.Collect$$libshutdown$$00000003))

<P><STRONG><a name="[3d1]"></a>__rt_lib_shutdown_user_alloc_1</STRONG> (Thumb, 0 bytes, Stack size unknown bytes, libshutdown2.o(.ARM.Collect$$libshutdown$$0000000B))

<P><STRONG><a name="[37]"></a>__rt_entry</STRONG> (Thumb, 0 bytes, Stack size unknown bytes, rtentry.o(.ARM.Collect$$rtentry$$00000000))
<BR><BR>[Called By]<UL><LI><a href="#[38]">&gt;&gt;</a>&nbsp;&nbsp;&nbsp;__scatterload_rt2
<LI><a href="#[35]">&gt;&gt;</a>&nbsp;&nbsp;&nbsp;__main
</UL>

<P><STRONG><a name="[3d2]"></a>__rt_entry_presh_1</STRONG> (Thumb, 0 bytes, Stack size unknown bytes, rtentry2.o(.ARM.Collect$$rtentry$$00000002))

<P><STRONG><a name="[60]"></a>__rt_entry_sh</STRONG> (Thumb, 0 bytes, Stack size unknown bytes, rtentry4.o(.ARM.Collect$$rtentry$$00000004))
<BR><BR>[Stack]<UL><LI>Max Depth = 8 + Unknown Stack Size
<LI>Call Chain = __rt_entry_sh &rArr; __user_setup_stackheap
</UL>
<BR>[Calls]<UL><LI><a href="#[61]">&gt;&gt;</a>&nbsp;&nbsp;&nbsp;__user_setup_stackheap
</UL>

<P><STRONG><a name="[62]"></a>__rt_entry_li</STRONG> (Thumb, 0 bytes, Stack size unknown bytes, rtentry2.o(.ARM.Collect$$rtentry$$0000000A))
<BR><BR>[Stack]<UL><LI>Max Depth = 8 + Unknown Stack Size
<LI>Call Chain = __rt_entry_li &rArr; __rt_lib_init &rArr; _fp_init
</UL>
<BR>[Calls]<UL><LI><a href="#[59]">&gt;&gt;</a>&nbsp;&nbsp;&nbsp;__rt_lib_init
</UL>

<P><STRONG><a name="[3d3]"></a>__rt_entry_postsh_1</STRONG> (Thumb, 0 bytes, Stack size unknown bytes, rtentry2.o(.ARM.Collect$$rtentry$$00000009))

<P><STRONG><a name="[63]"></a>__rt_entry_main</STRONG> (Thumb, 0 bytes, Stack size unknown bytes, rtentry2.o(.ARM.Collect$$rtentry$$0000000D))
<BR><BR>[Stack]<UL><LI>Max Depth = 352 + Unknown Stack Size
<LI>Call Chain = __rt_entry_main &rArr; main &rArr; do_CRunCtrl &rArr; DisplayKeyMenu &rArr; Systemp_Task &rArr; Down_Task &rArr; Level3_Down &rArr; Level32_Down &rArr; query_compstatus_ok &rArr; CompStat_Menu &rArr; menu_comp_noreg &rArr; DisplayJBHZK &rArr; SetColumn &rArr; SendCommandToLCD &rArr; CheckState &rArr; DATAout
</UL>
<BR>[Calls]<UL><LI><a href="#[64]">&gt;&gt;</a>&nbsp;&nbsp;&nbsp;main
<LI><a href="#[65]">&gt;&gt;</a>&nbsp;&nbsp;&nbsp;exit
</UL>

<P><STRONG><a name="[3d4]"></a>__rt_entry_postli_1</STRONG> (Thumb, 0 bytes, Stack size unknown bytes, rtentry2.o(.ARM.Collect$$rtentry$$0000000C))

<P><STRONG><a name="[3a8]"></a>__rt_exit</STRONG> (Thumb, 0 bytes, Stack size unknown bytes, rtexit.o(.ARM.Collect$$rtexit$$00000000))
<BR><BR>[Called By]<UL><LI><a href="#[65]">&gt;&gt;</a>&nbsp;&nbsp;&nbsp;exit
</UL>

<P><STRONG><a name="[66]"></a>__rt_exit_ls</STRONG> (Thumb, 0 bytes, Stack size unknown bytes, rtexit2.o(.ARM.Collect$$rtexit$$00000003))
<BR><BR>[Calls]<UL><LI><a href="#[67]">&gt;&gt;</a>&nbsp;&nbsp;&nbsp;__rt_lib_shutdown
</UL>

<P><STRONG><a name="[3d5]"></a>__rt_exit_prels_1</STRONG> (Thumb, 0 bytes, Stack size unknown bytes, rtexit2.o(.ARM.Collect$$rtexit$$00000002))

<P><STRONG><a name="[68]"></a>__rt_exit_exit</STRONG> (Thumb, 0 bytes, Stack size unknown bytes, rtexit2.o(.ARM.Collect$$rtexit$$00000004))
<BR><BR>[Calls]<UL><LI><a href="#[69]">&gt;&gt;</a>&nbsp;&nbsp;&nbsp;_sys_exit
</UL>

<P><STRONG><a name="[3]"></a>Reset_Handler</STRONG> (Thumb, 8 bytes, Stack size 0 bytes, startup_lpc17xx.o(.text))
<BR>[Address Reference Count : 1]<UL><LI> startup_lpc17xx.o(RESET)
</UL>
<P><STRONG><a name="[4]"></a>NMI_Handler</STRONG> (Thumb, 2 bytes, Stack size 0 bytes, startup_lpc17xx.o(.text))
<BR><BR>[Calls]<UL><LI><a href="#[4]">&gt;&gt;</a>&nbsp;&nbsp;&nbsp;NMI_Handler
</UL>
<BR>[Called By]<UL><LI><a href="#[4]">&gt;&gt;</a>&nbsp;&nbsp;&nbsp;NMI_Handler
</UL>
<BR>[Address Reference Count : 1]<UL><LI> startup_lpc17xx.o(RESET)
</UL>
<P><STRONG><a name="[5]"></a>HardFault_Handler</STRONG> (Thumb, 2 bytes, Stack size 0 bytes, startup_lpc17xx.o(.text))
<BR><BR>[Calls]<UL><LI><a href="#[5]">&gt;&gt;</a>&nbsp;&nbsp;&nbsp;HardFault_Handler
</UL>
<BR>[Called By]<UL><LI><a href="#[5]">&gt;&gt;</a>&nbsp;&nbsp;&nbsp;HardFault_Handler
</UL>
<BR>[Address Reference Count : 1]<UL><LI> startup_lpc17xx.o(RESET)
</UL>
<P><STRONG><a name="[6]"></a>MemManage_Handler</STRONG> (Thumb, 2 bytes, Stack size 0 bytes, startup_lpc17xx.o(.text))
<BR><BR>[Calls]<UL><LI><a href="#[6]">&gt;&gt;</a>&nbsp;&nbsp;&nbsp;MemManage_Handler
</UL>
<BR>[Called By]<UL><LI><a href="#[6]">&gt;&gt;</a>&nbsp;&nbsp;&nbsp;MemManage_Handler
</UL>
<BR>[Address Reference Count : 1]<UL><LI> startup_lpc17xx.o(RESET)
</UL>
<P><STRONG><a name="[7]"></a>BusFault_Handler</STRONG> (Thumb, 2 bytes, Stack size 0 bytes, startup_lpc17xx.o(.text))
<BR><BR>[Calls]<UL><LI><a href="#[7]">&gt;&gt;</a>&nbsp;&nbsp;&nbsp;BusFault_Handler
</UL>
<BR>[Called By]<UL><LI><a href="#[7]">&gt;&gt;</a>&nbsp;&nbsp;&nbsp;BusFault_Handler
</UL>
<BR>[Address Reference Count : 1]<UL><LI> startup_lpc17xx.o(RESET)
</UL>
<P><STRONG><a name="[8]"></a>UsageFault_Handler</STRONG> (Thumb, 2 bytes, Stack size 0 bytes, startup_lpc17xx.o(.text))
<BR><BR>[Calls]<UL><LI><a href="#[8]">&gt;&gt;</a>&nbsp;&nbsp;&nbsp;UsageFault_Handler
</UL>
<BR>[Called By]<UL><LI><a href="#[8]">&gt;&gt;</a>&nbsp;&nbsp;&nbsp;UsageFault_Handler
</UL>
<BR>[Address Reference Count : 1]<UL><LI> startup_lpc17xx.o(RESET)
</UL>
<P><STRONG><a name="[9]"></a>SVC_Handler</STRONG> (Thumb, 2 bytes, Stack size 0 bytes, startup_lpc17xx.o(.text))
<BR><BR>[Calls]<UL><LI><a href="#[9]">&gt;&gt;</a>&nbsp;&nbsp;&nbsp;SVC_Handler
</UL>
<BR>[Called By]<UL><LI><a href="#[9]">&gt;&gt;</a>&nbsp;&nbsp;&nbsp;SVC_Handler
</UL>
<BR>[Address Reference Count : 1]<UL><LI> startup_lpc17xx.o(RESET)
</UL>
<P><STRONG><a name="[a]"></a>DebugMon_Handler</STRONG> (Thumb, 2 bytes, Stack size 0 bytes, startup_lpc17xx.o(.text))
<BR><BR>[Calls]<UL><LI><a href="#[a]">&gt;&gt;</a>&nbsp;&nbsp;&nbsp;DebugMon_Handler
</UL>
<BR>[Called By]<UL><LI><a href="#[a]">&gt;&gt;</a>&nbsp;&nbsp;&nbsp;DebugMon_Handler
</UL>
<BR>[Address Reference Count : 1]<UL><LI> startup_lpc17xx.o(RESET)
</UL>
<P><STRONG><a name="[b]"></a>PendSV_Handler</STRONG> (Thumb, 2 bytes, Stack size 0 bytes, startup_lpc17xx.o(.text))
<BR><BR>[Calls]<UL><LI><a href="#[b]">&gt;&gt;</a>&nbsp;&nbsp;&nbsp;PendSV_Handler
</UL>
<BR>[Called By]<UL><LI><a href="#[b]">&gt;&gt;</a>&nbsp;&nbsp;&nbsp;PendSV_Handler
</UL>
<BR>[Address Reference Count : 1]<UL><LI> startup_lpc17xx.o(RESET)
</UL>
<P><STRONG><a name="[23]"></a>ADC_IRQHandler</STRONG> (Thumb, 0 bytes, Stack size 0 bytes, startup_lpc17xx.o(.text))
<BR><BR>[Calls]<UL><LI><a href="#[23]">&gt;&gt;</a>&nbsp;&nbsp;&nbsp;ADC_IRQHandler
</UL>
<BR>[Called By]<UL><LI><a href="#[23]">&gt;&gt;</a>&nbsp;&nbsp;&nbsp;ADC_IRQHandler
</UL>
<BR>[Address Reference Count : 1]<UL><LI> startup_lpc17xx.o(RESET)
</UL>
<P><STRONG><a name="[24]"></a>BOD_IRQHandler</STRONG> (Thumb, 0 bytes, Stack size 0 bytes, startup_lpc17xx.o(.text))
<BR>[Address Reference Count : 1]<UL><LI> startup_lpc17xx.o(RESET)
</UL>
<P><STRONG><a name="[2f]"></a>CANActivity_IRQHandler</STRONG> (Thumb, 0 bytes, Stack size 0 bytes, startup_lpc17xx.o(.text))
<BR>[Address Reference Count : 1]<UL><LI> startup_lpc17xx.o(RESET)
</UL>
<P><STRONG><a name="[26]"></a>CAN_IRQHandler</STRONG> (Thumb, 0 bytes, Stack size 0 bytes, startup_lpc17xx.o(.text))
<BR>[Address Reference Count : 1]<UL><LI> startup_lpc17xx.o(RESET)
</UL>
<P><STRONG><a name="[27]"></a>DMA_IRQHandler</STRONG> (Thumb, 0 bytes, Stack size 0 bytes, startup_lpc17xx.o(.text))
<BR>[Address Reference Count : 1]<UL><LI> startup_lpc17xx.o(RESET)
</UL>
<P><STRONG><a name="[1f]"></a>EINT0_IRQHandler</STRONG> (Thumb, 0 bytes, Stack size 0 bytes, startup_lpc17xx.o(.text))
<BR>[Address Reference Count : 1]<UL><LI> startup_lpc17xx.o(RESET)
</UL>
<P><STRONG><a name="[21]"></a>EINT2_IRQHandler</STRONG> (Thumb, 0 bytes, Stack size 0 bytes, startup_lpc17xx.o(.text))
<BR>[Address Reference Count : 1]<UL><LI> startup_lpc17xx.o(RESET)
</UL>
<P><STRONG><a name="[29]"></a>ENET_IRQHandler</STRONG> (Thumb, 0 bytes, Stack size 0 bytes, startup_lpc17xx.o(.text))
<BR>[Address Reference Count : 1]<UL><LI> startup_lpc17xx.o(RESET)
</UL>
<P><STRONG><a name="[18]"></a>I2C1_IRQHandler</STRONG> (Thumb, 0 bytes, Stack size 0 bytes, startup_lpc17xx.o(.text))
<BR>[Address Reference Count : 1]<UL><LI> startup_lpc17xx.o(RESET)
</UL>
<P><STRONG><a name="[19]"></a>I2C2_IRQHandler</STRONG> (Thumb, 0 bytes, Stack size 0 bytes, startup_lpc17xx.o(.text))
<BR>[Address Reference Count : 1]<UL><LI> startup_lpc17xx.o(RESET)
</UL>
<P><STRONG><a name="[28]"></a>I2S_IRQHandler</STRONG> (Thumb, 0 bytes, Stack size 0 bytes, startup_lpc17xx.o(.text))
<BR>[Address Reference Count : 1]<UL><LI> startup_lpc17xx.o(RESET)
</UL>
<P><STRONG><a name="[2b]"></a>MCPWM_IRQHandler</STRONG> (Thumb, 0 bytes, Stack size 0 bytes, startup_lpc17xx.o(.text))
<BR>[Address Reference Count : 1]<UL><LI> startup_lpc17xx.o(RESET)
</UL>
<P><STRONG><a name="[1d]"></a>PLL0_IRQHandler</STRONG> (Thumb, 0 bytes, Stack size 0 bytes, startup_lpc17xx.o(.text))
<BR>[Address Reference Count : 1]<UL><LI> startup_lpc17xx.o(RESET)
</UL>
<P><STRONG><a name="[2d]"></a>PLL1_IRQHandler</STRONG> (Thumb, 0 bytes, Stack size 0 bytes, startup_lpc17xx.o(.text))
<BR>[Address Reference Count : 1]<UL><LI> startup_lpc17xx.o(RESET)
</UL>
<P><STRONG><a name="[2c]"></a>QEI_IRQHandler</STRONG> (Thumb, 0 bytes, Stack size 0 bytes, startup_lpc17xx.o(.text))
<BR>[Address Reference Count : 1]<UL><LI> startup_lpc17xx.o(RESET)
</UL>
<P><STRONG><a name="[2a]"></a>RIT_IRQHandler</STRONG> (Thumb, 0 bytes, Stack size 0 bytes, startup_lpc17xx.o(.text))
<BR>[Address Reference Count : 1]<UL><LI> startup_lpc17xx.o(RESET)
</UL>
<P><STRONG><a name="[1e]"></a>RTC_IRQHandler</STRONG> (Thumb, 0 bytes, Stack size 0 bytes, startup_lpc17xx.o(.text))
<BR>[Address Reference Count : 1]<UL><LI> startup_lpc17xx.o(RESET)
</UL>
<P><STRONG><a name="[1a]"></a>SPI_IRQHandler</STRONG> (Thumb, 0 bytes, Stack size 0 bytes, startup_lpc17xx.o(.text))
<BR>[Address Reference Count : 1]<UL><LI> startup_lpc17xx.o(RESET)
</UL>
<P><STRONG><a name="[1b]"></a>SSP0_IRQHandler</STRONG> (Thumb, 0 bytes, Stack size 0 bytes, startup_lpc17xx.o(.text))
<BR>[Address Reference Count : 1]<UL><LI> startup_lpc17xx.o(RESET)
</UL>
<P><STRONG><a name="[1c]"></a>SSP1_IRQHandler</STRONG> (Thumb, 0 bytes, Stack size 0 bytes, startup_lpc17xx.o(.text))
<BR>[Address Reference Count : 1]<UL><LI> startup_lpc17xx.o(RESET)
</UL>
<P><STRONG><a name="[11]"></a>TIMER3_IRQHandler</STRONG> (Thumb, 0 bytes, Stack size 0 bytes, startup_lpc17xx.o(.text))
<BR>[Address Reference Count : 1]<UL><LI> startup_lpc17xx.o(RESET)
</UL>
<P><STRONG><a name="[14]"></a>UART2_IRQHandler</STRONG> (Thumb, 0 bytes, Stack size 0 bytes, startup_lpc17xx.o(.text))
<BR>[Address Reference Count : 1]<UL><LI> startup_lpc17xx.o(RESET)
</UL>
<P><STRONG><a name="[15]"></a>UART3_IRQHandler</STRONG> (Thumb, 0 bytes, Stack size 0 bytes, startup_lpc17xx.o(.text))
<BR>[Address Reference Count : 1]<UL><LI> startup_lpc17xx.o(RESET)
</UL>
<P><STRONG><a name="[2e]"></a>USBActivity_IRQHandler</STRONG> (Thumb, 0 bytes, Stack size 0 bytes, startup_lpc17xx.o(.text))
<BR>[Address Reference Count : 1]<UL><LI> startup_lpc17xx.o(RESET)
</UL>
<P><STRONG><a name="[25]"></a>USB_IRQHandler</STRONG> (Thumb, 0 bytes, Stack size 0 bytes, startup_lpc17xx.o(.text))
<BR>[Address Reference Count : 1]<UL><LI> startup_lpc17xx.o(RESET)
</UL>
<P><STRONG><a name="[d]"></a>WDT_IRQHandler</STRONG> (Thumb, 0 bytes, Stack size 0 bytes, startup_lpc17xx.o(.text))
<BR>[Address Reference Count : 1]<UL><LI> startup_lpc17xx.o(RESET)
</UL>
<P><STRONG><a name="[3a7]"></a>__user_initial_stackheap</STRONG> (Thumb, 0 bytes, Stack size unknown bytes, startup_lpc17xx.o(.text))
<BR><BR>[Called By]<UL><LI><a href="#[61]">&gt;&gt;</a>&nbsp;&nbsp;&nbsp;__user_setup_stackheap
</UL>

<P><STRONG><a name="[64]"></a>main</STRONG> (Thumb, 22 bytes, Stack size 0 bytes, main.o(.text))
<BR><BR>[Stack]<UL><LI>Max Depth = 352 + Unknown Stack Size
<LI>Call Chain = main &rArr; do_CRunCtrl &rArr; DisplayKeyMenu &rArr; Systemp_Task &rArr; Down_Task &rArr; Level3_Down &rArr; Level32_Down &rArr; query_compstatus_ok &rArr; CompStat_Menu &rArr; menu_comp_noreg &rArr; DisplayJBHZK &rArr; SetColumn &rArr; SendCommandToLCD &rArr; CheckState &rArr; DATAout
</UL>
<BR>[Calls]<UL><LI><a href="#[6d]">&gt;&gt;</a>&nbsp;&nbsp;&nbsp;do_CRunCtrl
<LI><a href="#[6b]">&gt;&gt;</a>&nbsp;&nbsp;&nbsp;Init_CRunCtrl
<LI><a href="#[6c]">&gt;&gt;</a>&nbsp;&nbsp;&nbsp;DebugOnce
<LI><a href="#[6a]">&gt;&gt;</a>&nbsp;&nbsp;&nbsp;SystemClockUpdate
</UL>
<BR>[Called By]<UL><LI><a href="#[63]">&gt;&gt;</a>&nbsp;&nbsp;&nbsp;__rt_entry_main
</UL>

<P><STRONG><a name="[6e]"></a>EndInt</STRONG> (Thumb, 12 bytes, Stack size 8 bytes, cintstend.o(.text))
<BR><BR>[Stack]<UL><LI>Max Depth = 24<LI>Call Chain = EndInt &rArr; Eint_Dis &rArr; extint3_disable
</UL>
<BR>[Calls]<UL><LI><a href="#[6f]">&gt;&gt;</a>&nbsp;&nbsp;&nbsp;Eint_Dis
<LI><a href="#[70]">&gt;&gt;</a>&nbsp;&nbsp;&nbsp;ClrSys_CLpScanCtrl
</UL>
<BR>[Called By]<UL><LI><a href="#[1dc]">&gt;&gt;</a>&nbsp;&nbsp;&nbsp;factory_ok
<LI><a href="#[11f]">&gt;&gt;</a>&nbsp;&nbsp;&nbsp;comp_reg_deal
</UL>

<P><STRONG><a name="[71]"></a>StartInt</STRONG> (Thumb, 8 bytes, Stack size 8 bytes, cintstend.o(.text))
<BR><BR>[Stack]<UL><LI>Max Depth = 32<LI>Call Chain = StartInt &rArr; Eint_En &rArr; extint3_enable &rArr; NVIC_SetPriority
</UL>
<BR>[Calls]<UL><LI><a href="#[72]">&gt;&gt;</a>&nbsp;&nbsp;&nbsp;Eint_En
</UL>
<BR>[Called By]<UL><LI><a href="#[1dc]">&gt;&gt;</a>&nbsp;&nbsp;&nbsp;factory_ok
<LI><a href="#[11f]">&gt;&gt;</a>&nbsp;&nbsp;&nbsp;comp_reg_deal
</UL>

<P><STRONG><a name="[3d6]"></a>__use_two_region_memory</STRONG> (Thumb, 2 bytes, Stack size 0 bytes, heapauxi.o(.text), UNUSED)

<P><STRONG><a name="[3d7]"></a>__rt_heap_escrow$2region</STRONG> (Thumb, 2 bytes, Stack size 0 bytes, heapauxi.o(.text), UNUSED)

<P><STRONG><a name="[3d8]"></a>__rt_heap_expand$2region</STRONG> (Thumb, 2 bytes, Stack size 0 bytes, heapauxi.o(.text), UNUSED)

<P><STRONG><a name="[32]"></a>_sputc</STRONG> (Thumb, 10 bytes, Stack size 0 bytes, _sputc.o(.text))
<BR><BR>[Called By]<UL><LI><a href="#[b4]">&gt;&gt;</a>&nbsp;&nbsp;&nbsp;__c89vsprintf
</UL>
<BR>[Address Reference Count : 1]<UL><LI> c89vsprintf.o(.text)
</UL>
<P><STRONG><a name="[3d9]"></a>__I$use$semihosting</STRONG> (Thumb, 0 bytes, Stack size 0 bytes, use_no_semi.o(.text), UNUSED)

<P><STRONG><a name="[3da]"></a>__use_no_semihosting_swi</STRONG> (Thumb, 2 bytes, Stack size 0 bytes, use_no_semi.o(.text), UNUSED)

<P><STRONG><a name="[3db]"></a>__I$use$fp</STRONG> (Thumb, 0 bytes, Stack size unknown bytes, usenofp.o(x$fpl$usenofp), UNUSED)

<P><STRONG><a name="[3dc]"></a>__semihosting_library_function</STRONG> (Thumb, 0 bytes, Stack size unknown bytes, indicate_semi.o(.text), UNUSED)

<P><STRONG><a name="[30]"></a>SystemInit</STRONG> (Thumb, 174 bytes, Stack size 0 bytes, system_lpc17xx.o(.text))
<BR>[Address Reference Count : 1]<UL><LI> startup_lpc17xx.o(.text)
</UL>
<P><STRONG><a name="[6a]"></a>SystemClockUpdate</STRONG> (Thumb, 320 bytes, Stack size 0 bytes, system_lpc17xx.o(.text))
<BR><BR>[Called By]<UL><LI><a href="#[64]">&gt;&gt;</a>&nbsp;&nbsp;&nbsp;main
</UL>

<P><STRONG><a name="[3dd]"></a>SSP_SSELToggle</STRONG> (Thumb, 66 bytes, Stack size 0 bytes, ssp.o(.text), UNUSED)

<P><STRONG><a name="[289]"></a>SSP1_Init</STRONG> (Thumb, 232 bytes, Stack size 0 bytes, ssp.o(.text))
<BR><BR>[Called By]<UL><LI><a href="#[282]">&gt;&gt;</a>&nbsp;&nbsp;&nbsp;hardware_init
</UL>

<P><STRONG><a name="[74]"></a>SPI_FLASH_SendByte</STRONG> (Thumb, 26 bytes, Stack size 0 bytes, ssp.o(.text))
<BR><BR>[Called By]<UL><LI><a href="#[80]">&gt;&gt;</a>&nbsp;&nbsp;&nbsp;M25P80_ReadFast_1Byte
<LI><a href="#[7f]">&gt;&gt;</a>&nbsp;&nbsp;&nbsp;M25P80_Read_Bytes
<LI><a href="#[7e]">&gt;&gt;</a>&nbsp;&nbsp;&nbsp;M25P80_Read_1Byte
<LI><a href="#[7d]">&gt;&gt;</a>&nbsp;&nbsp;&nbsp;M25P80_Write_Bytes
<LI><a href="#[7c]">&gt;&gt;</a>&nbsp;&nbsp;&nbsp;M25P80_Write_1Byte
<LI><a href="#[7a]">&gt;&gt;</a>&nbsp;&nbsp;&nbsp;M25P80_Section_Erase
<LI><a href="#[79]">&gt;&gt;</a>&nbsp;&nbsp;&nbsp;M25P80_Busy
<LI><a href="#[76]">&gt;&gt;</a>&nbsp;&nbsp;&nbsp;M25P80_CMD1B_S1B
<LI><a href="#[75]">&gt;&gt;</a>&nbsp;&nbsp;&nbsp;M25P80_CMD1B_READ1B
<LI><a href="#[73]">&gt;&gt;</a>&nbsp;&nbsp;&nbsp;M25P80_CMD1B
</UL>

<P><STRONG><a name="[73]"></a>M25P80_CMD1B</STRONG> (Thumb, 36 bytes, Stack size 4 bytes, ssp.o(.text))
<BR><BR>[Stack]<UL><LI>Max Depth = 4<LI>Call Chain = M25P80_CMD1B
</UL>
<BR>[Calls]<UL><LI><a href="#[74]">&gt;&gt;</a>&nbsp;&nbsp;&nbsp;SPI_FLASH_SendByte
</UL>
<BR>[Called By]<UL><LI><a href="#[7b]">&gt;&gt;</a>&nbsp;&nbsp;&nbsp;M25P80_Bulk_Erase
<LI><a href="#[78]">&gt;&gt;</a>&nbsp;&nbsp;&nbsp;M25P80_WP_En
<LI><a href="#[77]">&gt;&gt;</a>&nbsp;&nbsp;&nbsp;M25P80_Write_En
</UL>

<P><STRONG><a name="[75]"></a>M25P80_CMD1B_READ1B</STRONG> (Thumb, 46 bytes, Stack size 4 bytes, ssp.o(.text))
<BR><BR>[Stack]<UL><LI>Max Depth = 4<LI>Call Chain = M25P80_CMD1B_READ1B
</UL>
<BR>[Calls]<UL><LI><a href="#[74]">&gt;&gt;</a>&nbsp;&nbsp;&nbsp;SPI_FLASH_SendByte
</UL>
<BR>[Called By]<UL><LI><a href="#[78]">&gt;&gt;</a>&nbsp;&nbsp;&nbsp;M25P80_WP_En
<LI><a href="#[77]">&gt;&gt;</a>&nbsp;&nbsp;&nbsp;M25P80_Write_En
</UL>

<P><STRONG><a name="[76]"></a>M25P80_CMD1B_S1B</STRONG> (Thumb, 44 bytes, Stack size 4 bytes, ssp.o(.text))
<BR><BR>[Stack]<UL><LI>Max Depth = 4<LI>Call Chain = M25P80_CMD1B_S1B
</UL>
<BR>[Calls]<UL><LI><a href="#[74]">&gt;&gt;</a>&nbsp;&nbsp;&nbsp;SPI_FLASH_SendByte
</UL>
<BR>[Called By]<UL><LI><a href="#[78]">&gt;&gt;</a>&nbsp;&nbsp;&nbsp;M25P80_WP_En
<LI><a href="#[77]">&gt;&gt;</a>&nbsp;&nbsp;&nbsp;M25P80_Write_En
</UL>

<P><STRONG><a name="[77]"></a>M25P80_Write_En</STRONG> (Thumb, 40 bytes, Stack size 8 bytes, ssp.o(.text))
<BR><BR>[Stack]<UL><LI>Max Depth = 12<LI>Call Chain = M25P80_Write_En &rArr; M25P80_CMD1B_S1B
</UL>
<BR>[Calls]<UL><LI><a href="#[76]">&gt;&gt;</a>&nbsp;&nbsp;&nbsp;M25P80_CMD1B_S1B
<LI><a href="#[75]">&gt;&gt;</a>&nbsp;&nbsp;&nbsp;M25P80_CMD1B_READ1B
<LI><a href="#[73]">&gt;&gt;</a>&nbsp;&nbsp;&nbsp;M25P80_CMD1B
</UL>
<BR>[Called By]<UL><LI><a href="#[7d]">&gt;&gt;</a>&nbsp;&nbsp;&nbsp;M25P80_Write_Bytes
<LI><a href="#[7c]">&gt;&gt;</a>&nbsp;&nbsp;&nbsp;M25P80_Write_1Byte
<LI><a href="#[7b]">&gt;&gt;</a>&nbsp;&nbsp;&nbsp;M25P80_Bulk_Erase
<LI><a href="#[7a]">&gt;&gt;</a>&nbsp;&nbsp;&nbsp;M25P80_Section_Erase
</UL>

<P><STRONG><a name="[78]"></a>M25P80_WP_En</STRONG> (Thumb, 40 bytes, Stack size 8 bytes, ssp.o(.text))
<BR><BR>[Stack]<UL><LI>Max Depth = 12<LI>Call Chain = M25P80_WP_En &rArr; M25P80_CMD1B_S1B
</UL>
<BR>[Calls]<UL><LI><a href="#[76]">&gt;&gt;</a>&nbsp;&nbsp;&nbsp;M25P80_CMD1B_S1B
<LI><a href="#[75]">&gt;&gt;</a>&nbsp;&nbsp;&nbsp;M25P80_CMD1B_READ1B
<LI><a href="#[73]">&gt;&gt;</a>&nbsp;&nbsp;&nbsp;M25P80_CMD1B
</UL>
<BR>[Called By]<UL><LI><a href="#[7d]">&gt;&gt;</a>&nbsp;&nbsp;&nbsp;M25P80_Write_Bytes
<LI><a href="#[7c]">&gt;&gt;</a>&nbsp;&nbsp;&nbsp;M25P80_Write_1Byte
<LI><a href="#[7b]">&gt;&gt;</a>&nbsp;&nbsp;&nbsp;M25P80_Bulk_Erase
<LI><a href="#[7a]">&gt;&gt;</a>&nbsp;&nbsp;&nbsp;M25P80_Section_Erase
</UL>

<P><STRONG><a name="[79]"></a>M25P80_Busy</STRONG> (Thumb, 58 bytes, Stack size 4 bytes, ssp.o(.text))
<BR><BR>[Stack]<UL><LI>Max Depth = 4<LI>Call Chain = M25P80_Busy
</UL>
<BR>[Calls]<UL><LI><a href="#[74]">&gt;&gt;</a>&nbsp;&nbsp;&nbsp;SPI_FLASH_SendByte
</UL>
<BR>[Called By]<UL><LI><a href="#[7f]">&gt;&gt;</a>&nbsp;&nbsp;&nbsp;M25P80_Read_Bytes
<LI><a href="#[7d]">&gt;&gt;</a>&nbsp;&nbsp;&nbsp;M25P80_Write_Bytes
<LI><a href="#[7c]">&gt;&gt;</a>&nbsp;&nbsp;&nbsp;M25P80_Write_1Byte
<LI><a href="#[7b]">&gt;&gt;</a>&nbsp;&nbsp;&nbsp;M25P80_Bulk_Erase
<LI><a href="#[7a]">&gt;&gt;</a>&nbsp;&nbsp;&nbsp;M25P80_Section_Erase
</UL>

<P><STRONG><a name="[7a]"></a>M25P80_Section_Erase</STRONG> (Thumb, 96 bytes, Stack size 12 bytes, ssp.o(.text))
<BR><BR>[Stack]<UL><LI>Max Depth = 24<LI>Call Chain = M25P80_Section_Erase &rArr; M25P80_WP_En &rArr; M25P80_CMD1B_S1B
</UL>
<BR>[Calls]<UL><LI><a href="#[79]">&gt;&gt;</a>&nbsp;&nbsp;&nbsp;M25P80_Busy
<LI><a href="#[78]">&gt;&gt;</a>&nbsp;&nbsp;&nbsp;M25P80_WP_En
<LI><a href="#[77]">&gt;&gt;</a>&nbsp;&nbsp;&nbsp;M25P80_Write_En
<LI><a href="#[74]">&gt;&gt;</a>&nbsp;&nbsp;&nbsp;SPI_FLASH_SendByte
</UL>
<BR>[Called By]<UL><LI><a href="#[a0]">&gt;&gt;</a>&nbsp;&nbsp;&nbsp;CSaveAnn
<LI><a href="#[1dc]">&gt;&gt;</a>&nbsp;&nbsp;&nbsp;factory_ok
<LI><a href="#[325]">&gt;&gt;</a>&nbsp;&nbsp;&nbsp;save_record
</UL>

<P><STRONG><a name="[7b]"></a>M25P80_Bulk_Erase</STRONG> (Thumb, 28 bytes, Stack size 4 bytes, ssp.o(.text), UNUSED)
<BR><BR>[Calls]<UL><LI><a href="#[79]">&gt;&gt;</a>&nbsp;&nbsp;&nbsp;M25P80_Busy
<LI><a href="#[78]">&gt;&gt;</a>&nbsp;&nbsp;&nbsp;M25P80_WP_En
<LI><a href="#[77]">&gt;&gt;</a>&nbsp;&nbsp;&nbsp;M25P80_Write_En
<LI><a href="#[73]">&gt;&gt;</a>&nbsp;&nbsp;&nbsp;M25P80_CMD1B
</UL>

<P><STRONG><a name="[7c]"></a>M25P80_Write_1Byte</STRONG> (Thumb, 104 bytes, Stack size 16 bytes, ssp.o(.text))
<BR><BR>[Stack]<UL><LI>Max Depth = 28<LI>Call Chain = M25P80_Write_1Byte &rArr; M25P80_WP_En &rArr; M25P80_CMD1B_S1B
</UL>
<BR>[Calls]<UL><LI><a href="#[79]">&gt;&gt;</a>&nbsp;&nbsp;&nbsp;M25P80_Busy
<LI><a href="#[78]">&gt;&gt;</a>&nbsp;&nbsp;&nbsp;M25P80_WP_En
<LI><a href="#[77]">&gt;&gt;</a>&nbsp;&nbsp;&nbsp;M25P80_Write_En
<LI><a href="#[74]">&gt;&gt;</a>&nbsp;&nbsp;&nbsp;SPI_FLASH_SendByte
</UL>
<BR>[Called By]<UL><LI><a href="#[a0]">&gt;&gt;</a>&nbsp;&nbsp;&nbsp;CSaveAnn
<LI><a href="#[325]">&gt;&gt;</a>&nbsp;&nbsp;&nbsp;save_record
</UL>

<P><STRONG><a name="[7d]"></a>M25P80_Write_Bytes</STRONG> (Thumb, 118 bytes, Stack size 24 bytes, ssp.o(.text), UNUSED)
<BR><BR>[Calls]<UL><LI><a href="#[79]">&gt;&gt;</a>&nbsp;&nbsp;&nbsp;M25P80_Busy
<LI><a href="#[78]">&gt;&gt;</a>&nbsp;&nbsp;&nbsp;M25P80_WP_En
<LI><a href="#[77]">&gt;&gt;</a>&nbsp;&nbsp;&nbsp;M25P80_Write_En
<LI><a href="#[74]">&gt;&gt;</a>&nbsp;&nbsp;&nbsp;SPI_FLASH_SendByte
</UL>

<P><STRONG><a name="[7e]"></a>M25P80_Read_1Byte</STRONG> (Thumb, 110 bytes, Stack size 8 bytes, ssp.o(.text))
<BR><BR>[Stack]<UL><LI>Max Depth = 8<LI>Call Chain = M25P80_Read_1Byte
</UL>
<BR>[Calls]<UL><LI><a href="#[74]">&gt;&gt;</a>&nbsp;&nbsp;&nbsp;SPI_FLASH_SendByte
</UL>
<BR>[Called By]<UL><LI><a href="#[92]">&gt;&gt;</a>&nbsp;&nbsp;&nbsp;NoteData_Init
<LI><a href="#[90]">&gt;&gt;</a>&nbsp;&nbsp;&nbsp;AnnCounterInit
<LI><a href="#[324]">&gt;&gt;</a>&nbsp;&nbsp;&nbsp;init_record
</UL>

<P><STRONG><a name="[7f]"></a>M25P80_Read_Bytes</STRONG> (Thumb, 114 bytes, Stack size 24 bytes, ssp.o(.text), UNUSED)
<BR><BR>[Calls]<UL><LI><a href="#[79]">&gt;&gt;</a>&nbsp;&nbsp;&nbsp;M25P80_Busy
<LI><a href="#[74]">&gt;&gt;</a>&nbsp;&nbsp;&nbsp;SPI_FLASH_SendByte
</UL>

<P><STRONG><a name="[3de]"></a>SSPSend</STRONG> (Thumb, 108 bytes, Stack size 16 bytes, ssp.o(.text), UNUSED)

<P><STRONG><a name="[3df]"></a>SSPReceive</STRONG> (Thumb, 78 bytes, Stack size 12 bytes, ssp.o(.text), UNUSED)

<P><STRONG><a name="[80]"></a>M25P80_ReadFast_1Byte</STRONG> (Thumb, 94 bytes, Stack size 8 bytes, ssp.o(.text), UNUSED)
<BR><BR>[Calls]<UL><LI><a href="#[74]">&gt;&gt;</a>&nbsp;&nbsp;&nbsp;SPI_FLASH_SendByte
</UL>

<P><STRONG><a name="[c]"></a>SysTick_Handler</STRONG> (Thumb, 12 bytes, Stack size 0 bytes, delay.o(.text))
<BR>[Address Reference Count : 1]<UL><LI> startup_lpc17xx.o(RESET)
</UL>
<P><STRONG><a name="[3e0]"></a>delay1</STRONG> (Thumb, 2 bytes, Stack size 0 bytes, delay.o(.text), UNUSED)

<P><STRONG><a name="[82]"></a>DelayUs2x</STRONG> (Thumb, 12 bytes, Stack size 0 bytes, delay.o(.text), UNUSED)
<BR><BR>[Called By]<UL><LI><a href="#[81]">&gt;&gt;</a>&nbsp;&nbsp;&nbsp;Delay1Ms
</UL>

<P><STRONG><a name="[81]"></a>Delay1Ms</STRONG> (Thumb, 28 bytes, Stack size 4 bytes, delay.o(.text), UNUSED)
<BR><BR>[Calls]<UL><LI><a href="#[82]">&gt;&gt;</a>&nbsp;&nbsp;&nbsp;DelayUs2x
</UL>

<P><STRONG><a name="[8c]"></a>Wait_I2c_End</STRONG> (Thumb, 48 bytes, Stack size 0 bytes, i2c.o(.text))
<BR><BR>[Called By]<UL><LI><a href="#[8f]">&gt;&gt;</a>&nbsp;&nbsp;&nbsp;I2C_WriteNByte
<LI><a href="#[8e]">&gt;&gt;</a>&nbsp;&nbsp;&nbsp;I2C_ReadNByte
<LI><a href="#[8d]">&gt;&gt;</a>&nbsp;&nbsp;&nbsp;IRcvByte
<LI><a href="#[8b]">&gt;&gt;</a>&nbsp;&nbsp;&nbsp;ISendByte
</UL>

<P><STRONG><a name="[83]"></a>I2C0_Init</STRONG> (Thumb, 110 bytes, Stack size 8 bytes, i2c.o(.text))
<BR><BR>[Stack]<UL><LI>Max Depth = 16<LI>Call Chain = I2C0_Init &rArr; NVIC_SetPriority
</UL>
<BR>[Calls]<UL><LI><a href="#[84]">&gt;&gt;</a>&nbsp;&nbsp;&nbsp;NVIC_EnableIRQ
<LI><a href="#[85]">&gt;&gt;</a>&nbsp;&nbsp;&nbsp;NVIC_SetPriority
</UL>
<BR>[Called By]<UL><LI><a href="#[282]">&gt;&gt;</a>&nbsp;&nbsp;&nbsp;hardware_init
</UL>

<P><STRONG><a name="[86]"></a>i2c0_enable</STRONG> (Thumb, 18 bytes, Stack size 8 bytes, i2c.o(.text))
<BR><BR>[Stack]<UL><LI>Max Depth = 16<LI>Call Chain = i2c0_enable &rArr; NVIC_SetPriority
</UL>
<BR>[Calls]<UL><LI><a href="#[84]">&gt;&gt;</a>&nbsp;&nbsp;&nbsp;NVIC_EnableIRQ
<LI><a href="#[85]">&gt;&gt;</a>&nbsp;&nbsp;&nbsp;NVIC_SetPriority
</UL>
<BR>[Called By]<UL><LI><a href="#[d0]">&gt;&gt;</a>&nbsp;&nbsp;&nbsp;Eint_EnAll_Exuart
<LI><a href="#[72]">&gt;&gt;</a>&nbsp;&nbsp;&nbsp;Eint_En
</UL>

<P><STRONG><a name="[87]"></a>i2c0_disable</STRONG> (Thumb, 10 bytes, Stack size 8 bytes, i2c.o(.text))
<BR><BR>[Stack]<UL><LI>Max Depth = 8<LI>Call Chain = i2c0_disable
</UL>
<BR>[Calls]<UL><LI><a href="#[88]">&gt;&gt;</a>&nbsp;&nbsp;&nbsp;NVIC_DisableIRQ
</UL>
<BR>[Called By]<UL><LI><a href="#[cf]">&gt;&gt;</a>&nbsp;&nbsp;&nbsp;Eint_DisAll_Exuart
<LI><a href="#[6f]">&gt;&gt;</a>&nbsp;&nbsp;&nbsp;Eint_Dis
</UL>

<P><STRONG><a name="[89]"></a>I2CIntEnd</STRONG> (Thumb, 10 bytes, Stack size 8 bytes, i2c.o(.text), UNUSED)
<BR><BR>[Calls]<UL><LI><a href="#[88]">&gt;&gt;</a>&nbsp;&nbsp;&nbsp;NVIC_DisableIRQ
</UL>

<P><STRONG><a name="[8a]"></a>I2CIntStart</STRONG> (Thumb, 24 bytes, Stack size 8 bytes, i2c.o(.text), UNUSED)
<BR><BR>[Calls]<UL><LI><a href="#[84]">&gt;&gt;</a>&nbsp;&nbsp;&nbsp;NVIC_EnableIRQ
<LI><a href="#[85]">&gt;&gt;</a>&nbsp;&nbsp;&nbsp;NVIC_SetPriority
</UL>

<P><STRONG><a name="[8b]"></a>ISendByte</STRONG> (Thumb, 48 bytes, Stack size 12 bytes, i2c.o(.text), UNUSED)
<BR><BR>[Calls]<UL><LI><a href="#[8c]">&gt;&gt;</a>&nbsp;&nbsp;&nbsp;Wait_I2c_End
</UL>

<P><STRONG><a name="[8d]"></a>IRcvByte</STRONG> (Thumb, 50 bytes, Stack size 8 bytes, i2c.o(.text), UNUSED)
<BR><BR>[Calls]<UL><LI><a href="#[8c]">&gt;&gt;</a>&nbsp;&nbsp;&nbsp;Wait_I2c_End
</UL>

<P><STRONG><a name="[8e]"></a>I2C_ReadNByte</STRONG> (Thumb, 126 bytes, Stack size 20 bytes, i2c.o(.text))
<BR><BR>[Stack]<UL><LI>Max Depth = 20<LI>Call Chain = I2C_ReadNByte
</UL>
<BR>[Calls]<UL><LI><a href="#[8c]">&gt;&gt;</a>&nbsp;&nbsp;&nbsp;Wait_I2c_End
</UL>
<BR>[Called By]<UL><LI><a href="#[f6]">&gt;&gt;</a>&nbsp;&nbsp;&nbsp;PCF8563_INT_State
<LI><a href="#[f2]">&gt;&gt;</a>&nbsp;&nbsp;&nbsp;PCF8563_Get_TD
<LI><a href="#[f1]">&gt;&gt;</a>&nbsp;&nbsp;&nbsp;PCF8563_Set_TD
<LI><a href="#[ee]">&gt;&gt;</a>&nbsp;&nbsp;&nbsp;PCF8563_Read
</UL>

<P><STRONG><a name="[8f]"></a>I2C_WriteNByte</STRONG> (Thumb, 120 bytes, Stack size 20 bytes, i2c.o(.text))
<BR><BR>[Stack]<UL><LI>Max Depth = 20<LI>Call Chain = I2C_WriteNByte
</UL>
<BR>[Calls]<UL><LI><a href="#[8c]">&gt;&gt;</a>&nbsp;&nbsp;&nbsp;Wait_I2c_End
</UL>
<BR>[Called By]<UL><LI><a href="#[f6]">&gt;&gt;</a>&nbsp;&nbsp;&nbsp;PCF8563_INT_State
<LI><a href="#[f5]">&gt;&gt;</a>&nbsp;&nbsp;&nbsp;PCF8563_Set_Timer
<LI><a href="#[f4]">&gt;&gt;</a>&nbsp;&nbsp;&nbsp;PCF8563_Set_Alarm
<LI><a href="#[f3]">&gt;&gt;</a>&nbsp;&nbsp;&nbsp;PCF8563_Set_ClkOut
<LI><a href="#[f1]">&gt;&gt;</a>&nbsp;&nbsp;&nbsp;PCF8563_Set_TD
<LI><a href="#[f0]">&gt;&gt;</a>&nbsp;&nbsp;&nbsp;PCF8563_SS
<LI><a href="#[ed]">&gt;&gt;</a>&nbsp;&nbsp;&nbsp;PCF8563_Set
</UL>

<P><STRONG><a name="[17]"></a>I2C0_IRQHandler</STRONG> (Thumb, 572 bytes, Stack size 0 bytes, i2c.o(.text))
<BR>[Address Reference Count : 1]<UL><LI> startup_lpc17xx.o(RESET)
</UL>
<P><STRONG><a name="[9f]"></a>ClrData3</STRONG> (Thumb, 20 bytes, Stack size 0 bytes, uart.o(.text))
<BR><BR>[Called By]<UL><LI><a href="#[12]">&gt;&gt;</a>&nbsp;&nbsp;&nbsp;UART0_IRQHandler
</UL>

<P><STRONG><a name="[14e]"></a>clr_tp</STRONG> (Thumb, 8 bytes, Stack size 0 bytes, uart.o(.text))
<BR><BR>[Called By]<UL><LI><a href="#[14a]">&gt;&gt;</a>&nbsp;&nbsp;&nbsp;HandleInfo_Uart1
</UL>

<P><STRONG><a name="[161]"></a>GetCom1Data0</STRONG> (Thumb, 8 bytes, Stack size 0 bytes, uart.o(.text))
<BR><BR>[Called By]<UL><LI><a href="#[95]">&gt;&gt;</a>&nbsp;&nbsp;&nbsp;data_from_data0
<LI><a href="#[160]">&gt;&gt;</a>&nbsp;&nbsp;&nbsp;ReadHeart
</UL>

<P><STRONG><a name="[14d]"></a>ClrCom1Data0</STRONG> (Thumb, 20 bytes, Stack size 0 bytes, uart.o(.text))
<BR><BR>[Called By]<UL><LI><a href="#[14a]">&gt;&gt;</a>&nbsp;&nbsp;&nbsp;HandleInfo_Uart1
</UL>

<P><STRONG><a name="[91]"></a>lcd_printf</STRONG> (Thumb, 2 bytes, Stack size 0 bytes, uart.o(.text))
<BR><BR>[Called By]<UL><LI><a href="#[a4]">&gt;&gt;</a>&nbsp;&nbsp;&nbsp;UARTInit
<LI><a href="#[92]">&gt;&gt;</a>&nbsp;&nbsp;&nbsp;NoteData_Init
<LI><a href="#[90]">&gt;&gt;</a>&nbsp;&nbsp;&nbsp;AnnCounterInit
<LI><a href="#[28e]">&gt;&gt;</a>&nbsp;&nbsp;&nbsp;init_store
<LI><a href="#[261]">&gt;&gt;</a>&nbsp;&nbsp;&nbsp;SendHeart
<LI><a href="#[25e]">&gt;&gt;</a>&nbsp;&nbsp;&nbsp;DisplayKeyMenu
<LI><a href="#[24a]">&gt;&gt;</a>&nbsp;&nbsp;&nbsp;menu_alarm_fire
<LI><a href="#[244]">&gt;&gt;</a>&nbsp;&nbsp;&nbsp;add_alarmnums
<LI><a href="#[242]">&gt;&gt;</a>&nbsp;&nbsp;&nbsp;gethistory_show_pos
<LI><a href="#[229]">&gt;&gt;</a>&nbsp;&nbsp;&nbsp;query_hist_up
<LI><a href="#[220]">&gt;&gt;</a>&nbsp;&nbsp;&nbsp;Level2_Up
<LI><a href="#[1db]">&gt;&gt;</a>&nbsp;&nbsp;&nbsp;HZ_SHOW
<LI><a href="#[216]">&gt;&gt;</a>&nbsp;&nbsp;&nbsp;setup_menu_deal
<LI><a href="#[1fe]">&gt;&gt;</a>&nbsp;&nbsp;&nbsp;query_historyrecord_ok
<LI><a href="#[1ce]">&gt;&gt;</a>&nbsp;&nbsp;&nbsp;Set_Note_Flag
<LI><a href="#[188]">&gt;&gt;</a>&nbsp;&nbsp;&nbsp;Level32_Down
<LI><a href="#[17b]">&gt;&gt;</a>&nbsp;&nbsp;&nbsp;Level2_Down
<LI><a href="#[174]">&gt;&gt;</a>&nbsp;&nbsp;&nbsp;Main_Menu
<LI><a href="#[16d]">&gt;&gt;</a>&nbsp;&nbsp;&nbsp;Clr_Alarm
<LI><a href="#[169]">&gt;&gt;</a>&nbsp;&nbsp;&nbsp;Init_CirAddrInfo
<LI><a href="#[13f]">&gt;&gt;</a>&nbsp;&nbsp;&nbsp;set_menu_alarm_info
<LI><a href="#[153]">&gt;&gt;</a>&nbsp;&nbsp;&nbsp;check_response_atfire
<LI><a href="#[12f]">&gt;&gt;</a>&nbsp;&nbsp;&nbsp;CompInten_Menu
<LI><a href="#[14a]">&gt;&gt;</a>&nbsp;&nbsp;&nbsp;HandleInfo_Uart1
<LI><a href="#[145]">&gt;&gt;</a>&nbsp;&nbsp;&nbsp;normal_deal
<LI><a href="#[141]">&gt;&gt;</a>&nbsp;&nbsp;&nbsp;menu_fault_deal
<LI><a href="#[13b]">&gt;&gt;</a>&nbsp;&nbsp;&nbsp;menu_firealarm_face
<LI><a href="#[139]">&gt;&gt;</a>&nbsp;&nbsp;&nbsp;set_normalalarm_ciraddr
<LI><a href="#[12e]">&gt;&gt;</a>&nbsp;&nbsp;&nbsp;inquiry_signal_strength
<LI><a href="#[11f]">&gt;&gt;</a>&nbsp;&nbsp;&nbsp;comp_reg_deal
<LI><a href="#[115]">&gt;&gt;</a>&nbsp;&nbsp;&nbsp;printf_zone_comp_info
<LI><a href="#[386]">&gt;&gt;</a>&nbsp;&nbsp;&nbsp;state_loopld_printf
<LI><a href="#[381]">&gt;&gt;</a>&nbsp;&nbsp;&nbsp;printbuf
<LI><a href="#[34c]">&gt;&gt;</a>&nbsp;&nbsp;&nbsp;clr_firealarm
</UL>

<P><STRONG><a name="[90]"></a>AnnCounterInit</STRONG> (Thumb, 38 bytes, Stack size 8 bytes, uart.o(.text))
<BR><BR>[Stack]<UL><LI>Max Depth = 16<LI>Call Chain = AnnCounterInit &rArr; M25P80_Read_1Byte
</UL>
<BR>[Calls]<UL><LI><a href="#[91]">&gt;&gt;</a>&nbsp;&nbsp;&nbsp;lcd_printf
<LI><a href="#[7e]">&gt;&gt;</a>&nbsp;&nbsp;&nbsp;M25P80_Read_1Byte
</UL>
<BR>[Called By]<UL><LI><a href="#[1e0]">&gt;&gt;</a>&nbsp;&nbsp;&nbsp;init_flash_all
</UL>

<P><STRONG><a name="[92]"></a>NoteData_Init</STRONG> (Thumb, 108 bytes, Stack size 16 bytes, uart.o(.text))
<BR><BR>[Stack]<UL><LI>Max Depth = 24<LI>Call Chain = NoteData_Init &rArr; M25P80_Read_1Byte
</UL>
<BR>[Calls]<UL><LI><a href="#[91]">&gt;&gt;</a>&nbsp;&nbsp;&nbsp;lcd_printf
<LI><a href="#[7e]">&gt;&gt;</a>&nbsp;&nbsp;&nbsp;M25P80_Read_1Byte
</UL>
<BR>[Called By]<UL><LI><a href="#[1e0]">&gt;&gt;</a>&nbsp;&nbsp;&nbsp;init_flash_all
</UL>

<P><STRONG><a name="[2e8]"></a>GetCom0Ann</STRONG> (Thumb, 18 bytes, Stack size 0 bytes, uart.o(.text))
<BR><BR>[Called By]<UL><LI><a href="#[279]">&gt;&gt;</a>&nbsp;&nbsp;&nbsp;Annotate_Menu
<LI><a href="#[257]">&gt;&gt;</a>&nbsp;&nbsp;&nbsp;Breakdown
<LI><a href="#[24f]">&gt;&gt;</a>&nbsp;&nbsp;&nbsp;Alarm_Menu
<LI><a href="#[1fd]">&gt;&gt;</a>&nbsp;&nbsp;&nbsp;CompStat_Menu
<LI><a href="#[190]">&gt;&gt;</a>&nbsp;&nbsp;&nbsp;History_Menu
</UL>

<P><STRONG><a name="[93]"></a>SetConvertdataAll</STRONG> (Thumb, 64 bytes, Stack size 8 bytes, uart.o(.text))
<BR><BR>[Stack]<UL><LI>Max Depth = 8<LI>Call Chain = SetConvertdataAll
</UL>
<BR>[Calls]<UL><LI><a href="#[94]">&gt;&gt;</a>&nbsp;&nbsp;&nbsp;SetConvertdata
</UL>
<BR>[Called By]<UL><LI><a href="#[13]">&gt;&gt;</a>&nbsp;&nbsp;&nbsp;UART1_IRQHandler
</UL>

<P><STRONG><a name="[13]"></a>UART1_IRQHandler</STRONG> (Thumb, 148 bytes, Stack size 16 bytes, uart.o(.text))
<BR><BR>[Stack]<UL><LI>Max Depth = 88<LI>Call Chain = UART1_IRQHandler &rArr; CompareAddr &rArr; get_comp_psn3 &rArr; get_comp_info &rArr; get_array
</UL>
<BR>[Calls]<UL><LI><a href="#[95]">&gt;&gt;</a>&nbsp;&nbsp;&nbsp;data_from_data0
<LI><a href="#[98]">&gt;&gt;</a>&nbsp;&nbsp;&nbsp;UartBindSend
<LI><a href="#[97]">&gt;&gt;</a>&nbsp;&nbsp;&nbsp;GetComRegFlag
<LI><a href="#[9a]">&gt;&gt;</a>&nbsp;&nbsp;&nbsp;CompareAddr
<LI><a href="#[96]">&gt;&gt;</a>&nbsp;&nbsp;&nbsp;ClrHeartFaultFlag
<LI><a href="#[99]">&gt;&gt;</a>&nbsp;&nbsp;&nbsp;CGetIntenFlag
<LI><a href="#[93]">&gt;&gt;</a>&nbsp;&nbsp;&nbsp;SetConvertdataAll
</UL>
<BR>[Address Reference Count : 1]<UL><LI> startup_lpc17xx.o(RESET)
</UL>
<P><STRONG><a name="[3e1]"></a>GetAnnFlag</STRONG> (Thumb, 6 bytes, Stack size 0 bytes, uart.o(.text), UNUSED)

<P><STRONG><a name="[157]"></a>GetAnnRow</STRONG> (Thumb, 44 bytes, Stack size 8 bytes, uart.o(.text))
<BR><BR>[Stack]<UL><LI>Max Depth = 8<LI>Call Chain = GetAnnRow
</UL>
<BR>[Called By]<UL><LI><a href="#[279]">&gt;&gt;</a>&nbsp;&nbsp;&nbsp;Annotate_Menu
<LI><a href="#[257]">&gt;&gt;</a>&nbsp;&nbsp;&nbsp;Breakdown
<LI><a href="#[24f]">&gt;&gt;</a>&nbsp;&nbsp;&nbsp;Alarm_Menu
<LI><a href="#[1fd]">&gt;&gt;</a>&nbsp;&nbsp;&nbsp;CompStat_Menu
<LI><a href="#[190]">&gt;&gt;</a>&nbsp;&nbsp;&nbsp;History_Menu
<LI><a href="#[14a]">&gt;&gt;</a>&nbsp;&nbsp;&nbsp;HandleInfo_Uart1
</UL>

<P><STRONG><a name="[9b]"></a>recv_note_info</STRONG> (Thumb, 130 bytes, Stack size 8 bytes, uart.o(.text))
<BR><BR>[Stack]<UL><LI>Max Depth = 8<LI>Call Chain = recv_note_info
</UL>
<BR>[Calls]<UL><LI><a href="#[9c]">&gt;&gt;</a>&nbsp;&nbsp;&nbsp;Uart0SendByte
</UL>
<BR>[Called By]<UL><LI><a href="#[12]">&gt;&gt;</a>&nbsp;&nbsp;&nbsp;UART0_IRQHandler
</UL>

<P><STRONG><a name="[12]"></a>UART0_IRQHandler</STRONG> (Thumb, 76 bytes, Stack size 8 bytes, uart.o(.text))
<BR><BR>[Stack]<UL><LI>Max Depth = 16<LI>Call Chain = UART0_IRQHandler &rArr; recv_note_info
</UL>
<BR>[Calls]<UL><LI><a href="#[9e]">&gt;&gt;</a>&nbsp;&nbsp;&nbsp;SetFlag_195
<LI><a href="#[9d]">&gt;&gt;</a>&nbsp;&nbsp;&nbsp;Get_Note_Flag
<LI><a href="#[9b]">&gt;&gt;</a>&nbsp;&nbsp;&nbsp;recv_note_info
<LI><a href="#[9f]">&gt;&gt;</a>&nbsp;&nbsp;&nbsp;ClrData3
</UL>
<BR>[Address Reference Count : 1]<UL><LI> startup_lpc17xx.o(RESET)
</UL>
<P><STRONG><a name="[a0]"></a>CSaveAnn</STRONG> (Thumb, 68 bytes, Stack size 16 bytes, uart.o(.text))
<BR><BR>[Stack]<UL><LI>Max Depth = 44<LI>Call Chain = CSaveAnn &rArr; M25P80_Write_1Byte &rArr; M25P80_WP_En &rArr; M25P80_CMD1B_S1B
</UL>
<BR>[Calls]<UL><LI><a href="#[7c]">&gt;&gt;</a>&nbsp;&nbsp;&nbsp;M25P80_Write_1Byte
<LI><a href="#[7a]">&gt;&gt;</a>&nbsp;&nbsp;&nbsp;M25P80_Section_Erase
</UL>
<BR>[Called By]<UL><LI><a href="#[a1]">&gt;&gt;</a>&nbsp;&nbsp;&nbsp;HandleNote
</UL>

<P><STRONG><a name="[a1]"></a>HandleNote</STRONG> (Thumb, 370 bytes, Stack size 24 bytes, uart.o(.text))
<BR><BR>[Stack]<UL><LI>Max Depth = 144<LI>Call Chain = HandleNote &rArr; reset_ok &rArr; Menu_complete &rArr; DisplayJBHZK &rArr; SetColumn &rArr; SendCommandToLCD &rArr; CheckState &rArr; DATAout
</UL>
<BR>[Calls]<UL><LI><a href="#[a2]">&gt;&gt;</a>&nbsp;&nbsp;&nbsp;reset_ok
<LI><a href="#[a3]">&gt;&gt;</a>&nbsp;&nbsp;&nbsp;Clr_Note_Flag
<LI><a href="#[a0]">&gt;&gt;</a>&nbsp;&nbsp;&nbsp;CSaveAnn
</UL>
<BR>[Called By]<UL><LI><a href="#[6d]">&gt;&gt;</a>&nbsp;&nbsp;&nbsp;do_CRunCtrl
</UL>

<P><STRONG><a name="[a4]"></a>UARTInit</STRONG> (Thumb, 330 bytes, Stack size 24 bytes, uart.o(.text))
<BR><BR>[Stack]<UL><LI>Max Depth = 32<LI>Call Chain = UARTInit &rArr; NVIC_SetPriority
</UL>
<BR>[Calls]<UL><LI><a href="#[91]">&gt;&gt;</a>&nbsp;&nbsp;&nbsp;lcd_printf
<LI><a href="#[a5]">&gt;&gt;</a>&nbsp;&nbsp;&nbsp;NVIC_EnableIRQ
<LI><a href="#[a6]">&gt;&gt;</a>&nbsp;&nbsp;&nbsp;NVIC_SetPriority
</UL>
<BR>[Called By]<UL><LI><a href="#[282]">&gt;&gt;</a>&nbsp;&nbsp;&nbsp;hardware_init
</UL>

<P><STRONG><a name="[a7]"></a>UartIntEnd</STRONG> (Thumb, 16 bytes, Stack size 8 bytes, uart.o(.text), UNUSED)
<BR><BR>[Calls]<UL><LI><a href="#[a8]">&gt;&gt;</a>&nbsp;&nbsp;&nbsp;NVIC_DisableIRQ
</UL>

<P><STRONG><a name="[a9]"></a>UartIntStart</STRONG> (Thumb, 42 bytes, Stack size 8 bytes, uart.o(.text), UNUSED)
<BR><BR>[Calls]<UL><LI><a href="#[a5]">&gt;&gt;</a>&nbsp;&nbsp;&nbsp;NVIC_EnableIRQ
<LI><a href="#[a6]">&gt;&gt;</a>&nbsp;&nbsp;&nbsp;NVIC_SetPriority
</UL>

<P><STRONG><a name="[aa]"></a>uart_all_disable</STRONG> (Thumb, 16 bytes, Stack size 8 bytes, uart.o(.text))
<BR><BR>[Stack]<UL><LI>Max Depth = 8<LI>Call Chain = uart_all_disable
</UL>
<BR>[Calls]<UL><LI><a href="#[a8]">&gt;&gt;</a>&nbsp;&nbsp;&nbsp;NVIC_DisableIRQ
</UL>
<BR>[Called By]<UL><LI><a href="#[6f]">&gt;&gt;</a>&nbsp;&nbsp;&nbsp;Eint_Dis
</UL>

<P><STRONG><a name="[ab]"></a>uart_all_enable</STRONG> (Thumb, 42 bytes, Stack size 8 bytes, uart.o(.text))
<BR><BR>[Stack]<UL><LI>Max Depth = 16<LI>Call Chain = uart_all_enable &rArr; NVIC_SetPriority
</UL>
<BR>[Calls]<UL><LI><a href="#[a5]">&gt;&gt;</a>&nbsp;&nbsp;&nbsp;NVIC_EnableIRQ
<LI><a href="#[a6]">&gt;&gt;</a>&nbsp;&nbsp;&nbsp;NVIC_SetPriority
</UL>
<BR>[Called By]<UL><LI><a href="#[72]">&gt;&gt;</a>&nbsp;&nbsp;&nbsp;Eint_En
</UL>

<P><STRONG><a name="[112]"></a>UARTSend</STRONG> (Thumb, 40 bytes, Stack size 8 bytes, uart.o(.text))
<BR><BR>[Stack]<UL><LI>Max Depth = 8<LI>Call Chain = UARTSend
</UL>
<BR>[Called By]<UL><LI><a href="#[98]">&gt;&gt;</a>&nbsp;&nbsp;&nbsp;UartBindSend
<LI><a href="#[172]">&gt;&gt;</a>&nbsp;&nbsp;&nbsp;uart1_offsound_reponse_atfire
<LI><a href="#[171]">&gt;&gt;</a>&nbsp;&nbsp;&nbsp;uart1_stop_reponse_atfire
<LI><a href="#[146]">&gt;&gt;</a>&nbsp;&nbsp;&nbsp;Query_ByUart0
</UL>

<P><STRONG><a name="[ae]"></a>Uart1SendByte</STRONG> (Thumb, 18 bytes, Stack size 0 bytes, uart.o(.text), UNUSED)
<BR><BR>[Called By]<UL><LI><a href="#[ad]">&gt;&gt;</a>&nbsp;&nbsp;&nbsp;UART1_SendString
</UL>

<P><STRONG><a name="[ac]"></a>UART0_SendString</STRONG> (Thumb, 24 bytes, Stack size 8 bytes, uart.o(.text), UNUSED)
<BR><BR>[Calls]<UL><LI><a href="#[9c]">&gt;&gt;</a>&nbsp;&nbsp;&nbsp;Uart0SendByte
</UL>

<P><STRONG><a name="[ad]"></a>UART1_SendString</STRONG> (Thumb, 22 bytes, Stack size 4 bytes, uart.o(.text), UNUSED)
<BR><BR>[Calls]<UL><LI><a href="#[ae]">&gt;&gt;</a>&nbsp;&nbsp;&nbsp;Uart1SendByte
</UL>

<P><STRONG><a name="[b0]"></a>uart1GetByte</STRONG> (Thumb, 18 bytes, Stack size 0 bytes, uart.o(.text), UNUSED)
<BR><BR>[Called By]<UL><LI><a href="#[af]">&gt;&gt;</a>&nbsp;&nbsp;&nbsp;uart1GetStr
</UL>

<P><STRONG><a name="[b2]"></a>uart0GetByte</STRONG> (Thumb, 18 bytes, Stack size 0 bytes, uart.o(.text), UNUSED)
<BR><BR>[Called By]<UL><LI><a href="#[b1]">&gt;&gt;</a>&nbsp;&nbsp;&nbsp;uart0GetStr
</UL>

<P><STRONG><a name="[af]"></a>uart1GetStr</STRONG> (Thumb, 22 bytes, Stack size 4 bytes, uart.o(.text), UNUSED)
<BR><BR>[Calls]<UL><LI><a href="#[b0]">&gt;&gt;</a>&nbsp;&nbsp;&nbsp;uart1GetByte
</UL>

<P><STRONG><a name="[b1]"></a>uart0GetStr</STRONG> (Thumb, 22 bytes, Stack size 4 bytes, uart.o(.text), UNUSED)
<BR><BR>[Calls]<UL><LI><a href="#[b2]">&gt;&gt;</a>&nbsp;&nbsp;&nbsp;uart0GetByte
</UL>

<P><STRONG><a name="[b3]"></a>puts__</STRONG> (Thumb, 24 bytes, Stack size 8 bytes, uart.o(.text))
<BR><BR>[Stack]<UL><LI>Max Depth = 8<LI>Call Chain = puts__
</UL>
<BR>[Calls]<UL><LI><a href="#[9c]">&gt;&gt;</a>&nbsp;&nbsp;&nbsp;Uart0SendByte
</UL>
<BR>[Called By]<UL><LI><a href="#[6c]">&gt;&gt;</a>&nbsp;&nbsp;&nbsp;DebugOnce
</UL>

<P><STRONG><a name="[6c]"></a>DebugOnce</STRONG> (Thumb, 36 bytes, Stack size 152 bytes, uart.o(.text))
<BR><BR>[Stack]<UL><LI>Max Depth = 272 + Unknown Stack Size
<LI>Call Chain = DebugOnce &rArr; __c89vsprintf &rArr; _printf_char_common &rArr; __printf
</UL>
<BR>[Calls]<UL><LI><a href="#[b3]">&gt;&gt;</a>&nbsp;&nbsp;&nbsp;puts__
<LI><a href="#[b4]">&gt;&gt;</a>&nbsp;&nbsp;&nbsp;__c89vsprintf
</UL>
<BR>[Called By]<UL><LI><a href="#[64]">&gt;&gt;</a>&nbsp;&nbsp;&nbsp;main
<LI><a href="#[298]">&gt;&gt;</a>&nbsp;&nbsp;&nbsp;judge_3h_over
<LI><a href="#[14a]">&gt;&gt;</a>&nbsp;&nbsp;&nbsp;HandleInfo_Uart1
<LI><a href="#[2d0]">&gt;&gt;</a>&nbsp;&nbsp;&nbsp;menu_vh75_connect_fault
</UL>

<P><STRONG><a name="[283]"></a>GPIOinit</STRONG> (Thumb, 446 bytes, Stack size 0 bytes, gpioinit.o(.text))
<BR><BR>[Called By]<UL><LI><a href="#[282]">&gt;&gt;</a>&nbsp;&nbsp;&nbsp;hardware_init
</UL>

<P><STRONG><a name="[b5]"></a>timern_enable</STRONG> (Thumb, 90 bytes, Stack size 8 bytes, ctime.o(.text))
<BR><BR>[Stack]<UL><LI>Max Depth = 16<LI>Call Chain = timern_enable &rArr; NVIC_SetPriority
</UL>
<BR>[Calls]<UL><LI><a href="#[b6]">&gt;&gt;</a>&nbsp;&nbsp;&nbsp;NVIC_EnableIRQ
<LI><a href="#[b7]">&gt;&gt;</a>&nbsp;&nbsp;&nbsp;NVIC_SetPriority
</UL>
<BR>[Called By]<UL><LI><a href="#[d0]">&gt;&gt;</a>&nbsp;&nbsp;&nbsp;Eint_EnAll_Exuart
<LI><a href="#[72]">&gt;&gt;</a>&nbsp;&nbsp;&nbsp;Eint_En
<LI><a href="#[ba]">&gt;&gt;</a>&nbsp;&nbsp;&nbsp;init_timer
</UL>

<P><STRONG><a name="[b8]"></a>timern_disable</STRONG> (Thumb, 58 bytes, Stack size 8 bytes, ctime.o(.text))
<BR><BR>[Stack]<UL><LI>Max Depth = 8<LI>Call Chain = timern_disable
</UL>
<BR>[Calls]<UL><LI><a href="#[b9]">&gt;&gt;</a>&nbsp;&nbsp;&nbsp;NVIC_DisableIRQ
</UL>
<BR>[Called By]<UL><LI><a href="#[cf]">&gt;&gt;</a>&nbsp;&nbsp;&nbsp;Eint_DisAll_Exuart
<LI><a href="#[6f]">&gt;&gt;</a>&nbsp;&nbsp;&nbsp;Eint_Dis
</UL>

<P><STRONG><a name="[ba]"></a>init_timer</STRONG> (Thumb, 282 bytes, Stack size 16 bytes, ctime.o(.text))
<BR><BR>[Stack]<UL><LI>Max Depth = 32<LI>Call Chain = init_timer &rArr; timern_enable &rArr; NVIC_SetPriority
</UL>
<BR>[Calls]<UL><LI><a href="#[b5]">&gt;&gt;</a>&nbsp;&nbsp;&nbsp;timern_enable
</UL>
<BR>[Called By]<UL><LI><a href="#[282]">&gt;&gt;</a>&nbsp;&nbsp;&nbsp;hardware_init
</UL>

<P><STRONG><a name="[3e2]"></a>SetTimeTickCounter</STRONG> (Thumb, 6 bytes, Stack size 0 bytes, ctime.o(.text), UNUSED)

<P><STRONG><a name="[3e3]"></a>AddTimeTickCounter</STRONG> (Thumb, 12 bytes, Stack size 0 bytes, ctime.o(.text), UNUSED)

<P><STRONG><a name="[3e4]"></a>GetTimeTickCounter</STRONG> (Thumb, 6 bytes, Stack size 0 bytes, ctime.o(.text), UNUSED)

<P><STRONG><a name="[3e5]"></a>SetHeartTick</STRONG> (Thumb, 6 bytes, Stack size 0 bytes, ctime.o(.text), UNUSED)

<P><STRONG><a name="[3e6]"></a>AddHeartTick</STRONG> (Thumb, 12 bytes, Stack size 0 bytes, ctime.o(.text), UNUSED)

<P><STRONG><a name="[3e7]"></a>GetHeartTick</STRONG> (Thumb, 6 bytes, Stack size 0 bytes, ctime.o(.text), UNUSED)

<P><STRONG><a name="[3e8]"></a>AddSpeakerTick</STRONG> (Thumb, 12 bytes, Stack size 0 bytes, ctime.o(.text), UNUSED)

<P><STRONG><a name="[3e9]"></a>SetSpeakerTick</STRONG> (Thumb, 6 bytes, Stack size 0 bytes, ctime.o(.text), UNUSED)

<P><STRONG><a name="[3ea]"></a>GetSpeakerTick</STRONG> (Thumb, 6 bytes, Stack size 0 bytes, ctime.o(.text), UNUSED)

<P><STRONG><a name="[e]"></a>TIMER0_IRQHandler</STRONG> (Thumb, 24 bytes, Stack size 8 bytes, ctime.o(.text))
<BR><BR>[Stack]<UL><LI>Max Depth = 60<LI>Call Chain = TIMER0_IRQHandler &rArr; T0Int_CTimeCtrl &rArr; SetCommT0_CTimeCtrl &rArr; SaveComm_CTimeCtrl &rArr; SetData_CLpAnsCtrl
</UL>
<BR>[Calls]<UL><LI><a href="#[bb]">&gt;&gt;</a>&nbsp;&nbsp;&nbsp;T0Int_CTimeCtrl
<LI><a href="#[72]">&gt;&gt;</a>&nbsp;&nbsp;&nbsp;Eint_En
<LI><a href="#[6f]">&gt;&gt;</a>&nbsp;&nbsp;&nbsp;Eint_Dis
</UL>
<BR>[Address Reference Count : 1]<UL><LI> startup_lpc17xx.o(RESET)
</UL>
<P><STRONG><a name="[f]"></a>TIMER1_IRQHandler</STRONG> (Thumb, 22 bytes, Stack size 8 bytes, ctime.o(.text))
<BR><BR>[Stack]<UL><LI>Max Depth = 32<LI>Call Chain = TIMER1_IRQHandler &rArr; T1Int_CTimeCtrl &rArr; set_speark_ss_time
</UL>
<BR>[Calls]<UL><LI><a href="#[bc]">&gt;&gt;</a>&nbsp;&nbsp;&nbsp;T1Int_CTimeCtrl
<LI><a href="#[72]">&gt;&gt;</a>&nbsp;&nbsp;&nbsp;Eint_En
<LI><a href="#[6f]">&gt;&gt;</a>&nbsp;&nbsp;&nbsp;Eint_Dis
</UL>
<BR>[Address Reference Count : 1]<UL><LI> startup_lpc17xx.o(RESET)
</UL>
<P><STRONG><a name="[10]"></a>TIMER2_IRQHandler</STRONG> (Thumb, 14 bytes, Stack size 8 bytes, ctime.o(.text))
<BR><BR>[Stack]<UL><LI>Max Depth = 16<LI>Call Chain = TIMER2_IRQHandler &rArr; Scan_Key
</UL>
<BR>[Calls]<UL><LI><a href="#[bd]">&gt;&gt;</a>&nbsp;&nbsp;&nbsp;Scan_Key
</UL>
<BR>[Address Reference Count : 1]<UL><LI> startup_lpc17xx.o(RESET)
</UL>
<P><STRONG><a name="[3eb]"></a>vAddLedFlag</STRONG> (Thumb, 12 bytes, Stack size 0 bytes, ctime.o(.text), UNUSED)

<P><STRONG><a name="[c4]"></a>vClrLedFlag</STRONG> (Thumb, 8 bytes, Stack size 0 bytes, ctime.o(.text), UNUSED)
<BR><BR>[Called By]<UL><LI><a href="#[c0]">&gt;&gt;</a>&nbsp;&nbsp;&nbsp;CLedShow
</UL>

<P><STRONG><a name="[c1]"></a>vGetLedFlag</STRONG> (Thumb, 6 bytes, Stack size 0 bytes, ctime.o(.text), UNUSED)
<BR><BR>[Called By]<UL><LI><a href="#[c0]">&gt;&gt;</a>&nbsp;&nbsp;&nbsp;CLedShow
</UL>

<P><STRONG><a name="[2d9]"></a>vAddScreenMask</STRONG> (Thumb, 12 bytes, Stack size 0 bytes, ctime.o(.text))
<BR><BR>[Called By]<UL><LI><a href="#[bc]">&gt;&gt;</a>&nbsp;&nbsp;&nbsp;T1Int_CTimeCtrl
</UL>

<P><STRONG><a name="[291]"></a>vGetScreenMask</STRONG> (Thumb, 6 bytes, Stack size 0 bytes, ctime.o(.text))
<BR><BR>[Called By]<UL><LI><a href="#[290]">&gt;&gt;</a>&nbsp;&nbsp;&nbsp;deal_lcd
</UL>

<P><STRONG><a name="[bf]"></a>vClrScreenMask</STRONG> (Thumb, 8 bytes, Stack size 0 bytes, ctime.o(.text))
<BR><BR>[Called By]<UL><LI><a href="#[be]">&gt;&gt;</a>&nbsp;&nbsp;&nbsp;OffLcd
</UL>

<P><STRONG><a name="[be]"></a>OffLcd</STRONG> (Thumb, 30 bytes, Stack size 4 bytes, ctime.o(.text))
<BR><BR>[Stack]<UL><LI>Max Depth = 4<LI>Call Chain = OffLcd
</UL>
<BR>[Calls]<UL><LI><a href="#[bf]">&gt;&gt;</a>&nbsp;&nbsp;&nbsp;vClrScreenMask
</UL>
<BR>[Called By]<UL><LI><a href="#[290]">&gt;&gt;</a>&nbsp;&nbsp;&nbsp;deal_lcd
</UL>

<P><STRONG><a name="[f8]"></a>OnLCD</STRONG> (Thumb, 20 bytes, Stack size 0 bytes, ctime.o(.text))
<BR><BR>[Called By]<UL><LI><a href="#[bd]">&gt;&gt;</a>&nbsp;&nbsp;&nbsp;Scan_Key
<LI><a href="#[261]">&gt;&gt;</a>&nbsp;&nbsp;&nbsp;SendHeart
<LI><a href="#[14a]">&gt;&gt;</a>&nbsp;&nbsp;&nbsp;HandleInfo_Uart1
<LI><a href="#[12e]">&gt;&gt;</a>&nbsp;&nbsp;&nbsp;inquiry_signal_strength
<LI><a href="#[11f]">&gt;&gt;</a>&nbsp;&nbsp;&nbsp;comp_reg_deal
</UL>

<P><STRONG><a name="[3ec]"></a>enable_timer</STRONG> (Thumb, 48 bytes, Stack size 0 bytes, ctime.o(.text), UNUSED)

<P><STRONG><a name="[3ed]"></a>disable_timer</STRONG> (Thumb, 48 bytes, Stack size 0 bytes, ctime.o(.text), UNUSED)

<P><STRONG><a name="[3ee]"></a>reset_timer</STRONG> (Thumb, 66 bytes, Stack size 0 bytes, ctime.o(.text), UNUSED)

<P><STRONG><a name="[c0]"></a>CLedShow</STRONG> (Thumb, 34 bytes, Stack size 8 bytes, ctime.o(.text), UNUSED)
<BR><BR>[Calls]<UL><LI><a href="#[c2]">&gt;&gt;</a>&nbsp;&nbsp;&nbsp;Led_Wireless_On
<LI><a href="#[c3]">&gt;&gt;</a>&nbsp;&nbsp;&nbsp;Led_Wireless_Off
<LI><a href="#[c1]">&gt;&gt;</a>&nbsp;&nbsp;&nbsp;vGetLedFlag
<LI><a href="#[c4]">&gt;&gt;</a>&nbsp;&nbsp;&nbsp;vClrLedFlag
</UL>

<P><STRONG><a name="[293]"></a>CSpeakerPWM</STRONG> (Thumb, 2 bytes, Stack size 0 bytes, ctime.o(.text))
<BR><BR>[Called By]<UL><LI><a href="#[292]">&gt;&gt;</a>&nbsp;&nbsp;&nbsp;deal_speaker
</UL>

<P><STRONG><a name="[3ef]"></a>Get_CTime0Def</STRONG> (Thumb, 6 bytes, Stack size 0 bytes, ctimedef.o(.text), UNUSED)

<P><STRONG><a name="[3f0]"></a>Set_CTime0Def</STRONG> (Thumb, 16 bytes, Stack size 0 bytes, ctimedef.o(.text), UNUSED)

<P><STRONG><a name="[3f1]"></a>Sel_CTime0Def</STRONG> (Thumb, 14 bytes, Stack size 0 bytes, ctimedef.o(.text), UNUSED)

<P><STRONG><a name="[287]"></a>Get_Timer_100us</STRONG> (Thumb, 14 bytes, Stack size 0 bytes, ctimedef.o(.text))
<BR><BR>[Called By]<UL><LI><a href="#[282]">&gt;&gt;</a>&nbsp;&nbsp;&nbsp;hardware_init
</UL>

<P><STRONG><a name="[3f2]"></a>Get_Timer_200us</STRONG> (Thumb, 16 bytes, Stack size 0 bytes, ctimedef.o(.text), UNUSED)

<P><STRONG><a name="[3f3]"></a>Get_Timer_600us</STRONG> (Thumb, 20 bytes, Stack size 0 bytes, ctimedef.o(.text), UNUSED)

<P><STRONG><a name="[3f4]"></a>Get_Timer_2ms</STRONG> (Thumb, 20 bytes, Stack size 0 bytes, ctimedef.o(.text), UNUSED)

<P><STRONG><a name="[3f5]"></a>Get_Timer_5ms</STRONG> (Thumb, 18 bytes, Stack size 0 bytes, ctimedef.o(.text), UNUSED)

<P><STRONG><a name="[3f6]"></a>Get_Timer_8ms</STRONG> (Thumb, 20 bytes, Stack size 0 bytes, ctimedef.o(.text), UNUSED)

<P><STRONG><a name="[3f7]"></a>Get_Timer_10ms</STRONG> (Thumb, 18 bytes, Stack size 0 bytes, ctimedef.o(.text), UNUSED)

<P><STRONG><a name="[288]"></a>Get_Timer_20ms</STRONG> (Thumb, 18 bytes, Stack size 0 bytes, ctimedef.o(.text))
<BR><BR>[Called By]<UL><LI><a href="#[282]">&gt;&gt;</a>&nbsp;&nbsp;&nbsp;hardware_init
</UL>

<P><STRONG><a name="[3f8]"></a>AddTwoFallEdgeCounter</STRONG> (Thumb, 12 bytes, Stack size 0 bytes, ctimedef.o(.text), UNUSED)

<P><STRONG><a name="[3f9]"></a>ClrTwoFallEdgeCounter</STRONG> (Thumb, 8 bytes, Stack size 0 bytes, ctimedef.o(.text), UNUSED)

<P><STRONG><a name="[3fa]"></a>GetTwoFallEdgeCounter</STRONG> (Thumb, 6 bytes, Stack size 0 bytes, ctimedef.o(.text), UNUSED)

<P><STRONG><a name="[3fb]"></a>AddRisedgeCounter</STRONG> (Thumb, 12 bytes, Stack size 0 bytes, ctimedef.o(.text), UNUSED)

<P><STRONG><a name="[3fc]"></a>ClrRisedgeCounter</STRONG> (Thumb, 8 bytes, Stack size 0 bytes, ctimedef.o(.text), UNUSED)

<P><STRONG><a name="[3fd]"></a>GetRisedgeCounter</STRONG> (Thumb, 6 bytes, Stack size 0 bytes, ctimedef.o(.text), UNUSED)

<P><STRONG><a name="[3fe]"></a>AddWait2msCounter</STRONG> (Thumb, 12 bytes, Stack size 0 bytes, ctimedef.o(.text), UNUSED)

<P><STRONG><a name="[3ff]"></a>ClrWait2msCounter</STRONG> (Thumb, 8 bytes, Stack size 0 bytes, ctimedef.o(.text), UNUSED)

<P><STRONG><a name="[400]"></a>GetWait2msCounter</STRONG> (Thumb, 6 bytes, Stack size 0 bytes, ctimedef.o(.text), UNUSED)

<P><STRONG><a name="[401]"></a>Is2msArrived</STRONG> (Thumb, 16 bytes, Stack size 0 bytes, ctimedef.o(.text), UNUSED)

<P><STRONG><a name="[402]"></a>Enable2ms</STRONG> (Thumb, 8 bytes, Stack size 0 bytes, ctimedef.o(.text), UNUSED)

<P><STRONG><a name="[403]"></a>Disable2ms</STRONG> (Thumb, 8 bytes, Stack size 0 bytes, ctimedef.o(.text), UNUSED)

<P><STRONG><a name="[404]"></a>Get2msState</STRONG> (Thumb, 6 bytes, Stack size 0 bytes, ctimedef.o(.text), UNUSED)

<P><STRONG><a name="[405]"></a>Set2msArrived</STRONG> (Thumb, 16 bytes, Stack size 0 bytes, ctimedef.o(.text), UNUSED)

<P><STRONG><a name="[406]"></a>Get2msArrived</STRONG> (Thumb, 10 bytes, Stack size 0 bytes, ctimedef.o(.text), UNUSED)

<P><STRONG><a name="[407]"></a>Clr2msArrived</STRONG> (Thumb, 14 bytes, Stack size 0 bytes, ctimedef.o(.text), UNUSED)

<P><STRONG><a name="[408]"></a>beepReverse</STRONG> (Thumb, 46 bytes, Stack size 0 bytes, pwm.o(.text), UNUSED)

<P><STRONG><a name="[16]"></a>PWM1_IRQHandler</STRONG> (Thumb, 32 bytes, Stack size 0 bytes, pwm.o(.text))
<BR>[Address Reference Count : 1]<UL><LI> startup_lpc17xx.o(RESET)
</UL>
<P><STRONG><a name="[c5]"></a>PWM_Init</STRONG> (Thumb, 78 bytes, Stack size 8 bytes, pwm.o(.text))
<BR><BR>[Stack]<UL><LI>Max Depth = 8<LI>Call Chain = PWM_Init
</UL>
<BR>[Calls]<UL><LI><a href="#[c6]">&gt;&gt;</a>&nbsp;&nbsp;&nbsp;NVIC_EnableIRQ
</UL>
<BR>[Called By]<UL><LI><a href="#[282]">&gt;&gt;</a>&nbsp;&nbsp;&nbsp;hardware_init
</UL>

<P><STRONG><a name="[c7]"></a>pwm1_enable</STRONG> (Thumb, 10 bytes, Stack size 8 bytes, pwm.o(.text))
<BR><BR>[Stack]<UL><LI>Max Depth = 8<LI>Call Chain = pwm1_enable
</UL>
<BR>[Calls]<UL><LI><a href="#[c6]">&gt;&gt;</a>&nbsp;&nbsp;&nbsp;NVIC_EnableIRQ
</UL>
<BR>[Called By]<UL><LI><a href="#[d0]">&gt;&gt;</a>&nbsp;&nbsp;&nbsp;Eint_EnAll_Exuart
<LI><a href="#[72]">&gt;&gt;</a>&nbsp;&nbsp;&nbsp;Eint_En
</UL>

<P><STRONG><a name="[ce]"></a>pwm1_disable</STRONG> (Thumb, 18 bytes, Stack size 0 bytes, pwm.o(.text))
<BR><BR>[Called By]<UL><LI><a href="#[cf]">&gt;&gt;</a>&nbsp;&nbsp;&nbsp;Eint_DisAll_Exuart
<LI><a href="#[6f]">&gt;&gt;</a>&nbsp;&nbsp;&nbsp;Eint_Dis
</UL>

<P><STRONG><a name="[28b]"></a>PWM1_Set</STRONG> (Thumb, 18 bytes, Stack size 0 bytes, pwm.o(.text))
<BR><BR>[Called By]<UL><LI><a href="#[282]">&gt;&gt;</a>&nbsp;&nbsp;&nbsp;hardware_init
</UL>

<P><STRONG><a name="[202]"></a>PWM1_Start</STRONG> (Thumb, 14 bytes, Stack size 0 bytes, pwm.o(.text))
<BR><BR>[Called By]<UL><LI><a href="#[296]">&gt;&gt;</a>&nbsp;&nbsp;&nbsp;pwm1_test_start_stop
<LI><a href="#[255]">&gt;&gt;</a>&nbsp;&nbsp;&nbsp;menu_alarm_fault
<LI><a href="#[24a]">&gt;&gt;</a>&nbsp;&nbsp;&nbsp;menu_alarm_fire
<LI><a href="#[201]">&gt;&gt;</a>&nbsp;&nbsp;&nbsp;selftest_ok
<LI><a href="#[2ce]">&gt;&gt;</a>&nbsp;&nbsp;&nbsp;set_speark_ss_time
</UL>

<P><STRONG><a name="[2da]"></a>get_PWM1_Started</STRONG> (Thumb, 6 bytes, Stack size 0 bytes, pwm.o(.text))
<BR><BR>[Called By]<UL><LI><a href="#[bc]">&gt;&gt;</a>&nbsp;&nbsp;&nbsp;T1Int_CTimeCtrl
</UL>

<P><STRONG><a name="[203]"></a>set_PWM1_Started</STRONG> (Thumb, 8 bytes, Stack size 0 bytes, pwm.o(.text))
<BR><BR>[Called By]<UL><LI><a href="#[296]">&gt;&gt;</a>&nbsp;&nbsp;&nbsp;pwm1_test_start_stop
<LI><a href="#[255]">&gt;&gt;</a>&nbsp;&nbsp;&nbsp;menu_alarm_fault
<LI><a href="#[24a]">&gt;&gt;</a>&nbsp;&nbsp;&nbsp;menu_alarm_fire
<LI><a href="#[201]">&gt;&gt;</a>&nbsp;&nbsp;&nbsp;selftest_ok
</UL>

<P><STRONG><a name="[fd]"></a>clr_PWM1_Started</STRONG> (Thumb, 8 bytes, Stack size 0 bytes, pwm.o(.text))
<BR><BR>[Called By]<UL><LI><a href="#[fb]">&gt;&gt;</a>&nbsp;&nbsp;&nbsp;Get_KeyValue
<LI><a href="#[1ca]">&gt;&gt;</a>&nbsp;&nbsp;&nbsp;CLevel23_Return
</UL>

<P><STRONG><a name="[fc]"></a>PWM1_Stop</STRONG> (Thumb, 10 bytes, Stack size 0 bytes, pwm.o(.text))
<BR><BR>[Called By]<UL><LI><a href="#[fb]">&gt;&gt;</a>&nbsp;&nbsp;&nbsp;Get_KeyValue
<LI><a href="#[a2]">&gt;&gt;</a>&nbsp;&nbsp;&nbsp;reset_ok
<LI><a href="#[25e]">&gt;&gt;</a>&nbsp;&nbsp;&nbsp;DisplayKeyMenu
<LI><a href="#[1ca]">&gt;&gt;</a>&nbsp;&nbsp;&nbsp;CLevel23_Return
<LI><a href="#[2ce]">&gt;&gt;</a>&nbsp;&nbsp;&nbsp;set_speark_ss_time
</UL>

<P><STRONG><a name="[c8]"></a>extint3_enable</STRONG> (Thumb, 18 bytes, Stack size 8 bytes, extint.o(.text))
<BR><BR>[Stack]<UL><LI>Max Depth = 16<LI>Call Chain = extint3_enable &rArr; NVIC_SetPriority
</UL>
<BR>[Calls]<UL><LI><a href="#[c9]">&gt;&gt;</a>&nbsp;&nbsp;&nbsp;NVIC_EnableIRQ
<LI><a href="#[ca]">&gt;&gt;</a>&nbsp;&nbsp;&nbsp;NVIC_SetPriority
</UL>
<BR>[Called By]<UL><LI><a href="#[d0]">&gt;&gt;</a>&nbsp;&nbsp;&nbsp;Eint_EnAll_Exuart
<LI><a href="#[cd]">&gt;&gt;</a>&nbsp;&nbsp;&nbsp;Eint3_Init
<LI><a href="#[72]">&gt;&gt;</a>&nbsp;&nbsp;&nbsp;Eint_En
</UL>

<P><STRONG><a name="[cb]"></a>extint3_disable</STRONG> (Thumb, 10 bytes, Stack size 8 bytes, extint.o(.text))
<BR><BR>[Stack]<UL><LI>Max Depth = 8<LI>Call Chain = extint3_disable
</UL>
<BR>[Calls]<UL><LI><a href="#[cc]">&gt;&gt;</a>&nbsp;&nbsp;&nbsp;NVIC_DisableIRQ
</UL>
<BR>[Called By]<UL><LI><a href="#[cf]">&gt;&gt;</a>&nbsp;&nbsp;&nbsp;Eint_DisAll_Exuart
<LI><a href="#[6f]">&gt;&gt;</a>&nbsp;&nbsp;&nbsp;Eint_Dis
</UL>

<P><STRONG><a name="[cd]"></a>Eint3_Init</STRONG> (Thumb, 46 bytes, Stack size 8 bytes, extint.o(.text), UNUSED)
<BR><BR>[Calls]<UL><LI><a href="#[c8]">&gt;&gt;</a>&nbsp;&nbsp;&nbsp;extint3_enable
</UL>

<P><STRONG><a name="[6f]"></a>Eint_Dis</STRONG> (Thumb, 46 bytes, Stack size 8 bytes, extint.o(.text))
<BR><BR>[Stack]<UL><LI>Max Depth = 16<LI>Call Chain = Eint_Dis &rArr; extint3_disable
</UL>
<BR>[Calls]<UL><LI><a href="#[cb]">&gt;&gt;</a>&nbsp;&nbsp;&nbsp;extint3_disable
<LI><a href="#[ce]">&gt;&gt;</a>&nbsp;&nbsp;&nbsp;pwm1_disable
<LI><a href="#[b8]">&gt;&gt;</a>&nbsp;&nbsp;&nbsp;timern_disable
<LI><a href="#[aa]">&gt;&gt;</a>&nbsp;&nbsp;&nbsp;uart_all_disable
<LI><a href="#[87]">&gt;&gt;</a>&nbsp;&nbsp;&nbsp;i2c0_disable
</UL>
<BR>[Called By]<UL><LI><a href="#[20]">&gt;&gt;</a>&nbsp;&nbsp;&nbsp;EINT1_IRQHandler
<LI><a href="#[f]">&gt;&gt;</a>&nbsp;&nbsp;&nbsp;TIMER1_IRQHandler
<LI><a href="#[e]">&gt;&gt;</a>&nbsp;&nbsp;&nbsp;TIMER0_IRQHandler
<LI><a href="#[a2]">&gt;&gt;</a>&nbsp;&nbsp;&nbsp;reset_ok
<LI><a href="#[20a]">&gt;&gt;</a>&nbsp;&nbsp;&nbsp;save_basic_info
<LI><a href="#[6e]">&gt;&gt;</a>&nbsp;&nbsp;&nbsp;EndInt
</UL>

[...]
<BR><BR>[Called By]<UL><LI><a href="#[34]">&gt;&gt;</a>&nbsp;&nbsp;&nbsp;_get_lc_ctype
<LI><a href="#[5f]">&gt;&gt;</a>&nbsp;&nbsp;&nbsp;_get_lc_numeric
</UL>

<P><STRONG><a name="[3af]"></a>__rt_fp_status_addr</STRONG> (Thumb, 8 bytes, Stack size 0 bytes, rt_fp_status_addr_intlibspace.o(.text))
<BR><BR>[Called By]<UL><LI><a href="#[5a]">&gt;&gt;</a>&nbsp;&nbsp;&nbsp;_fp_init
</UL>

<P><STRONG><a name="[69]"></a>_sys_exit</STRONG> (Thumb, 8 bytes, Stack size 0 bytes, sys_exit.o(.text))
<BR><BR>[Called By]<UL><LI><a href="#[68]">&gt;&gt;</a>&nbsp;&nbsp;&nbsp;__rt_exit_exit
</UL>

<P><STRONG><a name="[39d]"></a>_btod_d2e</STRONG> (Thumb, 62 bytes, Stack size 0 bytes, btod.o(CL$$btod_d2e))
<BR><BR>[Calls]<UL><LI><a href="#[3a9]">&gt;&gt;</a>&nbsp;&nbsp;&nbsp;_d2e_norm_op1
</UL>
<BR>[Called By]<UL><LI><a href="#[39b]">&gt;&gt;</a>&nbsp;&nbsp;&nbsp;_fp_digits
</UL>

<P><STRONG><a name="[3aa]"></a>_d2e_denorm_low</STRONG> (Thumb, 70 bytes, Stack size 0 bytes, btod.o(CL$$btod_d2e_denorm_low))
<BR><BR>[Called By]<UL><LI><a href="#[3a9]">&gt;&gt;</a>&nbsp;&nbsp;&nbsp;_d2e_norm_op1
</UL>

<P><STRONG><a name="[3a9]"></a>_d2e_norm_op1</STRONG> (Thumb, 96 bytes, Stack size 0 bytes, btod.o(CL$$btod_d2e_norm_op1))
<BR><BR>[Calls]<UL><LI><a href="#[3aa]">&gt;&gt;</a>&nbsp;&nbsp;&nbsp;_d2e_denorm_low
</UL>
<BR>[Called By]<UL><LI><a href="#[39d]">&gt;&gt;</a>&nbsp;&nbsp;&nbsp;_btod_d2e
</UL>

<P><STRONG><a name="[3ab]"></a>__btod_div_common</STRONG> (Thumb, 696 bytes, Stack size 24 bytes, btod.o(CL$$btod_div_common))
<BR><BR>[Stack]<UL><LI>Max Depth = 24<LI>Call Chain = __btod_div_common
</UL>
<BR>[Called By]<UL><LI><a href="#[39e]">&gt;&gt;</a>&nbsp;&nbsp;&nbsp;_btod_ediv
</UL>

<P><STRONG><a name="[3ac]"></a>_e2e</STRONG> (Thumb, 198 bytes, Stack size 24 bytes, btod.o(CL$$btod_e2e))
<BR><BR>[Stack]<UL><LI>Max Depth = 24<LI>Call Chain = _e2e
</UL>
<BR>[Called By]<UL><LI><a href="#[39f]">&gt;&gt;</a>&nbsp;&nbsp;&nbsp;_btod_emul
<LI><a href="#[39e]">&gt;&gt;</a>&nbsp;&nbsp;&nbsp;_btod_ediv
</UL>

<P><STRONG><a name="[39e]"></a>_btod_ediv</STRONG> (Thumb, 40 bytes, Stack size 24 bytes, btod.o(CL$$btod_ediv))
<BR><BR>[Stack]<UL><LI>Max Depth = 48<LI>Call Chain = _btod_ediv &rArr; _e2e
</UL>
<BR>[Calls]<UL><LI><a href="#[3ac]">&gt;&gt;</a>&nbsp;&nbsp;&nbsp;_e2e
<LI><a href="#[3ab]">&gt;&gt;</a>&nbsp;&nbsp;&nbsp;__btod_div_common
</UL>
<BR>[Called By]<UL><LI><a href="#[39c]">&gt;&gt;</a>&nbsp;&nbsp;&nbsp;_btod_etento
<LI><a href="#[39b]">&gt;&gt;</a>&nbsp;&nbsp;&nbsp;_fp_digits
</UL>

<P><STRONG><a name="[39f]"></a>_btod_emul</STRONG> (Thumb, 40 bytes, Stack size 24 bytes, btod.o(CL$$btod_emul))
<BR><BR>[Stack]<UL><LI>Max Depth = 48<LI>Call Chain = _btod_emul &rArr; _e2e
</UL>
<BR>[Calls]<UL><LI><a href="#[3ad]">&gt;&gt;</a>&nbsp;&nbsp;&nbsp;__btod_mult_common
<LI><a href="#[3ac]">&gt;&gt;</a>&nbsp;&nbsp;&nbsp;_e2e
</UL>
<BR>[Called By]<UL><LI><a href="#[39c]">&gt;&gt;</a>&nbsp;&nbsp;&nbsp;_btod_etento
<LI><a href="#[39b]">&gt;&gt;</a>&nbsp;&nbsp;&nbsp;_fp_digits
</UL>

<P><STRONG><a name="[3ad]"></a>__btod_mult_common</STRONG> (Thumb, 580 bytes, Stack size 16 bytes, btod.o(CL$$btod_mult_common))
<BR><BR>[Stack]<UL><LI>Max Depth = 16<LI>Call Chain = __btod_mult_common
</UL>
<BR>[Called By]<UL><LI><a href="#[39f]">&gt;&gt;</a>&nbsp;&nbsp;&nbsp;_btod_emul
</UL>

<P><STRONG><a name="[3a1]"></a>__ARM_fpclassify</STRONG> (Thumb, 40 bytes, Stack size 0 bytes, fpclassify.o(i.__ARM_fpclassify))
<BR><BR>[Called By]<UL><LI><a href="#[3a0]">&gt;&gt;</a>&nbsp;&nbsp;&nbsp;_printf_fp_dec_real
</UL>

<P><STRONG><a name="[399]"></a>_is_digit</STRONG> (Thumb, 14 bytes, Stack size 0 bytes, __printf_wp.o(i._is_digit))
<BR><BR>[Called By]<UL><LI><a href="#[393]">&gt;&gt;</a>&nbsp;&nbsp;&nbsp;__printf
</UL>

<P><STRONG><a name="[5f]"></a>_get_lc_numeric</STRONG> (Thumb, 44 bytes, Stack size 8 bytes, lc_numeric_c.o(locale$$code))
<BR><BR>[Stack]<UL><LI>Max Depth = 8<LI>Call Chain = _get_lc_numeric
</UL>
<BR>[Calls]<UL><LI><a href="#[3ae]">&gt;&gt;</a>&nbsp;&nbsp;&nbsp;strcmp
</UL>
<BR>[Called By]<UL><LI><a href="#[5e]">&gt;&gt;</a>&nbsp;&nbsp;&nbsp;__rt_lib_init_lc_numeric_2
</UL>

<P><STRONG><a name="[34]"></a>_get_lc_ctype</STRONG> (Thumb, 44 bytes, Stack size 8 bytes, lc_ctype_c.o(locale$$code))
<BR><BR>[Stack]<UL><LI>Max Depth = 8<LI>Call Chain = _get_lc_ctype
</UL>
<BR>[Calls]<UL><LI><a href="#[3ae]">&gt;&gt;</a>&nbsp;&nbsp;&nbsp;strcmp
</UL>
<BR>[Called By]<UL><LI><a href="#[5d]">&gt;&gt;</a>&nbsp;&nbsp;&nbsp;__rt_lib_init_lc_ctype_2
</UL>
<BR>[Address Reference Count : 1]<UL><LI> rt_ctype_table.o(.text)
</UL>
<P><STRONG><a name="[5a]"></a>_fp_init</STRONG> (Thumb, 14 bytes, Stack size 8 bytes, fpinit.o(x$fpl$fpinit))
<BR><BR>[Stack]<UL><LI>Max Depth = 8<LI>Call Chain = _fp_init
</UL>
<BR>[Calls]<UL><LI><a href="#[3af]">&gt;&gt;</a>&nbsp;&nbsp;&nbsp;__rt_fp_status_addr
</UL>
<BR>[Called By]<UL><LI><a href="#[59]">&gt;&gt;</a>&nbsp;&nbsp;&nbsp;__rt_lib_init
</UL>

<P><STRONG><a name="[4a8]"></a>__fplib_config_pureend_doubles</STRONG> (Thumb, 0 bytes, Stack size unknown bytes, fpinit.o(x$fpl$fpinit), UNUSED)

<P><STRONG><a name="[3e]"></a>_printf_fp_dec</STRONG> (Thumb, 4 bytes, Stack size 0 bytes, printf1.o(x$fpl$printf1))
<BR><BR>[Stack]<UL><LI>Max Depth = 320<LI>Call Chain = _printf_fp_dec &rArr; _printf_fp_dec_real &rArr; _fp_digits &rArr; _btod_etento &rArr; _btod_emul &rArr; _e2e
</UL>
<BR>[Calls]<UL><LI><a href="#[3a0]">&gt;&gt;</a>&nbsp;&nbsp;&nbsp;_printf_fp_dec_real
</UL>
<BR>[Called By]<UL><LI><a href="#[40]">&gt;&gt;</a>&nbsp;&nbsp;&nbsp;_printf_g
<LI><a href="#[3f]">&gt;&gt;</a>&nbsp;&nbsp;&nbsp;_printf_e
<LI><a href="#[3d]">&gt;&gt;</a>&nbsp;&nbsp;&nbsp;_printf_f
</UL>
<P>
<H3>
Local Symbols
</H3>
<P><STRONG><a name="[85]"></a>NVIC_SetPriority</STRONG> (Thumb, 32 bytes, Stack size 8 bytes, i2c.o(.text))
<BR><BR>[Stack]<UL><LI>Max Depth = 8<LI>Call Chain = NVIC_SetPriority
</UL>
<BR>[Called By]<UL><LI><a href="#[8a]">&gt;&gt;</a>&nbsp;&nbsp;&nbsp;I2CIntStart
<LI><a href="#[86]">&gt;&gt;</a>&nbsp;&nbsp;&nbsp;i2c0_enable
<LI><a href="#[83]">&gt;&gt;</a>&nbsp;&nbsp;&nbsp;I2C0_Init
</UL>

<P><STRONG><a name="[84]"></a>NVIC_EnableIRQ</STRONG> (Thumb, 24 bytes, Stack size 0 bytes, i2c.o(.text))
<BR><BR>[Called By]<UL><LI><a href="#[8a]">&gt;&gt;</a>&nbsp;&nbsp;&nbsp;I2CIntStart
<LI><a href="#[86]">&gt;&gt;</a>&nbsp;&nbsp;&nbsp;i2c0_enable
<LI><a href="#[83]">&gt;&gt;</a>&nbsp;&nbsp;&nbsp;I2C0_Init
</UL>

<P><STRONG><a name="[88]"></a>NVIC_DisableIRQ</STRONG> (Thumb, 18 bytes, Stack size 0 bytes, i2c.o(.text))
<BR><BR>[Called By]<UL><LI><a href="#[89]">&gt;&gt;</a>&nbsp;&nbsp;&nbsp;I2CIntEnd
<LI><a href="#[87]">&gt;&gt;</a>&nbsp;&nbsp;&nbsp;i2c0_disable
</UL>

<P><STRONG><a name="[a6]"></a>NVIC_SetPriority</STRONG> (Thumb, 32 bytes, Stack size 8 bytes, uart.o(.text))
<BR><BR>[Stack]<UL><LI>Max Depth = 8<LI>Call Chain = NVIC_SetPriority
</UL>
<BR>[Called By]<UL><LI><a href="#[ab]">&gt;&gt;</a>&nbsp;&nbsp;&nbsp;uart_all_enable
<LI><a href="#[a9]">&gt;&gt;</a>&nbsp;&nbsp;&nbsp;UartIntStart
<LI><a href="#[a4]">&gt;&gt;</a>&nbsp;&nbsp;&nbsp;UARTInit
</UL>

<P><STRONG><a name="[9c]"></a>Uart0SendByte</STRONG> (Thumb, 48 bytes, Stack size 0 bytes, uart.o(.text))
<BR><BR>[Called By]<UL><LI><a href="#[b3]">&gt;&gt;</a>&nbsp;&nbsp;&nbsp;puts__
<LI><a href="#[ac]">&gt;&gt;</a>&nbsp;&nbsp;&nbsp;UART0_SendString
<LI><a href="#[9b]">&gt;&gt;</a>&nbsp;&nbsp;&nbsp;recv_note_info
</UL>

<P><STRONG><a name="[a5]"></a>NVIC_EnableIRQ</STRONG> (Thumb, 24 bytes, Stack size 0 bytes, uart.o(.text))
<BR><BR>[Called By]<UL><LI><a href="#[ab]">&gt;&gt;</a>&nbsp;&nbsp;&nbsp;uart_all_enable
<LI><a href="#[a9]">&gt;&gt;</a>&nbsp;&nbsp;&nbsp;UartIntStart
<LI><a href="#[a4]">&gt;&gt;</a>&nbsp;&nbsp;&nbsp;UARTInit
</UL>

<P><STRONG><a name="[a8]"></a>NVIC_DisableIRQ</STRONG> (Thumb, 18 bytes, Stack size 0 bytes, uart.o(.text))
<BR><BR>[Called By]<UL><LI><a href="#[aa]">&gt;&gt;</a>&nbsp;&nbsp;&nbsp;uart_all_disable
<LI><a href="#[a7]">&gt;&gt;</a>&nbsp;&nbsp;&nbsp;UartIntEnd
</UL>

<P><STRONG><a name="[b7]"></a>NVIC_SetPriority</STRONG> (Thumb, 32 bytes, Stack size 8 bytes, ctime.o(.text))
<BR><BR>[Stack]<UL><LI>Max Depth = 8<LI>Call Chain = NVIC_SetPriority
</UL>
<BR>[Called By]<UL><LI><a href="#[b5]">&gt;&gt;</a>&nbsp;&nbsp;&nbsp;timern_enable
</UL>

<P><STRONG><a name="[b6]"></a>NVIC_EnableIRQ</STRONG> (Thumb, 24 bytes, Stack size 0 bytes, ctime.o(.text))
<BR><BR>[Called By]<UL><LI><a href="#[b5]">&gt;&gt;</a>&nbsp;&nbsp;&nbsp;timern_enable
</UL>

<P><STRONG><a name="[b9]"></a>NVIC_DisableIRQ</STRONG> (Thumb, 18 bytes, Stack size 0 bytes, ctime.o(.text))
<BR><BR>[Called By]<UL><LI><a href="#[b8]">&gt;&gt;</a>&nbsp;&nbsp;&nbsp;timern_disable
</UL>

<P><STRONG><a name="[c6]"></a>NVIC_EnableIRQ</STRONG> (Thumb, 24 bytes, Stack size 0 bytes, pwm.o(.text))
<BR><BR>[Called By]<UL><LI><a href="#[c7]">&gt;&gt;</a>&nbsp;&nbsp;&nbsp;pwm1_enable
<LI><a href="#[c5]">&gt;&gt;</a>&nbsp;&nbsp;&nbsp;PWM_Init
</UL>

<P><STRONG><a name="[ca]"></a>NVIC_SetPriority</STRONG> (Thumb, 32 bytes, Stack size 8 bytes, extint.o(.text))
<BR><BR>[Stack]<UL><LI>Max Depth = 8<LI>Call Chain = NVIC_SetPriority
</UL>
<BR>[Called By]<UL><LI><a href="#[d1]">&gt;&gt;</a>&nbsp;&nbsp;&nbsp;extint1_enable
<LI><a href="#[c8]">&gt;&gt;</a>&nbsp;&nbsp;&nbsp;extint3_enable
</UL>

<P><STRONG><a name="[c9]"></a>NVIC_EnableIRQ</STRONG> (Thumb, 24 bytes, Stack size 0 bytes, extint.o(.text))
<BR><BR>[Called By]<UL><LI><a href="#[d1]">&gt;&gt;</a>&nbsp;&nbsp;&nbsp;extint1_enable
<LI><a href="#[c8]">&gt;&gt;</a>&nbsp;&nbsp;&nbsp;extint3_enable
</UL>

<P><STRONG><a name="[cc]"></a>NVIC_DisableIRQ</STRONG> (Thumb, 18 bytes, Stack size 0 bytes, extint.o(.text))
<BR><BR>[Called By]<UL><LI><a href="#[d2]">&gt;&gt;</a>&nbsp;&nbsp;&nbsp;extint1_disable
<LI><a href="#[cb]">&gt;&gt;</a>&nbsp;&nbsp;&nbsp;extint3_disable
</UL>

<P><STRONG><a name="[31e]"></a>get_array</STRONG> (Thumb, 94 bytes, Stack size 16 bytes, cflashparam.o(.text))
<BR><BR>[Stack]<UL><LI>Max Depth = 16<LI>Call Chain = get_array
</UL>
<BR>[Called By]<UL><LI><a href="#[154]">&gt;&gt;</a>&nbsp;&nbsp;&nbsp;get_mask_info
<LI><a href="#[341]">&gt;&gt;</a>&nbsp;&nbsp;&nbsp;get_alarm_firstalarm
<LI><a href="#[329]">&gt;&gt;</a>&nbsp;&nbsp;&nbsp;get_basic_info
<LI><a href="#[379]">&gt;&gt;</a>&nbsp;&nbsp;&nbsp;get_histnum_info
<LI><a href="#[33f]">&gt;&gt;</a>&nbsp;&nbsp;&nbsp;get_alarm_info
<LI><a href="#[32b]">&gt;&gt;</a>&nbsp;&nbsp;&nbsp;get_comp_info
<LI><a href="#[31d]">&gt;&gt;</a>&nbsp;&nbsp;&nbsp;get_hist_info
<LI><a href="#[2e5]">&gt;&gt;</a>&nbsp;&nbsp;&nbsp;get_nodenums
<LI><a href="#[2e6]">&gt;&gt;</a>&nbsp;&nbsp;&nbsp;get_node_info
</UL>

<P><STRONG><a name="[31d]"></a>get_hist_info</STRONG> (Thumb, 30 bytes, Stack size 16 bytes, cflashparam.o(.text))
<BR><BR>[Stack]<UL><LI>Max Depth = 32<LI>Call Chain = get_hist_info &rArr; get_array
</UL>
<BR>[Calls]<UL><LI><a href="#[31e]">&gt;&gt;</a>&nbsp;&nbsp;&nbsp;get_array
</UL>
<BR>[Called By]<UL><LI><a href="#[377]">&gt;&gt;</a>&nbsp;&nbsp;&nbsp;get_hist_datetime
<LI><a href="#[376]">&gt;&gt;</a>&nbsp;&nbsp;&nbsp;get_hist_lastnum
<LI><a href="#[375]">&gt;&gt;</a>&nbsp;&nbsp;&nbsp;get_hist_devtype
<LI><a href="#[374]">&gt;&gt;</a>&nbsp;&nbsp;&nbsp;get_hist_opstype
<LI><a href="#[373]">&gt;&gt;</a>&nbsp;&nbsp;&nbsp;get_hist_vAnnRow
<LI><a href="#[372]">&gt;&gt;</a>&nbsp;&nbsp;&nbsp;get_hist_circleaddr
<LI><a href="#[371]">&gt;&gt;</a>&nbsp;&nbsp;&nbsp;get_hist_part
<LI><a href="#[370]">&gt;&gt;</a>&nbsp;&nbsp;&nbsp;get_hist_inzone
<LI><a href="#[36f]">&gt;&gt;</a>&nbsp;&nbsp;&nbsp;get_hist_order
<LI><a href="#[31f]">&gt;&gt;</a>&nbsp;&nbsp;&nbsp;get_hist_attr
</UL>

<P><STRONG><a name="[324]"></a>init_record</STRONG> (Thumb, 342 bytes, Stack size 24 bytes, cflashparam.o(.text))
<BR><BR>[Stack]<UL><LI>Max Depth = 32<LI>Call Chain = init_record &rArr; M25P80_Read_1Byte
</UL>
<BR>[Calls]<UL><LI><a href="#[7e]">&gt;&gt;</a>&nbsp;&nbsp;&nbsp;M25P80_Read_1Byte
</UL>
<BR>[Called By]<UL><LI><a href="#[37f]">&gt;&gt;</a>&nbsp;&nbsp;&nbsp;init_histsufix_info
<LI><a href="#[37d]">&gt;&gt;</a>&nbsp;&nbsp;&nbsp;init_histnums_info
<LI><a href="#[36a]">&gt;&gt;</a>&nbsp;&nbsp;&nbsp;init_hist_info
<LI><a href="#[368]">&gt;&gt;</a>&nbsp;&nbsp;&nbsp;init_nodenums_info
<LI><a href="#[353]">&gt;&gt;</a>&nbsp;&nbsp;&nbsp;init_node_info
<LI><a href="#[33c]">&gt;&gt;</a>&nbsp;&nbsp;&nbsp;init_alarm_info
<LI><a href="#[33b]">&gt;&gt;</a>&nbsp;&nbsp;&nbsp;init_mask_info
<LI><a href="#[32f]">&gt;&gt;</a>&nbsp;&nbsp;&nbsp;init_comp_info
<LI><a href="#[326]">&gt;&gt;</a>&nbsp;&nbsp;&nbsp;init_basic_info
</UL>

<P><STRONG><a name="[325]"></a>save_record</STRONG> (Thumb, 324 bytes, Stack size 24 bytes, cflashparam.o(.text))
<BR><BR>[Stack]<UL><LI>Max Depth = 52<LI>Call Chain = save_record &rArr; M25P80_Write_1Byte &rArr; M25P80_WP_En &rArr; M25P80_CMD1B_S1B
</UL>
<BR>[Calls]<UL><LI><a href="#[7c]">&gt;&gt;</a>&nbsp;&nbsp;&nbsp;M25P80_Write_1Byte
<LI><a href="#[7a]">&gt;&gt;</a>&nbsp;&nbsp;&nbsp;M25P80_Section_Erase
<LI><a href="#[110]">&gt;&gt;</a>&nbsp;&nbsp;&nbsp;check_lp_running
</UL>
<BR>[Called By]<UL><LI><a href="#[20a]">&gt;&gt;</a>&nbsp;&nbsp;&nbsp;save_basic_info
<LI><a href="#[12c]">&gt;&gt;</a>&nbsp;&nbsp;&nbsp;save_mask_info
<LI><a href="#[12b]">&gt;&gt;</a>&nbsp;&nbsp;&nbsp;save_comp_info
<LI><a href="#[37b]">&gt;&gt;</a>&nbsp;&nbsp;&nbsp;save_histnums_info
<LI><a href="#[36b]">&gt;&gt;</a>&nbsp;&nbsp;&nbsp;save_hist_info
<LI><a href="#[365]">&gt;&gt;</a>&nbsp;&nbsp;&nbsp;save_nodenums_info
<LI><a href="#[354]">&gt;&gt;</a>&nbsp;&nbsp;&nbsp;save_node_info
<LI><a href="#[33d]">&gt;&gt;</a>&nbsp;&nbsp;&nbsp;save_alarm_info
</UL>

<P><STRONG><a name="[34d]"></a>clr_record</STRONG> (Thumb, 90 bytes, Stack size 16 bytes, cflashparam.o(.text))
<BR><BR>[Stack]<UL><LI>Max Depth = 16<LI>Call Chain = clr_record
</UL>
<BR>[Called By]<UL><LI><a href="#[1d4]">&gt;&gt;</a>&nbsp;&nbsp;&nbsp;clr_alarm_allinfo
</UL>

<P><STRONG><a name="[328]"></a>set_array</STRONG> (Thumb, 88 bytes, Stack size 20 bytes, cflashparam.o(.text))
<BR><BR>[Stack]<UL><LI>Max Depth = 20<LI>Call Chain = set_array
</UL>
<BR>[Called By]<UL><LI><a href="#[128]">&gt;&gt;</a>&nbsp;&nbsp;&nbsp;set_mask_info
<LI><a href="#[36d]">&gt;&gt;</a>&nbsp;&nbsp;&nbsp;set_hist_info
<LI><a href="#[366]">&gt;&gt;</a>&nbsp;&nbsp;&nbsp;set_nodenums
<LI><a href="#[355]">&gt;&gt;</a>&nbsp;&nbsp;&nbsp;set_node_info
<LI><a href="#[327]">&gt;&gt;</a>&nbsp;&nbsp;&nbsp;set_basic_info
<LI><a href="#[378]">&gt;&gt;</a>&nbsp;&nbsp;&nbsp;set_histnum_info
<LI><a href="#[33e]">&gt;&gt;</a>&nbsp;&nbsp;&nbsp;set_alarm_info
<LI><a href="#[330]">&gt;&gt;</a>&nbsp;&nbsp;&nbsp;set_comp_info
</UL>

<P><STRONG><a name="[32b]"></a>get_comp_info</STRONG> (Thumb, 20 bytes, Stack size 16 bytes, cflashparam.o(.text))
<BR><BR>[Stack]<UL><LI>Max Depth = 32<LI>Call Chain = get_comp_info &rArr; get_array
</UL>
<BR>[Calls]<UL><LI><a href="#[31e]">&gt;&gt;</a>&nbsp;&nbsp;&nbsp;get_array
</UL>
<BR>[Called By]<UL><LI><a href="#[11e]">&gt;&gt;</a>&nbsp;&nbsp;&nbsp;get_comp_psn3
<LI><a href="#[11d]">&gt;&gt;</a>&nbsp;&nbsp;&nbsp;get_comp_psn2
<LI><a href="#[11c]">&gt;&gt;</a>&nbsp;&nbsp;&nbsp;get_comp_psn1
<LI><a href="#[11b]">&gt;&gt;</a>&nbsp;&nbsp;&nbsp;get_comp_psn0
<LI><a href="#[114]">&gt;&gt;</a>&nbsp;&nbsp;&nbsp;get_comp_partnumber
<LI><a href="#[116]">&gt;&gt;</a>&nbsp;&nbsp;&nbsp;get_comp_inzone
<LI><a href="#[156]">&gt;&gt;</a>&nbsp;&nbsp;&nbsp;get_comp_devtype
<LI><a href="#[155]">&gt;&gt;</a>&nbsp;&nbsp;&nbsp;get_comp_ciraddr
</UL>

<P><STRONG><a name="[330]"></a>set_comp_info</STRONG> (Thumb, 24 bytes, Stack size 16 bytes, cflashparam.o(.text))
<BR><BR>[Stack]<UL><LI>Max Depth = 36<LI>Call Chain = set_comp_info &rArr; set_array
</UL>
<BR>[Calls]<UL><LI><a href="#[328]">&gt;&gt;</a>&nbsp;&nbsp;&nbsp;set_array
</UL>
<BR>[Called By]<UL><LI><a href="#[338]">&gt;&gt;</a>&nbsp;&nbsp;&nbsp;set_comp_devtype
<LI><a href="#[337]">&gt;&gt;</a>&nbsp;&nbsp;&nbsp;set_comp_psn3
<LI><a href="#[336]">&gt;&gt;</a>&nbsp;&nbsp;&nbsp;set_comp_psn2
<LI><a href="#[335]">&gt;&gt;</a>&nbsp;&nbsp;&nbsp;set_comp_psn1
<LI><a href="#[334]">&gt;&gt;</a>&nbsp;&nbsp;&nbsp;set_comp_psn0
<LI><a href="#[333]">&gt;&gt;</a>&nbsp;&nbsp;&nbsp;set_comp_ciraddr
<LI><a href="#[332]">&gt;&gt;</a>&nbsp;&nbsp;&nbsp;set_comp_partnumber
<LI><a href="#[331]">&gt;&gt;</a>&nbsp;&nbsp;&nbsp;set_comp_inzone
</UL>

<P><STRONG><a name="[33e]"></a>set_alarm_info</STRONG> (Thumb, 24 bytes, Stack size 16 bytes, cflashparam.o(.text))
<BR><BR>[Stack]<UL><LI>Max Depth = 36<LI>Call Chain = set_alarm_info &rArr; set_array
</UL>
<BR>[Calls]<UL><LI><a href="#[328]">&gt;&gt;</a>&nbsp;&nbsp;&nbsp;set_array
</UL>
<BR>[Called By]<UL><LI><a href="#[149]">&gt;&gt;</a>&nbsp;&nbsp;&nbsp;set_alarm_attr
<LI><a href="#[34a]">&gt;&gt;</a>&nbsp;&nbsp;&nbsp;set_alarm_allinfo
<LI><a href="#[349]">&gt;&gt;</a>&nbsp;&nbsp;&nbsp;set_alarm_f_recvmess3h
<LI><a href="#[348]">&gt;&gt;</a>&nbsp;&nbsp;&nbsp;set_alarm_firstalarm
<LI><a href="#[347]">&gt;&gt;</a>&nbsp;&nbsp;&nbsp;set_alarm_alarmed
<LI><a href="#[346]">&gt;&gt;</a>&nbsp;&nbsp;&nbsp;set_alarm_type
<LI><a href="#[345]">&gt;&gt;</a>&nbsp;&nbsp;&nbsp;set_alarm_alarmsum
<LI><a href="#[344]">&gt;&gt;</a>&nbsp;&nbsp;&nbsp;set_alarm_ciraddr
<LI><a href="#[343]">&gt;&gt;</a>&nbsp;&nbsp;&nbsp;set_alarm_part
<LI><a href="#[342]">&gt;&gt;</a>&nbsp;&nbsp;&nbsp;set_alarm_inzone
</UL>

<P><STRONG><a name="[33f]"></a>get_alarm_info</STRONG> (Thumb, 38 bytes, Stack size 16 bytes, cflashparam.o(.text))
<BR><BR>[Stack]<UL><LI>Max Depth = 32<LI>Call Chain = get_alarm_info &rArr; get_array
</UL>
<BR>[Calls]<UL><LI><a href="#[31e]">&gt;&gt;</a>&nbsp;&nbsp;&nbsp;get_array
</UL>
<BR>[Called By]<UL><LI><a href="#[24e]">&gt;&gt;</a>&nbsp;&nbsp;&nbsp;get_alarm_first_part
<LI><a href="#[254]">&gt;&gt;</a>&nbsp;&nbsp;&nbsp;get_alarm_allinfo
<LI><a href="#[148]">&gt;&gt;</a>&nbsp;&nbsp;&nbsp;get_alarm_attr
<LI><a href="#[350]">&gt;&gt;</a>&nbsp;&nbsp;&nbsp;get_alarm_f_recvmess3h
<LI><a href="#[34f]">&gt;&gt;</a>&nbsp;&nbsp;&nbsp;get_alarm_type
<LI><a href="#[34e]">&gt;&gt;</a>&nbsp;&nbsp;&nbsp;get_alarm_part
<LI><a href="#[34b]">&gt;&gt;</a>&nbsp;&nbsp;&nbsp;get_alarm_ciraddr
<LI><a href="#[340]">&gt;&gt;</a>&nbsp;&nbsp;&nbsp;get_alarm_alarmed
</UL>

<P><STRONG><a name="[378]"></a>set_histnum_info</STRONG> (Thumb, 22 bytes, Stack size 16 bytes, cflashparam.o(.text))
<BR><BR>[Stack]<UL><LI>Max Depth = 36<LI>Call Chain = set_histnum_info &rArr; set_array
</UL>
<BR>[Calls]<UL><LI><a href="#[328]">&gt;&gt;</a>&nbsp;&nbsp;&nbsp;set_array
</UL>
<BR>[Called By]<UL><LI><a href="#[37c]">&gt;&gt;</a>&nbsp;&nbsp;&nbsp;set_histnum_full
<LI><a href="#[37b]">&gt;&gt;</a>&nbsp;&nbsp;&nbsp;save_histnums_info
</UL>

<P><STRONG><a name="[379]"></a>get_histnum_info</STRONG> (Thumb, 18 bytes, Stack size 8 bytes, cflashparam.o(.text))
<BR><BR>[Stack]<UL><LI>Max Depth = 24<LI>Call Chain = get_histnum_info &rArr; get_array
</UL>
<BR>[Calls]<UL><LI><a href="#[31e]">&gt;&gt;</a>&nbsp;&nbsp;&nbsp;get_array
</UL>
<BR>[Called By]<UL><LI><a href="#[37d]">&gt;&gt;</a>&nbsp;&nbsp;&nbsp;init_histnums_info
<LI><a href="#[37a]">&gt;&gt;</a>&nbsp;&nbsp;&nbsp;judge_histnums_full
</UL>

<P><STRONG><a name="[33]"></a>_printf_input_char</STRONG> (Thumb, 10 bytes, Stack size 0 bytes, _printf_char_common.o(.text))
<BR>[Address Reference Count : 1]<UL><LI> _printf_char_common.o(.text)
</UL>
<P><STRONG><a name="[39b]"></a>_fp_digits</STRONG> (Thumb, 428 bytes, Stack size 96 bytes, _printf_fp_dec.o(.text))
<BR><BR>[Stack]<UL><LI>Max Depth = 216<LI>Call Chain = _fp_digits &rArr; _btod_etento &rArr; _btod_emul &rArr; _e2e
</UL>
<BR>[Calls]<UL><LI><a href="#[39f]">&gt;&gt;</a>&nbsp;&nbsp;&nbsp;_btod_emul
<LI><a href="#[39e]">&gt;&gt;</a>&nbsp;&nbsp;&nbsp;_btod_ediv
<LI><a href="#[39d]">&gt;&gt;</a>&nbsp;&nbsp;&nbsp;_btod_d2e
<LI><a href="#[39c]">&gt;&gt;</a>&nbsp;&nbsp;&nbsp;_btod_etento
<LI><a href="#[396]">&gt;&gt;</a>&nbsp;&nbsp;&nbsp;_ll_udiv10
</UL>
<BR>[Called By]<UL><LI><a href="#[3a0]">&gt;&gt;</a>&nbsp;&nbsp;&nbsp;_printf_fp_dec_real
</UL>
<P>
<H3>
Undefined Global Symbols
</H3><HR></body></html>
