<html>
<body>
<pre>
<h1>µVision Build Log</h1>
<h2>Project:</h2>
E:\139\gasproject_LPC1768_V1.7\Project\usb_disk_test.uvproj
Project File Date:  04/15/2014

<h2>Output:</h2>
Build target 'usb_disk_test'
creating preprocessor file for CTime.c...
compiling CTime.c...
creating preprocessor file for CRunCtrl.c...
compiling CRunCtrl.c...
creating preprocessor file for CTimeCtrl.c...
compiling CTimeCtrl.c...
linking...
Program Size: Code=62094 RO-data=265650 RW-data=3104 ZI-data=28200  
FromELF: creating hex file...
".\output\139W.axf" - 0 Error(s), 0 Warning(s).
Build target 'usb_disk_test'
creating preprocessor file for uart.c...
compiling uart.c...
creating preprocessor file for CTime.c...
compiling CTime.c...
creating preprocessor file for key.c...
compiling key.c...
creating preprocessor file for CComHandle.c...
compiling CComHandle.c...
creating preprocessor file for CComPara.c...
compiling CComPara.c...
creating preprocessor file for CAddressCount.c...
compiling CAddressCount.c...
creating preprocessor file for CTaskReturn.c...
compiling CTaskReturn.c...
creating preprocessor file for CTaskSure.c...
compiling CTaskSure.c...
creating preprocessor file for runfunction.c...
compiling runfunction.c...
creating preprocessor file for tasklist.c...
compiling tasklist.c...
creating preprocessor file for CRunCtrl.c...
compiling CRunCtrl.c...
creating preprocessor file for CTimeCtrl.c...
compiling CTimeCtrl.c...
creating preprocessor file for CCompStat.c...
compiling CCompStat.c...
linking...
Program Size: Code=62114 RO-data=265650 RW-data=3104 ZI-data=28200  
FromELF: creating hex file...
".\output\139W.axf" - 0 Error(s), 0 Warning(s).
Build target 'usb_disk_test'
creating preprocessor file for uart.c...
compiling uart.c...
creating preprocessor file for CTime.c...
compiling CTime.c...
creating preprocessor file for key.c...
compiling key.c...
creating preprocessor file for CComHandle.c...
compiling CComHandle.c...
creating preprocessor file for CComPara.c...
compiling CComPara.c...
creating preprocessor file for CAddressCount.c...
compiling CAddressCount.c...
creating preprocessor file for CTaskReturn.c...
compiling CTaskReturn.c...
creating preprocessor file for CTaskSure.c...
compiling CTaskSure.c...
creating preprocessor file for runfunction.c...
compiling runfunction.c...
creating preprocessor file for tasklist.c...
compiling tasklist.c...
creating preprocessor file for CRunCtrl.c...
compiling CRunCtrl.c...
creating preprocessor file for CCompStat.c...
compiling CCompStat.c...
linking...
Program Size: Code=62114 RO-data=265650 RW-data=3104 ZI-data=28200  
FromELF: creating hex file...
".\output\139W.axf" - 0 Error(s), 0 Warning(s).
Build target 'usb_disk_test'
creating preprocessor file for CComHandle.c...
compiling CComHandle.c...
creating preprocessor file for runfunction.c...
compiling runfunction.c...
linking...
Program Size: Code=62126 RO-data=265650 RW-data=3104 ZI-data=28200  
FromELF: creating hex file...
".\output\139W.axf" - 0 Error(s), 0 Warning(s).
Build target 'usb_disk_test'
linking...
Program Size: Code=62126 RO-data=265650 RW-data=3104 ZI-data=28200  
FromELF: creating hex file...
".\output\139W.axf" - 0 Error(s), 0 Warning(s).
Load "E:\\139\\gasproject_LPC1768_V1.7\\Project\\output\\139W.AXF" 
Load "E:\\139\\gasproject_LPC1768_V1.7\\Project\\output\\139W.AXF" 
* JLink Info: Device "LPC1768" selected (512 KB flash, 32 KB RAM).
Set JLink Project File to "E:\139\gasproject_LPC1768_V1.7\Project\JLinkSettings.ini"
 
JLink info:
------------
DLL: V4.74a, compiled Jul 23 2013 08:47:58
Firmware: J-Link ARM V8 compiled Jul 17 2013 11:24:15
Hardware: V8.00
S/N : 99999994 
Feature(s) : RDI,FlashDL,FlashBP,JFlash,GDBFULL 
 
* JLink Info: TotalIRLen = 4, IRPrint = 0x01
* JLink Info: Found Cortex-M3 r2p0, Little endian.
* JLink Info: TPIU fitted.
* JLink Info: ETM fitted.
* JLink Info: FPUnit: 6 code (BP) slots and 2 literal slots
ROMTableAddr = 0xE00FF003
* JLink Info: Found Cortex-M3 r2p0, Little endian.
* JLink Info: TPIU fitted.
* JLink Info: ETM fitted.
* JLink Info: FPUnit: 6 code (BP) slots and 2 literal slots
 
Target info:
------------
Device: LPC1768
VTarget = 3.300V
State of Pins: 
TCK: 1, TDI: 0, TDO: 1, TMS: 0, TRES: 1, TRST: 1
Hardware-Breakpoints: 6
Software-Breakpoints: 8192
Watchpoints:          4
JTAG speed: 2000 kHz
 
Erase Done.
Programming Done.
Verify OK.
* JLink Info: Found Cortex-M3 r2p0, Little endian.
* JLink Info: TPIU fitted.
* JLink Info: ETM fitted.
* JLink Info: FPUnit: 6 code (BP) slots and 2 literal slots
Application running ...
Build target 'usb_disk_test'
creating preprocessor file for main.c...
compiling main.c...
creating preprocessor file for Delay.c...
compiling Delay.c...
creating preprocessor file for i2c.c...
compiling i2c.c...
creating preprocessor file for uart.c...
compiling uart.c...
creating preprocessor file for CTime.c...
compiling CTime.c...
creating preprocessor file for PWM.c...
compiling PWM.c...
creating preprocessor file for extint.c...
compiling extint.c...
creating preprocessor file for pcf8563.c...
compiling pcf8563.c...
creating preprocessor file for key.c...
compiling key.c...
creating preprocessor file for CRelay.c...
compiling CRelay.c...
creating preprocessor file for CComHandle.c...
compiling CComHandle.c...
creating preprocessor file for CComPara.c...
compiling CComPara.c...
creating preprocessor file for CComAnn.c...
compiling CComAnn.c...
creating preprocessor file for CAddressCount.c...
compiling CAddressCount.c...
creating preprocessor file for CSendTo195.c...
compiling CSendTo195.c...
creating preprocessor file for CGetGrap.c...
compiling CGetGrap.c...
creating preprocessor file for CTaskDown.c...
compiling CTaskDown.c...
creating preprocessor file for CTaskReturn.c...
compiling CTaskReturn.c...
creating preprocessor file for CTaskSure.c...
compiling CTaskSure.c...
creating preprocessor file for CTaskUp.c...
compiling CTaskUp.c...
creating preprocessor file for runfunction.c...
compiling runfunction.c...
creating preprocessor file for tasklist.c...
compiling tasklist.c...
creating preprocessor file for SysCtrl.c...
compiling SysCtrl.c...
creating preprocessor file for CRunCtrl.c...
compiling CRunCtrl.c...
creating preprocessor file for CTimeCtrl.c...
compiling CTimeCtrl.c...
creating preprocessor file for store_addr.c...
compiling store_addr.c...
creating preprocessor file for alarmenu.c...
compiling alarmenu.c...
creating preprocessor file for batteryLow.c...
compiling batteryLow.c...
creating preprocessor file for breakdown.c...
compiling breakdown.c...
creating preprocessor file for CAnnotate.c...
compiling CAnnotate.c...
creating preprocessor file for CCompInten.c...
compiling CCompInten.c...
creating preprocessor file for CCompReg.c...
compiling CCompReg.c...
creating preprocessor file for CCompStat.c...
compiling CCompStat.c...
creating preprocessor file for checkmenu.c...
compiling checkmenu.c...
creating preprocessor file for CHistoryList.c...
compiling CHistoryList.c...
creating preprocessor file for CLocalSet.c...
compiling CLocalSet.c...
creating preprocessor file for CModelFault.c...
compiling CModelFault.c...
creating preprocessor file for CSysCheck.c...
compiling CSysCheck.c...
creating preprocessor file for CSysReset.c...
compiling CSysReset.c...
creating preprocessor file for mainmenu.c...
compiling mainmenu.c...
creating preprocessor file for setmenu.c...
compiling setmenu.c...
creating preprocessor file for startmenu.c...
compiling startmenu.c...
creating preprocessor file for testmenu.c...
compiling testmenu.c...
creating preprocessor file for CFlashParam.c...
compiling CFlashParam.c...
..\src\common\CFlashParam.c(913): error:  #165: too few arguments in function call
..\src\common\CFlashParam.c(914): warning:  #940-D: missing return statement at end of non-void function "get_comp_reged"
..\src\common\CFlashParam.c(917): error:  #165: too few arguments in function call
..\src\common\CFlashParam.c(918): warning:  #940-D: missing return statement at end of non-void function "get_comp_recvmesat3h"
creating preprocessor file for CIntStEnd.c...
compiling CIntStEnd.c...
creating preprocessor file for CSetCurrent.c...
compiling CSetCurrent.c...
creating preprocessor file for CSpeaker.c...
compiling CSpeaker.c...
creating preprocessor file for CTimerTask.c...
compiling CTimerTask.c...
Target not created
Build target 'usb_disk_test'
compiling CFlashParam.c...
..\src\common\CFlashParam.c(913): error:  #165: too few arguments in function call
..\src\common\CFlashParam.c(914): warning:  #940-D: missing return statement at end of non-void function "get_comp_reged"
..\src\common\CFlashParam.c(917): error:  #165: too few arguments in function call
..\src\common\CFlashParam.c(918): warning:  #940-D: missing return statement at end of non-void function "get_comp_recvmesat3h"
Target not created
Build target 'usb_disk_test'
creating preprocessor file for CFlashParam.c...
compiling CFlashParam.c...
linking...
Program Size: Code=62238 RO-data=265650 RW-data=3096 ZI-data=28320  
FromELF: creating hex file...
".\output\139W.axf" - 0 Error(s), 0 Warning(s).
Build target 'usb_disk_test'
creating preprocessor file for main.c...
compiling main.c...
creating preprocessor file for Delay.c...
compiling Delay.c...
creating preprocessor file for i2c.c...
compiling i2c.c...
creating preprocessor file for uart.c...
compiling uart.c...
creating preprocessor file for CTime.c...
compiling CTime.c...
creating preprocessor file for PWM.c...
compiling PWM.c...
creating preprocessor file for extint.c...
compiling extint.c...
creating preprocessor file for pcf8563.c...
compiling pcf8563.c...
creating preprocessor file for key.c...
compiling key.c...
creating preprocessor file for CRelay.c...
compiling CRelay.c...
creating preprocessor file for CComHandle.c...
compiling CComHandle.c...
creating preprocessor file for CComPara.c...
compiling CComPara.c...
creating preprocessor file for CComAnn.c...
compiling CComAnn.c...
creating preprocessor file for CAddressCount.c...
compiling CAddressCount.c...
creating preprocessor file for CSendTo195.c...
compiling CSendTo195.c...
creating preprocessor file for CGetGrap.c...
compiling CGetGrap.c...
creating preprocessor file for CTaskDown.c...
compiling CTaskDown.c...
creating preprocessor file for CTaskReturn.c...
compiling CTaskReturn.c...
creating preprocessor file for CTaskSure.c...
compiling CTaskSure.c...
creating preprocessor file for CTaskUp.c...
compiling CTaskUp.c...
creating preprocessor file for runfunction.c...
compiling runfunction.c...
creating preprocessor file for tasklist.c...
compiling tasklist.c...
creating preprocessor file for SysCtrl.c...
compiling SysCtrl.c...
creating preprocessor file for CRunCtrl.c...
compiling CRunCtrl.c...
creating preprocessor file for CTimeCtrl.c...
compiling CTimeCtrl.c...
creating preprocessor file for store_addr.c...
compiling store_addr.c...
creating preprocessor file for alarmenu.c...
compiling alarmenu.c...
creating preprocessor file for batteryLow.c...
compiling batteryLow.c...
creating preprocessor file for breakdown.c...
compiling breakdown.c...
creating preprocessor file for CAnnotate.c...
compiling CAnnotate.c...
creating preprocessor file for CCompInten.c...
compiling CCompInten.c...
creating preprocessor file for CCompReg.c...
compiling CCompReg.c...
creating preprocessor file for CCompStat.c...
compiling CCompStat.c...
creating preprocessor file for checkmenu.c...
compiling checkmenu.c...
creating preprocessor file for CHistoryList.c...
compiling CHistoryList.c...
creating preprocessor file for CLocalSet.c...
compiling CLocalSet.c...
creating preprocessor file for CModelFault.c...
compiling CModelFault.c...
creating preprocessor file for CSysCheck.c...
compiling CSysCheck.c...
creating preprocessor file for CSysReset.c...
compiling CSysReset.c...
creating preprocessor file for mainmenu.c...
compiling mainmenu.c...
creating preprocessor file for setmenu.c...
compiling setmenu.c...
creating preprocessor file for startmenu.c...
compiling startmenu.c...
creating preprocessor file for testmenu.c...
compiling testmenu.c...
creating preprocessor file for CFlashParam.c...
compiling CFlashParam.c...
creating preprocessor file for CIntStEnd.c...
compiling CIntStEnd.c...
creating preprocessor file for CSetCurrent.c...
compiling CSetCurrent.c...
creating preprocessor file for CSpeaker.c...
compiling CSpeaker.c...
creating preprocessor file for CTimerTask.c...
compiling CTimerTask.c...
linking...
Program Size: Code=62126 RO-data=265650 RW-data=3104 ZI-data=28200  
FromELF: creating hex file...
".\output\139W.axf" - 0 Error(s), 0 Warning(s).
Build target 'usb_disk_test'
creating preprocessor file for main.c...
compiling main.c...
creating preprocessor file for Delay.c...
compiling Delay.c...
creating preprocessor file for i2c.c...
compiling i2c.c...
creating preprocessor file for uart.c...
compiling uart.c...
creating preprocessor file for CTime.c...
compiling CTime.c...
creating preprocessor file for PWM.c...
compiling PWM.c...
creating preprocessor file for extint.c...
compiling extint.c...
creating preprocessor file for pcf8563.c...
compiling pcf8563.c...
creating preprocessor file for key.c...
compiling key.c...
creating preprocessor file for CRelay.c...
compiling CRelay.c...
creating preprocessor file for CComHandle.c...
compiling CComHandle.c...
creating preprocessor file for CComPara.c...
compiling CComPara.c...
creating preprocessor file for CComAnn.c...
compiling CComAnn.c...
creating preprocessor file for CAddressCount.c...
compiling CAddressCount.c...
creating preprocessor file for CSendTo195.c...
compiling CSendTo195.c...
creating preprocessor file for CGetGrap.c...
compiling CGetGrap.c...
creating preprocessor file for CTaskDown.c...
compiling CTaskDown.c...
creating preprocessor file for CTaskReturn.c...
compiling CTaskReturn.c...
creating preprocessor file for CTaskSure.c...
compiling CTaskSure.c...
creating preprocessor file for CTaskUp.c...
compiling CTaskUp.c...
creating preprocessor file for runfunction.c...
compiling runfunction.c...
creating preprocessor file for tasklist.c...
compiling tasklist.c...
creating preprocessor file for SysCtrl.c...
compiling SysCtrl.c...
creating preprocessor file for CRunCtrl.c...
compiling CRunCtrl.c...
creating preprocessor file for CTimeCtrl.c...
compiling CTimeCtrl.c...
creating preprocessor file for store_addr.c...
compiling store_addr.c...
creating preprocessor file for alarmenu.c...
compiling alarmenu.c...
creating preprocessor file for batteryLow.c...
compiling batteryLow.c...
creating preprocessor file for breakdown.c...
compiling breakdown.c...
creating preprocessor file for CAnnotate.c...
compiling CAnnotate.c...
creating preprocessor file for CCompInten.c...
compiling CCompInten.c...
creating preprocessor file for CCompReg.c...
compiling CCompReg.c...
creating preprocessor file for CCompStat.c...
compiling CCompStat.c...
creating preprocessor file for checkmenu.c...
compiling checkmenu.c...
creating preprocessor file for CHistoryList.c...
compiling CHistoryList.c...
creating preprocessor file for CLocalSet.c...
compiling CLocalSet.c...
creating preprocessor file for CModelFault.c...
compiling CModelFault.c...
creating preprocessor file for CSysCheck.c...
compiling CSysCheck.c...
creating preprocessor file for CSysReset.c...
compiling CSysReset.c...
creating preprocessor file for mainmenu.c...
compiling mainmenu.c...
creating preprocessor file for setmenu.c...
compiling setmenu.c...
creating preprocessor file for startmenu.c...
compiling startmenu.c...
creating preprocessor file for testmenu.c...
compiling testmenu.c...
creating preprocessor file for CFlashParam.c...
compiling CFlashParam.c...
..\src\common\CFlashParam.c(1050): error:  #165: too few arguments in function call
..\src\common\CFlashParam.c(1050): error:  #120: return value type does not match the function type
..\src\common\CFlashParam.c(1102): error:  #247: function "get_alarm_f_recvmess3h" has already been defined
creating preprocessor file for CIntStEnd.c...
compiling CIntStEnd.c...
creating preprocessor file for CSetCurrent.c...
compiling CSetCurrent.c...
creating preprocessor file for CSpeaker.c...
compiling CSpeaker.c...
creating preprocessor file for CTimerTask.c...
compiling CTimerTask.c...
Target not created
Build target 'usb_disk_test'
creating preprocessor file for main.c...
compiling main.c...
creating preprocessor file for Delay.c...
compiling Delay.c...
creating preprocessor file for i2c.c...
compiling i2c.c...
creating preprocessor file for uart.c...
compiling uart.c...
creating preprocessor file for CTime.c...
compiling CTime.c...
creating preprocessor file for PWM.c...
compiling PWM.c...
creating preprocessor file for extint.c...
compiling extint.c...
creating preprocessor file for pcf8563.c...
compiling pcf8563.c...
creating preprocessor file for key.c...
compiling key.c...
creating preprocessor file for CRelay.c...
compiling CRelay.c...
creating preprocessor file for CComHandle.c...
compiling CComHandle.c...
creating preprocessor file for CComPara.c...
compiling CComPara.c...
creating preprocessor file for CComAnn.c...
compiling CComAnn.c...
creating preprocessor file for CAddressCount.c...
compiling CAddressCount.c...
creating preprocessor file for CSendTo195.c...
compiling CSendTo195.c...
creating preprocessor file for CGetGrap.c...
compiling CGetGrap.c...
creating preprocessor file for CTaskDown.c...
compiling CTaskDown.c...
creating preprocessor file for CTaskReturn.c...
compiling CTaskReturn.c...
creating preprocessor file for CTaskSure.c...
compiling CTaskSure.c...
creating preprocessor file for CTaskUp.c...
compiling CTaskUp.c...
creating preprocessor file for runfunction.c...
compiling runfunction.c...
creating preprocessor file for tasklist.c...
compiling tasklist.c...
creating preprocessor file for SysCtrl.c...
compiling SysCtrl.c...
creating preprocessor file for CRunCtrl.c...
compiling CRunCtrl.c...
creating preprocessor file for CTimeCtrl.c...
compiling CTimeCtrl.c...
creating preprocessor file for store_addr.c...
compiling store_addr.c...
creating preprocessor file for alarmenu.c...
compiling alarmenu.c...
creating preprocessor file for batteryLow.c...
compiling batteryLow.c...
creating preprocessor file for breakdown.c...
compiling breakdown.c...
creating preprocessor file for CAnnotate.c...
compiling CAnnotate.c...
creating preprocessor file for CCompInten.c...
compiling CCompInten.c...
creating preprocessor file for CCompReg.c...
compiling CCompReg.c...
creating preprocessor file for CCompStat.c...
compiling CCompStat.c...
creating preprocessor file for checkmenu.c...
compiling checkmenu.c...
creating preprocessor file for CHistoryList.c...
compiling CHistoryList.c...
creating preprocessor file for CLocalSet.c...
compiling CLocalSet.c...
creating preprocessor file for CModelFault.c...
compiling CModelFault.c...
creating preprocessor file for CSysCheck.c...
compiling CSysCheck.c...
creating preprocessor file for CSysReset.c...
compiling CSysReset.c...
creating preprocessor file for mainmenu.c...
compiling mainmenu.c...
creating preprocessor file for setmenu.c...
compiling setmenu.c...
creating preprocessor file for startmenu.c...
compiling startmenu.c...
creating preprocessor file for testmenu.c...
compiling testmenu.c...
creating preprocessor file for CFlashParam.c...
compiling CFlashParam.c...
creating preprocessor file for CIntStEnd.c...
compiling CIntStEnd.c...
creating preprocessor file for CSetCurrent.c...
compiling CSetCurrent.c...
creating preprocessor file for CSpeaker.c...
compiling CSpeaker.c...
creating preprocessor file for CTimerTask.c...
compiling CTimerTask.c...
linking...
Program Size: Code=62190 RO-data=265650 RW-data=3104 ZI-data=28200  
FromELF: creating hex file...
".\output\139W.axf" - 0 Error(s), 0 Warning(s).
Build target 'usb_disk_test'
creating preprocessor file for CTime.c...
compiling CTime.c...
creating preprocessor file for CComHandle.c...
compiling CComHandle.c...
creating preprocessor file for CRunCtrl.c...
compiling CRunCtrl.c...
creating preprocessor file for CTimeCtrl.c...
compiling CTimeCtrl.c...
..\src\CTimeCtrl\CTimeCtrl.c(335): error:  #20: identifier "faultnums" is undefined
..\src\CTimeCtrl\CTimeCtrl.c(337): warning:  #940-D: missing return statement at end of non-void function "judge_3h_over"
Target not created
Build target 'usb_disk_test'
creating preprocessor file for CTimeCtrl.c...
compiling CTimeCtrl.c...
..\src\CTimeCtrl\CTimeCtrl.c(337): warning:  #940-D: missing return statement at end of non-void function "judge_3h_over"
linking...
Program Size: Code=62294 RO-data=265650 RW-data=3104 ZI-data=28624  
FromELF: creating hex file...
".\output\139W.axf" - 0 Error(s), 1 Warning(s).
Build target 'usb_disk_test'
creating preprocessor file for CTimeCtrl.c...
compiling CTimeCtrl.c...
..\src\CTimeCtrl\CTimeCtrl.c(343): warning:  #940-D: missing return statement at end of non-void function "judge_3h_over"
linking...
Program Size: Code=62294 RO-data=265650 RW-data=3104 ZI-data=28624  
FromELF: creating hex file...
".\output\139W.axf" - 0 Error(s), 1 Warning(s).
Build target 'usb_disk_test'
creating preprocessor file for CTime.c...
compiling CTime.c...
creating preprocessor file for CRunCtrl.c...
compiling CRunCtrl.c...
creating preprocessor file for CTimeCtrl.c...
compiling CTimeCtrl.c...
..\src\CTimeCtrl\CTimeCtrl.c(342): error:  #118: a void function may not return a value
..\src\CTimeCtrl\CTimeCtrl.c(343): error:  #118: a void function may not return a value
..\src\CTimeCtrl\CTimeCtrl.c(351): warning:  #940-D: missing return statement at end of non-void function "judge_3h_over"
Target not created
Build target 'usb_disk_test'
creating preprocessor file for CTimeCtrl.c...
compiling CTimeCtrl.c...
..\src\CTimeCtrl\CTimeCtrl.c(343): error:  #118: a void function may not return a value
..\src\CTimeCtrl\CTimeCtrl.c(351): warning:  #940-D: missing return statement at end of non-void function "judge_3h_over"
Target not created
Build target 'usb_disk_test'
creating preprocessor file for CTimeCtrl.c...
compiling CTimeCtrl.c...
..\src\CTimeCtrl\CTimeCtrl.c(351): warning:  #940-D: missing return statement at end of non-void function "judge_3h_over"
linking...
Program Size: Code=62314 RO-data=265650 RW-data=3104 ZI-data=28624  
FromELF: creating hex file...
".\output\139W.axf" - 0 Error(s), 1 Warning(s).
Build target 'usb_disk_test'
creating preprocessor file for CComHandle.c...
compiling CComHandle.c...
creating preprocessor file for CTimeCtrl.c...
compiling CTimeCtrl.c...
..\src\CTimeCtrl\CTimeCtrl.c(357): warning:  #940-D: missing return statement at end of non-void function "judge_3h_over"
linking...
Program Size: Code=62338 RO-data=265650 RW-data=3104 ZI-data=28624  
FromELF: creating hex file...
".\output\139W.axf" - 0 Error(s), 1 Warning(s).
Build target 'usb_disk_test'
creating preprocessor file for CTimeCtrl.c...
compiling CTimeCtrl.c...
..\src\CTimeCtrl\CTimeCtrl.c(363): warning:  #940-D: missing return statement at end of non-void function "judge_3h_over"
linking...
Program Size: Code=62342 RO-data=265650 RW-data=3104 ZI-data=28624  
FromELF: creating hex file...
".\output\139W.axf" - 0 Error(s), 1 Warning(s).
Build target 'usb_disk_test'
creating preprocessor file for CTime.c...
compiling CTime.c...
creating preprocessor file for CComHandle.c...
compiling CComHandle.c...
creating preprocessor file for CRunCtrl.c...
compiling CRunCtrl.c...
creating preprocessor file for CTimeCtrl.c...
compiling CTimeCtrl.c...
linking...
Program Size: Code=62366 RO-data=265650 RW-data=3104 ZI-data=28624  
FromELF: creating hex file...
".\output\139W.axf" - 0 Error(s), 0 Warning(s).
Load "E:\\139\\gasproject_LPC1768_V1.7\\Project\\output\\139W.AXF" 
* JLink Info: Device "LPC1768" selected (512 KB flash, 32 KB RAM).
Set JLink Project File to "E:\139\gasproject_LPC1768_V1.7\Project\JLinkSettings.ini"
 
JLink info:
------------
DLL: V4.74a, compiled Jul 23 2013 08:47:58
Firmware: J-Link ARM V8 compiled Jul 17 2013 11:24:15
Hardware: V8.00
S/N : 99999994 
Feature(s) : RDI,FlashDL,FlashBP,JFlash,GDBFULL 
 
* JLink Info: TotalIRLen = 4, IRPrint = 0x01
* JLink Info: Found Cortex-M3 r2p0, Little endian.
* JLink Info: TPIU fitted.
* JLink Info: ETM fitted.
* JLink Info: FPUnit: 6 code (BP) slots and 2 literal slots
ROMTableAddr = 0xE00FF003
* JLink Info: Found Cortex-M3 r2p0, Little endian.
* JLink Info: TPIU fitted.
* JLink Info: ETM fitted.
* JLink Info: FPUnit: 6 code (BP) slots and 2 literal slots
 
Target info:
------------
Device: LPC1768
VTarget = 3.306V
State of Pins: 
TCK: 1, TDI: 0, TDO: 1, TMS: 0, TRES: 1, TRST: 1
Hardware-Breakpoints: 6
Software-Breakpoints: 8192
Watchpoints:          4
JTAG speed: 2000 kHz
 
Erase Done.
Programming Done.
Verify OK.
* JLink Info: Found Cortex-M3 r2p0, Little endian.
* JLink Info: TPIU fitted.
* JLink Info: ETM fitted.
* JLink Info: FPUnit: 6 code (BP) slots and 2 literal slots
Application running ...
Build target 'usb_disk_test'
creating preprocessor file for CComHandle.c...
compiling CComHandle.c...
creating preprocessor file for CTimeCtrl.c...
compiling CTimeCtrl.c...
linking...
Program Size: Code=62370 RO-data=265650 RW-data=3104 ZI-data=28624  
FromELF: creating hex file...
".\output\139W.axf" - 0 Error(s), 0 Warning(s).
Build target 'usb_disk_test'
creating preprocessor file for CComHandle.c...
compiling CComHandle.c...
linking...
Program Size: Code=62378 RO-data=265650 RW-data=3104 ZI-data=28624  
FromELF: creating hex file...
".\output\139W.axf" - 0 Error(s), 0 Warning(s).
Build target 'usb_disk_test'
creating preprocessor file for CComHandle.c...
compiling CComHandle.c...
linking...
Program Size: Code=62378 RO-data=265650 RW-data=3104 ZI-data=28624  
FromELF: creating hex file...
".\output\139W.axf" - 0 Error(s), 0 Warning(s).
Build target 'usb_disk_test'
creating preprocessor file for CComHandle.c...
compiling CComHandle.c...
linking...
Program Size: Code=62378 RO-data=265650 RW-data=3104 ZI-data=28624  
FromELF: creating hex file...
".\output\139W.axf" - 0 Error(s), 0 Warning(s).
Load "E:\\139\\gasproject_LPC1768_V1.7\\Project\\output\\139W.AXF" 
* JLink Info: Device "LPC1768" selected (512 KB flash, 32 KB RAM).
Set JLink Project File to "E:\139\gasproject_LPC1768_V1.7\Project\JLinkSettings.ini"
 
JLink info:
------------
DLL: V4.74a, compiled Jul 23 2013 08:47:58
Firmware: J-Link ARM V8 compiled Jul 17 2013 11:24:15
Hardware: V8.00
S/N : 99999994 
Feature(s) : RDI,FlashDL,FlashBP,JFlash,GDBFULL 
 
* JLink Info: TotalIRLen = 4, IRPrint = 0x01
* JLink Info: Found Cortex-M3 r2p0, Little endian.
* JLink Info: TPIU fitted.
* JLink Info: ETM fitted.
* JLink Info: FPUnit: 6 code (BP) slots and 2 literal slots
ROMTableAddr = 0xE00FF003
* JLink Info: Found Cortex-M3 r2p0, Little endian.
* JLink Info: TPIU fitted.
* JLink Info: ETM fitted.
* JLink Info: FPUnit: 6 code (BP) slots and 2 literal slots
 
Target info:
------------
Device: LPC1768
VTarget = 3.306V
State of Pins: 
TCK: 1, TDI: 0, TDO: 1, TMS: 0, TRES: 1, TRST: 1
Hardware-Breakpoints: 6
Software-Breakpoints: 8192
Watchpoints:          4
JTAG speed: 2000 kHz
 
Erase Done.
Programming Done.
Verify OK.
* JLink Info: Found Cortex-M3 r2p0, Little endian.
* JLink Info: TPIU fitted.
* JLink Info: ETM fitted.
* JLink Info: FPUnit: 6 code (BP) slots and 2 literal slots
Application running ...
Build target 'usb_disk_test'
creating preprocessor file for CTime.c...
compiling CTime.c...
creating preprocessor file for CComHandle.c...
compiling CComHandle.c...
creating preprocessor file for CRunCtrl.c...
compiling CRunCtrl.c...
creating preprocessor file for CTimeCtrl.c...
compiling CTimeCtrl.c...
linking...
Program Size: Code=62418 RO-data=265650 RW-data=3104 ZI-data=28624  
FromELF: creating hex file...
".\output\139W.axf" - 0 Error(s), 0 Warning(s).
Load "E:\\139\\gasproject_LPC1768_V1.7\\Project\\output\\139W.AXF" 
* JLink Info: Device "LPC1768" selected (512 KB flash, 32 KB RAM).
Set JLink Project File to "E:\139\gasproject_LPC1768_V1.7\Project\JLinkSettings.ini"
 
JLink info:
------------
DLL: V4.74a, compiled Jul 23 2013 08:47:58
Firmware: J-Link ARM V8 compiled Jul 17 2013 11:24:15
Hardware: V8.00
S/N : 99999994 
Feature(s) : RDI,FlashDL,FlashBP,JFlash,GDBFULL 
 
* JLink Info: TotalIRLen = 4, IRPrint = 0x01
* JLink Info: Found Cortex-M3 r2p0, Little endian.
* JLink Info: TPIU fitted.
* JLink Info: ETM fitted.
* JLink Info: FPUnit: 6 code (BP) slots and 2 literal slots
ROMTableAddr = 0xE00FF003
* JLink Info: Found Cortex-M3 r2p0, Little endian.
* JLink Info: TPIU fitted.
* JLink Info: ETM fitted.
* JLink Info: FPUnit: 6 code (BP) slots and 2 literal slots
 
Target info:
------------
Device: LPC1768
VTarget = 3.306V
State of Pins: 
TCK: 1, TDI: 0, TDO: 1, TMS: 0, TRES: 1, TRST: 1
Hardware-Breakpoints: 6
Software-Breakpoints: 8192
Watchpoints:          4
JTAG speed: 2000 kHz
 
Erase Done.
Programming Done.
Verify OK.
* JLink Info: Found Cortex-M3 r2p0, Little endian.
* JLink Info: TPIU fitted.
* JLink Info: ETM fitted.
* JLink Info: FPUnit: 6 code (BP) slots and 2 literal slots
Application running ...
Build target 'usb_disk_test'
creating preprocessor file for uart.c...
compiling uart.c...
creating preprocessor file for key.c...
compiling key.c...
creating preprocessor file for CComHandle.c...
compiling CComHandle.c...
creating preprocessor file for CComPara.c...
compiling CComPara.c...
creating preprocessor file for CAddressCount.c...
compiling CAddressCount.c...
creating preprocessor file for CSendTo195.c...
compiling CSendTo195.c...
creating preprocessor file for CTaskSure.c...
compiling CTaskSure.c...
creating preprocessor file for runfunction.c...
compiling runfunction.c...
creating preprocessor file for tasklist.c...
compiling tasklist.c...
creating preprocessor file for CRunCtrl.c...
compiling CRunCtrl.c...
creating preprocessor file for CTimeCtrl.c...
compiling CTimeCtrl.c...
..\src\CTimeCtrl\CTimeCtrl.c(372): error:  #165: too few arguments in function call
creating preprocessor file for breakdown.c...
compiling breakdown.c...
creating preprocessor file for CCompStat.c...
compiling CCompStat.c...
creating preprocessor file for CHistoryList.c...
compiling CHistoryList.c...
creating preprocessor file for CFlashParam.c...
compiling CFlashParam.c...
Target not created
Build target 'usb_disk_test'
compiling CTimeCtrl.c...
..\src\CTimeCtrl\CTimeCtrl.c(372): error:  #165: too few arguments in function call
Target not created
Build target 'usb_disk_test'
creating preprocessor file for CTimeCtrl.c...
compiling CTimeCtrl.c...
linking...
Program Size: Code=62426 RO-data=265650 RW-data=3104 ZI-data=28624  
FromELF: creating hex file...
".\output\139W.axf" - 0 Error(s), 0 Warning(s).
Build target 'usb_disk_test'
creating preprocessor file for CComHandle.c...
compiling CComHandle.c...
creating preprocessor file for runfunction.c...
compiling runfunction.c...
linking...
Program Size: Code=62378 RO-data=265650 RW-data=3104 ZI-data=28624  
FromELF: creating hex file...
".\output\139W.axf" - 0 Error(s), 0 Warning(s).
Load "E:\\139\\gasproject_LPC1768_V1.7\\Project\\output\\139W.AXF" 
* JLink Info: Device "LPC1768" selected (512 KB flash, 32 KB RAM).
Set JLink Project File to "E:\139\gasproject_LPC1768_V1.7\Project\JLinkSettings.ini"
 
JLink info:
------------
DLL: V4.74a, compiled Jul 23 2013 08:47:58
Firmware: J-Link ARM V8 compiled Jul 17 2013 11:24:15
Hardware: V8.00
S/N : 99999994 
Feature(s) : RDI,FlashDL,FlashBP,JFlash,GDBFULL 
 
* JLink Info: TotalIRLen = 4, IRPrint = 0x01
* JLink Info: Found Cortex-M3 r2p0, Little endian.
* JLink Info: TPIU fitted.
* JLink Info: ETM fitted.
* JLink Info: FPUnit: 6 code (BP) slots and 2 literal slots
ROMTableAddr = 0xE00FF003
* JLink Info: Found Cortex-M3 r2p0, Little endian.
* JLink Info: TPIU fitted.
* JLink Info: ETM fitted.
* JLink Info: FPUnit: 6 code (BP) slots and 2 literal slots
 
Target info:
------------
Device: LPC1768
VTarget = 3.300V
State of Pins: 
TCK: 1, TDI: 0, TDO: 1, TMS: 0, TRES: 1, TRST: 1
Hardware-Breakpoints: 6
Software-Breakpoints: 8192
Watchpoints:          4
JTAG speed: 2000 kHz
 
Erase Done.
Programming Done.
Verify OK.
* JLink Info: Found Cortex-M3 r2p0, Little endian.
* JLink Info: TPIU fitted.
* JLink Info: ETM fitted.
* JLink Info: FPUnit: 6 code (BP) slots and 2 literal slots
Application running ...
Build target 'usb_disk_test'
creating preprocessor file for runfunction.c...
compiling runfunction.c...
linking...
Program Size: Code=62378 RO-data=265650 RW-data=3104 ZI-data=28624  
FromELF: creating hex file...
".\output\139W.axf" - 0 Error(s), 0 Warning(s).
Load "E:\\139\\gasproject_LPC1768_V1.7\\Project\\output\\139W.AXF" 
* JLink Info: Device "LPC1768" selected (512 KB flash, 32 KB RAM).
Set JLink Project File to "E:\139\gasproject_LPC1768_V1.7\Project\JLinkSettings.ini"
 
JLink info:
------------
DLL: V4.74a, compiled Jul 23 2013 08:47:58
Firmware: J-Link ARM V8 compiled Jul 17 2013 11:24:15
Hardware: V8.00
S/N : 99999994 
Feature(s) : RDI,FlashDL,FlashBP,JFlash,GDBFULL 
 
* JLink Info: TotalIRLen = 4, IRPrint = 0x01
* JLink Info: Found Cortex-M3 r2p0, Little endian.
* JLink Info: TPIU fitted.
* JLink Info: ETM fitted.
* JLink Info: FPUnit: 6 code (BP) slots and 2 literal slots
ROMTableAddr = 0xE00FF003
* JLink Info: Found Cortex-M3 r2p0, Little endian.
* JLink Info: TPIU fitted.
* JLink Info: ETM fitted.
* JLink Info: FPUnit: 6 code (BP) slots and 2 literal slots
 
Target info:
------------
Device: LPC1768
VTarget = 3.300V
State of Pins: 
TCK: 1, TDI: 0, TDO: 1, TMS: 0, TRES: 1, TRST: 1
Hardware-Breakpoints: 6
Software-Breakpoints: 8192
Watchpoints:          4
JTAG speed: 2000 kHz
 
Erase Done.
Programming Done.
Verify OK.
* JLink Info: Found Cortex-M3 r2p0, Little endian.
* JLink Info: TPIU fitted.
* JLink Info: ETM fitted.
* JLink Info: FPUnit: 6 code (BP) slots and 2 literal slots
Application running ...
Build target 'usb_disk_test'
creating preprocessor file for runfunction.c...
compiling runfunction.c...
linking...
Program Size: Code=62374 RO-data=265650 RW-data=3104 ZI-data=28624  
FromELF: creating hex file...
".\output\139W.axf" - 0 Error(s), 0 Warning(s).
Build target 'usb_disk_test'
creating preprocessor file for main.c...
compiling main.c...
creating preprocessor file for Delay.c...
compiling Delay.c...
creating preprocessor file for i2c.c...
compiling i2c.c...
creating preprocessor file for uart.c...
compiling uart.c...
creating preprocessor file for CTime.c...
compiling CTime.c...
creating preprocessor file for PWM.c...
compiling PWM.c...
creating preprocessor file for extint.c...
compiling extint.c...
creating preprocessor file for pcf8563.c...
compiling pcf8563.c...
creating preprocessor file for key.c...
compiling key.c...
creating preprocessor file for CRelay.c...
compiling CRelay.c...
creating preprocessor file for CComHandle.c...
compiling CComHandle.c...
..\src\12UARTHandle\CComHandle.c(674): error:  #165: too few arguments in function call
..\src\common\CFlashParam.h(347): error:  #114: function "set_alarm_info" was referenced but not defined
creating preprocessor file for CComPara.c...
compiling CComPara.c...
creating preprocessor file for CComAnn.c...
compiling CComAnn.c...
creating preprocessor file for CAddressCount.c...
compiling CAddressCount.c...
creating preprocessor file for CSendTo195.c...
compiling CSendTo195.c...
creating preprocessor file for CGetGrap.c...
compiling CGetGrap.c...
creating preprocessor file for CTaskDown.c...
compiling CTaskDown.c...
creating preprocessor file for CTaskReturn.c...
compiling CTaskReturn.c...
creating preprocessor file for CTaskSure.c...
compiling CTaskSure.c...
creating preprocessor file for CTaskUp.c...
compiling CTaskUp.c...
creating preprocessor file for runfunction.c...
compiling runfunction.c...
creating preprocessor file for tasklist.c...
compiling tasklist.c...
creating preprocessor file for SysCtrl.c...
compiling SysCtrl.c...
creating preprocessor file for CRunCtrl.c...
compiling CRunCtrl.c...
creating preprocessor file for CTimeCtrl.c...
compiling CTimeCtrl.c...
creating preprocessor file for store_addr.c...
compiling store_addr.c...
creating preprocessor file for alarmenu.c...
compiling alarmenu.c...
creating preprocessor file for batteryLow.c...
compiling batteryLow.c...
creating preprocessor file for breakdown.c...
compiling breakdown.c...
creating preprocessor file for CAnnotate.c...
compiling CAnnotate.c...
creating preprocessor file for CCompInten.c...
compiling CCompInten.c...
creating preprocessor file for CCompReg.c...
compiling CCompReg.c...
creating preprocessor file for CCompStat.c...
compiling CCompStat.c...
creating preprocessor file for checkmenu.c...
compiling checkmenu.c...
creating preprocessor file for CHistoryList.c...
compiling CHistoryList.c...
creating preprocessor file for CLocalSet.c...
compiling CLocalSet.c...
creating preprocessor file for CModelFault.c...
compiling CModelFault.c...
creating preprocessor file for CSysCheck.c...
compiling CSysCheck.c...
creating preprocessor file for CSysReset.c...
compiling CSysReset.c...
creating preprocessor file for mainmenu.c...
compiling mainmenu.c...
creating preprocessor file for setmenu.c...
compiling setmenu.c...
creating preprocessor file for startmenu.c...
compiling startmenu.c...
creating preprocessor file for testmenu.c...
compiling testmenu.c...
creating preprocessor file for CFlashParam.c...
compiling CFlashParam.c...
creating preprocessor file for CIntStEnd.c...
compiling CIntStEnd.c...
creating preprocessor file for CSetCurrent.c...
compiling CSetCurrent.c...
creating preprocessor file for CSpeaker.c...
compiling CSpeaker.c...
creating preprocessor file for CTimerTask.c...
compiling CTimerTask.c...
Target not created
Build target 'usb_disk_test'
creating preprocessor file for CComHandle.c...
compiling CComHandle.c...
..\src\12UARTHandle\CComHandle.c(666): error:  #165: too few arguments in function call
..\src\common\CFlashParam.h(347): error:  #114: function "set_alarm_info" was referenced but not defined
Target not created
Build target 'usb_disk_test'
creating preprocessor file for CComHandle.c...
compiling CComHandle.c...
linking...
Program Size: Code=62378 RO-data=265650 RW-data=3104 ZI-data=28624  
FromELF: creating hex file...
".\output\139W.axf" - 0 Error(s), 0 Warning(s).
Load "E:\\139\\gasproject_LPC1768_V1.7\\Project\\output\\139W.AXF" 
* JLink Info: Device "LPC1768" selected (512 KB flash, 32 KB RAM).
Set JLink Project File to "E:\139\gasproject_LPC1768_V1.7\Project\JLinkSettings.ini"
 
JLink info:
------------
DLL: V4.74a, compiled Jul 23 2013 08:47:58
Firmware: J-Link ARM V8 compiled Jul 17 2013 11:24:15
Hardware: V8.00
S/N : 99999994 
Feature(s) : RDI,FlashDL,FlashBP,JFlash,GDBFULL 
 
* JLink Info: TotalIRLen = 4, IRPrint = 0x01
* JLink Info: Found Cortex-M3 r2p0, Little endian.
* JLink Info: TPIU fitted.
* JLink Info: ETM fitted.
* JLink Info: FPUnit: 6 code (BP) slots and 2 literal slots
ROMTableAddr = 0xE00FF003
* JLink Info: Found Cortex-M3 r2p0, Little endian.
* JLink Info: TPIU fitted.
* JLink Info: ETM fitted.
* JLink Info: FPUnit: 6 code (BP) slots and 2 literal slots
 
Target info:
------------
Device: LPC1768
VTarget = 3.300V
State of Pins: 
TCK: 1, TDI: 0, TDO: 1, TMS: 0, TRES: 1, TRST: 1
Hardware-Breakpoints: 6
Software-Breakpoints: 8192
Watchpoints:          4
JTAG speed: 2000 kHz
 
Erase Done.
Programming Done.
Verify OK.
* JLink Info: Found Cortex-M3 r2p0, Little endian.
* JLink Info: TPIU fitted.
* JLink Info: ETM fitted.
* JLink Info: FPUnit: 6 code (BP) slots and 2 literal slots
Application running ...
Build target 'usb_disk_test'
linking...
Program Size: Code=62378 RO-data=265650 RW-data=3104 ZI-data=28624  
FromELF: creating hex file...
".\output\139W.axf" - 0 Error(s), 0 Warning(s).
Build target 'usb_disk_test'
creating preprocessor file for CComHandle.c...
compiling CComHandle.c...
linking...
Program Size: Code=62330 RO-data=265650 RW-data=3104 ZI-data=28624  
FromELF: creating hex file...
".\output\139W.axf" - 0 Error(s), 0 Warning(s).
Build target 'usb_disk_test'
creating preprocessor file for main.c...
compiling main.c...
creating preprocessor file for Delay.c...
compiling Delay.c...
creating preprocessor file for i2c.c...
compiling i2c.c...
creating preprocessor file for uart.c...
compiling uart.c...
creating preprocessor file for CTime.c...
compiling CTime.c...
creating preprocessor file for PWM.c...
compiling PWM.c...
creating preprocessor file for extint.c...
compiling extint.c...
creating preprocessor file for pcf8563.c...
compiling pcf8563.c...
creating preprocessor file for key.c...
compiling key.c...
creating preprocessor file for CRelay.c...
compiling CRelay.c...
creating preprocessor file for CComHandle.c...
compiling CComHandle.c...
creating preprocessor file for CComPara.c...
compiling CComPara.c...
creating preprocessor file for CComAnn.c...
compiling CComAnn.c...
creating preprocessor file for CAddressCount.c...
compiling CAddressCount.c...
creating preprocessor file for CSendTo195.c...
compiling CSendTo195.c...
creating preprocessor file for CGetGrap.c...
compiling CGetGrap.c...
creating preprocessor file for CTaskDown.c...
compiling CTaskDown.c...
creating preprocessor file for CTaskReturn.c...
compiling CTaskReturn.c...
creating preprocessor file for CTaskSure.c...
compiling CTaskSure.c...
creating preprocessor file for CTaskUp.c...
compiling CTaskUp.c...
creating preprocessor file for runfunction.c...
compiling runfunction.c...
creating preprocessor file for tasklist.c...
compiling tasklist.c...
creating preprocessor file for SysCtrl.c...
compiling SysCtrl.c...
creating preprocessor file for CRunCtrl.c...
compiling CRunCtrl.c...
creating preprocessor file for CTimeCtrl.c...
compiling CTimeCtrl.c...
creating preprocessor file for store_addr.c...
compiling store_addr.c...
creating preprocessor file for alarmenu.c...
compiling alarmenu.c...
creating preprocessor file for batteryLow.c...
compiling batteryLow.c...
creating preprocessor file for breakdown.c...
compiling breakdown.c...
creating preprocessor file for CAnnotate.c...
compiling CAnnotate.c...
creating preprocessor file for CCompInten.c...
compiling CCompInten.c...
creating preprocessor file for CCompReg.c...
compiling CCompReg.c...
creating preprocessor file for CCompStat.c...
compiling CCompStat.c...
creating preprocessor file for checkmenu.c...
compiling checkmenu.c...
creating preprocessor file for CHistoryList.c...
compiling CHistoryList.c...
creating preprocessor file for CLocalSet.c...
compiling CLocalSet.c...
creating preprocessor file for CModelFault.c...
compiling CModelFault.c...
creating preprocessor file for CSysReset.c...
compiling CSysReset.c...
creating preprocessor file for mainmenu.c...
compiling mainmenu.c...
creating preprocessor file for setmenu.c...
compiling setmenu.c...
creating preprocessor file for startmenu.c...
compiling startmenu.c...
creating preprocessor file for testmenu.c...
compiling testmenu.c...
creating preprocessor file for CFlashParam.c...
compiling CFlashParam.c...
creating preprocessor file for CIntStEnd.c...
compiling CIntStEnd.c...
creating preprocessor file for CSetCurrent.c...
compiling CSetCurrent.c...
creating preprocessor file for CSpeaker.c...
compiling CSpeaker.c...
creating preprocessor file for CTimerTask.c...
compiling CTimerTask.c...
linking...
Program Size: Code=62346 RO-data=265650 RW-data=3104 ZI-data=28624  
FromELF: creating hex file...
".\output\139W.axf" - 0 Error(s), 0 Warning(s).
Build target 'usb_disk_test'
creating preprocessor file for CComHandle.c...
compiling CComHandle.c...
linking...
Program Size: Code=62362 RO-data=265650 RW-data=3104 ZI-data=28624  
FromELF: creating hex file...
".\output\139W.axf" - 0 Error(s), 0 Warning(s).
Load "E:\\139\\gasproject_LPC1768_V1.7\\Project\\output\\139W.AXF" 
* JLink Info: Device "LPC1768" selected (512 KB flash, 32 KB RAM).
Set JLink Project File to "E:\139\gasproject_LPC1768_V1.7\Project\JLinkSettings.ini"
 
JLink info:
------------
DLL: V4.74a, compiled Jul 23 2013 08:47:58
Firmware: J-Link ARM V8 compiled Jul 17 2013 11:24:15
Hardware: V8.00
S/N : 99999994 
Feature(s) : RDI,FlashDL,FlashBP,JFlash,GDBFULL 
 
* JLink Info: TotalIRLen = 4, IRPrint = 0x01
* JLink Info: Found Cortex-M3 r2p0, Little endian.
* JLink Info: TPIU fitted.
* JLink Info: ETM fitted.
* JLink Info: FPUnit: 6 code (BP) slots and 2 literal slots
ROMTableAddr = 0xE00FF003
* JLink Info: Found Cortex-M3 r2p0, Little endian.
* JLink Info: TPIU fitted.
* JLink Info: ETM fitted.
* JLink Info: FPUnit: 6 code (BP) slots and 2 literal slots
 
Target info:
------------
Device: LPC1768
VTarget = 3.300V
State of Pins: 
TCK: 1, TDI: 0, TDO: 1, TMS: 0, TRES: 1, TRST: 1
Hardware-Breakpoints: 6
Software-Breakpoints: 8192
Watchpoints:          4
JTAG speed: 2000 kHz
 
Erase Done.
Programming Done.
Verify OK.
* JLink Info: Found Cortex-M3 r2p0, Little endian.
* JLink Info: TPIU fitted.
* JLink Info: ETM fitted.
* JLink Info: FPUnit: 6 code (BP) slots and 2 literal slots
Application running ...
Build target 'usb_disk_test'
creating preprocessor file for CComHandle.c...
compiling CComHandle.c...
linking...
Program Size: Code=62362 RO-data=265650 RW-data=3104 ZI-data=28624  
FromELF: creating hex file...
".\output\139W.axf" - 0 Error(s), 0 Warning(s).
